=== 2026-06-21 11:20:31 ===
UP           | https://offshorepropertyservices.com | HTTP 200 | 582ms | SSL: 2026-09-09 (79 days)
DOWN         | http://seaboardrestoration.com/ | ERROR: Get "http://seaboardrestoration.com/": dial tcp: lookup seaboardrestoration.com on 127.0.0.53:53: no such host
UP           | https://platinumpaintingandserviceinc.com | HTTP 200 | 491ms | SSL: 2026-07-10 (18 days)
UP           | https://aandbauctionservices.com | HTTP 200 | 583ms | SSL: 2026-07-02 (10 days)
UP           | http://reidheatingandair.com | HTTP 200 | 527ms | SSL: 2026-07-20 (29 days)
UP           | https://pristineccs.com/ | HTTP 200 | 491ms | SSL: 2026-07-20 (29 days)
UP           | https://westcoastdents.com | HTTP 200 | 1773ms | SSL: 2026-09-03 (73 days)
UP           | https://catoiletwhisperer.com | HTTP 200 | 495ms | SSL: 2026-09-16 (87 days)
UP           | https://ivyheatingandair.com | HTTP 200 | 504ms | SSL: 2026-09-16 (87 days)
UP           | https://primaryheatingandcooling.com | HTTP 200 | 469ms | SSL: 2026-07-07 (15 days)
UP           | https://businessnotions.com/ | HTTP 200 | 605ms | SSL: 2026-07-24 (33 days)
UP           | https://www.butzwelding.com | HTTP 200 | 527ms | SSL: 2026-06-30 (8 days)
UP           | https://brimicfoundation.com/ | HTTP 200 | 809ms | SSL: 2026-07-02 (11 days)
UP           | https://endlesssummercharters.com/ | HTTP 200 | 595ms | SSL: 2026-07-26 (34 days)
UP           | https://thekiddiekornerboutique.com | HTTP 200 | 390ms | SSL: 2026-07-29 (37 days)
ERROR        | https://safloralelegance.com | HTTP 403 | 59ms | SSL: 2026-11-26 (158 days)
UP           | http://allbrandsheatingandcooling.com | HTTP 200 | 429ms | SSL: 2026-07-06 (15 days)
UP           | http://plumbersouthfl.com | HTTP 200 | 459ms | SSL: 2026-07-14 (23 days)
UP           | http://wjauction.com | HTTP 200 | 2527ms | SSL: 2026-07-14 (23 days)
UP           | https://txpanhandlelogistics.com | HTTP 200 | 958ms | SSL: 2026-07-15 (24 days)
UNVERIFIABLE | https://mullinstruckingllc.com/ | HTTP 200 | 1548ms | SSL: 2026-08-09 (48 days)
UP           | https://fratiplumbing.net | HTTP 200 | 475ms | SSL: 2026-07-24 (33 days)
UP           | https://loganshouse.com/ | HTTP 200 | 716ms | SSL: 2026-07-22 (31 days)
UP           | http://plantsunlimiteddurham.com | HTTP 200 | 586ms | SSL: 2026-08-03 (42 days)
UP           | http://protechdiesel.biz/ | HTTP 200 | 437ms | SSL: 2026-08-09 (48 days)
UP           | https://cherrycreekshadesanddraperys.com | HTTP 200 | 608ms | SSL: 2026-07-25 (33 days)
UP           | https://centralmotorsale.com | HTTP 200 | 486ms | SSL: 2026-07-29 (37 days)
UP           | https://jsaengineers.com | HTTP 200 | 568ms | SSL: 2026-08-10 (49 days)
UP           | https://boilertechnologies.com | HTTP 200 | 470ms | SSL: 2026-07-05 (14 days)
UP           | https://trucarma.com/ | HTTP 200 | 572ms | SSL: 2026-09-16 (86 days)
UP           | https://wyomingarmoredservice.com | HTTP 200 | 472ms | SSL: 2026-09-03 (73 days)
UP           | https://brvparkpropane.com/ | HTTP 200 | 465ms | SSL: 2026-07-27 (35 days)
UP           | https://primeappraisalsmi.com | HTTP 200 | 535ms | SSL: 2026-09-13 (84 days)
UP           | https://newenglandgroupctinc.com | HTTP 200 | 801ms | SSL: 2026-09-16 (86 days)
UP           | https://www.napavalleyfitness.com | HTTP 200 | 279ms | SSL: 2026-07-13 (22 days)
UP           | https://www.prosidingandwindows.net/ | HTTP 200 | 276ms | SSL: 2026-07-24 (32 days)
UP           | https://www.eocatx.com/ | HTTP 200 | 238ms | SSL: 2026-09-19 (89 days)
UP           | https://www.drainrooterplumbingsd.com/ | HTTP 200 | 228ms | SSL: 2026-09-07 (77 days)
UP           | https://glassimpressionslv.com | HTTP 200 | 571ms | SSL: 2026-07-04 (12 days)
UP           | https://shultarchitect.com | HTTP 200 | 534ms | SSL: 2026-08-18 (58 days)
UP           | https://inthemix-adc.com | HTTP 200 | 624ms | SSL: 2026-08-17 (57 days)
UP           | https://www.sexton-repairs.com/ | HTTP 200 | 217ms | SSL: 2026-09-18 (88 days)
ERROR        | https://fraserplumbingarkansas.com/ | HTTP 404 | 263ms | SSL: 2026-07-04 (13 days)
UP           | https://foothillsmachininginc.com | HTTP 200 | 496ms | SSL: 2026-07-20 (28 days)
UP           | https://rangerenovation.com | HTTP 200 | 622ms | SSL: 2026-07-29 (38 days)
UP           | https://modelcoelectric.com/ | HTTP 200 | 475ms | SSL: 2026-08-07 (46 days)
UP           | https://conveyor-tek.com | HTTP 200 | 595ms | SSL: 2026-07-31 (39 days)
UP           | http://longspest.com | HTTP 200 | 478ms | SSL: 2026-08-20 (59 days)
UP           | https://spindledynamicsaxlerepair.com | HTTP 200 | 447ms | SSL: 2026-08-07 (46 days)
UP           | https://mevoutdoor.com/ | HTTP 200 | 556ms | SSL: 2026-09-14 (84 days)
UP           | https://greenbushpros.com/ | HTTP 200 | 661ms | SSL: 2026-07-02 (10 days)
UP           | https://harveysarlesinsurance.com/ | HTTP 200 | 523ms | SSL: 2026-09-10 (80 days)
UP           | http://affordablerooter.com/ | HTTP 200 | 403ms | SSL: 2026-08-10 (49 days)
DOWN         | https://thomasmccannlaw.com | ERROR: Get "https://www.thomasmccannlaw.com/": net/http: TLS handshake timeout
UP           | https://southshoretruckrepair.com | HTTP 200 | 480ms | SSL: 2026-08-30 (70 days)
UP           | https://pacificgaragerepair.com | HTTP 200 | 2637ms | SSL: 2026-09-12 (82 days)
UP           | https://www.thespringking.net/ | HTTP 200 | 299ms | SSL: 2026-06-29 (8 days)
UP           | https://www.hansmotosports.com/ | HTTP 200 | 581ms | SSL: 2026-09-10 (80 days)
UP           | https://www.advancedalarmlock.com | HTTP 200 | 2351ms | SSL: 2026-07-31 (39 days)
UNVERIFIABLE | https://www.amishstonefirepits.com/ | HTTP 200 | 6435ms | SSL: 2026-07-26 (34 days)
UP           | https://www.noatoutdoorliving.com/ | HTTP 200 | 380ms | SSL: 2026-07-16 (25 days)
UP           | https://campbellhuitt.com | HTTP 200 | 475ms | SSL: 2026-06-29 (8 days)
UP           | https://www.bulldogmovingclt.com/ | HTTP 200 | 372ms | SSL: 2026-08-13 (53 days)
DOWN         | https://terseptic.com | ERROR: Get "https://terseptic.com": tls: failed to verify certificate: x509: certificate is valid for broken-ssl.multiscreensite.com, not terseptic.com
UP           | https://www.nmwcattorneys.com/ | HTTP 200 | 206ms | SSL: 2026-07-04 (12 days)
UP           | https://www.jandpbikeshop.com/ | HTTP 200 | 250ms | SSL: 2026-09-05 (76 days)
UP           | https://angelabrowderhomecare.com/ | HTTP 200 | 535ms | SSL: 2026-09-05 (76 days)
UP           | https://www.5pointslandscaping.com/ | HTTP 200 | 220ms | SSL: 2026-09-05 (75 days)
UP           | https://carpettechcleaning.com | HTTP 200 | 473ms | SSL: 2026-07-31 (39 days)
UP           | https://www.mtccpressurewashing.com/ | HTTP 200 | 279ms | SSL: 2026-07-01 (10 days)
UP           | https://ochoaelectricsandiego.com | HTTP 200 | 472ms | SSL: 2026-08-10 (49 days)
UP           | https://vanityfairbaths.com | HTTP 200 | 485ms | SSL: 2026-07-10 (19 days)
UP           | https://www.asapcontainers.com/ | HTTP 200 | 294ms | SSL: 2026-07-10 (18 days)
UP           | https://www.boyleheatingandcooling.net/ | HTTP 200 | 637ms | SSL: 2026-07-06 (15 days)
UP           | https://www.zulaufconstruction.com | HTTP 200 | 6403ms | SSL: 2026-07-06 (15 days)
UP           | https://www.carpetcleaningomaha.com | HTTP 200 | 220ms | SSL: 2026-07-20 (28 days)
UP           | https://cakeschocolatesandmore.com/ | HTTP 200 | 451ms | SSL: 2026-07-26 (34 days)
UP           | https://www.victorytireauto.com | HTTP 200 | 290ms | SSL: 2026-07-29 (37 days)
UP           | https://windsorlimo.com | HTTP 200 | 518ms | SSL: 2026-08-02 (42 days)
UP           | https://www.howieglass.com/ | HTTP 200 | 220ms | SSL: 2026-09-05 (75 days)
UP           | https://www.xlsavebig.com | HTTP 200 | 255ms | SSL: 2026-07-05 (13 days)
UP           | https://www.oxicleaners.com | HTTP 200 | 333ms | SSL: 2026-07-30 (38 days)
UP           | https://petstylessalonandspa.com | HTTP 200 | 595ms | SSL: 2026-07-18 (26 days)
UP           | https://www.riverbluffcanecorsos.com | HTTP 200 | 224ms | SSL: 2026-07-26 (34 days)
UP           | https://stoversflooringanddraperycenter.com/ | HTTP 200 | 545ms | SSL: 2026-07-20 (28 days)
UP           | http://www.aseyourlight.com | HTTP 200 | 413ms | SSL: 2026-07-26 (34 days)
UP           | https://www.missouriglassinc.com/ | HTTP 200 | 225ms | SSL: 2026-09-18 (89 days)
UP           | https://www.coddingtonlock.com/ | HTTP 200 | 332ms | SSL: 2026-09-11 (82 days)
ERROR        | https://www.andyperuginos.com/ | HTTP 404 | 283ms | SSL: 2026-06-30 (9 days)
UP           | https://tntcarpetcleaners.com | HTTP 200 | 534ms | SSL: 2026-07-07 (15 days)
UP           | https://www.opsct.com | HTTP 200 | 288ms | SSL: 2026-06-29 (8 days)
UP           | https://securitycompanyms.com | HTTP 200 | 603ms | SSL: 2026-07-18 (27 days)
UP           | https://abbottscatering.com | HTTP 200 | 862ms | SSL: 2026-07-12 (20 days)
UP           | https://timothymwilliamslaw.com | HTTP 200 | 147ms | SSL: 2026-08-26 (66 days)
DOWN         | https://www.garyhuebnerlaw.com/ | ERROR: Get "https://www.garyhuebnerlaw.com/": tls: failed to verify certificate: x509: certificate is valid for broken-ssl.multiscreensite.com, not www.garyhuebnerlaw.com
UP           | https://www.thepoisonivyguy.com/ | HTTP 200 | 261ms | SSL: 2026-08-02 (42 days)
UP           | https://parkpharmacyrx.com | HTTP 200 | 686ms | SSL: 2026-07-25 (33 days)
UP           | https://gillettesignworks.com | HTTP 200 | 689ms | SSL: 2026-08-05 (45 days)
UP           | https://www.richroofing.com/ | HTTP 200 | 330ms | SSL: 2026-07-27 (36 days)
UP           | http://lassiterelectric.com | HTTP 200 | 6745ms | SSL: 2026-08-02 (42 days)
UP           | https://www.fatpocketpawn.biz | HTTP 200 | 288ms | SSL: 2026-08-05 (45 days)
UP           | https://lockhartaircare.com | HTTP 200 | 454ms | SSL: 2026-09-11 (81 days)
UP           | https://www.eaglewaterfiltration.com/ | HTTP 200 | 287ms | SSL: 2026-09-11 (81 days)
UP           | https://www.epsteinspaint.com/ | HTTP 200 | 295ms | SSL: 2026-09-04 (75 days)
UP           | https://www.appliancereliancellc.com/ | HTTP 200 | 362ms | SSL: 2026-07-02 (11 days)
UP           | https://www.timworthystransmissionrepairs.com/ | HTTP 200 | 222ms | SSL: 2026-09-18 (89 days)
UP           | https://www.cashgoldnj.com | HTTP 200 | 312ms | SSL: 2026-06-30 (8 days)
UP           | https://dlacupuncture.com | HTTP 200 | 518ms | SSL: 2026-07-10 (19 days)
UP           | https://www.rockyhillmeats.com/ | HTTP 200 | 224ms | SSL: 2026-07-14 (22 days)
UP           | https://www.absheatingandairconditioning.com/ | HTTP 200 | 271ms | SSL: 2026-08-06 (46 days)
UP           | https://tcpestsolutions.com/ | HTTP 200 | 498ms | SSL: 2026-09-03 (74 days)
UP           | https://www.tempbydesign.com/ | HTTP 200 | 209ms | SSL: 2026-06-30 (9 days)
UP           | https://tavosconstructionllc.com/ | HTTP 200 | 592ms | SSL: 2026-09-19 (89 days)
DOWN         | https://www.eastgeorgiatreeservice.com/ | ERROR: Head "https://www.eastgeorgiatreeservice.com/": EOF
UP           | https://coastalcabinetsandgranite.com/ | HTTP 200 | 523ms | SSL: 2026-07-20 (29 days)
ERROR        | https://www.r7electricutah.com/ | HTTP 404 | 297ms | SSL: 2026-07-18 (26 days)
UP           | https://preferredremodeling.net/ | HTTP 200 | 655ms | SSL: 2026-07-07 (15 days)
UP           | https://www.jml-electric.com | HTTP 200 | 214ms | SSL: 2026-07-11 (20 days)
UP           | http://resto-pros.net | HTTP 200 | 451ms | SSL: 2026-07-07 (16 days)
UP           | http://scconstruction.info | HTTP 200 | 206ms | SSL: 2026-08-30 (70 days)
UP           | https://www.porteroutdoorservices.com/ | HTTP 200 | 397ms | SSL: 2026-07-27 (35 days)
UP           | http://killswitchauto.com | HTTP 200 | 562ms | SSL: 2026-07-04 (13 days)
UP           | https://coxdecorativeconcrete.com/ | HTTP 200 | 569ms | SSL: 2026-08-09 (48 days)
UP           | http://charlesfulkroaddisposal.com | HTTP 200 | 441ms | SSL: 2026-07-15 (23 days)
UP           | https://wireguyselectric.com/ | HTTP 200 | 2622ms | SSL: 2026-07-17 (26 days)
UP           | https://www.dentconceptstx.com/ | HTTP 200 | 235ms | SSL: 2026-07-20 (28 days)
UP           | https://fincorefrigeration.com | HTTP 200 | 489ms | SSL: 2026-08-07 (46 days)
UP           | http://rocketcitymarine.com | HTTP 200 | 435ms | SSL: 2026-07-20 (28 days)
UP           | https://cleantechsystemsnm.com | HTTP 200 | 450ms | SSL: 2026-07-20 (28 days)
UP           | https://www.affordablecustomgolfcarts.com/ | HTTP 200 | 228ms | SSL: 2026-09-08 (78 days)
UP           | https://greenscapeslawns.com/ | HTTP 200 | 6566ms | SSL: 2026-07-27 (36 days)
UP           | https://jtstree.com/ | HTTP 200 | 477ms | SSL: 2026-08-03 (43 days)
UP           | https://www.dixiefenceohio.com/ | HTTP 200 | 319ms | SSL: 2026-08-09 (48 days)
UP           | https://allkidsarespecial.net | HTTP 200 | 562ms | SSL: 2026-08-17 (57 days)
UP           | https://sgrcalifornia.com/ | HTTP 200 | 524ms | SSL: 2026-08-04 (44 days)
UP           | https://www.garysroofingandconst.com/ | HTTP 200 | 234ms | SSL: 2026-07-28 (36 days)
UP           | https://www.breezehvac.com/ | HTTP 200 | 274ms | SSL: 2026-09-13 (84 days)
UP           | https://rcpoolworks.com | HTTP 200 | 517ms | SSL: 2026-08-08 (47 days)
UP           | https://Freedomcarpet.net | HTTP 200 | 606ms | SSL: 2026-09-08 (78 days)
UP           | https://rolandoroofing.net | HTTP 200 | 492ms | SSL: 2026-06-30 (9 days)
UP           | http://ormondlandscaping.com/ | HTTP 200 | 405ms | SSL: 2026-08-02 (41 days)
UP           | https://www.alliedroofingco.com/ | HTTP 200 | 244ms | SSL: 2026-09-17 (88 days)
UP           | https://www.waterheatersracinewi.com/ | HTTP 200 | 217ms | SSL: 2026-07-08 (17 days)
UP           | https://www.atlanticdrywallandpaint.com/ | HTTP 200 | 242ms | SSL: 2026-09-14 (84 days)
UP           | https://grantsappliancerepairllc.com/ | HTTP 200 | 497ms | SSL: 2026-09-14 (84 days)
UP           | http://aaaexcavate.com | HTTP 200 | 506ms | SSL: 2026-07-01 (9 days)
UP           | https://gormanandsonslandscaping.com/ | HTTP 200 | 522ms | SSL: 2026-07-21 (30 days)
UP           | https://texasproroofing.net/ | HTTP 200 | 606ms | SSL: 2026-06-30 (9 days)
UP           | https://www.808towing.com/ | HTTP 200 | 220ms | SSL: 2026-08-05 (45 days)
UP           | https://www.jandbtreeservice.net/ | HTTP 200 | 346ms | SSL: 2026-07-21 (29 days)
UP           | https://sweetmountainair.co | HTTP 200 | 448ms | SSL: 2026-07-26 (35 days)
UP           | https://www.stormprosva.com/ | HTTP 200 | 297ms | SSL: 2026-07-21 (29 days)
UP           | https://www.atlantic217.com/ | HTTP 200 | 246ms | SSL: 2026-07-05 (14 days)
UP           | https://lakehamiltonappraisals.com/ | HTTP 200 | 535ms | SSL: 2026-08-04 (43 days)
UP           | https://kcservicecenterpa.com | HTTP 200 | 469ms | SSL: 2026-07-19 (28 days)
UP           | https://mobsfloorcare.com/ | HTTP 200 | 502ms | SSL: 2026-09-18 (89 days)
UP           | https://wennigercompressor.com/ | HTTP 200 | 502ms | SSL: 2026-07-19 (27 days)
UP           | https://mauicontainersales.com/ | HTTP 200 | 589ms | SSL: 2026-08-24 (64 days)
UP           | https://www.24-hourrefrigeration.com/ | HTTP 200 | 293ms | SSL: 2026-07-31 (40 days)
UP           | https://anteaterspestcontrol.net | HTTP 200 | 519ms | SSL: 2026-07-16 (24 days)
UP           | http://furniturefixxers.com | HTTP 200 | 365ms | SSL: 2026-07-24 (32 days)
UP           | https://www.apexgutters.com/ | HTTP 200 | 347ms | SSL: 2026-09-07 (78 days)
UP           | https://blackdogrr.com/ | HTTP 200 | 481ms | SSL: 2026-08-09 (48 days)
UP           | https://hogiesconstruction.com/ | HTTP 200 | 494ms | SSL: 2026-08-18 (58 days)
UP           | https://www.askyline.com/ | HTTP 200 | 533ms | SSL: 2026-06-24 (3 days)
UP           | https://www.dbarrsvcs.com/ | HTTP 200 | 255ms | SSL: 2026-08-16 (56 days)
UP           | https://powellpestcontrol.net/ | HTTP 200 | 548ms | SSL: 2026-08-17 (57 days)
UP           | https://wireguys.com | HTTP 200 | 552ms | SSL: 2026-09-13 (83 days)
ERROR        | https://economysidingtn.com/ | HTTP 404 | 285ms | SSL: 2026-08-17 (57 days)
UP           | https://rsccontracting.org/ | HTTP 200 | 422ms | SSL: 2026-06-30 (9 days)
UP           | https://www.bhswelding.com/ | HTTP 200 | 337ms | SSL: 2026-09-04 (75 days)
DOWN         | https://www.yourfamilysalon.com/ | ERROR: Get "https://www.yourfamilysalon.com/": dial tcp: lookup www.yourfamilysalon.com on 127.0.0.53:53: server misbehaving
UP           | https://www.alswelldrilling.com/ | HTTP 200 | 214ms | SSL: 2026-09-03 (74 days)
UP           | http://customoutdoorsolutionsny.com | HTTP 200 | 386ms | SSL: 2026-07-05 (14 days)
UP           | https://raffoulheatingandair.com | HTTP 200 | 632ms | SSL: 2026-07-05 (14 days)
UP           | http://dynamohi.com | HTTP 200 | 427ms | SSL: 2026-08-02 (42 days)
UP           | https://danrandandassoc.com/ | HTTP 200 | 471ms | SSL: 2026-06-30 (9 days)
UP           | https://carbondalewoodshop.com/ | HTTP 200 | 509ms | SSL: 2026-09-14 (85 days)
UP           | https://smithhvacservices.com/index | HTTP 200 | 707ms | SSL: 2026-09-05 (76 days)
UP           | http://www.junk-punks.com/ | HTTP 200 | 569ms | SSL: 2026-09-14 (84 days)
UP           | https://www.fndcontracting.com | HTTP 200 | 339ms | SSL: 2026-06-28 (6 days)
UNVERIFIABLE | http://hopelandscaping.com | HTTP 200 | 371ms | SSL: 2026-09-09 (80 days)
UP           | https://larrysae.com | HTTP 200 | 739ms | SSL: 2026-09-12 (83 days)
UP           | https://www.ezoutcollisioncenter.com/ | HTTP 200 | 335ms | SSL: 2026-07-31 (40 days)
UP           | https://rsccontracting.org/ | HTTP 200 | 2483ms | SSL: 2026-06-30 (9 days)
UP           | http://ccelectricbcs.com | HTTP 200 | 383ms | SSL: 2026-08-02 (41 days)
UP           | http://ccelectricbcs.com | HTTP 200 | 390ms | SSL: 2026-08-02 (41 days)
UP           | https://tropicglassenclosuresfl.com/ | HTTP 200 | 574ms | SSL: 2026-09-17 (88 days)
UP           | https://www.fireflycontractor.com/ | HTTP 200 | 264ms | SSL: 2026-07-01 (10 days)
UP           | https://www.tridentconstructiongp.com/ | HTTP 200 | 284ms | SSL: 2026-09-11 (82 days)
UP           | https://roettgerwelding.com/ | HTTP 200 | 2691ms | SSL: 2026-07-02 (11 days)
UP           | https://azjanitorialservice.com | HTTP 200 | 467ms | SSL: 2026-08-31 (71 days)
UP           | https://camoconstructionllc.com/ | HTTP 200 | 481ms | SSL: 2026-07-21 (30 days)
UP           | https://totalcomfortcleaners.com | HTTP 200 | 585ms | SSL: 2026-07-22 (31 days)
UP           | https://www.brianemmonsroofing.com/ | HTTP 200 | 423ms | SSL: 2026-09-10 (80 days)
UP           | https://www.customelitedetailcarwash.com/ | HTTP 200 | 226ms | SSL: 2026-07-12 (21 days)
UP           | https://www.noatoutdoorliving.com/ | HTTP 200 | 209ms | SSL: 2026-07-16 (25 days)
UP           | https://southfloridadockandseawall.com | HTTP 200 | 447ms | SSL: 2026-09-05 (76 days)
UP           | https://www.rselectricms.com | HTTP 200 | 349ms | SSL: 2026-07-22 (31 days)
UP           | http://allbrightcleaningkc.com | HTTP 200 | 396ms | SSL: 2026-09-01 (72 days)
UP           | https://paintingbypros.com/ | HTTP 200 | 525ms | SSL: 2026-07-22 (31 days)
UP           | https://www.ancientcitygaragedoors.com | HTTP 200 | 335ms | SSL: 2026-07-30 (39 days)
UP           | https://www.mikeandmikeroofing.com/ | HTTP 200 | 328ms | SSL: 2026-08-27 (67 days)
UP           | https://maxpressfoundationrepair.com/ | HTTP 200 | 509ms | SSL: 2026-09-04 (75 days)
UP           | https://offshorepropertyservices.com | HTTP 200 | 627ms | SSL: 2026-09-09 (79 days)
UP           | http://dynamohi.com | HTTP 200 | 133ms | SSL: 2026-08-02 (42 days)
UP           | https://patdollautomotivewi.com/ | HTTP 200 | 618ms | SSL: 2026-08-22 (62 days)
UP           | http://renewconstructionnm.com | HTTP 200 | 194ms | SSL: 2026-08-18 (58 days)
DOWN         | http://seaboardrestoration.com/ | ERROR: Get "http://seaboardrestoration.com/": dial tcp: lookup seaboardrestoration.com on 127.0.0.53:53: no such host
UP           | https://www.fisherhomeinspectionsllc.com/ | HTTP 200 | 259ms | SSL: 2026-09-04 (75 days)
UP           | https://www.jmplumbersinc.com/ | HTTP 200 | 234ms | SSL: 2026-07-08 (17 days)
UP           | https://finishlineautotire.com/ | HTTP 200 | 505ms | SSL: 2026-08-07 (47 days)
UP           | http://vitosexpress.com | HTTP 200 | 483ms | SSL: 2026-09-04 (75 days)
UP           | https://www.thesignsolution.net/ | HTTP 200 | 375ms | SSL: 2026-09-12 (83 days)
UP           | https://bagremodelers.com/ | HTTP 200 | 515ms | SSL: 2026-09-05 (76 days)
UP           | https://www.problemtree.com | HTTP 200 | 225ms | SSL: 2026-09-04 (75 days)
UP           | https://capri-wash.com | HTTP 200 | 494ms | SSL: 2026-09-05 (76 days)
UP           | https://landscapeofbrainerd.com/ | HTTP 200 | 780ms | SSL: 2026-09-09 (80 days)
UP           | https://totalpackagelandscapeworksllc.com | HTTP 200 | 468ms | SSL: 2026-07-05 (14 days)
UP           | https://acesandblasting.co/ | HTTP 200 | 560ms | SSL: 2026-09-13 (84 days)
UP           | https://5startexasroofing.com/ | HTTP 200 | 743ms | SSL: 2026-07-15 (24 days)
UP           | https://caudletreeservice.com/ | HTTP 200 | 467ms | SSL: 2026-07-06 (14 days)
UP           | https://www.bayoustatemoving.com/ | HTTP 200 | 252ms | SSL: 2026-07-12 (21 days)
UP           | https://www.1classproperties.com/ | HTTP 200 | 295ms | SSL: 2026-07-15 (24 days)
UP           | https://www.1classrealty.com/ | HTTP 200 | 283ms | SSL: 2026-07-15 (24 days)
UP           | https://www.aimhighdetailing.com/ | HTTP 200 | 186ms | SSL: 2026-08-20 (60 days)
UP           | https://www.tampablindsbydesign.com/ | HTTP 200 | 227ms | SSL: 2026-07-26 (35 days)
UP           | http://thelocalplumber.com | HTTP 200 | 441ms | SSL: 2026-07-02 (11 days)
UP           | https://frontieraircon.com/ | HTTP 200 | 650ms | SSL: 2026-08-08 (48 days)
UP           | https://www.saltlakecitycabinetry.com/ | HTTP 200 | 236ms | SSL: 2026-08-10 (50 days)
UP           | https://mantispestma.com | HTTP 200 | 908ms | SSL: 2026-07-17 (26 days)
UP           | https://tyslandscapingiowa.com | HTTP 200 | 597ms | SSL: 2026-07-16 (25 days)
UP           | https://www.herrwelldrillingwi.com/ | HTTP 200 | 212ms | SSL: 2026-08-30 (70 days)
UP           | https://www.problemtree.com/ | HTTP 200 | 63ms | SSL: 2026-09-04 (75 days)
UP           | https://tandkventures.com/ | HTTP 200 | 537ms | SSL: 2026-09-15 (86 days)
UP           | http://muddyriversconcrete.com | HTTP 200 | 386ms | SSL: 2026-08-31 (71 days)
UP           | https://accurateandconfidentialtaxservice.com/ | HTTP 200 | 551ms | SSL: 2026-09-13 (84 days)
DOWN         | https://mcneelytreeservice.com/ | ERROR: Get "https://mcneelytreeservice.com/": tls: failed to verify certificate: x509: certificate is valid for *.accountterminated.com, accountterminated.com, not mcneelytreeservice.com
UP           | https://www.mvpgardencenter.com/ | HTTP 200 | 234ms | SSL: 2026-09-05 (76 days)
UP           | https://abccarpetcleanerssd.com | HTTP 200 | 626ms | SSL: 2026-09-13 (83 days)
Summary: 224 UP | 5 ERROR | 8 DOWN | 3 UNVERIFIABLE
