=== 2026-06-18 11:54:31 ===
UP           | https://offshorepropertyservices.com | HTTP 200 | 586ms | SSL: 2026-09-09 (82 days)
DOWN         | http://seaboardrestoration.com/ | ERROR: Get "http://seaboardrestoration.com/": dial tcp: lookup seaboardrestoration.com on 127.0.0.53:53: no such host
UP           | https://platinumpaintingandserviceinc.com | HTTP 200 | 577ms | SSL: 2026-07-10 (21 days)
UP           | https://aandbauctionservices.com | HTTP 200 | 744ms | SSL: 2026-07-02 (13 days)
UP           | http://reidheatingandair.com | HTTP 200 | 546ms | SSL: 2026-07-20 (32 days)
UP           | https://pristineccs.com/ | HTTP 200 | 610ms | SSL: 2026-07-20 (32 days)
UP           | https://westcoastdents.com | HTTP 200 | 1718ms | SSL: 2026-09-03 (76 days)
UP           | https://catoiletwhisperer.com | HTTP 200 | 32ms | SSL: 2026-08-08 (50 days)
UP           | https://ivyheatingandair.com | HTTP 200 | 482ms | SSL: 2026-06-26 (7 days)
UP           | https://primaryheatingandcooling.com | HTTP 200 | 584ms | SSL: 2026-07-07 (18 days)
UP           | https://businessnotions.com/ | HTTP 200 | 628ms | SSL: 2026-07-24 (36 days)
UP           | https://www.butzwelding.com | HTTP 200 | 625ms | SSL: 2026-06-30 (11 days)
UP           | https://brimicfoundation.com/ | HTTP 200 | 685ms | SSL: 2026-07-02 (14 days)
UP           | https://endlesssummercharters.com/ | HTTP 200 | 583ms | SSL: 2026-07-26 (37 days)
UP           | https://thekiddiekornerboutique.com | HTTP 200 | 337ms | SSL: 2026-07-29 (40 days)
ERROR        | https://safloralelegance.com | HTTP 403 | 163ms | SSL: 2026-11-26 (161 days)
UP           | http://allbrandsheatingandcooling.com | HTTP 200 | 513ms | SSL: 2026-07-06 (18 days)
UP           | http://plumbersouthfl.com | HTTP 200 | 437ms | SSL: 2026-07-14 (26 days)
UP           | http://wjauction.com | HTTP 200 | 415ms | SSL: 2026-07-14 (26 days)
UP           | https://txpanhandlelogistics.com | HTTP 200 | 995ms | SSL: 2026-07-15 (27 days)
UP           | https://mullinstruckingllc.com/ | HTTP 200 | 458ms | SSL: 2026-08-09 (51 days)
UP           | https://fratiplumbing.net | HTTP 200 | 490ms | SSL: 2026-07-24 (36 days)
UP           | https://loganshouse.com/ | HTTP 200 | 814ms | SSL: 2026-07-22 (34 days)
UP           | http://plantsunlimiteddurham.com | HTTP 200 | 575ms | SSL: 2026-08-03 (45 days)
UP           | http://protechdiesel.biz/ | HTTP 200 | 385ms | SSL: 2026-08-09 (51 days)
UP           | https://cherrycreekshadesanddraperys.com | HTTP 200 | 660ms | SSL: 2026-07-25 (36 days)
UP           | https://centralmotorsale.com | HTTP 200 | 554ms | SSL: 2026-07-29 (40 days)
UP           | https://jsaengineers.com | HTTP 200 | 582ms | SSL: 2026-08-10 (52 days)
UP           | https://boilertechnologies.com | HTTP 200 | 482ms | SSL: 2026-07-05 (17 days)
UP           | https://trucarma.com/ | HTTP 200 | 648ms | SSL: 2026-09-16 (89 days)
UP           | https://wyomingarmoredservice.com | HTTP 200 | 559ms | SSL: 2026-09-03 (76 days)
UP           | https://brvparkpropane.com/ | HTTP 200 | 491ms | SSL: 2026-07-27 (38 days)
UP           | https://primeappraisalsmi.com | HTTP 200 | 615ms | SSL: 2026-09-13 (87 days)
UP           | https://newenglandgroupctinc.com | HTTP 200 | 699ms | SSL: 2026-06-25 (7 days)
UP           | https://www.napavalleyfitness.com | HTTP 200 | 249ms | SSL: 2026-07-13 (25 days)
UP           | https://www.prosidingandwindows.net/ | HTTP 200 | 286ms | SSL: 2026-07-24 (35 days)
UP           | https://www.eocatx.com/ | HTTP 200 | 293ms | SSL: 2026-06-28 (9 days)
UP           | https://www.drainrooterplumbingsd.com/ | HTTP 200 | 328ms | SSL: 2026-09-07 (80 days)
UP           | https://glassimpressionslv.com | HTTP 200 | 533ms | SSL: 2026-07-04 (15 days)
UP           | https://shultarchitect.com | HTTP 200 | 472ms | SSL: 2026-08-18 (61 days)
UP           | https://inthemix-adc.com | HTTP 200 | 552ms | SSL: 2026-08-17 (60 days)
UP           | https://www.sexton-repairs.com/ | HTTP 200 | 268ms | SSL: 2026-06-27 (8 days)
ERROR        | https://fraserplumbingarkansas.com/ | HTTP 404 | 373ms | SSL: 2026-07-04 (16 days)
UP           | https://foothillsmachininginc.com | HTTP 200 | 640ms | SSL: 2026-07-20 (31 days)
UP           | https://rangerenovation.com | HTTP 200 | 595ms | SSL: 2026-07-29 (41 days)
UP           | https://modelcoelectric.com/ | HTTP 200 | 557ms | SSL: 2026-08-07 (49 days)
UP           | https://conveyor-tek.com | HTTP 200 | 514ms | SSL: 2026-07-31 (42 days)
UP           | http://longspest.com | HTTP 200 | 496ms | SSL: 2026-08-20 (62 days)
UP           | https://spindledynamicsaxlerepair.com | HTTP 200 | 493ms | SSL: 2026-08-07 (49 days)
UP           | https://mevoutdoor.com/ | HTTP 200 | 720ms | SSL: 2026-09-14 (87 days)
UP           | https://greenbushpros.com/ | HTTP 200 | 519ms | SSL: 2026-07-02 (13 days)
UP           | https://harveysarlesinsurance.com/ | HTTP 200 | 597ms | SSL: 2026-09-10 (83 days)
UP           | http://affordablerooter.com/ | HTTP 200 | 528ms | SSL: 2026-08-10 (52 days)
UP           | https://thomasmccannlaw.com | HTTP 200 | 549ms | SSL: 2026-07-24 (35 days)
UP           | https://southshoretruckrepair.com | HTTP 200 | 612ms | SSL: 2026-08-30 (73 days)
UP           | https://pacificgaragerepair.com | HTTP 200 | 545ms | SSL: 2026-09-12 (85 days)
UP           | https://www.thespringking.net/ | HTTP 200 | 308ms | SSL: 2026-06-29 (11 days)
UP           | https://www.hansmotosports.com/ | HTTP 200 | 236ms | SSL: 2026-09-10 (83 days)
UP           | https://www.advancedalarmlock.com | HTTP 200 | 237ms | SSL: 2026-07-31 (42 days)
UP           | https://www.amishstonefirepits.com/ | HTTP 200 | 401ms | SSL: 2026-07-26 (37 days)
UP           | https://www.noatoutdoorliving.com/ | HTTP 200 | 284ms | SSL: 2026-07-16 (28 days)
UP           | https://campbellhuitt.com | HTTP 200 | 600ms | SSL: 2026-06-29 (11 days)
UP           | https://www.bulldogmovingclt.com/ | HTTP 200 | 272ms | SSL: 2026-08-13 (56 days)
DOWN         | https://terseptic.com | ERROR: Get "https://terseptic.com": tls: failed to verify certificate: x509: certificate is valid for broken-ssl.multiscreensite.com, not terseptic.com
UP           | https://www.nmwcattorneys.com/ | HTTP 200 | 279ms | SSL: 2026-07-04 (15 days)
UP           | https://www.jandpbikeshop.com/ | HTTP 200 | 334ms | SSL: 2026-09-05 (78 days)
UP           | https://angelabrowderhomecare.com/ | HTTP 200 | 466ms | SSL: 2026-09-05 (79 days)
UP           | https://www.5pointslandscaping.com/ | HTTP 200 | 376ms | SSL: 2026-09-05 (78 days)
UP           | https://carpettechcleaning.com | HTTP 200 | 708ms | SSL: 2026-07-31 (42 days)
UP           | https://www.mtccpressurewashing.com/ | HTTP 200 | 252ms | SSL: 2026-07-01 (13 days)
UP           | https://ochoaelectricsandiego.com | HTTP 200 | 600ms | SSL: 2026-08-10 (52 days)
UP           | https://vanityfairbaths.com | HTTP 200 | 722ms | SSL: 2026-07-10 (22 days)
UP           | https://www.asapcontainers.com/ | HTTP 200 | 371ms | SSL: 2026-07-10 (21 days)
UP           | https://www.boyleheatingandcooling.net/ | HTTP 200 | 694ms | SSL: 2026-07-06 (18 days)
UP           | https://www.zulaufconstruction.com | HTTP 200 | 387ms | SSL: 2026-07-06 (18 days)
UP           | https://www.carpetcleaningomaha.com | HTTP 200 | 233ms | SSL: 2026-07-20 (31 days)
UP           | https://cakeschocolatesandmore.com/ | HTTP 200 | 581ms | SSL: 2026-07-26 (37 days)
UP           | https://www.victorytireauto.com | HTTP 200 | 241ms | SSL: 2026-07-29 (40 days)
UP           | https://windsorlimo.com | HTTP 200 | 604ms | SSL: 2026-08-02 (45 days)
UP           | https://www.howieglass.com/ | HTTP 200 | 229ms | SSL: 2026-09-05 (78 days)
UP           | https://www.xlsavebig.com | HTTP 200 | 317ms | SSL: 2026-07-05 (16 days)
UP           | https://www.oxicleaners.com | HTTP 200 | 338ms | SSL: 2026-07-30 (41 days)
UP           | https://petstylessalonandspa.com | HTTP 200 | 481ms | SSL: 2026-07-18 (29 days)
UP           | https://www.riverbluffcanecorsos.com | HTTP 200 | 274ms | SSL: 2026-07-26 (37 days)
UP           | https://stoversflooringanddraperycenter.com/ | HTTP 200 | 601ms | SSL: 2026-07-20 (31 days)
UP           | http://www.aseyourlight.com | HTTP 200 | 487ms | SSL: 2026-07-26 (37 days)
UP           | https://www.missouriglassinc.com/ | HTTP 200 | 358ms | SSL: 2026-06-27 (9 days)
UP           | https://www.coddingtonlock.com/ | HTTP 200 | 311ms | SSL: 2026-09-11 (84 days)
ERROR        | https://www.andyperuginos.com/ | HTTP 404 | 234ms | SSL: 2026-06-30 (12 days)
UP           | https://tntcarpetcleaners.com | HTTP 200 | 542ms | SSL: 2026-07-07 (18 days)
UP           | https://www.opsct.com | HTTP 200 | 290ms | SSL: 2026-06-29 (11 days)
UP           | https://securitycompanyms.com | HTTP 200 | 598ms | SSL: 2026-07-18 (30 days)
UP           | https://abbottscatering.com | HTTP 200 | 778ms | SSL: 2026-07-12 (23 days)
UP           | https://timothymwilliamslaw.com | HTTP 200 | 276ms | SSL: 2026-08-26 (69 days)
DOWN         | https://www.garyhuebnerlaw.com/ | ERROR: Get "https://www.garyhuebnerlaw.com/": tls: failed to verify certificate: x509: certificate is valid for broken-ssl.multiscreensite.com, not www.garyhuebnerlaw.com
UP           | https://www.thepoisonivyguy.com/ | HTTP 200 | 399ms | SSL: 2026-08-02 (45 days)
UP           | https://parkpharmacyrx.com | HTTP 200 | 639ms | SSL: 2026-07-25 (36 days)
UP           | https://gillettesignworks.com | HTTP 200 | 571ms | SSL: 2026-08-05 (47 days)
UP           | https://www.richroofing.com/ | HTTP 200 | 273ms | SSL: 2026-07-27 (39 days)
UP           | http://lassiterelectric.com | HTTP 200 | 608ms | SSL: 2026-08-02 (45 days)
UP           | https://www.fatpocketpawn.biz | HTTP 200 | 265ms | SSL: 2026-08-05 (48 days)
UP           | https://lockhartaircare.com | HTTP 200 | 610ms | SSL: 2026-09-11 (84 days)
UP           | https://www.eaglewaterfiltration.com/ | HTTP 200 | 390ms | SSL: 2026-09-11 (84 days)
UP           | https://www.epsteinspaint.com/ | HTTP 200 | 435ms | SSL: 2026-09-04 (78 days)
UP           | https://www.appliancereliancellc.com/ | HTTP 200 | 375ms | SSL: 2026-07-02 (14 days)
UP           | https://www.timworthystransmissionrepairs.com/ | HTTP 200 | 277ms | SSL: 2026-06-27 (9 days)
UP           | https://www.cashgoldnj.com | HTTP 200 | 405ms | SSL: 2026-06-30 (11 days)
UP           | https://dlacupuncture.com | HTTP 200 | 639ms | SSL: 2026-07-10 (22 days)
UP           | https://www.rockyhillmeats.com/ | HTTP 200 | 233ms | SSL: 2026-07-14 (25 days)
UP           | https://www.absheatingandairconditioning.com/ | HTTP 200 | 218ms | SSL: 2026-08-06 (49 days)
UP           | https://tcpestsolutions.com/ | HTTP 200 | 625ms | SSL: 2026-09-03 (77 days)
UP           | https://www.tempbydesign.com/ | HTTP 200 | 350ms | SSL: 2026-06-30 (12 days)
UP           | https://tavosconstructionllc.com/ | HTTP 200 | 517ms | SSL: 2026-06-28 (9 days)
DOWN         | https://www.eastgeorgiatreeservice.com/ | ERROR: Head "https://www.eastgeorgiatreeservice.com/": EOF
UP           | https://coastalcabinetsandgranite.com/ | HTTP 200 | 470ms | SSL: 2026-07-20 (31 days)
ERROR        | https://www.r7electricutah.com/ | HTTP 404 | 249ms | SSL: 2026-07-18 (29 days)
UP           | https://preferredremodeling.net/ | HTTP 200 | 677ms | SSL: 2026-07-07 (18 days)
UP           | https://www.jml-electric.com | HTTP 200 | 355ms | SSL: 2026-07-11 (22 days)
UP           | http://resto-pros.net | HTTP 200 | 528ms | SSL: 2026-07-07 (19 days)
UP           | http://scconstruction.info | HTTP 200 | 96ms | SSL: 2026-08-30 (73 days)
UP           | https://www.porteroutdoorservices.com/ | HTTP 200 | 364ms | SSL: 2026-07-27 (38 days)
UP           | http://killswitchauto.com | HTTP 200 | 655ms | SSL: 2026-07-04 (16 days)
UP           | https://coxdecorativeconcrete.com/ | HTTP 200 | 608ms | SSL: 2026-08-09 (51 days)
UP           | http://charlesfulkroaddisposal.com | HTTP 200 | 582ms | SSL: 2026-07-15 (26 days)
UP           | https://wireguyselectric.com/ | HTTP 200 | 559ms | SSL: 2026-07-17 (29 days)
UP           | https://www.dentconceptstx.com/ | HTTP 200 | 358ms | SSL: 2026-07-20 (31 days)
UP           | https://fincorefrigeration.com | HTTP 200 | 477ms | SSL: 2026-08-07 (49 days)
UP           | http://rocketcitymarine.com | HTTP 200 | 403ms | SSL: 2026-07-20 (31 days)
UP           | https://cleantechsystemsnm.com | HTTP 200 | 585ms | SSL: 2026-07-20 (31 days)
UP           | https://www.affordablecustomgolfcarts.com/ | HTTP 200 | 277ms | SSL: 2026-09-08 (81 days)
UP           | https://greenscapeslawns.com/ | HTTP 200 | 642ms | SSL: 2026-07-27 (39 days)
UP           | https://jtstree.com/ | HTTP 200 | 717ms | SSL: 2026-08-03 (46 days)
UP           | https://www.dixiefenceohio.com/ | HTTP 200 | 441ms | SSL: 2026-08-09 (51 days)
UP           | https://allkidsarespecial.net | HTTP 200 | 674ms | SSL: 2026-08-17 (60 days)
UP           | https://sgrcalifornia.com/ | HTTP 200 | 545ms | SSL: 2026-08-04 (47 days)
UP           | https://www.garysroofingandconst.com/ | HTTP 200 | 234ms | SSL: 2026-07-28 (39 days)
UP           | https://www.breezehvac.com/ | HTTP 200 | 255ms | SSL: 2026-09-13 (87 days)
UP           | https://rcpoolworks.com | HTTP 200 | 485ms | SSL: 2026-08-08 (50 days)
UP           | https://Freedomcarpet.net | HTTP 200 | 610ms | SSL: 2026-09-08 (81 days)
UP           | https://rolandoroofing.net | HTTP 200 | 607ms | SSL: 2026-06-30 (11 days)
UP           | http://ormondlandscaping.com/ | HTTP 200 | 579ms | SSL: 2026-08-02 (44 days)
UP           | https://www.alliedroofingco.com/ | HTTP 200 | 245ms | SSL: 2026-06-26 (8 days)
UP           | https://www.waterheatersracinewi.com/ | HTTP 200 | 404ms | SSL: 2026-07-08 (20 days)
UP           | https://www.atlanticdrywallandpaint.com/ | HTTP 200 | 401ms | SSL: 2026-09-14 (87 days)
UP           | https://grantsappliancerepairllc.com/ | HTTP 200 | 528ms | SSL: 2026-09-14 (87 days)
UP           | http://aaaexcavate.com | HTTP 200 | 522ms | SSL: 2026-07-01 (12 days)
UP           | https://gormanandsonslandscaping.com/ | HTTP 200 | 596ms | SSL: 2026-07-21 (33 days)
UP           | https://texasproroofing.net/ | HTTP 200 | 528ms | SSL: 2026-06-30 (11 days)
UP           | https://www.808towing.com/ | HTTP 200 | 390ms | SSL: 2026-08-05 (48 days)
UP           | https://www.jandbtreeservice.net/ | HTTP 200 | 309ms | SSL: 2026-07-21 (32 days)
UP           | https://sweetmountainair.co | HTTP 200 | 454ms | SSL: 2026-07-26 (38 days)
UP           | https://www.stormprosva.com/ | HTTP 200 | 231ms | SSL: 2026-07-21 (32 days)
UP           | https://www.atlantic217.com/ | HTTP 200 | 255ms | SSL: 2026-07-05 (17 days)
UP           | https://lakehamiltonappraisals.com/ | HTTP 200 | 735ms | SSL: 2026-08-04 (46 days)
UP           | https://kcservicecenterpa.com | HTTP 200 | 734ms | SSL: 2026-07-19 (31 days)
UP           | https://mobsfloorcare.com/ | HTTP 200 | 462ms | SSL: 2026-06-27 (9 days)
UP           | https://wennigercompressor.com/ | HTTP 200 | 2722ms | SSL: 2026-07-19 (30 days)
UP           | https://mauicontainersales.com/ | HTTP 200 | 707ms | SSL: 2026-08-24 (67 days)
UP           | https://www.24-hourrefrigeration.com/ | HTTP 200 | 235ms | SSL: 2026-07-31 (43 days)
UP           | https://anteaterspestcontrol.net | HTTP 200 | 463ms | SSL: 2026-07-16 (27 days)
UP           | http://furniturefixxers.com | HTTP 200 | 460ms | SSL: 2026-07-24 (35 days)
UP           | https://www.apexgutters.com/ | HTTP 200 | 246ms | SSL: 2026-09-07 (81 days)
UP           | https://blackdogrr.com/ | HTTP 200 | 517ms | SSL: 2026-08-09 (51 days)
UP           | https://hogiesconstruction.com/ | HTTP 200 | 2701ms | SSL: 2026-08-18 (61 days)
UP           | https://www.askyline.com/ | HTTP 200 | 425ms | SSL: 2026-06-24 (6 days)
UP           | https://www.dbarrsvcs.com/ | HTTP 200 | 354ms | SSL: 2026-08-16 (59 days)
UP           | https://powellpestcontrol.net/ | HTTP 200 | 596ms | SSL: 2026-08-17 (60 days)
UP           | https://wireguys.com | HTTP 200 | 660ms | SSL: 2026-09-13 (86 days)
ERROR        | https://economysidingtn.com/ | HTTP 404 | 367ms | SSL: 2026-08-17 (60 days)
UP           | https://rsccontracting.org/ | HTTP 200 | 1536ms | SSL: 2026-06-30 (12 days)
UP           | https://www.bhswelding.com/ | HTTP 200 | 362ms | SSL: 2026-09-04 (78 days)
DOWN         | https://www.yourfamilysalon.com/ | ERROR: Get "https://www.yourfamilysalon.com/": dial tcp: lookup www.yourfamilysalon.com on 127.0.0.53:53: server misbehaving
UP           | https://www.alswelldrilling.com/ | HTTP 200 | 284ms | SSL: 2026-09-03 (77 days)
UP           | http://customoutdoorsolutionsny.com | HTTP 200 | 530ms | SSL: 2026-07-05 (17 days)
UP           | https://raffoulheatingandair.com | HTTP 200 | 640ms | SSL: 2026-07-05 (17 days)
UP           | http://dynamohi.com | HTTP 200 | 581ms | SSL: 2026-08-02 (45 days)
UP           | https://danrandandassoc.com/ | HTTP 200 | 491ms | SSL: 2026-06-30 (12 days)
UP           | https://carbondalewoodshop.com/ | HTTP 200 | 259ms | SSL: 2026-09-14 (88 days)
UP           | https://smithhvacservices.com/index | HTTP 200 | 762ms | SSL: 2026-09-05 (79 days)
UP           | http://www.junk-punks.com/ | HTTP 200 | 586ms | SSL: 2026-09-14 (87 days)
UP           | https://www.fndcontracting.com | HTTP 200 | 2451ms | SSL: 2026-06-28 (9 days)
UP           | http://hopelandscaping.com | HTTP 200 | 574ms | SSL: 2026-09-09 (83 days)
UP           | https://larrysae.com | HTTP 200 | 582ms | SSL: 2026-09-12 (85 days)
UP           | https://www.ezoutcollisioncenter.com/ | HTTP 200 | 243ms | SSL: 2026-07-31 (43 days)
UP           | https://rsccontracting.org/ | HTTP 200 | 616ms | SSL: 2026-06-30 (12 days)
UP           | http://ccelectricbcs.com | HTTP 200 | 394ms | SSL: 2026-08-02 (44 days)
UP           | http://ccelectricbcs.com | HTTP 200 | 369ms | SSL: 2026-08-02 (44 days)
UP           | https://tropicglassenclosuresfl.com/ | HTTP 200 | 675ms | SSL: 2026-06-26 (8 days)
UP           | https://www.fireflycontractor.com/ | HTTP 200 | 226ms | SSL: 2026-07-01 (13 days)
UP           | https://www.tridentconstructiongp.com/ | HTTP 200 | 239ms | SSL: 2026-09-11 (85 days)
UP           | https://roettgerwelding.com/ | HTTP 200 | 477ms | SSL: 2026-07-02 (14 days)
UP           | https://azjanitorialservice.com | HTTP 200 | 506ms | SSL: 2026-08-31 (74 days)
UP           | https://camoconstructionllc.com/ | HTTP 200 | 762ms | SSL: 2026-07-21 (33 days)
UP           | https://totalcomfortcleaners.com | HTTP 200 | 670ms | SSL: 2026-07-22 (34 days)
UP           | https://www.brianemmonsroofing.com/ | HTTP 200 | 522ms | SSL: 2026-09-10 (83 days)
UP           | https://www.customelitedetailcarwash.com/ | HTTP 200 | 359ms | SSL: 2026-07-12 (24 days)
UP           | https://www.noatoutdoorliving.com/ | HTTP 200 | 306ms | SSL: 2026-07-16 (28 days)
UP           | https://southfloridadockandseawall.com | HTTP 200 | 607ms | SSL: 2026-09-05 (79 days)
UP           | https://www.rselectricms.com | HTTP 200 | 366ms | SSL: 2026-07-22 (34 days)
UP           | http://allbrightcleaningkc.com | HTTP 200 | 462ms | SSL: 2026-09-01 (75 days)
UP           | https://paintingbypros.com/ | HTTP 200 | 482ms | SSL: 2026-07-22 (34 days)
UP           | https://www.ancientcitygaragedoors.com | HTTP 200 | 233ms | SSL: 2026-07-30 (42 days)
UP           | https://www.mikeandmikeroofing.com/ | HTTP 200 | 275ms | SSL: 2026-08-27 (70 days)
UP           | https://maxpressfoundationrepair.com/ | HTTP 200 | 736ms | SSL: 2026-09-04 (78 days)
UP           | https://offshorepropertyservices.com | HTTP 200 | 429ms | SSL: 2026-09-09 (82 days)
UP           | http://dynamohi.com | HTTP 200 | 145ms | SSL: 2026-08-02 (45 days)
UP           | https://patdollautomotivewi.com/ | HTTP 200 | 596ms | SSL: 2026-08-22 (65 days)
UP           | http://renewconstructionnm.com | HTTP 200 | 399ms | SSL: 2026-08-18 (60 days)
DOWN         | http://seaboardrestoration.com/ | ERROR: Get "http://seaboardrestoration.com/": dial tcp: lookup seaboardrestoration.com on 127.0.0.53:53: no such host
UP           | https://www.fisherhomeinspectionsllc.com/ | HTTP 200 | 357ms | SSL: 2026-09-04 (78 days)
UP           | https://www.jmplumbersinc.com/ | HTTP 200 | 225ms | SSL: 2026-07-08 (20 days)
UP           | https://finishlineautotire.com/ | HTTP 200 | 479ms | SSL: 2026-08-07 (50 days)
UP           | http://vitosexpress.com | HTTP 200 | 600ms | SSL: 2026-09-04 (78 days)
UP           | https://www.thesignsolution.net/ | HTTP 200 | 395ms | SSL: 2026-09-12 (86 days)
UP           | https://bagremodelers.com/ | HTTP 200 | 678ms | SSL: 2026-09-05 (79 days)
UP           | https://www.problemtree.com | HTTP 200 | 222ms | SSL: 2026-09-04 (78 days)
UP           | https://capri-wash.com | HTTP 200 | 620ms | SSL: 2026-09-05 (79 days)
UP           | https://landscapeofbrainerd.com/ | HTTP 200 | 507ms | SSL: 2026-09-09 (83 days)
UP           | https://totalpackagelandscapeworksllc.com | HTTP 200 | 479ms | SSL: 2026-07-05 (17 days)
UP           | https://acesandblasting.co/ | HTTP 200 | 449ms | SSL: 2026-09-13 (87 days)
UP           | https://5startexasroofing.com/ | HTTP 200 | 620ms | SSL: 2026-07-15 (27 days)
UP           | https://caudletreeservice.com/ | HTTP 200 | 652ms | SSL: 2026-07-06 (17 days)
UP           | https://www.bayoustatemoving.com/ | HTTP 200 | 341ms | SSL: 2026-07-12 (24 days)
UP           | https://www.1classproperties.com/ | HTTP 200 | 284ms | SSL: 2026-07-15 (27 days)
UP           | https://www.1classrealty.com/ | HTTP 200 | 283ms | SSL: 2026-07-15 (27 days)
UP           | https://www.aimhighdetailing.com/ | HTTP 200 | 150ms | SSL: 2026-08-20 (63 days)
UP           | https://www.tampablindsbydesign.com/ | HTTP 200 | 243ms | SSL: 2026-07-26 (38 days)
UP           | http://thelocalplumber.com | HTTP 200 | 570ms | SSL: 2026-07-02 (14 days)
UP           | https://frontieraircon.com/ | HTTP 200 | 534ms | SSL: 2026-08-08 (51 days)
UP           | https://www.saltlakecitycabinetry.com/ | HTTP 200 | 357ms | SSL: 2026-08-10 (53 days)
UP           | https://mantispestma.com | HTTP 200 | 631ms | SSL: 2026-07-17 (29 days)
UP           | https://tyslandscapingiowa.com | HTTP 200 | 472ms | SSL: 2026-07-16 (28 days)
UP           | https://www.herrwelldrillingwi.com/ | HTTP 200 | 242ms | SSL: 2026-08-30 (73 days)
UP           | https://www.problemtree.com/ | HTTP 200 | 65ms | SSL: 2026-09-04 (78 days)
UP           | https://tandkventures.com/ | HTTP 200 | 538ms | SSL: 2026-09-15 (89 days)
UP           | http://muddyriversconcrete.com | HTTP 200 | 532ms | SSL: 2026-08-31 (74 days)
UP           | https://accurateandconfidentialtaxservice.com/ | HTTP 200 | 471ms | SSL: 2026-09-13 (87 days)
DOWN         | https://mcneelytreeservice.com/ | ERROR: Get "https://mcneelytreeservice.com/": tls: failed to verify certificate: x509: certificate is valid for *.accountterminated.com, accountterminated.com, not mcneelytreeservice.com
UP           | https://www.mvpgardencenter.com/ | HTTP 200 | 270ms | SSL: 2026-09-05 (79 days)
UP           | https://abccarpetcleanerssd.com | HTTP 200 | 635ms | SSL: 2026-09-13 (86 days)
Summary: 228 UP | 5 ERROR | 7 DOWN | 0 UNVERIFIABLE
