=== 2026-06-11 12:14:41 ===
UP           | https://offshorepropertyservices.com | HTTP 200 | 528ms | SSL: 2026-09-09 (89 days)
DOWN         | http://seaboardrestoration.com/ | ERROR: Get "http://seaboardrestoration.com/": dial tcp: lookup seaboardrestoration.com on 127.0.0.53:53: no such host
UP           | https://platinumpaintingandserviceinc.com | HTTP 200 | 477ms | SSL: 2026-07-10 (28 days)
UP           | https://aandbauctionservices.com | HTTP 200 | 605ms | SSL: 2026-07-02 (20 days)
UP           | http://reidheatingandair.com | HTTP 200 | 494ms | SSL: 2026-07-20 (39 days)
UP           | https://pristineccs.com/ | HTTP 200 | 481ms | SSL: 2026-07-20 (38 days)
UP           | https://westcoastdents.com | HTTP 200 | 1630ms | SSL: 2026-09-03 (83 days)
UP           | https://catoiletwhisperer.com | HTTP 200 | 39ms | SSL: 2026-08-08 (57 days)
UP           | https://ivyheatingandair.com | HTTP 200 | 519ms | SSL: 2026-06-26 (14 days)
UP           | https://primaryheatingandcooling.com | HTTP 200 | 568ms | SSL: 2026-07-07 (25 days)
UP           | https://businessnotions.com/ | HTTP 200 | 625ms | SSL: 2026-07-24 (43 days)
UP           | https://www.butzwelding.com | HTTP 200 | 304ms | SSL: 2026-06-30 (18 days)
UP           | https://brimicfoundation.com/ | HTTP 200 | 603ms | SSL: 2026-07-02 (21 days)
UP           | https://endlesssummercharters.com/ | HTTP 200 | 663ms | SSL: 2026-07-26 (44 days)
UP           | https://thekiddiekornerboutique.com | HTTP 200 | 253ms | SSL: 2026-07-29 (47 days)
ERROR        | https://safloralelegance.com | HTTP 403 | 46ms | SSL: 2026-11-26 (168 days)
UP           | http://allbrandsheatingandcooling.com | HTTP 200 | 422ms | SSL: 2026-07-06 (25 days)
UP           | http://plumbersouthfl.com | HTTP 200 | 380ms | SSL: 2026-07-14 (33 days)
UP           | http://wjauction.com | HTTP 200 | 399ms | SSL: 2026-07-14 (33 days)
UP           | https://txpanhandlelogistics.com | HTTP 200 | 700ms | SSL: 2026-07-15 (34 days)
UP           | https://mullinstruckingllc.com/ | HTTP 200 | 573ms | SSL: 2026-08-09 (58 days)
UP           | https://fratiplumbing.net | HTTP 200 | 597ms | SSL: 2026-07-24 (43 days)
UP           | https://loganshouse.com/ | HTTP 200 | 637ms | SSL: 2026-07-22 (41 days)
UP           | http://plantsunlimiteddurham.com | HTTP 200 | 400ms | SSL: 2026-08-03 (52 days)
UP           | http://protechdiesel.biz/ | HTTP 200 | 471ms | SSL: 2026-08-09 (58 days)
UP           | https://cherrycreekshadesanddraperys.com | HTTP 200 | 584ms | SSL: 2026-07-25 (43 days)
UP           | https://centralmotorsale.com | HTTP 200 | 531ms | SSL: 2026-07-29 (47 days)
UP           | https://jsaengineers.com | HTTP 200 | 482ms | SSL: 2026-08-10 (59 days)
UP           | https://boilertechnologies.com | HTTP 200 | 453ms | SSL: 2026-07-05 (24 days)
UP           | https://trucarma.com/ | HTTP 200 | 634ms | SSL: 2026-06-25 (13 days)
UP           | https://wyomingarmoredservice.com | HTTP 200 | 453ms | SSL: 2026-09-03 (83 days)
UP           | https://brvparkpropane.com/ | HTTP 200 | 587ms | SSL: 2026-07-27 (45 days)
UP           | https://primeappraisalsmi.com | HTTP 200 | 480ms | SSL: 2026-06-21 (10 days)
UP           | https://newenglandgroupctinc.com | HTTP 200 | 752ms | SSL: 2026-06-25 (13 days)
UP           | https://www.napavalleyfitness.com | HTTP 200 | 307ms | SSL: 2026-07-13 (32 days)
UP           | https://www.prosidingandwindows.net/ | HTTP 200 | 228ms | SSL: 2026-07-24 (42 days)
UP           | https://www.eocatx.com/ | HTTP 200 | 292ms | SSL: 2026-06-28 (16 days)
UP           | https://www.drainrooterplumbingsd.com/ | HTTP 200 | 225ms | SSL: 2026-09-07 (87 days)
UP           | https://glassimpressionslv.com | HTTP 200 | 558ms | SSL: 2026-07-04 (22 days)
UP           | https://shultarchitect.com | HTTP 200 | 554ms | SSL: 2026-08-18 (68 days)
UP           | https://inthemix-adc.com | HTTP 200 | 651ms | SSL: 2026-08-17 (67 days)
UP           | https://www.sexton-repairs.com/ | HTTP 200 | 226ms | SSL: 2026-06-27 (15 days)
ERROR        | https://fraserplumbingarkansas.com/ | HTTP 404 | 243ms | SSL: 2026-07-04 (23 days)
UP           | https://foothillsmachininginc.com | HTTP 200 | 512ms | SSL: 2026-07-20 (38 days)
UP           | https://rangerenovation.com | HTTP 200 | 541ms | SSL: 2026-07-29 (48 days)
UP           | https://modelcoelectric.com/ | HTTP 200 | 458ms | SSL: 2026-08-07 (56 days)
UP           | https://conveyor-tek.com | HTTP 200 | 604ms | SSL: 2026-07-31 (49 days)
UP           | http://longspest.com | HTTP 200 | 466ms | SSL: 2026-08-20 (69 days)
UP           | https://spindledynamicsaxlerepair.com | HTTP 200 | 638ms | SSL: 2026-08-07 (56 days)
UP           | https://mevoutdoor.com/ | HTTP 200 | 532ms | SSL: 2026-06-23 (11 days)
UP           | https://greenbushpros.com/ | HTTP 200 | 3607ms | SSL: 2026-07-02 (20 days)
UP           | https://harveysarlesinsurance.com/ | HTTP 200 | 474ms | SSL: 2026-06-19 (7 days)
DOWN         | http://affordablerooter.com/ | ERROR: Get "https://www.affordablerooter.com/": net/http: TLS handshake timeout
UP           | https://thomasmccannlaw.com | HTTP 200 | 7010ms | SSL: 2026-07-24 (42 days)
UP           | https://southshoretruckrepair.com | HTTP 200 | 2645ms | SSL: 2026-08-30 (80 days)
UP           | https://pacificgaragerepair.com | HTTP 200 | 506ms | SSL: 2026-06-21 (9 days)
UP           | https://www.thespringking.net/ | HTTP 200 | 308ms | SSL: 2026-06-29 (18 days)
UNVERIFIABLE | https://www.hansmotosports.com/ | HTTP 200 | 201ms | SSL: 2026-06-19 (7 days)
UP           | https://www.advancedalarmlock.com | HTTP 200 | 260ms | SSL: 2026-07-31 (49 days)
UP           | https://www.amishstonefirepits.com/ | HTTP 200 | 229ms | SSL: 2026-07-26 (44 days)
UP           | https://www.noatoutdoorliving.com/ | HTTP 200 | 291ms | SSL: 2026-07-16 (35 days)
UP           | https://campbellhuitt.com | HTTP 200 | 551ms | SSL: 2026-06-29 (18 days)
UP           | https://www.bulldogmovingclt.com/ | HTTP 200 | 267ms | SSL: 2026-08-13 (63 days)
DOWN         | https://terseptic.com | ERROR: Get "https://terseptic.com": tls: failed to verify certificate: x509: certificate is valid for broken-ssl.multiscreensite.com, not terseptic.com
UP           | https://www.nmwcattorneys.com/ | HTTP 200 | 222ms | SSL: 2026-07-04 (22 days)
UP           | https://www.jandpbikeshop.com/ | HTTP 200 | 252ms | SSL: 2026-09-05 (85 days)
UP           | https://angelabrowderhomecare.com/ | HTTP 200 | 601ms | SSL: 2026-09-05 (86 days)
UP           | https://www.5pointslandscaping.com/ | HTTP 200 | 218ms | SSL: 2026-09-05 (85 days)
UP           | https://carpettechcleaning.com | HTTP 200 | 555ms | SSL: 2026-07-31 (49 days)
UP           | https://www.mtccpressurewashing.com/ | HTTP 200 | 323ms | SSL: 2026-07-01 (20 days)
UP           | https://ochoaelectricsandiego.com | HTTP 200 | 482ms | SSL: 2026-08-10 (59 days)
UP           | https://vanityfairbaths.com | HTTP 200 | 474ms | SSL: 2026-07-10 (29 days)
UP           | https://www.asapcontainers.com/ | HTTP 200 | 250ms | SSL: 2026-07-10 (28 days)
UP           | https://www.boyleheatingandcooling.net/ | HTTP 200 | 632ms | SSL: 2026-07-06 (25 days)
UP           | https://www.zulaufconstruction.com | HTTP 200 | 282ms | SSL: 2026-07-06 (25 days)
UP           | https://www.carpetcleaningomaha.com | HTTP 200 | 274ms | SSL: 2026-07-20 (38 days)
UP           | https://cakeschocolatesandmore.com/ | HTTP 200 | 478ms | SSL: 2026-07-26 (44 days)
UP           | https://www.victorytireauto.com | HTTP 200 | 301ms | SSL: 2026-07-29 (47 days)
UP           | https://windsorlimo.com | HTTP 200 | 514ms | SSL: 2026-08-02 (51 days)
UP           | https://www.howieglass.com/ | HTTP 200 | 233ms | SSL: 2026-09-05 (85 days)
UP           | https://www.xlsavebig.com | HTTP 200 | 296ms | SSL: 2026-07-05 (23 days)
UP           | https://www.oxicleaners.com | HTTP 200 | 354ms | SSL: 2026-07-30 (48 days)
UP           | https://petstylessalonandspa.com | HTTP 200 | 513ms | SSL: 2026-07-18 (36 days)
UP           | https://www.riverbluffcanecorsos.com | HTTP 200 | 220ms | SSL: 2026-07-26 (44 days)
UP           | https://stoversflooringanddraperycenter.com/ | HTTP 200 | 482ms | SSL: 2026-07-20 (38 days)
UP           | http://www.aseyourlight.com | HTTP 200 | 426ms | SSL: 2026-07-26 (44 days)
UP           | https://www.missouriglassinc.com/ | HTTP 200 | 230ms | SSL: 2026-06-27 (16 days)
UP           | https://www.coddingtonlock.com/ | HTTP 200 | 267ms | SSL: 2026-06-20 (9 days)
ERROR        | https://www.andyperuginos.com/ | HTTP 404 | 285ms | SSL: 2026-06-30 (19 days)
UP           | https://tntcarpetcleaners.com | HTTP 200 | 571ms | SSL: 2026-07-07 (25 days)
UP           | https://www.opsct.com | HTTP 200 | 294ms | SSL: 2026-06-29 (18 days)
UP           | https://securitycompanyms.com | HTTP 200 | 559ms | SSL: 2026-07-18 (37 days)
UP           | https://abbottscatering.com | HTTP 200 | 619ms | SSL: 2026-07-12 (30 days)
UP           | https://timothymwilliamslaw.com | HTTP 200 | 183ms | SSL: 2026-08-26 (76 days)
DOWN         | https://www.garyhuebnerlaw.com/ | ERROR: Get "https://www.garyhuebnerlaw.com/": tls: failed to verify certificate: x509: certificate is valid for broken-ssl.multiscreensite.com, not www.garyhuebnerlaw.com
UP           | https://www.thepoisonivyguy.com/ | HTTP 200 | 326ms | SSL: 2026-08-02 (52 days)
UP           | https://parkpharmacyrx.com | HTTP 200 | 653ms | SSL: 2026-07-25 (43 days)
UP           | https://gillettesignworks.com | HTTP 200 | 6886ms | SSL: 2026-08-05 (54 days)
UP           | https://www.richroofing.com/ | HTTP 200 | 317ms | SSL: 2026-07-27 (46 days)
UP           | http://lassiterelectric.com | HTTP 200 | 522ms | SSL: 2026-08-02 (52 days)
UP           | https://www.fatpocketpawn.biz | HTTP 200 | 290ms | SSL: 2026-08-05 (55 days)
UP           | https://lockhartaircare.com | HTTP 200 | 464ms | SSL: 2026-06-20 (8 days)
UP           | https://www.eaglewaterfiltration.com/ | HTTP 200 | 215ms | SSL: 2026-06-20 (8 days)
UP           | https://www.epsteinspaint.com/ | HTTP 200 | 273ms | SSL: 2026-09-04 (85 days)
UP           | https://www.appliancereliancellc.com/ | HTTP 200 | 339ms | SSL: 2026-07-02 (21 days)
UP           | https://www.timworthystransmissionrepairs.com/ | HTTP 200 | 217ms | SSL: 2026-06-27 (16 days)
UP           | https://www.cashgoldnj.com | HTTP 200 | 292ms | SSL: 2026-06-30 (18 days)
UP           | https://dlacupuncture.com | HTTP 200 | 468ms | SSL: 2026-07-10 (29 days)
UP           | https://www.rockyhillmeats.com/ | HTTP 200 | 217ms | SSL: 2026-07-14 (32 days)
UP           | https://www.absheatingandairconditioning.com/ | HTTP 200 | 270ms | SSL: 2026-08-06 (56 days)
UP           | https://tcpestsolutions.com/ | HTTP 200 | 466ms | SSL: 2026-09-03 (84 days)
UP           | https://www.tempbydesign.com/ | HTTP 200 | 237ms | SSL: 2026-06-30 (19 days)
UP           | https://tavosconstructionllc.com/ | HTTP 200 | 2540ms | SSL: 2026-06-28 (16 days)
DOWN         | https://www.eastgeorgiatreeservice.com/ | ERROR: Head "https://www.eastgeorgiatreeservice.com/": EOF
UP           | https://coastalcabinetsandgranite.com/ | HTTP 200 | 517ms | SSL: 2026-07-20 (38 days)
ERROR        | https://www.r7electricutah.com/ | HTTP 404 | 236ms | SSL: 2026-07-18 (36 days)
UP           | https://preferredremodeling.net/ | HTTP 200 | 623ms | SSL: 2026-07-07 (25 days)
UP           | https://www.jml-electric.com | HTTP 200 | 271ms | SSL: 2026-07-11 (29 days)
UP           | http://resto-pros.net | HTTP 200 | 479ms | SSL: 2026-07-07 (26 days)
UP           | http://scconstruction.info | HTTP 200 | 3316ms | SSL: 2026-08-30 (80 days)
UP           | https://www.porteroutdoorservices.com/ | HTTP 200 | 232ms | SSL: 2026-07-27 (45 days)
UP           | http://killswitchauto.com | HTTP 200 | 466ms | SSL: 2026-07-04 (23 days)
UP           | https://coxdecorativeconcrete.com/ | HTTP 200 | 503ms | SSL: 2026-08-09 (58 days)
UP           | http://charlesfulkroaddisposal.com | HTTP 200 | 462ms | SSL: 2026-07-15 (33 days)
UP           | https://wireguyselectric.com/ | HTTP 200 | 477ms | SSL: 2026-07-17 (36 days)
UP           | https://www.dentconceptstx.com/ | HTTP 200 | 229ms | SSL: 2026-07-20 (38 days)
UP           | https://fincorefrigeration.com | HTTP 200 | 484ms | SSL: 2026-08-07 (56 days)
UNVERIFIABLE | http://rocketcitymarine.com | HTTP 200 | 365ms | SSL: 2026-07-20 (38 days)
UP           | https://cleantechsystemsnm.com | HTTP 200 | 467ms | SSL: 2026-07-20 (38 days)
UP           | https://www.affordablecustomgolfcarts.com/ | HTTP 200 | 217ms | SSL: 2026-09-08 (88 days)
UP           | https://greenscapeslawns.com/ | HTTP 200 | 525ms | SSL: 2026-07-27 (46 days)
UP           | https://jtstree.com/ | HTTP 200 | 490ms | SSL: 2026-08-03 (52 days)
UP           | https://www.dixiefenceohio.com/ | HTTP 200 | 314ms | SSL: 2026-08-09 (58 days)
UP           | https://allkidsarespecial.net | HTTP 200 | 474ms | SSL: 2026-08-17 (67 days)
UP           | https://sgrcalifornia.com/ | HTTP 200 | 522ms | SSL: 2026-08-04 (54 days)
UP           | https://www.garysroofingandconst.com/ | HTTP 200 | 315ms | SSL: 2026-07-28 (46 days)
UP           | https://www.breezehvac.com/ | HTTP 200 | 263ms | SSL: 2026-06-22 (11 days)
UP           | https://rcpoolworks.com | HTTP 200 | 497ms | SSL: 2026-08-08 (57 days)
UP           | https://Freedomcarpet.net | HTTP 200 | 511ms | SSL: 2026-09-08 (88 days)
UP           | https://rolandoroofing.net | HTTP 200 | 483ms | SSL: 2026-06-30 (18 days)
UP           | http://ormondlandscaping.com/ | HTTP 200 | 430ms | SSL: 2026-08-02 (51 days)
UP           | https://www.alliedroofingco.com/ | HTTP 200 | 218ms | SSL: 2026-06-26 (15 days)
UP           | https://www.waterheatersracinewi.com/ | HTTP 200 | 267ms | SSL: 2026-07-08 (27 days)
UP           | https://www.atlanticdrywallandpaint.com/ | HTTP 200 | 223ms | SSL: 2026-06-23 (11 days)
UP           | https://grantsappliancerepairllc.com/ | HTTP 200 | 539ms | SSL: 2026-06-23 (11 days)
UP           | http://aaaexcavate.com | HTTP 200 | 405ms | SSL: 2026-07-01 (19 days)
UP           | https://gormanandsonslandscaping.com/ | HTTP 200 | 537ms | SSL: 2026-07-21 (39 days)
UP           | https://texasproroofing.net/ | HTTP 200 | 525ms | SSL: 2026-06-30 (18 days)
UP           | https://www.808towing.com/ | HTTP 200 | 212ms | SSL: 2026-08-05 (55 days)
UP           | https://www.jandbtreeservice.net/ | HTTP 200 | 237ms | SSL: 2026-07-21 (39 days)
UP           | https://sweetmountainair.co | HTTP 200 | 554ms | SSL: 2026-07-26 (45 days)
UP           | https://www.stormprosva.com/ | HTTP 200 | 283ms | SSL: 2026-07-21 (39 days)
UP           | https://www.atlantic217.com/ | HTTP 200 | 313ms | SSL: 2026-07-05 (24 days)
UP           | https://lakehamiltonappraisals.com/ | HTTP 200 | 485ms | SSL: 2026-08-04 (53 days)
UP           | https://kcservicecenterpa.com | HTTP 200 | 467ms | SSL: 2026-07-19 (38 days)
UNVERIFIABLE | https://mobsfloorcare.com/ | HTTP 200 | 480ms | SSL: 2026-06-27 (15 days)
UP           | https://wennigercompressor.com/ | HTTP 200 | 462ms | SSL: 2026-07-19 (37 days)
UP           | https://mauicontainersales.com/ | HTTP 200 | 561ms | SSL: 2026-08-24 (74 days)
UP           | https://www.24-hourrefrigeration.com/ | HTTP 200 | 218ms | SSL: 2026-07-31 (50 days)
UP           | https://anteaterspestcontrol.net | HTTP 200 | 476ms | SSL: 2026-07-16 (34 days)
UP           | http://furniturefixxers.com | HTTP 200 | 394ms | SSL: 2026-07-24 (42 days)
UP           | https://www.apexgutters.com/ | HTTP 200 | 241ms | SSL: 2026-09-07 (88 days)
UP           | https://blackdogrr.com/ | HTTP 200 | 501ms | SSL: 2026-08-09 (58 days)
UP           | https://hogiesconstruction.com/ | HTTP 200 | 476ms | SSL: 2026-08-18 (68 days)
UP           | https://www.askyline.com/ | HTTP 200 | 372ms | SSL: 2026-06-24 (13 days)
UP           | https://www.dbarrsvcs.com/ | HTTP 200 | 244ms | SSL: 2026-08-16 (66 days)
UP           | https://powellpestcontrol.net/ | HTTP 200 | 478ms | SSL: 2026-08-17 (67 days)
UP           | https://wireguys.com | HTTP 200 | 791ms | SSL: 2026-06-22 (10 days)
UP           | https://economysidingtn.com/ | HTTP 200 | 473ms | SSL: 2026-08-17 (67 days)
UP           | https://rsccontracting.org/ | HTTP 200 | 611ms | SSL: 2026-06-30 (19 days)
UP           | https://www.bhswelding.com/ | HTTP 200 | 350ms | SSL: 2026-09-04 (85 days)
UP           | https://www.yourfamilysalon.com/ | HTTP 200 | 234ms | SSL: 2026-07-02 (21 days)
UP           | https://www.alswelldrilling.com/ | HTTP 200 | 237ms | SSL: 2026-09-03 (84 days)
UP           | http://customoutdoorsolutionsny.com | HTTP 200 | 409ms | SSL: 2026-07-05 (24 days)
UP           | https://raffoulheatingandair.com | HTTP 200 | 528ms | SSL: 2026-07-05 (24 days)
UP           | http://dynamohi.com | HTTP 200 | 452ms | SSL: 2026-08-02 (52 days)
UP           | https://danrandandassoc.com/ | HTTP 200 | 500ms | SSL: 2026-06-30 (19 days)
UP           | https://carbondalewoodshop.com/ | HTTP 200 | 637ms | SSL: 2026-07-17 (35 days)
UP           | https://smithhvacservices.com/index | HTTP 200 | 589ms | SSL: 2026-09-05 (86 days)
UP           | http://www.junk-punks.com/ | HTTP 200 | 373ms | SSL: 2026-07-22 (41 days)
UP           | https://www.fndcontracting.com | HTTP 200 | 292ms | SSL: 2026-06-28 (16 days)
UP           | http://hopelandscaping.com | HTTP 200 | 414ms | SSL: 2026-06-18 (7 days)
UP           | https://larrysae.com | HTTP 200 | 528ms | SSL: 2026-06-21 (10 days)
UP           | https://www.ezoutcollisioncenter.com/ | HTTP 200 | 213ms | SSL: 2026-07-31 (50 days)
UP           | https://rsccontracting.org/ | HTTP 200 | 139ms | SSL: 2026-06-30 (19 days)
UP           | http://ccelectricbcs.com | HTTP 200 | 405ms | SSL: 2026-08-02 (51 days)
UP           | http://ccelectricbcs.com | HTTP 200 | 459ms | SSL: 2026-08-02 (51 days)
UP           | https://tropicglassenclosuresfl.com/ | HTTP 200 | 555ms | SSL: 2026-06-26 (15 days)
UP           | https://www.fireflycontractor.com/ | HTTP 200 | 267ms | SSL: 2026-07-01 (20 days)
UP           | https://www.tridentconstructiongp.com/ | HTTP 200 | 223ms | SSL: 2026-06-20 (9 days)
UP           | https://roettgerwelding.com/ | HTTP 200 | 457ms | SSL: 2026-07-02 (21 days)
UP           | https://azjanitorialservice.com | HTTP 200 | 479ms | SSL: 2026-08-31 (81 days)
UP           | https://camoconstructionllc.com/ | HTTP 200 | 664ms | SSL: 2026-07-21 (40 days)
UP           | https://totalcomfortcleaners.com | HTTP 200 | 895ms | SSL: 2026-07-22 (41 days)
UP           | https://www.brianemmonsroofing.com/ | HTTP 200 | 354ms | SSL: 2026-06-19 (7 days)
UP           | https://www.customelitedetailcarwash.com/ | HTTP 200 | 234ms | SSL: 2026-07-12 (31 days)
UP           | https://www.noatoutdoorliving.com/ | HTTP 200 | 248ms | SSL: 2026-07-16 (35 days)
UP           | https://southfloridadockandseawall.com | HTTP 200 | 582ms | SSL: 2026-09-05 (86 days)
UP           | https://www.rselectricms.com | HTTP 200 | 302ms | SSL: 2026-07-22 (41 days)
UP           | http://allbrightcleaningkc.com | HTTP 200 | 458ms | SSL: 2026-09-01 (82 days)
UP           | https://paintingbypros.com/ | HTTP 200 | 480ms | SSL: 2026-07-22 (41 days)
UP           | https://www.ancientcitygaragedoors.com | HTTP 200 | 2435ms | SSL: 2026-07-30 (49 days)
UP           | https://www.mikeandmikeroofing.com/ | HTTP 200 | 439ms | SSL: 2026-08-27 (77 days)
UP           | https://maxpressfoundationrepair.com/ | HTTP 200 | 537ms | SSL: 2026-09-04 (85 days)
UP           | https://offshorepropertyservices.com | HTTP 200 | 463ms | SSL: 2026-09-09 (89 days)
UP           | http://dynamohi.com | HTTP 200 | 144ms | SSL: 2026-08-02 (52 days)
UP           | https://patdollautomotivewi.com/ | HTTP 200 | 473ms | SSL: 2026-08-22 (72 days)
UP           | http://renewconstructionnm.com | HTTP 200 | 386ms | SSL: 2026-08-18 (67 days)
DOWN         | http://seaboardrestoration.com/ | ERROR: Get "http://seaboardrestoration.com/": dial tcp: lookup seaboardrestoration.com on 127.0.0.53:53: no such host
UP           | https://www.fisherhomeinspectionsllc.com/ | HTTP 200 | 224ms | SSL: 2026-09-04 (85 days)
UP           | https://www.jmplumbersinc.com/ | HTTP 200 | 283ms | SSL: 2026-07-08 (27 days)
UP           | https://finishlineautotire.com/ | HTTP 200 | 548ms | SSL: 2026-08-07 (57 days)
UP           | http://vitosexpress.com | HTTP 200 | 678ms | SSL: 2026-09-04 (85 days)
UP           | https://www.thesignsolution.net/ | HTTP 200 | 286ms | SSL: 2026-06-21 (10 days)
UP           | https://bagremodelers.com/ | HTTP 200 | 461ms | SSL: 2026-09-05 (86 days)
UP           | https://www.problemtree.com | HTTP 200 | 221ms | SSL: 2026-09-04 (85 days)
UP           | https://capri-wash.com | HTTP 200 | 463ms | SSL: 2026-09-05 (86 days)
UP           | https://landscapeofbrainerd.com/ | HTTP 200 | 457ms | SSL: 2026-07-18 (37 days)
UP           | https://totalpackagelandscapeworksllc.com | HTTP 200 | 509ms | SSL: 2026-07-05 (24 days)
UP           | https://acesandblasting.co/ | HTTP 200 | 545ms | SSL: 2026-06-22 (11 days)
UP           | https://5startexasroofing.com/ | HTTP 200 | 482ms | SSL: 2026-07-15 (34 days)
UP           | https://caudletreeservice.com/ | HTTP 200 | 470ms | SSL: 2026-07-06 (24 days)
UP           | https://www.bayoustatemoving.com/ | HTTP 200 | 356ms | SSL: 2026-07-12 (31 days)
UP           | https://www.1classproperties.com/ | HTTP 200 | 344ms | SSL: 2026-07-15 (34 days)
UP           | https://www.1classrealty.com/ | HTTP 200 | 297ms | SSL: 2026-07-15 (34 days)
UP           | https://www.aimhighdetailing.com/ | HTTP 200 | 102ms | SSL: 2026-08-20 (70 days)
UP           | https://www.tampablindsbydesign.com/ | HTTP 200 | 223ms | SSL: 2026-07-26 (45 days)
UP           | http://thelocalplumber.com | HTTP 200 | 560ms | SSL: 2026-07-02 (21 days)
UP           | https://frontieraircon.com/ | HTTP 200 | 516ms | SSL: 2026-08-08 (58 days)
UP           | https://www.saltlakecitycabinetry.com/ | HTTP 200 | 227ms | SSL: 2026-08-10 (60 days)
UP           | https://mantispestma.com | HTTP 200 | 630ms | SSL: 2026-07-17 (36 days)
UP           | https://tyslandscapingiowa.com | HTTP 200 | 463ms | SSL: 2026-07-16 (35 days)
UP           | https://www.herrwelldrillingwi.com/ | HTTP 200 | 224ms | SSL: 2026-08-30 (80 days)
UP           | https://www.problemtree.com/ | HTTP 200 | 66ms | SSL: 2026-09-04 (85 days)
UP           | https://tandkventures.com/ | HTTP 200 | 477ms | SSL: 2026-06-24 (13 days)
UP           | http://muddyriversconcrete.com | HTTP 200 | 392ms | SSL: 2026-08-31 (81 days)
UP           | https://accurateandconfidentialtaxservice.com/ | HTTP 200 | 513ms | SSL: 2026-06-22 (11 days)
DOWN         | https://mcneelytreeservice.com/ | ERROR: Get "https://mcneelytreeservice.com/": tls: failed to verify certificate: x509: certificate is not valid for any names, but wanted to match mcneelytreeservice.com
UP           | https://www.mvpgardencenter.com/ | HTTP 200 | 234ms | SSL: 2026-09-05 (86 days)
DOWN         | https://abccarpetcleanerssd.com | ERROR: Get "https://abccarpetcleanerssd.com": dial tcp: lookup abccarpetcleanerssd.com on 127.0.0.53:53: server misbehaving
Summary: 225 UP | 4 ERROR | 8 DOWN | 3 UNVERIFIABLE
