=== 2026-08-31 16:02:20 ===
UP           | https://offshorepropertyservices.com | HTTP 200 | 420ms | SSL: 2026-10-23 (52 days)
DOWN         | http://seaboardrestoration.com/ | ERROR: Get "http://seaboardrestoration.com/": dial tcp: lookup seaboardrestoration.com on 127.0.0.53:53: no such host
UP           | https://platinumpaintingandserviceinc.com | HTTP 200 | 390ms | SSL: 2026-10-01 (30 days)
UP           | https://aandbauctionservices.com | HTTP 200 | 142ms | SSL: 2026-10-07 (36 days)
UP           | http://reidheatingandair.com | HTTP 200 | 95ms | SSL: 
UP           | https://pristineccs.com/ | HTTP 200 | 239ms | SSL: 2026-11-08 (69 days)
UP           | https://westcoastdents.com | HTTP 200 | 1272ms | SSL: 2026-11-01 (61 days)
UP           | https://catoiletwhisperer.com | HTTP 200 | 340ms | SSL: 2026-09-16 (16 days)
UP           | https://ivyheatingandair.com | HTTP 200 | 339ms | SSL: 2026-11-24 (84 days)
UP           | https://primaryheatingandcooling.com | HTTP 200 | 456ms | SSL: 2026-09-28 (27 days)
UP           | https://businessnotions.com/ | HTTP 200 | 455ms | SSL: 2026-10-15 (44 days)
UP           | https://www.butzwelding.com | HTTP 200 | 256ms | SSL: 2026-11-17 (78 days)
UP           | https://brimicfoundation.com/ | HTTP 200 | 421ms | SSL: 2026-10-21 (51 days)
UP           | https://endlesssummercharters.com/ | HTTP 200 | 199ms | SSL: 2026-10-18 (48 days)
UP           | https://thekiddiekornerboutique.com | HTTP 200 | 116ms | SSL: 2026-11-08 (69 days)
UP           | https://safloralelegance.com | HTTP 200 | 439ms | SSL: 2026-11-15 (76 days)
UP           | http://allbrandsheatingandcooling.com | HTTP 200 | 165ms | SSL: 
UP           | http://plumbersouthfl.com | HTTP 200 | 164ms | SSL: 
UP           | http://wjauction.com | HTTP 200 | 129ms | SSL: 
UP           | https://txpanhandlelogistics.com | HTTP 200 | 948ms | SSL: 2026-10-06 (36 days)
UP           | https://mullinstruckingllc.com/ | HTTP 200 | 238ms | SSL: 2026-10-22 (52 days)
UP           | https://fratiplumbing.net | HTTP 200 | 146ms | SSL: 2026-10-08 (38 days)
UP           | https://loganshouse.com/ | HTTP 200 | 394ms | SSL: 2026-10-13 (42 days)
UP           | http://plantsunlimiteddurham.com | HTTP 200 | 408ms | SSL: 2026-10-18 (48 days)
UP           | http://protechdiesel.biz/ | HTTP 200 | 303ms | SSL: 2026-11-15 (76 days)
UP           | https://cherrycreekshadesanddraperys.com | HTTP 200 | 310ms | SSL: 2026-10-22 (52 days)
UP           | https://centralmotorsale.com | HTTP 200 | 364ms | SSL: 2026-10-20 (49 days)
UP           | https://jsaengineers.com | HTTP 200 | 224ms | SSL: 2026-11-23 (84 days)
UP           | https://boilertechnologies.com | HTTP 200 | 170ms | SSL: 2026-11-16 (77 days)
UP           | https://trucarma.com/ | HTTP 200 | 425ms | SSL: 2026-09-16 (15 days)
UP           | https://wyomingarmoredservice.com | HTTP 200 | 132ms | SSL: 2026-11-25 (85 days)
UP           | https://brvparkpropane.com/ | HTTP 200 | 341ms | SSL: 2026-10-18 (47 days)
UP           | https://primeappraisalsmi.com | HTTP 200 | 280ms | SSL: 2026-11-19 (80 days)
UP           | https://newenglandgroupctinc.com | HTTP 200 | 353ms | SSL: 
UP           | https://www.napavalleyfitness.com | HTTP 200 | 218ms | SSL: 2026-11-08 (69 days)
UP           | https://www.prosidingandwindows.net/ | HTTP 200 | 238ms | SSL: 2026-10-28 (58 days)
UP           | https://www.eocatx.com/ | HTTP 200 | 268ms | SSL: 2026-09-19 (18 days)
UP           | https://www.drainrooterplumbingsd.com/ | HTTP 200 | 147ms | SSL: 2026-10-08 (38 days)
UP           | https://glassimpressionslv.com | HTTP 200 | 109ms | SSL: 2026-11-25 (86 days)
UP           | https://shultarchitect.com | HTTP 200 | 116ms | SSL: 2026-10-08 (38 days)
UP           | https://inthemix-adc.com | HTTP 200 | 374ms | SSL: 2026-11-08 (69 days)
UP           | https://www.sexton-repairs.com/ | HTTP 200 | 287ms | SSL: 2026-10-15 (45 days)
ERROR        | https://fraserplumbingarkansas.com/ | HTTP 404 | 208ms | SSL: 2026-09-25 (25 days)
UP           | https://foothillsmachininginc.com | HTTP 200 | 190ms | SSL: 2026-11-19 (80 days)
UP           | https://rangerenovation.com | HTTP 200 | 228ms | SSL: 2026-11-08 (69 days)
UP           | https://modelcoelectric.com/ | HTTP 200 | 244ms | SSL: 2026-10-18 (48 days)
UP           | https://conveyor-tek.com | HTTP 200 | 423ms | SSL: 2026-10-22 (51 days)
UP           | http://longspest.com | HTTP 200 | 382ms | SSL: 2026-11-08 (69 days)
UP           | https://spindledynamicsaxlerepair.com | HTTP 200 | 205ms | SSL: 2026-10-18 (48 days)
UP           | https://mevoutdoor.com/ | HTTP 200 | 223ms | SSL: 2026-11-24 (84 days)
UP           | https://greenbushpros.com/ | HTTP 200 | 439ms | SSL: 2026-11-23 (84 days)
UP           | https://harveysarlesinsurance.com/ | HTTP 200 | 386ms | SSL: 2026-09-10 (9 days)
UP           | http://affordablerooter.com/ | HTTP 200 | 238ms | SSL: 2026-11-22 (82 days)
UP           | https://thomasmccannlaw.com | HTTP 200 | 279ms | SSL: 2026-10-15 (44 days)
UP           | https://southshoretruckrepair.com | HTTP 200 | 256ms | SSL: 2026-10-13 (43 days)
UP           | https://pacificgaragerepair.com | HTTP 200 | 116ms | SSL: 2026-11-24 (84 days)
UP           | https://www.thespringking.net/ | HTTP 200 | 244ms | SSL: 2026-11-24 (84 days)
UP           | https://www.hansmotosports.com/ | HTTP 200 | 182ms | SSL: 2026-10-22 (52 days)
UP           | https://www.advancedalarmlock.com | HTTP 200 | 122ms | SSL: 2026-11-15 (76 days)
UP           | https://www.amishstonefirepits.com/ | HTTP 200 | 125ms | SSL: 2026-10-17 (46 days)
UP           | https://www.noatoutdoorliving.com/ | HTTP 200 | 203ms | SSL: 2026-11-25 (86 days)
ERROR        | https://campbellhuitt.com | HTTP 404 | 141ms | SSL: 2026-09-20 (19 days)
UP           | https://www.bulldogmovingclt.com/ | HTTP 200 | 297ms | SSL: 2026-10-21 (51 days)
UP           | https://terseptic.com | HTTP 200 | 376ms | SSL: 2026-10-27 (56 days)
UP           | https://www.nmwcattorneys.com/ | HTTP 200 | 231ms | SSL: 2026-11-24 (84 days)
UP           | https://www.jandpbikeshop.com/ | HTTP 200 | 193ms | SSL: 2026-11-27 (87 days)
ERROR        | https://angelabrowderhomecare.com/ | HTTP 404 | 111ms | SSL: 2026-11-27 (87 days)
UP           | https://www.5pointslandscaping.com/ | HTTP 200 | 383ms | SSL: 2026-10-23 (52 days)
UP           | https://carpettechcleaning.com | HTTP 200 | 357ms | SSL: 2026-10-20 (50 days)
UP           | https://www.mtccpressurewashing.com/ | HTTP 200 | 217ms | SSL: 2026-11-24 (84 days)
UP           | https://ochoaelectricsandiego.com | HTTP 200 | 218ms | SSL: 2026-11-08 (69 days)
UP           | https://vanityfairbaths.com | HTTP 200 | 342ms | SSL: 2026-11-08 (69 days)
UP           | https://www.asapcontainers.com/ | HTTP 200 | 287ms | SSL: 2026-11-08 (69 days)
UP           | https://www.boyleheatingandcooling.net/ | HTTP 200 | 643ms | SSL: 2026-09-27 (27 days)
UP           | https://www.zulaufconstruction.com | HTTP 200 | 146ms | SSL: 2026-09-27 (27 days)
UP           | https://www.carpetcleaningomaha.com | HTTP 200 | 208ms | SSL: 2026-11-03 (64 days)
UP           | https://cakeschocolatesandmore.com/ | HTTP 200 | 423ms | SSL: 2026-10-21 (51 days)
UP           | https://www.victorytireauto.com | HTTP 200 | 214ms | SSL: 2026-11-09 (70 days)
UP           | https://windsorlimo.com | HTTP 200 | 391ms | SSL: 2026-11-08 (69 days)
UP           | https://www.howieglass.com/ | HTTP 200 | 246ms | SSL: 2026-11-26 (87 days)
UP           | https://www.xlsavebig.com | HTTP 200 | 240ms | SSL: 2026-09-26 (25 days)
UP           | https://www.oxicleaners.com | HTTP 200 | 147ms | SSL: 2026-10-08 (38 days)
UP           | https://petstylessalonandspa.com | HTTP 200 | 243ms | SSL: 2026-11-08 (69 days)
UP           | https://www.riverbluffcanecorsos.com | HTTP 200 | 145ms | SSL: 2026-11-24 (84 days)
UP           | https://stoversflooringanddraperycenter.com/ | HTTP 200 | 192ms | SSL: 2026-11-08 (69 days)
UP           | http://www.aseyourlight.com | HTTP 200 | 203ms | SSL: 
UP           | https://www.missouriglassinc.com/ | HTTP 200 | 163ms | SSL: 2026-10-08 (38 days)
UP           | https://www.coddingtonlock.com/ | HTTP 200 | 1008ms | SSL: 2026-10-28 (58 days)
UP           | https://www.andyperuginos.com/ | HTTP 200 | 219ms | SSL: 2027-02-17 (170 days)
UP           | https://tntcarpetcleaners.com | HTTP 200 | 383ms | SSL: 2026-11-08 (69 days)
DOWN         | https://www.opsct.com | ERROR: Get "https://www.opsct.com": dial tcp: lookup www.opsct.com on 127.0.0.53:53: no such host
UP           | https://securitycompanyms.com | HTTP 200 | 317ms | SSL: 2026-10-09 (38 days)
UP           | https://abbottscatering.com | HTTP 200 | 348ms | SSL: 2026-10-03 (32 days)
UP           | https://timothymwilliamslaw.com | HTTP 200 | 213ms | SSL: 2026-10-24 (54 days)
DOWN         | https://www.garyhuebnerlaw.com/ | ERROR: Get "https://www.garyhuebnerlaw.com/": tls: failed to verify certificate: x509: certificate is valid for broken-ssl.multiscreensite.com, not www.garyhuebnerlaw.com
UP           | https://www.thepoisonivyguy.com/ | HTTP 200 | 235ms | SSL: 2026-10-24 (53 days)
UP           | https://parkpharmacyrx.com | HTTP 200 | 202ms | SSL: 2026-11-16 (77 days)
UP           | https://gillettesignworks.com | HTTP 200 | 279ms | SSL: 2026-10-27 (56 days)
UP           | https://www.richroofing.com/ | HTTP 200 | 180ms | SSL: 2026-10-18 (47 days)
UP           | http://lassiterelectric.com | HTTP 200 | 183ms | SSL: 
UP           | https://www.fatpocketpawn.biz | HTTP 200 | 143ms | SSL: 2026-10-27 (56 days)
UP           | https://lockhartaircare.com | HTTP 200 | 216ms | SSL: 2026-10-08 (38 days)
UP           | https://www.eaglewaterfiltration.com/ | HTTP 200 | 290ms | SSL: 2026-10-22 (52 days)
UP           | https://www.epsteinspaint.com/ | HTTP 200 | 245ms | SSL: 2026-11-26 (86 days)
UP           | https://www.appliancereliancellc.com/ | HTTP 200 | 195ms | SSL: 2026-09-23 (22 days)
UP           | https://www.timworthystransmissionrepairs.com/ | HTTP 200 | 209ms | SSL: 2026-11-04 (65 days)
ERROR        | https://www.cashgoldnj.com | HTTP 404 | 161ms | SSL: 2026-09-21 (20 days)
UP           | https://dlacupuncture.com | HTTP 200 | 204ms | SSL: 2026-10-08 (38 days)
UP           | https://www.rockyhillmeats.com/ | HTTP 200 | 137ms | SSL: 2026-11-04 (65 days)
UP           | https://www.absheatingandairconditioning.com/ | HTTP 200 | 172ms | SSL: 2026-10-18 (48 days)
UNVERIFIABLE | https://tcpestsolutions.com/ | HTTP 200 | 234ms | SSL: 2026-11-25 (85 days)
UP           | https://www.tempbydesign.com/ | HTTP 200 | 255ms | SSL: 2026-10-18 (48 days)
UP           | https://tavosconstructionllc.com/ | HTTP 200 | 303ms | SSL: 2026-09-19 (18 days)
ERROR        | https://www.eastgeorgiatreeservice.com/ | HTTP 403 | 83ms | SSL: 2026-10-20 (49 days)
UP           | https://coastalcabinetsandgranite.com/ | HTTP 200 | 214ms | SSL: 2026-10-08 (38 days)
ERROR        | https://www.r7electricutah.com/ | HTTP 404 | 245ms | SSL: 2026-10-09 (38 days)
UP           | https://preferredremodeling.net/ | HTTP 200 | 325ms | SSL: 2026-11-24 (84 days)
UP           | https://www.jml-electric.com | HTTP 200 | 156ms | SSL: 2026-10-08 (38 days)
UP           | http://resto-pros.net | HTTP 200 | 404ms | SSL: 2026-11-08 (69 days)
UP           | http://scconstruction.info | HTTP 200 | 262ms | SSL: 2026-11-07 (67 days)
UP           | https://www.porteroutdoorservices.com/ | HTTP 200 | 224ms | SSL: 2026-10-18 (47 days)
UP           | http://killswitchauto.com | HTTP 200 | 328ms | SSL: 2026-11-08 (69 days)
UP           | https://coxdecorativeconcrete.com/ | HTTP 200 | 279ms | SSL: 2026-10-22 (52 days)
UP           | http://charlesfulkroaddisposal.com | HTTP 200 | 188ms | SSL: 
UP           | https://wireguyselectric.com/ | HTTP 200 | 210ms | SSL: 2026-10-22 (52 days)
UP           | https://www.dentconceptstx.com/ | HTTP 200 | 253ms | SSL: 2026-10-22 (52 days)
UP           | https://fincorefrigeration.com | HTTP 200 | 138ms | SSL: 2026-11-18 (79 days)
UP           | http://rocketcitymarine.com | HTTP 200 | 383ms | SSL: 
UP           | https://cleantechsystemsnm.com | HTTP 200 | 352ms | SSL: 2026-10-19 (49 days)
UP           | https://www.affordablecustomgolfcarts.com/ | HTTP 200 | 288ms | SSL: 2026-10-07 (37 days)
UP           | https://greenscapeslawns.com/ | HTTP 200 | 305ms | SSL: 2026-10-22 (52 days)
UP           | https://jtstree.com/ | HTTP 200 | 336ms | SSL: 2026-10-25 (54 days)
UP           | https://www.dixiefenceohio.com/ | HTTP 200 | 175ms | SSL: 2026-11-24 (85 days)
UP           | https://allkidsarespecial.net | HTTP 200 | 195ms | SSL: 2026-10-07 (37 days)
UP           | https://sgrcalifornia.com/ | HTTP 200 | 303ms | SSL: 2026-10-26 (55 days)
UP           | https://www.garysroofingandconst.com/ | HTTP 200 | 212ms | SSL: 2026-10-07 (37 days)
UP           | https://www.breezehvac.com/ | HTTP 200 | 152ms | SSL: 2026-09-13 (12 days)
UP           | https://rcpoolworks.com | HTTP 200 | 121ms | SSL: 2026-11-04 (65 days)
UP           | https://Freedomcarpet.net | HTTP 200 | 348ms | SSL: 2026-10-22 (52 days)
UP           | https://rolandoroofing.net | HTTP 200 | 221ms | SSL: 2026-11-03 (63 days)
UP           | http://ormondlandscaping.com/ | HTTP 200 | 390ms | SSL: 2026-11-08 (69 days)
UP           | https://www.alliedroofingco.com/ | HTTP 200 | 229ms | SSL: 2026-09-17 (16 days)
UP           | https://www.waterheatersracinewi.com/ | HTTP 200 | 236ms | SSL: 2026-09-29 (28 days)
UP           | https://www.atlanticdrywallandpaint.com/ | HTTP 200 | 141ms | SSL: 2026-11-22 (83 days)
DOWN         | https://grantsappliancerepairllc.com/ | ERROR: Get "https://grantsappliancerepairllc.com/": dial tcp: lookup grantsappliancerepairllc.com on 127.0.0.53:53: no such host
UP           | http://aaaexcavate.com | HTTP 200 | 101ms | SSL: 
UP           | https://gormanandsonslandscaping.com/ | HTTP 200 | 406ms | SSL: 2026-11-05 (66 days)
UP           | https://texasproroofing.net/ | HTTP 200 | 212ms | SSL: 2026-10-22 (52 days)
UP           | https://www.808towing.com/ | HTTP 200 | 116ms | SSL: 2026-10-13 (43 days)
UP           | https://www.jandbtreeservice.net/ | HTTP 200 | 258ms | SSL: 2026-11-08 (69 days)
UP           | https://sweetmountainair.co | HTTP 200 | 146ms | SSL: 2026-11-05 (66 days)
UP           | https://www.stormprosva.com/ | HTTP 200 | 159ms | SSL: 2026-10-22 (52 days)
UP           | https://www.atlantic217.com/ | HTTP 200 | 228ms | SSL: 2026-09-26 (25 days)
UP           | https://lakehamiltonappraisals.com/ | HTTP 200 | 316ms | SSL: 2026-11-08 (69 days)
UP           | https://kcservicecenterpa.com | HTTP 200 | 386ms | SSL: 2026-11-08 (69 days)
UP           | https://mobsfloorcare.com/ | HTTP 200 | 264ms | SSL: 2026-11-08 (69 days)
UP           | https://wennigercompressor.com/ | HTTP 200 | 292ms | SSL: 2026-10-10 (39 days)
UP           | https://mauicontainersales.com/ | HTTP 200 | 451ms | SSL: 2026-11-08 (69 days)
UP           | https://www.24-hourrefrigeration.com/ | HTTP 200 | 139ms | SSL: 2026-10-22 (52 days)
UP           | https://anteaterspestcontrol.net | HTTP 200 | 284ms | SSL: 2026-10-21 (51 days)
UP           | http://furniturefixxers.com | HTTP 200 | 242ms | SSL: 2026-11-08 (69 days)
UP           | https://www.apexgutters.com/ | HTTP 200 | 252ms | SSL: 2026-10-23 (52 days)
UP           | https://blackdogrr.com/ | HTTP 200 | 221ms | SSL: 2026-10-07 (37 days)
UP           | https://hogiesconstruction.com/ | HTTP 200 | 196ms | SSL: 2026-10-07 (37 days)
UP           | https://www.askyline.com/ | HTTP 200 | 168ms | SSL: 2026-09-21 (21 days)
UP           | https://www.dbarrsvcs.com/ | HTTP 200 | 304ms | SSL: 2026-10-22 (52 days)
UP           | https://powellpestcontrol.net/ | HTTP 200 | 147ms | SSL: 2026-10-18 (47 days)
UP           | https://wireguys.com | HTTP 200 | 314ms | SSL: 2026-11-08 (69 days)
ERROR        | https://economysidingtn.com/ | HTTP 404 | 195ms | SSL: 2026-11-08 (69 days)
UP           | https://rsccontracting.org/ | HTTP 200 | 122ms | SSL: 2026-10-23 (52 days)
UP           | https://www.bhswelding.com/ | HTTP 200 | 155ms | SSL: 2026-11-15 (76 days)
UP           | https://www.yourfamilysalon.com/ | HTTP 200 | 257ms | SSL: 2026-11-23 (83 days)
UP           | https://www.alswelldrilling.com/ | HTTP 200 | 210ms | SSL: 2026-10-18 (48 days)
UP           | http://customoutdoorsolutionsny.com | HTTP 200 | 208ms | SSL: 
UP           | https://raffoulheatingandair.com | HTTP 200 | 241ms | SSL: 2026-10-20 (50 days)
UP           | http://dynamohi.com | HTTP 200 | 303ms | SSL: 2026-10-07 (37 days)
UP           | https://danrandandassoc.com/ | HTTP 200 | 237ms | SSL: 2026-11-26 (87 days)
UP           | https://carbondalewoodshop.com/ | HTTP 200 | 728ms | SSL: 2026-11-18 (78 days)
UP           | https://smithhvacservices.com/index | HTTP 200 | 553ms | SSL: 2026-11-26 (87 days)
UP           | http://www.junk-punks.com/ | HTTP 200 | 4997ms | SSL: 2026-11-05 (65 days)
UP           | https://www.fndcontracting.com | HTTP 200 | 166ms | SSL: 2026-10-31 (60 days)
UP           | http://hopelandscaping.com | HTTP 200 | 424ms | SSL: 2026-10-21 (51 days)
UP           | https://larrysae.com | HTTP 200 | 354ms | SSL: 2026-09-12 (11 days)
UP           | https://www.ezoutcollisioncenter.com/ | HTTP 200 | 228ms | SSL: 2026-10-22 (52 days)
UP           | https://rsccontracting.org/ | HTTP 200 | 34ms | SSL: 2026-10-23 (52 days)
UP           | http://ccelectricbcs.com | HTTP 200 | 410ms | SSL: 2026-10-23 (52 days)
UP           | http://ccelectricbcs.com | HTTP 200 | 444ms | SSL: 2026-10-23 (52 days)
UP           | https://tropicglassenclosuresfl.com/ | HTTP 200 | 296ms | SSL: 2026-11-08 (69 days)
UP           | https://www.fireflycontractor.com/ | HTTP 200 | 206ms | SSL: 2026-11-22 (83 days)
UP           | https://www.tridentconstructiongp.com/ | HTTP 200 | 215ms | SSL: 2026-11-08 (69 days)
UP           | https://roettgerwelding.com/ | HTTP 200 | 151ms | SSL: 2026-10-05 (34 days)
UP           | https://azjanitorialservice.com | HTTP 200 | 365ms | SSL: 2026-11-22 (83 days)
UP           | https://camoconstructionllc.com/ | HTTP 200 | 210ms | SSL: 2026-10-07 (37 days)
UP           | https://totalcomfortcleaners.com | HTTP 200 | 256ms | SSL: 2026-10-23 (52 days)
UP           | https://www.brianemmonsroofing.com/ | HTTP 200 | 265ms | SSL: 2026-09-10 (9 days)
UP           | https://www.customelitedetailcarwash.com/ | HTTP 200 | 311ms | SSL: 2026-10-22 (52 days)
UP           | https://www.noatoutdoorliving.com/ | HTTP 200 | 105ms | SSL: 2026-11-25 (86 days)
UP           | https://southfloridadockandseawall.com | HTTP 200 | 229ms | SSL: 2026-11-28 (89 days)
UP           | https://www.rselectricms.com | HTTP 200 | 262ms | SSL: 2026-10-13 (42 days)
UP           | http://allbrightcleaningkc.com | HTTP 200 | 179ms | SSL: 
UP           | https://paintingbypros.com/ | HTTP 200 | 149ms | SSL: 2026-10-13 (43 days)
UP           | https://www.ancientcitygaragedoors.com | HTTP 200 | 218ms | SSL: 2026-10-21 (51 days)
UP           | https://www.mikeandmikeroofing.com/ | HTTP 200 | 325ms | SSL: 2026-11-04 (64 days)
UP           | https://maxpressfoundationrepair.com/ | HTTP 200 | 382ms | SSL: 2026-11-26 (87 days)
UP           | https://offshorepropertyservices.com | HTTP 200 | 292ms | SSL: 2026-10-23 (52 days)
UP           | http://dynamohi.com | HTTP 200 | 54ms | SSL: 2026-10-07 (37 days)
UP           | https://patdollautomotivewi.com/ | HTTP 200 | 205ms | SSL: 2026-10-15 (45 days)
UP           | http://renewconstructionnm.com | HTTP 200 | 324ms | SSL: 2026-10-17 (47 days)
DOWN         | http://seaboardrestoration.com/ | ERROR: Get "http://seaboardrestoration.com/": dial tcp: lookup seaboardrestoration.com on 127.0.0.53:53: no such host
UP           | https://www.fisherhomeinspectionsllc.com/ | HTTP 200 | 262ms | SSL: 2026-10-20 (50 days)
UP           | https://www.jmplumbersinc.com/ | HTTP 200 | 282ms | SSL: 2026-11-02 (62 days)
UP           | https://finishlineautotire.com/ | HTTP 200 | 239ms | SSL: 2026-10-08 (38 days)
UP           | http://vitosexpress.com | HTTP 200 | 300ms | SSL: 2026-11-08 (69 days)
UP           | https://www.thesignsolution.net/ | HTTP 200 | 210ms | SSL: 2026-10-18 (48 days)
UP           | https://bagremodelers.com/ | HTTP 200 | 152ms | SSL: 2026-10-07 (37 days)
UP           | https://www.problemtree.com | HTTP 200 | 162ms | SSL: 2026-10-23 (52 days)
UP           | https://capri-wash.com | HTTP 200 | 286ms | SSL: 2026-10-28 (58 days)
UP           | https://landscapeofbrainerd.com/ | HTTP 200 | 193ms | SSL: 2026-12-27 (118 days)
UP           | https://totalpackagelandscapeworksllc.com | HTTP 200 | 205ms | SSL: 2026-10-18 (48 days)
UP           | https://acesandblasting.co/ | HTTP 200 | 239ms | SSL: 2026-10-27 (57 days)
UP           | https://5startexasroofing.com/ | HTTP 200 | 299ms | SSL: 2026-11-24 (85 days)
UP           | https://caudletreeservice.com/ | HTTP 200 | 284ms | SSL: 2026-11-18 (79 days)
UP           | https://www.bayoustatemoving.com/ | HTTP 200 | 270ms | SSL: 2026-10-15 (45 days)
UP           | https://www.1classproperties.com/ | HTTP 200 | 231ms | SSL: 2026-10-22 (52 days)
UP           | https://www.1classrealty.com/ | HTTP 200 | 212ms | SSL: 2026-11-23 (84 days)
UP           | https://www.aimhighdetailing.com/ | HTTP 200 | 247ms | SSL: 2026-10-22 (51 days)
UP           | https://www.tampablindsbydesign.com/ | HTTP 200 | 247ms | SSL: 2026-10-21 (51 days)
UP           | http://thelocalplumber.com | HTTP 200 | 371ms | SSL: 2026-09-23 (22 days)
UP           | https://frontieraircon.com/ | HTTP 200 | 383ms | SSL: 2026-10-30 (59 days)
UP           | https://www.saltlakecitycabinetry.com/ | HTTP 200 | 129ms | SSL: 2026-11-25 (86 days)
UP           | https://mantispestma.com | HTTP 200 | 364ms | SSL: 2026-10-08 (38 days)
UP           | https://tyslandscapingiowa.com | HTTP 200 | 167ms | SSL: 2026-11-05 (66 days)
UP           | https://www.herrwelldrillingwi.com/ | HTTP 200 | 285ms | SSL: 2026-11-24 (84 days)
UP           | https://www.problemtree.com/ | HTTP 200 | 44ms | SSL: 2026-10-23 (52 days)
UP           | https://tandkventures.com/ | HTTP 200 | 167ms | SSL: 2026-10-18 (48 days)
UP           | http://muddyriversconcrete.com | HTTP 200 | 156ms | SSL: 
UP           | https://accurateandconfidentialtaxservice.com/ | HTTP 200 | 276ms | SSL: 2026-11-08 (69 days)
UP           | https://mcneelytreeservice.com/ | HTTP 200 | 222ms | SSL: 2027-02-16 (169 days)
UP           | https://www.mvpgardencenter.com/ | HTTP 200 | 177ms | SSL: 2026-10-08 (38 days)
UP           | https://abccarpetcleanerssd.com | HTTP 200 | 149ms | SSL: 2026-11-11 (71 days)
Summary: 227 UP | 7 ERROR | 5 DOWN | 1 UNVERIFIABLE
