=== 2026-06-12 11:48:17 ===
UP           | https://offshorepropertyservices.com | HTTP 200 | 433ms | SSL: 2026-09-09 (88 days)
DOWN         | http://seaboardrestoration.com/ | ERROR: Get "http://seaboardrestoration.com/": dial tcp: lookup seaboardrestoration.com on 127.0.0.53:53: no such host
UP           | https://platinumpaintingandserviceinc.com | HTTP 200 | 384ms | SSL: 2026-07-10 (27 days)
UP           | https://aandbauctionservices.com | HTTP 200 | 424ms | SSL: 2026-07-02 (19 days)
UP           | http://reidheatingandair.com | HTTP 200 | 356ms | SSL: 2026-07-20 (38 days)
UP           | https://pristineccs.com/ | HTTP 200 | 422ms | SSL: 2026-07-20 (38 days)
UP           | https://westcoastdents.com | HTTP 200 | 1215ms | SSL: 2026-09-03 (82 days)
UP           | https://catoiletwhisperer.com | HTTP 200 | 288ms | SSL: 2026-08-08 (56 days)
UP           | https://ivyheatingandair.com | HTTP 200 | 439ms | SSL: 2026-06-26 (13 days)
UP           | https://primaryheatingandcooling.com | HTTP 200 | 279ms | SSL: 2026-07-07 (24 days)
UP           | https://businessnotions.com/ | HTTP 200 | 337ms | SSL: 2026-07-24 (42 days)
UP           | https://www.butzwelding.com | HTTP 200 | 340ms | SSL: 2026-06-30 (17 days)
UP           | https://brimicfoundation.com/ | HTTP 200 | 421ms | SSL: 2026-07-02 (20 days)
UP           | https://endlesssummercharters.com/ | HTTP 200 | 377ms | SSL: 2026-07-26 (43 days)
UP           | https://thekiddiekornerboutique.com | HTTP 200 | 188ms | SSL: 2026-07-29 (46 days)
ERROR        | https://safloralelegance.com | HTTP 403 | 262ms | SSL: 2026-11-26 (167 days)
UP           | http://allbrandsheatingandcooling.com | HTTP 200 | 247ms | SSL: 2026-07-06 (24 days)
UP           | http://plumbersouthfl.com | HTTP 200 | 352ms | SSL: 2026-07-14 (32 days)
UP           | http://wjauction.com | HTTP 200 | 296ms | SSL: 2026-07-14 (32 days)
UP           | https://txpanhandlelogistics.com | HTTP 200 | 858ms | SSL: 2026-07-15 (33 days)
UP           | https://mullinstruckingllc.com/ | HTTP 200 | 428ms | SSL: 2026-08-09 (57 days)
UP           | https://fratiplumbing.net | HTTP 200 | 405ms | SSL: 2026-07-24 (42 days)
UP           | https://loganshouse.com/ | HTTP 200 | 411ms | SSL: 2026-07-22 (40 days)
UP           | http://plantsunlimiteddurham.com | HTTP 200 | 332ms | SSL: 2026-08-03 (51 days)
UP           | http://protechdiesel.biz/ | HTTP 200 | 229ms | SSL: 2026-08-09 (57 days)
UP           | https://cherrycreekshadesanddraperys.com | HTTP 200 | 329ms | SSL: 2026-07-25 (42 days)
UP           | https://centralmotorsale.com | HTTP 200 | 314ms | SSL: 2026-07-29 (46 days)
UP           | https://jsaengineers.com | HTTP 200 | 360ms | SSL: 2026-08-10 (58 days)
UP           | https://boilertechnologies.com | HTTP 200 | 462ms | SSL: 2026-07-05 (23 days)
UP           | https://trucarma.com/ | HTTP 200 | 330ms | SSL: 2026-06-25 (12 days)
UP           | https://wyomingarmoredservice.com | HTTP 200 | 311ms | SSL: 2026-09-03 (82 days)
UP           | https://brvparkpropane.com/ | HTTP 200 | 368ms | SSL: 2026-07-27 (44 days)
UP           | https://primeappraisalsmi.com | HTTP 200 | 376ms | SSL: 2026-06-21 (9 days)
DOWN         | https://newenglandgroupctinc.com | ERROR: Get "https://newenglandgroupctinc.com": net/http: TLS handshake timeout
UP           | https://www.napavalleyfitness.com | HTTP 200 | 192ms | SSL: 2026-07-13 (31 days)
UP           | https://www.prosidingandwindows.net/ | HTTP 200 | 229ms | SSL: 2026-07-24 (41 days)
UP           | https://www.eocatx.com/ | HTTP 200 | 178ms | SSL: 2026-06-28 (15 days)
UP           | https://www.drainrooterplumbingsd.com/ | HTTP 200 | 146ms | SSL: 2026-09-07 (86 days)
UP           | https://glassimpressionslv.com | HTTP 200 | 343ms | SSL: 2026-07-04 (21 days)
UP           | https://shultarchitect.com | HTTP 200 | 374ms | SSL: 2026-08-18 (67 days)
UP           | https://inthemix-adc.com | HTTP 200 | 212ms | SSL: 2026-08-17 (66 days)
UP           | https://www.sexton-repairs.com/ | HTTP 200 | 160ms | SSL: 2026-06-27 (14 days)
ERROR        | https://fraserplumbingarkansas.com/ | HTTP 404 | 211ms | SSL: 2026-07-04 (22 days)
UP           | https://foothillsmachininginc.com | HTTP 200 | 348ms | SSL: 2026-07-20 (37 days)
UP           | https://rangerenovation.com | HTTP 200 | 393ms | SSL: 2026-07-29 (47 days)
UP           | https://modelcoelectric.com/ | HTTP 200 | 227ms | SSL: 2026-08-07 (55 days)
UP           | https://conveyor-tek.com | HTTP 200 | 476ms | SSL: 2026-07-31 (48 days)
UP           | http://longspest.com | HTTP 200 | 414ms | SSL: 2026-08-20 (68 days)
UP           | https://spindledynamicsaxlerepair.com | HTTP 200 | 306ms | SSL: 2026-08-07 (55 days)
UP           | https://mevoutdoor.com/ | HTTP 200 | 450ms | SSL: 2026-06-23 (10 days)
UP           | https://greenbushpros.com/ | HTTP 200 | 446ms | SSL: 2026-07-02 (19 days)
UP           | https://harveysarlesinsurance.com/ | HTTP 200 | 1263ms | SSL: 2026-09-10 (89 days)
UP           | http://affordablerooter.com/ | HTTP 200 | 387ms | SSL: 2026-08-10 (58 days)
UP           | https://thomasmccannlaw.com | HTTP 200 | 268ms | SSL: 2026-07-24 (41 days)
UP           | https://southshoretruckrepair.com | HTTP 200 | 328ms | SSL: 2026-08-30 (79 days)
UP           | https://pacificgaragerepair.com | HTTP 200 | 483ms | SSL: 2026-06-21 (8 days)
UP           | https://www.thespringking.net/ | HTTP 200 | 181ms | SSL: 2026-06-29 (17 days)
UP           | https://www.hansmotosports.com/ | HTTP 200 | 154ms | SSL: 2026-09-10 (89 days)
UP           | https://www.advancedalarmlock.com | HTTP 200 | 140ms | SSL: 2026-07-31 (48 days)
UP           | https://www.amishstonefirepits.com/ | HTTP 200 | 199ms | SSL: 2026-07-26 (43 days)
UP           | https://www.noatoutdoorliving.com/ | HTTP 200 | 92ms | SSL: 2026-07-16 (34 days)
UP           | https://campbellhuitt.com | HTTP 200 | 379ms | SSL: 2026-06-29 (17 days)
UP           | https://www.bulldogmovingclt.com/ | HTTP 200 | 147ms | SSL: 2026-08-13 (62 days)
UP           | https://terseptic.com | HTTP 200 | 796ms | SSL: 2026-08-22 (70 days)
UP           | https://www.nmwcattorneys.com/ | HTTP 200 | 165ms | SSL: 2026-07-04 (21 days)
UP           | https://www.jandpbikeshop.com/ | HTTP 200 | 240ms | SSL: 2026-09-05 (84 days)
UP           | https://angelabrowderhomecare.com/ | HTTP 200 | 443ms | SSL: 2026-09-05 (85 days)
UP           | https://www.5pointslandscaping.com/ | HTTP 200 | 254ms | SSL: 2026-09-05 (84 days)
UP           | https://carpettechcleaning.com | HTTP 200 | 421ms | SSL: 2026-07-31 (48 days)
UP           | https://www.mtccpressurewashing.com/ | HTTP 200 | 216ms | SSL: 2026-07-01 (19 days)
UP           | https://ochoaelectricsandiego.com | HTTP 200 | 383ms | SSL: 2026-08-10 (58 days)
UP           | https://vanityfairbaths.com | HTTP 200 | 381ms | SSL: 2026-07-10 (28 days)
UP           | https://www.asapcontainers.com/ | HTTP 200 | 207ms | SSL: 2026-07-10 (27 days)
DOWN         | https://www.boyleheatingandcooling.net/ | ERROR: Get "https://www.boyleheatingandcooling.net/": remote error: tls: internal error
UP           | https://www.zulaufconstruction.com | HTTP 200 | 255ms | SSL: 2026-07-06 (24 days)
UP           | https://www.carpetcleaningomaha.com | HTTP 200 | 213ms | SSL: 2026-07-20 (37 days)
UP           | https://cakeschocolatesandmore.com/ | HTTP 200 | 452ms | SSL: 2026-07-26 (43 days)
UP           | https://www.victorytireauto.com | HTTP 200 | 209ms | SSL: 2026-07-29 (46 days)
UP           | https://windsorlimo.com | HTTP 200 | 386ms | SSL: 2026-08-02 (51 days)
UP           | https://www.howieglass.com/ | HTTP 200 | 144ms | SSL: 2026-09-05 (84 days)
UP           | https://www.xlsavebig.com | HTTP 200 | 478ms | SSL: 2026-07-05 (22 days)
UP           | https://www.oxicleaners.com | HTTP 200 | 199ms | SSL: 2026-07-30 (47 days)
UP           | https://petstylessalonandspa.com | HTTP 200 | 389ms | SSL: 2026-07-18 (35 days)
UP           | https://www.riverbluffcanecorsos.com | HTTP 200 | 195ms | SSL: 2026-07-26 (43 days)
UP           | https://stoversflooringanddraperycenter.com/ | HTTP 200 | 330ms | SSL: 2026-07-20 (37 days)
UP           | http://www.aseyourlight.com | HTTP 200 | 306ms | SSL: 2026-07-26 (43 days)
UP           | https://www.missouriglassinc.com/ | HTTP 200 | 181ms | SSL: 2026-06-27 (15 days)
UP           | https://www.coddingtonlock.com/ | HTTP 200 | 212ms | SSL: 2026-06-20 (8 days)
ERROR        | https://www.andyperuginos.com/ | HTTP 404 | 190ms | SSL: 2026-06-30 (18 days)
UP           | https://tntcarpetcleaners.com | HTTP 200 | 425ms | SSL: 2026-07-07 (24 days)
UP           | https://www.opsct.com | HTTP 200 | 159ms | SSL: 2026-06-29 (17 days)
UP           | https://securitycompanyms.com | HTTP 200 | 381ms | SSL: 2026-07-18 (36 days)
UP           | https://abbottscatering.com | HTTP 200 | 588ms | SSL: 2026-07-12 (29 days)
UP           | https://timothymwilliamslaw.com | HTTP 200 | 170ms | SSL: 2026-08-26 (75 days)
DOWN         | https://www.garyhuebnerlaw.com/ | ERROR: Get "https://www.garyhuebnerlaw.com/": tls: failed to verify certificate: x509: certificate is valid for broken-ssl.multiscreensite.com, not www.garyhuebnerlaw.com
UP           | https://www.thepoisonivyguy.com/ | HTTP 200 | 204ms | SSL: 2026-08-02 (51 days)
UP           | https://parkpharmacyrx.com | HTTP 200 | 404ms | SSL: 2026-07-25 (42 days)
UP           | https://gillettesignworks.com | HTTP 200 | 368ms | SSL: 2026-08-05 (53 days)
UP           | https://www.richroofing.com/ | HTTP 200 | 235ms | SSL: 2026-07-27 (45 days)
UP           | http://lassiterelectric.com | HTTP 200 | 435ms | SSL: 2026-08-02 (51 days)
UP           | https://www.fatpocketpawn.biz | HTTP 200 | 158ms | SSL: 2026-08-05 (54 days)
UP           | https://lockhartaircare.com | HTTP 200 | 394ms | SSL: 2026-06-20 (7 days)
UP           | https://www.eaglewaterfiltration.com/ | HTTP 200 | 141ms | SSL: 2026-06-20 (7 days)
UP           | https://www.epsteinspaint.com/ | HTTP 200 | 182ms | SSL: 2026-09-04 (84 days)
UP           | https://www.appliancereliancellc.com/ | HTTP 200 | 288ms | SSL: 2026-07-02 (20 days)
UP           | https://www.timworthystransmissionrepairs.com/ | HTTP 200 | 237ms | SSL: 2026-06-27 (15 days)
UP           | https://www.cashgoldnj.com | HTTP 200 | 222ms | SSL: 2026-06-30 (17 days)
UP           | https://dlacupuncture.com | HTTP 200 | 323ms | SSL: 2026-07-10 (28 days)
UP           | https://www.rockyhillmeats.com/ | HTTP 200 | 203ms | SSL: 2026-07-14 (31 days)
UP           | https://www.absheatingandairconditioning.com/ | HTTP 200 | 220ms | SSL: 2026-08-06 (55 days)
UP           | https://tcpestsolutions.com/ | HTTP 200 | 457ms | SSL: 2026-09-03 (83 days)
UP           | https://www.tempbydesign.com/ | HTTP 200 | 219ms | SSL: 2026-06-30 (18 days)
UP           | https://tavosconstructionllc.com/ | HTTP 200 | 323ms | SSL: 2026-06-28 (15 days)
DOWN         | https://www.eastgeorgiatreeservice.com/ | ERROR: Head "https://www.eastgeorgiatreeservice.com/": EOF
UP           | https://coastalcabinetsandgranite.com/ | HTTP 200 | 1411ms | SSL: 2026-07-20 (38 days)
ERROR        | https://www.r7electricutah.com/ | HTTP 404 | 173ms | SSL: 2026-07-18 (35 days)
UP           | https://preferredremodeling.net/ | HTTP 200 | 286ms | SSL: 2026-07-07 (24 days)
UP           | https://www.jml-electric.com | HTTP 200 | 232ms | SSL: 2026-07-11 (29 days)
UP           | http://resto-pros.net | HTTP 200 | 309ms | SSL: 2026-07-07 (25 days)
UP           | http://scconstruction.info | HTTP 200 | 162ms | SSL: 2026-08-30 (79 days)
UP           | https://www.porteroutdoorservices.com/ | HTTP 200 | 207ms | SSL: 2026-07-27 (44 days)
UP           | http://killswitchauto.com | HTTP 200 | 379ms | SSL: 2026-07-04 (22 days)
UP           | https://coxdecorativeconcrete.com/ | HTTP 200 | 333ms | SSL: 2026-08-09 (57 days)
UP           | http://charlesfulkroaddisposal.com | HTTP 200 | 374ms | SSL: 2026-07-15 (32 days)
UP           | https://wireguyselectric.com/ | HTTP 200 | 424ms | SSL: 2026-07-17 (35 days)
UP           | https://www.dentconceptstx.com/ | HTTP 200 | 166ms | SSL: 2026-07-20 (37 days)
UP           | https://fincorefrigeration.com | HTTP 200 | 369ms | SSL: 2026-08-07 (55 days)
UP           | http://rocketcitymarine.com | HTTP 200 | 337ms | SSL: 2026-07-20 (37 days)
UP           | https://cleantechsystemsnm.com | HTTP 200 | 430ms | SSL: 2026-07-20 (37 days)
UP           | https://www.affordablecustomgolfcarts.com/ | HTTP 200 | 212ms | SSL: 2026-09-08 (87 days)
UP           | https://greenscapeslawns.com/ | HTTP 200 | 422ms | SSL: 2026-07-27 (45 days)
UP           | https://jtstree.com/ | HTTP 200 | 347ms | SSL: 2026-08-03 (52 days)
UP           | https://www.dixiefenceohio.com/ | HTTP 200 | 238ms | SSL: 2026-08-09 (57 days)
UP           | https://allkidsarespecial.net | HTTP 200 | 387ms | SSL: 2026-08-17 (66 days)
UP           | https://sgrcalifornia.com/ | HTTP 200 | 344ms | SSL: 2026-08-04 (53 days)
UP           | https://www.garysroofingandconst.com/ | HTTP 200 | 208ms | SSL: 2026-07-28 (45 days)
UP           | https://www.breezehvac.com/ | HTTP 200 | 196ms | SSL: 2026-06-22 (10 days)
UP           | https://rcpoolworks.com | HTTP 200 | 337ms | SSL: 2026-08-08 (56 days)
UP           | https://Freedomcarpet.net | HTTP 200 | 445ms | SSL: 2026-09-08 (87 days)
UP           | https://rolandoroofing.net | HTTP 200 | 266ms | SSL: 2026-06-30 (17 days)
UP           | http://ormondlandscaping.com/ | HTTP 200 | 381ms | SSL: 2026-08-02 (50 days)
UP           | https://www.alliedroofingco.com/ | HTTP 200 | 240ms | SSL: 2026-06-26 (14 days)
UP           | https://www.waterheatersracinewi.com/ | HTTP 200 | 154ms | SSL: 2026-07-08 (26 days)
UP           | https://www.atlanticdrywallandpaint.com/ | HTTP 200 | 244ms | SSL: 2026-06-23 (10 days)
UP           | https://grantsappliancerepairllc.com/ | HTTP 200 | 427ms | SSL: 2026-06-23 (10 days)
UP           | http://aaaexcavate.com | HTTP 200 | 308ms | SSL: 2026-07-01 (18 days)
UP           | https://gormanandsonslandscaping.com/ | HTTP 200 | 306ms | SSL: 2026-07-21 (39 days)
UP           | https://texasproroofing.net/ | HTTP 200 | 358ms | SSL: 2026-06-30 (17 days)
UP           | https://www.808towing.com/ | HTTP 200 | 226ms | SSL: 2026-08-05 (54 days)
UP           | https://www.jandbtreeservice.net/ | HTTP 200 | 217ms | SSL: 2026-07-21 (38 days)
UP           | https://sweetmountainair.co | HTTP 200 | 292ms | SSL: 2026-07-26 (44 days)
UP           | https://www.stormprosva.com/ | HTTP 200 | 229ms | SSL: 2026-07-21 (38 days)
UP           | https://www.atlantic217.com/ | HTTP 200 | 229ms | SSL: 2026-07-05 (23 days)
UP           | https://lakehamiltonappraisals.com/ | HTTP 200 | 366ms | SSL: 2026-08-04 (52 days)
UP           | https://kcservicecenterpa.com | HTTP 200 | 297ms | SSL: 2026-07-19 (37 days)
UP           | https://mobsfloorcare.com/ | HTTP 200 | 399ms | SSL: 2026-06-27 (15 days)
UP           | https://wennigercompressor.com/ | HTTP 200 | 414ms | SSL: 2026-07-19 (36 days)
UP           | https://mauicontainersales.com/ | HTTP 200 | 383ms | SSL: 2026-08-24 (73 days)
UP           | https://www.24-hourrefrigeration.com/ | HTTP 200 | 239ms | SSL: 2026-07-31 (49 days)
UP           | https://anteaterspestcontrol.net | HTTP 200 | 454ms | SSL: 2026-07-16 (33 days)
UP           | http://furniturefixxers.com | HTTP 200 | 292ms | SSL: 2026-07-24 (41 days)
UP           | https://www.apexgutters.com/ | HTTP 200 | 255ms | SSL: 2026-09-07 (87 days)
UP           | https://blackdogrr.com/ | HTTP 200 | 411ms | SSL: 2026-08-09 (57 days)
UP           | https://hogiesconstruction.com/ | HTTP 200 | 399ms | SSL: 2026-08-18 (67 days)
UP           | https://www.askyline.com/ | HTTP 200 | 243ms | SSL: 2026-06-24 (12 days)
UP           | https://www.dbarrsvcs.com/ | HTTP 200 | 230ms | SSL: 2026-08-16 (65 days)
UP           | https://powellpestcontrol.net/ | HTTP 200 | 331ms | SSL: 2026-08-17 (66 days)
UP           | https://wireguys.com | HTTP 200 | 307ms | SSL: 2026-06-22 (9 days)
UP           | https://economysidingtn.com/ | HTTP 200 | 354ms | SSL: 2026-08-17 (66 days)
UP           | https://rsccontracting.org/ | HTTP 200 | 200ms | SSL: 2026-06-30 (18 days)
UP           | https://www.bhswelding.com/ | HTTP 200 | 169ms | SSL: 2026-09-04 (84 days)
UP           | https://www.yourfamilysalon.com/ | HTTP 200 | 219ms | SSL: 2026-07-02 (20 days)
UP           | https://www.alswelldrilling.com/ | HTTP 200 | 118ms | SSL: 2026-09-03 (83 days)
UP           | http://customoutdoorsolutionsny.com | HTTP 200 | 427ms | SSL: 2026-07-05 (23 days)
UP           | https://raffoulheatingandair.com | HTTP 200 | 429ms | SSL: 2026-07-05 (23 days)
UP           | http://dynamohi.com | HTTP 200 | 162ms | SSL: 2026-08-02 (51 days)
UP           | https://danrandandassoc.com/ | HTTP 200 | 204ms | SSL: 2026-06-30 (18 days)
UP           | https://carbondalewoodshop.com/ | HTTP 200 | 411ms | SSL: 2026-07-17 (34 days)
UP           | https://smithhvacservices.com/index | HTTP 200 | 396ms | SSL: 2026-09-05 (85 days)
UP           | http://www.junk-punks.com/ | HTTP 200 | 835ms | SSL: 2026-07-22 (40 days)
UP           | https://www.fndcontracting.com | HTTP 200 | 223ms | SSL: 2026-06-28 (15 days)
UP           | http://hopelandscaping.com | HTTP 200 | 632ms | SSL: 2026-09-09 (89 days)
UP           | https://larrysae.com | HTTP 200 | 454ms | SSL: 2026-06-21 (9 days)
UP           | https://www.ezoutcollisioncenter.com/ | HTTP 200 | 226ms | SSL: 2026-07-31 (49 days)
UP           | https://rsccontracting.org/ | HTTP 200 | 506ms | SSL: 2026-06-30 (18 days)
UP           | http://ccelectricbcs.com | HTTP 200 | 363ms | SSL: 2026-08-02 (50 days)
UP           | http://ccelectricbcs.com | HTTP 200 | 334ms | SSL: 2026-08-02 (50 days)
UP           | https://tropicglassenclosuresfl.com/ | HTTP 200 | 353ms | SSL: 2026-06-26 (14 days)
UP           | https://www.fireflycontractor.com/ | HTTP 200 | 181ms | SSL: 2026-07-01 (19 days)
UP           | https://www.tridentconstructiongp.com/ | HTTP 200 | 252ms | SSL: 2026-06-20 (8 days)
UP           | https://roettgerwelding.com/ | HTTP 200 | 314ms | SSL: 2026-07-02 (20 days)
UP           | https://azjanitorialservice.com | HTTP 200 | 466ms | SSL: 2026-08-31 (80 days)
UP           | https://camoconstructionllc.com/ | HTTP 200 | 460ms | SSL: 2026-07-21 (39 days)
UP           | https://totalcomfortcleaners.com | HTTP 200 | 403ms | SSL: 2026-07-22 (40 days)
UP           | https://www.brianemmonsroofing.com/ | HTTP 200 | 369ms | SSL: 2026-09-10 (89 days)
UP           | https://www.customelitedetailcarwash.com/ | HTTP 200 | 153ms | SSL: 2026-07-12 (30 days)
UP           | https://www.noatoutdoorliving.com/ | HTTP 200 | 203ms | SSL: 2026-07-16 (34 days)
UP           | https://southfloridadockandseawall.com | HTTP 200 | 444ms | SSL: 2026-09-05 (85 days)
UP           | https://www.rselectricms.com | HTTP 200 | 153ms | SSL: 2026-07-22 (40 days)
UP           | http://allbrightcleaningkc.com | HTTP 200 | 225ms | SSL: 2026-09-01 (81 days)
UP           | https://paintingbypros.com/ | HTTP 200 | 307ms | SSL: 2026-07-22 (40 days)
UP           | https://www.ancientcitygaragedoors.com | HTTP 200 | 140ms | SSL: 2026-07-30 (48 days)
UP           | https://www.mikeandmikeroofing.com/ | HTTP 200 | 506ms | SSL: 2026-08-27 (76 days)
UP           | https://maxpressfoundationrepair.com/ | HTTP 200 | 351ms | SSL: 2026-09-04 (84 days)
UP           | https://offshorepropertyservices.com | HTTP 200 | 51ms | SSL: 2026-09-09 (88 days)
UP           | http://dynamohi.com | HTTP 200 | 289ms | SSL: 2026-08-02 (51 days)
UP           | https://patdollautomotivewi.com/ | HTTP 200 | 391ms | SSL: 2026-08-22 (71 days)
UP           | http://renewconstructionnm.com | HTTP 200 | 301ms | SSL: 2026-08-18 (67 days)
DOWN         | http://seaboardrestoration.com/ | ERROR: Get "http://seaboardrestoration.com/": dial tcp: lookup seaboardrestoration.com on 127.0.0.53:53: no such host
UP           | https://www.fisherhomeinspectionsllc.com/ | HTTP 200 | 196ms | SSL: 2026-09-04 (84 days)
UP           | https://www.jmplumbersinc.com/ | HTTP 200 | 229ms | SSL: 2026-07-08 (26 days)
UP           | https://finishlineautotire.com/ | HTTP 200 | 425ms | SSL: 2026-08-07 (56 days)
UP           | http://vitosexpress.com | HTTP 200 | 393ms | SSL: 2026-09-04 (84 days)
UP           | https://www.thesignsolution.net/ | HTTP 200 | 235ms | SSL: 2026-06-21 (9 days)
UP           | https://bagremodelers.com/ | HTTP 200 | 359ms | SSL: 2026-09-05 (85 days)
UP           | https://www.problemtree.com | HTTP 200 | 131ms | SSL: 2026-09-04 (84 days)
UP           | https://capri-wash.com | HTTP 200 | 425ms | SSL: 2026-09-05 (85 days)
UP           | https://landscapeofbrainerd.com/ | HTTP 200 | 347ms | SSL: 2026-07-18 (36 days)
UP           | https://totalpackagelandscapeworksllc.com | HTTP 200 | 301ms | SSL: 2026-07-05 (23 days)
UP           | https://acesandblasting.co/ | HTTP 200 | 291ms | SSL: 2026-06-22 (10 days)
UP           | https://5startexasroofing.com/ | HTTP 200 | 503ms | SSL: 2026-07-15 (33 days)
UP           | https://caudletreeservice.com/ | HTTP 200 | 351ms | SSL: 2026-07-06 (23 days)
UP           | https://www.bayoustatemoving.com/ | HTTP 200 | 217ms | SSL: 2026-07-12 (30 days)
UP           | https://www.1classproperties.com/ | HTTP 200 | 168ms | SSL: 2026-07-15 (33 days)
UP           | https://www.1classrealty.com/ | HTTP 200 | 172ms | SSL: 2026-07-15 (33 days)
UP           | https://www.aimhighdetailing.com/ | HTTP 200 | 258ms | SSL: 2026-08-20 (69 days)
UP           | https://www.tampablindsbydesign.com/ | HTTP 200 | 168ms | SSL: 2026-07-26 (44 days)
UP           | http://thelocalplumber.com | HTTP 200 | 442ms | SSL: 2026-07-02 (20 days)
UP           | https://frontieraircon.com/ | HTTP 200 | 418ms | SSL: 2026-08-08 (57 days)
UP           | https://www.saltlakecitycabinetry.com/ | HTTP 200 | 176ms | SSL: 2026-08-10 (59 days)
UP           | https://mantispestma.com | HTTP 200 | 665ms | SSL: 2026-07-17 (35 days)
UP           | https://tyslandscapingiowa.com | HTTP 200 | 489ms | SSL: 2026-07-16 (34 days)
UP           | https://www.herrwelldrillingwi.com/ | HTTP 200 | 225ms | SSL: 2026-08-30 (79 days)
UP           | https://www.problemtree.com/ | HTTP 200 | 36ms | SSL: 2026-09-04 (84 days)
UP           | https://tandkventures.com/ | HTTP 200 | 1448ms | SSL: 2026-06-24 (12 days)
UP           | http://muddyriversconcrete.com | HTTP 200 | 345ms | SSL: 2026-08-31 (80 days)
DOWN         | https://accurateandconfidentialtaxservice.com/ | ERROR: Get "https://accurateandconfidentialtaxservice.com/": net/http: TLS handshake timeout
DOWN         | https://mcneelytreeservice.com/ | ERROR: Get "https://mcneelytreeservice.com/": tls: failed to verify certificate: x509: certificate is not valid for any names, but wanted to match mcneelytreeservice.com
UP           | https://www.mvpgardencenter.com/ | HTTP 200 | 229ms | SSL: 2026-09-05 (85 days)
DOWN         | https://abccarpetcleanerssd.com | ERROR: Get "https://abccarpetcleanerssd.com": dial tcp: lookup abccarpetcleanerssd.com on 127.0.0.53:53: server misbehaving
Summary: 227 UP | 4 ERROR | 9 DOWN | 0 UNVERIFIABLE
