=== 2026-09-16 13:19:58 ===
UP           | https://offshorepropertyservices.com | HTTP 200 | 301ms | SSL: 2026-10-23 (36 days)
DOWN         | http://seaboardrestoration.com/ | ERROR: Get "http://seaboardrestoration.com/": dial tcp: lookup seaboardrestoration.com on 127.0.0.53:53: no such host
UP           | https://platinumpaintingandserviceinc.com | HTTP 200 | 143ms | SSL: 2026-12-03 (78 days)
UP           | https://aandbauctionservices.com | HTTP 200 | 893ms | SSL: 2026-12-05 (80 days)
UP           | http://reidheatingandair.com | HTTP 200 | 128ms | SSL: 
UP           | https://pristineccs.com/ | HTTP 200 | 239ms | SSL: 2026-11-08 (53 days)
UP           | https://westcoastdents.com | HTTP 200 | 1351ms | SSL: 2026-11-01 (45 days)
DOWN         | https://catoiletwhisperer.com | ERROR: Head "https://catoiletwhisperer.com": read tcp 10.1.0.155:49524->100.24.208.97:443: read: connection reset by peer
UP           | https://ivyheatingandair.com | HTTP 200 | 255ms | SSL: 2026-11-24 (68 days)
UP           | https://primaryheatingandcooling.com | HTTP 200 | 138ms | SSL: 2026-12-02 (77 days)
DOWN         | https://businessnotions.com/ | ERROR: Head "https://businessnotions.com/": read tcp 10.1.0.155:38220->35.172.94.1:443: read: connection reset by peer
UP           | https://www.butzwelding.com | HTTP 200 | 123ms | SSL: 2026-11-17 (62 days)
UP           | https://brimicfoundation.com/ | HTTP 200 | 385ms | SSL: 2026-10-21 (35 days)
UP           | https://endlesssummercharters.com/ | HTTP 200 | 312ms | SSL: 2026-10-18 (32 days)
UP           | https://thekiddiekornerboutique.com | HTTP 200 | 271ms | SSL: 2026-11-08 (53 days)
UP           | https://safloralelegance.com | HTTP 200 | 587ms | SSL: 2026-11-15 (60 days)
UP           | http://allbrandsheatingandcooling.com | HTTP 200 | 130ms | SSL: 
UP           | http://plumbersouthfl.com | HTTP 200 | 342ms | SSL: 2026-11-24 (69 days)
UP           | http://wjauction.com | HTTP 200 | 248ms | SSL: 2026-11-08 (53 days)
DOWN         | https://txpanhandlelogistics.com | ERROR: Head "https://txpanhandlelogistics.com": read tcp 10.1.0.155:40552->35.172.94.1:443: read: connection reset by peer
UP           | https://mullinstruckingllc.com/ | HTTP 200 | 300ms | SSL: 2026-10-22 (36 days)
UP           | https://fratiplumbing.net | HTTP 200 | 185ms | SSL: 2026-12-06 (81 days)
DOWN         | https://loganshouse.com/ | ERROR: Head "https://loganshouse.com/": read tcp 10.1.0.155:40564->35.172.94.1:443: read: connection reset by peer
UP           | http://plantsunlimiteddurham.com | HTTP 200 | 241ms | SSL: 2026-10-18 (32 days)
UP           | http://protechdiesel.biz/ | HTTP 200 | 278ms | SSL: 2026-11-15 (60 days)
UP           | https://cherrycreekshadesanddraperys.com | HTTP 200 | 206ms | SSL: 2026-10-22 (36 days)
DOWN         | https://centralmotorsale.com | ERROR: Head "https://centralmotorsale.com": read tcp 10.1.0.155:40566->35.172.94.1:443: read: connection reset by peer
UP           | https://jsaengineers.com | HTTP 200 | 240ms | SSL: 2026-11-23 (68 days)
UP           | https://boilertechnologies.com | HTTP 200 | 229ms | SSL: 2026-11-16 (61 days)
UP           | https://trucarma.com/ | HTTP 200 | 123ms | SSL: 2026-12-08 (83 days)
UP           | https://wyomingarmoredservice.com | HTTP 200 | 201ms | SSL: 2026-11-25 (70 days)
DOWN         | https://brvparkpropane.com/ | ERROR: Head "https://brvparkpropane.com/": read tcp 10.1.0.155:40570->35.172.94.1:443: read: connection reset by peer
UP           | https://primeappraisalsmi.com | HTTP 200 | 189ms | SSL: 2026-11-19 (64 days)
UP           | https://newenglandgroupctinc.com | HTTP 200 | 551ms | SSL: 
UP           | https://www.napavalleyfitness.com | HTTP 200 | 99ms | SSL: 2026-11-08 (53 days)
UP           | https://www.prosidingandwindows.net/ | HTTP 200 | 418ms | SSL: 2026-10-28 (42 days)
DOWN         | https://www.eocatx.com/ | ERROR: Head "https://www.eocatx.com/": EOF
UP           | https://www.drainrooterplumbingsd.com/ | HTTP 200 | 122ms | SSL: 2026-12-06 (81 days)
UP           | https://glassimpressionslv.com | HTTP 200 | 136ms | SSL: 2026-11-25 (70 days)
UP           | https://shultarchitect.com | HTTP 200 | 103ms | SSL: 2026-12-06 (81 days)
UP           | https://inthemix-adc.com | HTTP 200 | 409ms | SSL: 2026-11-08 (53 days)
UP           | https://www.sexton-repairs.com/ | HTTP 200 | 265ms | SSL: 2026-12-13 (88 days)
DOWN         | https://fraserplumbingarkansas.com/ | ERROR: Head "https://fraserplumbingarkansas.com/": read tcp 10.1.0.155:34280->100.24.208.97:443: read: connection reset by peer
UP           | https://foothillsmachininginc.com | HTTP 200 | 165ms | SSL: 2026-11-19 (64 days)
UP           | https://rangerenovation.com | HTTP 200 | 232ms | SSL: 2026-11-08 (53 days)
UP           | https://modelcoelectric.com/ | HTTP 200 | 239ms | SSL: 2026-10-18 (32 days)
DOWN         | https://conveyor-tek.com | ERROR: Head "https://conveyor-tek.com": read tcp 10.1.0.155:34296->100.24.208.97:443: read: connection reset by peer
UP           | http://longspest.com | HTTP 200 | 386ms | SSL: 2026-11-08 (53 days)
UP           | https://spindledynamicsaxlerepair.com | HTTP 200 | 186ms | SSL: 2026-10-18 (32 days)
UP           | https://mevoutdoor.com/ | HTTP 200 | 224ms | SSL: 2026-11-24 (68 days)
DOWN         | https://greenbushpros.com/ | ERROR: Head "https://greenbushpros.com/": read tcp 10.1.0.155:36418->199.180.140.12:443: read: connection reset by peer
DOWN         | https://harveysarlesinsurance.com/ | ERROR: Head "https://harveysarlesinsurance.com/": read tcp 10.1.0.155:34308->100.24.208.97:443: read: connection reset by peer
UP           | http://affordablerooter.com/ | HTTP 200 | 492ms | SSL: 2026-11-22 (67 days)
UP           | https://thomasmccannlaw.com | HTTP 200 | 126ms | SSL: 2026-12-08 (83 days)
UP           | https://southshoretruckrepair.com | HTTP 200 | 246ms | SSL: 2026-12-11 (86 days)
UP           | https://pacificgaragerepair.com | HTTP 200 | 294ms | SSL: 2026-11-24 (68 days)
UP           | https://www.thespringking.net/ | HTTP 200 | 234ms | SSL: 2026-11-24 (69 days)
UP           | https://www.hansmotosports.com/ | HTTP 200 | 214ms | SSL: 2026-10-22 (36 days)
UP           | https://www.advancedalarmlock.com | HTTP 200 | 138ms | SSL: 2026-11-15 (60 days)
UP           | https://www.amishstonefirepits.com/ | HTTP 200 | 139ms | SSL: 2026-12-08 (83 days)
UP           | https://www.noatoutdoorliving.com/ | HTTP 200 | 69ms | SSL: 2026-11-25 (70 days)
UP           | https://campbellhuitt.com | HTTP 200 | 280ms | SSL: 2026-12-10 (85 days)
UP           | https://www.bulldogmovingclt.com/ | HTTP 200 | 360ms | SSL: 2026-10-21 (35 days)
UP           | https://terseptic.com | HTTP 200 | 324ms | SSL: 2026-10-27 (41 days)
UP           | https://www.nmwcattorneys.com/ | HTTP 200 | 184ms | SSL: 2026-11-24 (68 days)
DOWN         | https://www.jandpbikeshop.com/ | ERROR: Head "https://www.jandpbikeshop.com/": EOF
DOWN         | https://angelabrowderhomecare.com/ | ERROR: Head "https://angelabrowderhomecare.com/": read tcp 10.1.0.155:49060->35.172.94.1:443: read: connection reset by peer
UP           | https://www.5pointslandscaping.com/ | HTTP 200 | 239ms | SSL: 2026-10-23 (36 days)
UP           | https://carpettechcleaning.com | HTTP 200 | 551ms | SSL: 2026-10-20 (34 days)
UP           | https://www.mtccpressurewashing.com/ | HTTP 200 | 254ms | SSL: 2026-11-24 (68 days)
UP           | https://ochoaelectricsandiego.com | HTTP 200 | 134ms | SSL: 2026-11-08 (53 days)
UP           | https://vanityfairbaths.com | HTTP 200 | 224ms | SSL: 2026-11-08 (53 days)
UP           | https://www.asapcontainers.com/ | HTTP 200 | 221ms | SSL: 2026-11-08 (53 days)
UNVERIFIABLE | https://www.boyleheatingandcooling.net/ | HTTP 405 | 121ms | SSL: 2027-03-16 (180 days)
DOWN         | https://www.zulaufconstruction.com | ERROR: Head "https://www.zulaufconstruction.com": EOF
UP           | https://www.carpetcleaningomaha.com | HTTP 200 | 163ms | SSL: 2026-12-03 (78 days)
UP           | https://cakeschocolatesandmore.com/ | HTTP 200 | 338ms | SSL: 2026-10-21 (35 days)
UP           | https://www.victorytireauto.com | HTTP 200 | 133ms | SSL: 2026-11-09 (54 days)
UP           | https://windsorlimo.com | HTTP 200 | 221ms | SSL: 2026-11-08 (53 days)
UP           | https://www.howieglass.com/ | HTTP 200 | 164ms | SSL: 2026-11-26 (71 days)
DOWN         | https://www.xlsavebig.com | ERROR: Head "https://www.xlsavebig.com": EOF
UP           | https://www.oxicleaners.com | HTTP 200 | 179ms | SSL: 2026-12-06 (81 days)
UP           | https://petstylessalonandspa.com | HTTP 200 | 284ms | SSL: 2026-11-08 (53 days)
UP           | https://www.riverbluffcanecorsos.com | HTTP 200 | 133ms | SSL: 2026-11-24 (68 days)
UP           | https://stoversflooringanddraperycenter.com/ | HTTP 200 | 225ms | SSL: 2026-11-08 (53 days)
UP           | http://www.aseyourlight.com | HTTP 200 | 100ms | SSL: 
UP           | https://www.missouriglassinc.com/ | HTTP 200 | 140ms | SSL: 2026-12-06 (81 days)
UP           | https://www.coddingtonlock.com/ | HTTP 200 | 865ms | SSL: 2026-10-28 (42 days)
DOWN         | https://www.andyperuginos.com/ | ERROR: Head "https://www.andyperuginos.com/": EOF
UP           | https://tntcarpetcleaners.com | HTTP 200 | 198ms | SSL: 2026-11-08 (53 days)
UP           | https://www.opsct.com | HTTP 200 | 1366ms | SSL: 2026-12-06 (80 days)
UP           | https://securitycompanyms.com | HTTP 200 | 198ms | SSL: 2026-12-08 (83 days)
DOWN         | https://abbottscatering.com | ERROR: Head "https://abbottscatering.com": read tcp 10.1.0.155:54158->100.24.208.97:443: read: connection reset by peer
UP           | https://timothymwilliamslaw.com | HTTP 200 | 260ms | SSL: 2026-10-24 (38 days)
DOWN         | https://www.garyhuebnerlaw.com/ | ERROR: Head "https://www.garyhuebnerlaw.com/": EOF
UP           | https://www.thepoisonivyguy.com/ | HTTP 200 | 139ms | SSL: 2026-12-08 (83 days)
UP           | https://parkpharmacyrx.com | HTTP 200 | 370ms | SSL: 2026-11-16 (61 days)
ERROR        | https://gillettesignworks.com | HTTP 403 | 106ms | SSL: 2026-12-08 (83 days)
DOWN         | https://www.richroofing.com/ | ERROR: Head "https://www.richroofing.com/": EOF
UP           | http://lassiterelectric.com | HTTP 200 | 187ms | SSL: 
DOWN         | https://www.fatpocketpawn.biz | ERROR: Head "https://www.fatpocketpawn.biz": EOF
UP           | https://lockhartaircare.com | HTTP 200 | 114ms | SSL: 2026-12-06 (81 days)
UP           | https://www.eaglewaterfiltration.com/ | HTTP 200 | 320ms | SSL: 2026-10-22 (36 days)
DOWN         | https://www.epsteinspaint.com/ | ERROR: Head "https://www.epsteinspaint.com/": EOF
DOWN         | https://www.appliancereliancellc.com/ | ERROR: Head "https://www.appliancereliancellc.com/": EOF
UP           | https://www.timworthystransmissionrepairs.com/ | HTTP 200 | 155ms | SSL: 2026-11-04 (49 days)
DOWN         | https://www.cashgoldnj.com | ERROR: Head "https://www.cashgoldnj.com": EOF
UP           | https://dlacupuncture.com | HTTP 200 | 189ms | SSL: 2026-12-06 (81 days)
UP           | https://www.rockyhillmeats.com/ | HTTP 200 | 242ms | SSL: 2026-11-04 (49 days)
UP           | https://www.absheatingandairconditioning.com/ | HTTP 200 | 111ms | SSL: 2026-10-18 (32 days)
DOWN         | https://tcpestsolutions.com/ | ERROR: Head "https://tcpestsolutions.com/": read tcp 10.1.0.155:49084->35.172.94.1:443: read: connection reset by peer
UP           | https://www.tempbydesign.com/ | HTTP 200 | 120ms | SSL: 2026-10-18 (32 days)
DOWN         | https://tavosconstructionllc.com/ | ERROR: Head "https://tavosconstructionllc.com/": read tcp 10.1.0.155:35690->35.172.94.1:443: read: connection reset by peer
ERROR        | https://www.eastgeorgiatreeservice.com/ | HTTP 403 | 106ms | SSL: 2026-10-20 (34 days)
DOWN         | https://coastalcabinetsandgranite.com/ | ERROR: Head "https://coastalcabinetsandgranite.com/": read tcp 10.1.0.155:52700->100.24.208.97:443: read: connection reset by peer
DOWN         | https://www.r7electricutah.com/ | ERROR: Head "https://www.r7electricutah.com/": EOF
UP           | https://preferredremodeling.net/ | HTTP 200 | 224ms | SSL: 2026-11-24 (68 days)
UP           | https://www.jml-electric.com | HTTP 200 | 129ms | SSL: 2026-12-06 (81 days)
UP           | http://resto-pros.net | HTTP 200 | 223ms | SSL: 2026-11-08 (53 days)
UP           | http://scconstruction.info | HTTP 200 | 330ms | SSL: 2026-11-07 (52 days)
DOWN         | https://www.porteroutdoorservices.com/ | ERROR: Head "https://www.porteroutdoorservices.com/": EOF
UP           | http://killswitchauto.com | HTTP 200 | 485ms | SSL: 2026-11-08 (53 days)
UP           | https://coxdecorativeconcrete.com/ | HTTP 200 | 684ms | SSL: 2026-10-22 (36 days)
UP           | http://charlesfulkroaddisposal.com | HTTP 200 | 198ms | SSL: 
UP           | https://wireguyselectric.com/ | HTTP 200 | 235ms | SSL: 2026-10-22 (36 days)
UP           | https://www.dentconceptstx.com/ | HTTP 200 | 175ms | SSL: 2026-10-22 (36 days)
UP           | https://fincorefrigeration.com | HTTP 200 | 334ms | SSL: 2026-11-18 (63 days)
UP           | http://rocketcitymarine.com | HTTP 200 | 404ms | SSL: 2026-11-24 (68 days)
DOWN         | https://cleantechsystemsnm.com | ERROR: Head "https://cleantechsystemsnm.com": read tcp 10.1.0.155:38232->35.172.94.1:443: read: connection reset by peer
UP           | https://www.affordablecustomgolfcarts.com/ | HTTP 200 | 193ms | SSL: 2026-12-05 (80 days)
UP           | https://greenscapeslawns.com/ | HTTP 200 | 311ms | SSL: 2026-10-22 (36 days)
UP           | https://jtstree.com/ | HTTP 200 | 287ms | SSL: 2026-12-01 (76 days)
UP           | https://www.dixiefenceohio.com/ | HTTP 200 | 209ms | SSL: 2026-11-24 (69 days)
UP           | https://allkidsarespecial.net | HTTP 200 | 184ms | SSL: 2026-12-05 (80 days)
UP           | https://sgrcalifornia.com/ | HTTP 200 | 185ms | SSL: 2026-12-03 (78 days)
UP           | https://www.garysroofingandconst.com/ | HTTP 200 | 172ms | SSL: 2026-12-05 (80 days)
DOWN         | https://www.breezehvac.com/ | ERROR: Head "https://www.breezehvac.com/": EOF
UP           | https://rcpoolworks.com | HTTP 200 | 291ms | SSL: 2026-11-04 (49 days)
UP           | https://Freedomcarpet.net | HTTP 200 | 270ms | SSL: 2026-10-22 (36 days)
UP           | https://rolandoroofing.net | HTTP 200 | 261ms | SSL: 2026-11-03 (48 days)
UP           | http://ormondlandscaping.com/ | HTTP 200 | 418ms | SSL: 2026-11-08 (53 days)
DOWN         | https://www.alliedroofingco.com/ | ERROR: Head "https://www.alliedroofingco.com/": EOF
DOWN         | https://www.waterheatersracinewi.com/ | ERROR: Head "https://www.waterheatersracinewi.com/": EOF
UP           | https://www.atlanticdrywallandpaint.com/ | HTTP 200 | 164ms | SSL: 2026-11-22 (67 days)
DOWN         | https://grantsappliancerepairllc.com/ | ERROR: Get "https://grantsappliancerepairllc.com/": dial tcp: lookup grantsappliancerepairllc.com on 127.0.0.53:53: no such host
UP           | http://aaaexcavate.com | HTTP 200 | 298ms | SSL: 2026-12-05 (80 days)
UP           | https://gormanandsonslandscaping.com/ | HTTP 200 | 433ms | SSL: 2026-11-05 (50 days)
UP           | https://texasproroofing.net/ | HTTP 200 | 160ms | SSL: 2026-10-22 (36 days)
UP           | https://www.808towing.com/ | HTTP 200 | 127ms | SSL: 2026-12-11 (86 days)
UP           | https://www.jandbtreeservice.net/ | HTTP 200 | 387ms | SSL: 2026-11-08 (53 days)
UP           | https://sweetmountainair.co | HTTP 200 | 218ms | SSL: 2026-11-05 (50 days)
UP           | https://www.stormprosva.com/ | HTTP 200 | 161ms | SSL: 2026-10-22 (36 days)
DOWN         | https://www.atlantic217.com/ | ERROR: Head "https://www.atlantic217.com/": EOF
UP           | https://lakehamiltonappraisals.com/ | HTTP 200 | 400ms | SSL: 2026-11-08 (53 days)
UP           | https://kcservicecenterpa.com | HTTP 200 | 266ms | SSL: 2026-11-08 (53 days)
UP           | https://mobsfloorcare.com/ | HTTP 200 | 322ms | SSL: 2026-11-08 (53 days)
UP           | https://wennigercompressor.com/ | HTTP 200 | 123ms | SSL: 2026-12-13 (88 days)
UP           | https://mauicontainersales.com/ | HTTP 200 | 701ms | SSL: 2026-11-08 (53 days)
UP           | https://www.24-hourrefrigeration.com/ | HTTP 200 | 193ms | SSL: 2026-12-02 (77 days)
UP           | https://anteaterspestcontrol.net | HTTP 200 | 312ms | SSL: 2026-10-21 (35 days)
UP           | http://furniturefixxers.com | HTTP 200 | 326ms | SSL: 2026-11-08 (53 days)
UP           | https://www.apexgutters.com/ | HTTP 200 | 236ms | SSL: 2026-10-23 (36 days)
UP           | https://blackdogrr.com/ | HTTP 200 | 157ms | SSL: 2026-12-05 (80 days)
UP           | https://hogiesconstruction.com/ | HTTP 200 | 184ms | SSL: 2026-12-05 (80 days)
DOWN         | https://www.askyline.com/ | ERROR: Head "https://www.askyline.com/": EOF
UP           | https://www.dbarrsvcs.com/ | HTTP 200 | 231ms | SSL: 2026-10-22 (36 days)
UP           | https://powellpestcontrol.net/ | HTTP 200 | 248ms | SSL: 2026-10-18 (32 days)
UP           | https://wireguys.com | HTTP 200 | 241ms | SSL: 2026-11-08 (53 days)
DOWN         | https://economysidingtn.com/ | ERROR: Head "https://economysidingtn.com/": read tcp 10.1.0.155:38248->35.172.94.1:443: read: connection reset by peer
UP           | https://rsccontracting.org/ | HTTP 200 | 324ms | SSL: 2026-10-23 (36 days)
UP           | https://www.bhswelding.com/ | HTTP 200 | 172ms | SSL: 2026-11-15 (60 days)
UP           | https://www.yourfamilysalon.com/ | HTTP 200 | 310ms | SSL: 2026-11-23 (67 days)
UP           | https://www.alswelldrilling.com/ | HTTP 200 | 236ms | SSL: 2026-12-05 (79 days)
UP           | http://customoutdoorsolutionsny.com | HTTP 200 | 231ms | SSL: 
UP           | https://raffoulheatingandair.com | HTTP 200 | 122ms | SSL: 2026-10-20 (34 days)
UP           | http://dynamohi.com | HTTP 200 | 379ms | SSL: 2026-12-05 (80 days)
UP           | https://danrandandassoc.com/ | HTTP 200 | 338ms | SSL: 2026-11-26 (71 days)
UP           | https://carbondalewoodshop.com/ | HTTP 200 | 919ms | SSL: 2026-12-08 (82 days)
UP           | https://smithhvacservices.com/index | HTTP 200 | 121ms | SSL: 2026-12-08 (83 days)
UP           | http://www.junk-punks.com/ | HTTP 200 | 633ms | SSL: 2026-11-05 (49 days)
DOWN         | https://www.fndcontracting.com | ERROR: Head "https://www.fndcontracting.com": EOF
UP           | http://hopelandscaping.com | HTTP 200 | 385ms | SSL: 2026-10-21 (35 days)
DOWN         | https://larrysae.com | ERROR: Head "https://larrysae.com": read tcp 10.1.0.155:38262->35.172.94.1:443: read: connection reset by peer
UP           | https://www.ezoutcollisioncenter.com/ | HTTP 200 | 215ms | SSL: 2026-10-22 (36 days)
UP           | https://rsccontracting.org/ | HTTP 200 | 48ms | SSL: 2026-10-23 (36 days)
UP           | http://ccelectricbcs.com | HTTP 200 | 257ms | SSL: 2026-10-23 (36 days)
UP           | http://ccelectricbcs.com | HTTP 200 | 217ms | SSL: 2026-10-23 (36 days)
UP           | https://tropicglassenclosuresfl.com/ | HTTP 200 | 316ms | SSL: 2026-11-08 (53 days)
UP           | https://www.fireflycontractor.com/ | HTTP 200 | 189ms | SSL: 2026-11-22 (67 days)
UP           | https://www.tridentconstructiongp.com/ | HTTP 200 | 117ms | SSL: 2026-11-08 (53 days)
UP           | https://roettgerwelding.com/ | HTTP 200 | 149ms | SSL: 2026-12-03 (77 days)
DOWN         | https://azjanitorialservice.com | ERROR: Head "https://azjanitorialservice.com": read tcp 10.1.0.155:34220->100.24.208.97:443: read: connection reset by peer
UP           | https://camoconstructionllc.com/ | HTTP 200 | 166ms | SSL: 2026-12-05 (80 days)
UP           | https://totalcomfortcleaners.com | HTTP 200 | 206ms | SSL: 2026-10-23 (36 days)
DOWN         | https://www.brianemmonsroofing.com/ | ERROR: Head "https://www.brianemmonsroofing.com/": read tcp 10.1.0.155:33628->199.180.140.11:443: read: connection reset by peer
UP           | https://www.customelitedetailcarwash.com/ | HTTP 200 | 287ms | SSL: 2026-10-22 (36 days)
UP           | https://www.noatoutdoorliving.com/ | HTTP 200 | 197ms | SSL: 2026-11-25 (70 days)
UP           | https://southfloridadockandseawall.com | HTTP 200 | 182ms | SSL: 2026-11-28 (73 days)
UP           | https://www.rselectricms.com | HTTP 200 | 135ms | SSL: 2026-12-01 (76 days)
UP           | http://allbrightcleaningkc.com | HTTP 200 | 194ms | SSL: 
DOWN         | https://paintingbypros.com/ | ERROR: Head "https://paintingbypros.com/": read tcp 10.1.0.155:40486->35.172.94.1:443: read: connection reset by peer
DOWN         | https://www.ancientcitygaragedoors.com | ERROR: Head "https://www.ancientcitygaragedoors.com": EOF
UP           | https://www.mikeandmikeroofing.com/ | HTTP 200 | 192ms | SSL: 2026-11-04 (48 days)
UP           | https://maxpressfoundationrepair.com/ | HTTP 200 | 416ms | SSL: 2026-11-30 (74 days)
UP           | https://offshorepropertyservices.com | HTTP 200 | 180ms | SSL: 2026-10-23 (36 days)
UP           | http://dynamohi.com | HTTP 200 | 88ms | SSL: 2026-12-05 (80 days)
UP           | https://patdollautomotivewi.com/ | HTTP 200 | 148ms | SSL: 2026-12-14 (88 days)
UP           | http://renewconstructionnm.com | HTTP 200 | 461ms | SSL: 2027-03-21 (185 days)
DOWN         | http://seaboardrestoration.com/ | ERROR: Get "http://seaboardrestoration.com/": dial tcp: lookup seaboardrestoration.com on 127.0.0.53:53: no such host
UP           | https://www.fisherhomeinspectionsllc.com/ | HTTP 200 | 185ms | SSL: 2026-10-20 (34 days)
UP           | https://www.jmplumbersinc.com/ | HTTP 200 | 204ms | SSL: 2026-11-02 (46 days)
UP           | https://finishlineautotire.com/ | HTTP 200 | 181ms | SSL: 2026-12-06 (81 days)
UP           | http://vitosexpress.com | HTTP 200 | 285ms | SSL: 2026-11-08 (53 days)
UP           | https://www.thesignsolution.net/ | HTTP 200 | 158ms | SSL: 2026-10-18 (32 days)
UP           | https://bagremodelers.com/ | HTTP 200 | 116ms | SSL: 2026-12-05 (80 days)
UP           | https://www.problemtree.com | HTTP 200 | 190ms | SSL: 2026-10-23 (36 days)
UP           | https://capri-wash.com | HTTP 200 | 298ms | SSL: 2026-10-28 (42 days)
DOWN         | https://landscapeofbrainerd.com/ | ERROR: Head "https://landscapeofbrainerd.com/": EOF
UP           | https://totalpackagelandscapeworksllc.com | HTTP 200 | 131ms | SSL: 2026-10-18 (32 days)
UP           | https://acesandblasting.co/ | HTTP 200 | 284ms | SSL: 2026-10-27 (41 days)
UP           | https://5startexasroofing.com/ | HTTP 200 | 267ms | SSL: 2026-11-24 (69 days)
UP           | https://caudletreeservice.com/ | HTTP 200 | 277ms | SSL: 2026-11-18 (63 days)
UP           | https://www.bayoustatemoving.com/ | HTTP 200 | 211ms | SSL: 2026-12-14 (88 days)
UP           | https://www.1classproperties.com/ | HTTP 200 | 311ms | SSL: 2026-10-22 (36 days)
UP           | https://www.1classrealty.com/ | HTTP 200 | 373ms | SSL: 2026-11-23 (68 days)
UP           | https://www.aimhighdetailing.com/ | HTTP 200 | 213ms | SSL: 2026-10-22 (35 days)
UP           | https://www.tampablindsbydesign.com/ | HTTP 200 | 268ms | SSL: 2026-10-21 (35 days)
UP           | http://thelocalplumber.com | HTTP 200 | 240ms | SSL: 2026-12-08 (83 days)
UP           | https://frontieraircon.com/ | HTTP 200 | 221ms | SSL: 2026-12-07 (82 days)
UP           | https://www.saltlakecitycabinetry.com/ | HTTP 200 | 222ms | SSL: 2026-11-25 (70 days)
DOWN         | https://mantispestma.com | ERROR: Head "https://mantispestma.com": read tcp 10.1.0.155:33648->199.180.140.11:443: read: connection reset by peer
UP           | https://tyslandscapingiowa.com | HTTP 200 | 344ms | SSL: 2026-11-05 (50 days)
UP           | https://www.herrwelldrillingwi.com/ | HTTP 200 | 212ms | SSL: 2026-11-24 (68 days)
UP           | https://www.problemtree.com/ | HTTP 200 | 37ms | SSL: 2026-10-23 (36 days)
UP           | https://tandkventures.com/ | HTTP 200 | 131ms | SSL: 2026-10-18 (32 days)
UP           | http://muddyriversconcrete.com | HTTP 200 | 248ms | SSL: 2026-11-08 (53 days)
UP           | https://accurateandconfidentialtaxservice.com/ | HTTP 200 | 258ms | SSL: 2026-11-08 (53 days)
DOWN         | https://mcneelytreeservice.com/ | ERROR: Get "https://mcneelytreeservice.com/": dial tcp: lookup mcneelytreeservice.com on 127.0.0.53:53: no such host
UP           | https://www.mvpgardencenter.com/ | HTTP 200 | 142ms | SSL: 2026-12-06 (81 days)
UP           | https://abccarpetcleanerssd.com | HTTP 200 | 137ms | SSL: 2026-11-11 (55 days)
Summary: 190 UP | 2 ERROR | 47 DOWN | 1 UNVERIFIABLE
