=== 2026-07-10 11:11:03 ===
UP           | https://offshorepropertyservices.com | HTTP 200 | 442ms | SSL: 2026-09-09 (60 days)
DOWN         | http://seaboardrestoration.com/ | ERROR: Get "http://seaboardrestoration.com/": dial tcp: lookup seaboardrestoration.com on 127.0.0.53:53: no such host
UP           | https://platinumpaintingandserviceinc.com | HTTP 200 | 477ms | SSL: 2026-10-01 (82 days)
UP           | https://aandbauctionservices.com | HTTP 200 | 160ms | SSL: 2026-10-07 (89 days)
UP           | http://reidheatingandair.com | HTTP 200 | 461ms | SSL: 2026-07-20 (10 days)
UP           | https://pristineccs.com/ | HTTP 200 | 518ms | SSL: 2026-07-20 (10 days)
UP           | https://westcoastdents.com | HTTP 200 | 1285ms | SSL: 2026-09-03 (54 days)
UP           | https://catoiletwhisperer.com | HTTP 200 | 437ms | SSL: 2026-09-16 (68 days)
UP           | https://ivyheatingandair.com | HTTP 200 | 431ms | SSL: 2026-09-16 (68 days)
UP           | https://primaryheatingandcooling.com | HTTP 200 | 412ms | SSL: 2026-09-28 (79 days)
UP           | https://businessnotions.com/ | HTTP 200 | 489ms | SSL: 2026-07-24 (14 days)
UP           | https://www.butzwelding.com | HTTP 200 | 255ms | SSL: 2026-09-20 (72 days)
UP           | https://brimicfoundation.com/ | HTTP 200 | 439ms | SSL: 2026-09-23 (75 days)
UP           | https://endlesssummercharters.com/ | HTTP 200 | 315ms | SSL: 2026-07-26 (15 days)
UP           | https://thekiddiekornerboutique.com | HTTP 200 | 205ms | SSL: 2026-07-29 (18 days)
UP           | https://safloralelegance.com | HTTP 200 | 495ms | SSL: 2026-09-21 (73 days)
UP           | http://allbrandsheatingandcooling.com | HTTP 200 | 84ms | SSL: 
UP           | http://plumbersouthfl.com | HTTP 200 | 345ms | SSL: 2026-10-05 (87 days)
UP           | http://wjauction.com | HTTP 200 | 445ms | SSL: 2026-10-05 (87 days)
UP           | https://txpanhandlelogistics.com | HTTP 200 | 504ms | SSL: 2026-10-06 (88 days)
UP           | https://mullinstruckingllc.com/ | HTTP 200 | 413ms | SSL: 2026-08-09 (29 days)
UP           | https://fratiplumbing.net | HTTP 200 | 412ms | SSL: 2026-07-24 (14 days)
UP           | https://loganshouse.com/ | HTTP 200 | 453ms | SSL: 2026-07-22 (12 days)
UP           | http://plantsunlimiteddurham.com | HTTP 200 | 456ms | SSL: 2026-08-03 (23 days)
UP           | http://protechdiesel.biz/ | HTTP 200 | 260ms | SSL: 2026-08-09 (29 days)
UP           | https://cherrycreekshadesanddraperys.com | HTTP 200 | 434ms | SSL: 2026-07-25 (14 days)
UP           | https://centralmotorsale.com | HTTP 200 | 443ms | SSL: 2026-07-29 (18 days)
UP           | https://jsaengineers.com | HTTP 200 | 381ms | SSL: 2026-08-10 (30 days)
UP           | https://boilertechnologies.com | HTTP 200 | 369ms | SSL: 2026-09-26 (78 days)
UP           | https://trucarma.com/ | HTTP 200 | 500ms | SSL: 2026-09-16 (67 days)
UP           | https://wyomingarmoredservice.com | HTTP 200 | 468ms | SSL: 2026-09-03 (54 days)
UP           | https://brvparkpropane.com/ | HTTP 200 | 320ms | SSL: 2026-07-27 (16 days)
UP           | https://primeappraisalsmi.com | HTTP 200 | 423ms | SSL: 2026-09-13 (65 days)
UP           | https://newenglandgroupctinc.com | HTTP 200 | 644ms | SSL: 2026-09-16 (68 days)
UP           | https://www.napavalleyfitness.com | HTTP 200 | 199ms | SSL: 2026-10-04 (86 days)
UP           | https://www.prosidingandwindows.net/ | HTTP 200 | 229ms | SSL: 2026-07-24 (13 days)
UP           | https://www.eocatx.com/ | HTTP 200 | 210ms | SSL: 2026-09-19 (70 days)
UP           | https://www.drainrooterplumbingsd.com/ | HTTP 200 | 139ms | SSL: 2026-09-07 (58 days)
UNVERIFIABLE | https://glassimpressionslv.com | HTTP 200 | 178ms | SSL: 2026-09-25 (76 days)
UP           | https://shultarchitect.com | HTTP 200 | 338ms | SSL: 2026-08-18 (39 days)
UP           | https://inthemix-adc.com | HTTP 200 | 411ms | SSL: 2026-08-17 (38 days)
UP           | https://www.sexton-repairs.com/ | HTTP 200 | 137ms | SSL: 2026-09-18 (69 days)
ERROR        | https://fraserplumbingarkansas.com/ | HTTP 404 | 147ms | SSL: 2026-09-25 (77 days)
UP           | https://foothillsmachininginc.com | HTTP 200 | 440ms | SSL: 2026-07-20 (9 days)
UP           | https://rangerenovation.com | HTTP 200 | 468ms | SSL: 2026-07-29 (19 days)
UP           | https://modelcoelectric.com/ | HTTP 200 | 300ms | SSL: 2026-08-07 (27 days)
UP           | https://conveyor-tek.com | HTTP 200 | 311ms | SSL: 2026-07-31 (20 days)
UP           | http://longspest.com | HTTP 200 | 438ms | SSL: 2026-08-20 (40 days)
UP           | https://spindledynamicsaxlerepair.com | HTTP 200 | 241ms | SSL: 2026-08-07 (27 days)
UP           | https://mevoutdoor.com/ | HTTP 200 | 367ms | SSL: 2026-09-14 (65 days)
UP           | https://greenbushpros.com/ | HTTP 200 | 440ms | SSL: 2026-09-23 (74 days)
UP           | https://harveysarlesinsurance.com/ | HTTP 200 | 450ms | SSL: 2026-09-10 (61 days)
UP           | http://affordablerooter.com/ | HTTP 200 | 150ms | SSL: 2026-09-24 (76 days)
UP           | https://thomasmccannlaw.com | HTTP 200 | 441ms | SSL: 2026-07-24 (13 days)
UP           | https://southshoretruckrepair.com | HTTP 200 | 468ms | SSL: 2026-08-30 (51 days)
UP           | https://pacificgaragerepair.com | HTTP 200 | 464ms | SSL: 2026-09-12 (63 days)
UP           | https://www.thespringking.net/ | HTTP 200 | 155ms | SSL: 2026-09-20 (72 days)
UP           | https://www.hansmotosports.com/ | HTTP 200 | 93ms | SSL: 2026-09-10 (61 days)
UP           | https://www.advancedalarmlock.com | HTTP 200 | 237ms | SSL: 2026-07-31 (20 days)
UP           | https://www.amishstonefirepits.com/ | HTTP 200 | 209ms | SSL: 2026-07-26 (15 days)
UP           | https://www.noatoutdoorliving.com/ | HTTP 200 | 88ms | SSL: 2026-10-07 (89 days)
UP           | https://campbellhuitt.com | HTTP 200 | 361ms | SSL: 2026-09-20 (72 days)
UP           | https://www.bulldogmovingclt.com/ | HTTP 200 | 228ms | SSL: 2026-08-13 (34 days)
DOWN         | https://terseptic.com | ERROR: Get "https://terseptic.com": tls: failed to verify certificate: x509: certificate is valid for broken-ssl.multiscreensite.com, not terseptic.com
UP           | https://www.nmwcattorneys.com/ | HTTP 200 | 204ms | SSL: 2026-09-25 (76 days)
UP           | https://www.jandpbikeshop.com/ | HTTP 200 | 242ms | SSL: 2026-09-05 (57 days)
UP           | https://angelabrowderhomecare.com/ | HTTP 200 | 391ms | SSL: 2026-09-05 (57 days)
UP           | https://www.5pointslandscaping.com/ | HTTP 200 | 229ms | SSL: 2026-09-05 (56 days)
UP           | https://carpettechcleaning.com | HTTP 200 | 391ms | SSL: 2026-07-31 (20 days)
UP           | https://www.mtccpressurewashing.com/ | HTTP 200 | 318ms | SSL: 2026-09-22 (74 days)
UP           | https://ochoaelectricsandiego.com | HTTP 200 | 442ms | SSL: 2026-08-10 (30 days)
UP           | https://vanityfairbaths.com | HTTP 200 | 374ms | SSL: 2026-10-01 (83 days)
UP           | https://www.asapcontainers.com/ | HTTP 200 | 248ms | SSL: 2026-10-01 (82 days)
UP           | https://www.boyleheatingandcooling.net/ | HTTP 200 | 588ms | SSL: 2026-09-27 (79 days)
UP           | https://www.zulaufconstruction.com | HTTP 200 | 203ms | SSL: 2026-09-27 (79 days)
UP           | https://www.carpetcleaningomaha.com | HTTP 200 | 248ms | SSL: 2026-07-20 (9 days)
UP           | https://cakeschocolatesandmore.com/ | HTTP 200 | 418ms | SSL: 2026-07-26 (15 days)
UP           | https://www.victorytireauto.com | HTTP 200 | 216ms | SSL: 2026-07-29 (18 days)
UP           | https://windsorlimo.com | HTTP 200 | 405ms | SSL: 2026-08-02 (23 days)
UP           | https://www.howieglass.com/ | HTTP 200 | 109ms | SSL: 2026-09-05 (56 days)
UP           | https://www.xlsavebig.com | HTTP 200 | 756ms | SSL: 2026-09-26 (77 days)
UP           | https://www.oxicleaners.com | HTTP 200 | 213ms | SSL: 2026-07-30 (19 days)
UP           | https://petstylessalonandspa.com | HTTP 200 | 430ms | SSL: 2026-07-18 (7 days)
UP           | https://www.riverbluffcanecorsos.com | HTTP 200 | 218ms | SSL: 2026-07-26 (15 days)
UP           | https://stoversflooringanddraperycenter.com/ | HTTP 200 | 437ms | SSL: 2026-07-20 (9 days)
UP           | http://www.aseyourlight.com | HTTP 200 | 251ms | SSL: 2026-07-26 (15 days)
UP           | https://www.missouriglassinc.com/ | HTTP 200 | 193ms | SSL: 2026-09-18 (70 days)
UP           | https://www.coddingtonlock.com/ | HTTP 200 | 286ms | SSL: 2026-09-11 (63 days)
ERROR        | https://www.andyperuginos.com/ | HTTP 404 | 248ms | SSL: 2026-09-21 (73 days)
UP           | https://tntcarpetcleaners.com | HTTP 200 | 382ms | SSL: 2026-09-28 (79 days)
UP           | https://www.opsct.com | HTTP 200 | 219ms | SSL: 2026-09-20 (72 days)
UP           | https://securitycompanyms.com | HTTP 200 | 378ms | SSL: 2026-07-18 (8 days)
UP           | https://abbottscatering.com | HTTP 200 | 322ms | SSL: 2026-10-03 (84 days)
UP           | https://timothymwilliamslaw.com | HTTP 200 | 127ms | SSL: 2026-08-26 (47 days)
DOWN         | https://www.garyhuebnerlaw.com/ | ERROR: Get "https://www.garyhuebnerlaw.com/": tls: failed to verify certificate: x509: certificate is valid for broken-ssl.multiscreensite.com, not www.garyhuebnerlaw.com
UP           | https://www.thepoisonivyguy.com/ | HTTP 200 | 273ms | SSL: 2026-08-02 (23 days)
UP           | https://parkpharmacyrx.com | HTTP 200 | 533ms | SSL: 2026-07-25 (14 days)
UP           | https://gillettesignworks.com | HTTP 200 | 394ms | SSL: 2026-08-05 (26 days)
UP           | https://www.richroofing.com/ | HTTP 200 | 150ms | SSL: 2026-07-27 (17 days)
UP           | http://lassiterelectric.com | HTTP 200 | 446ms | SSL: 2026-08-02 (23 days)
UP           | https://www.fatpocketpawn.biz | HTTP 200 | 142ms | SSL: 2026-08-05 (26 days)
UP           | https://lockhartaircare.com | HTTP 200 | 390ms | SSL: 2026-09-11 (62 days)
UP           | https://www.eaglewaterfiltration.com/ | HTTP 200 | 259ms | SSL: 2026-09-11 (62 days)
UP           | https://www.epsteinspaint.com/ | HTTP 200 | 247ms | SSL: 2026-09-04 (56 days)
UP           | https://www.appliancereliancellc.com/ | HTTP 200 | 311ms | SSL: 2026-09-23 (75 days)
UP           | https://www.timworthystransmissionrepairs.com/ | HTTP 200 | 251ms | SSL: 2026-09-18 (70 days)
UP           | https://www.cashgoldnj.com | HTTP 200 | 269ms | SSL: 2026-09-21 (72 days)
UP           | https://dlacupuncture.com | HTTP 200 | 404ms | SSL: 2026-10-01 (83 days)
DOWN         | https://www.rockyhillmeats.com/ | ERROR: Get "https://www.rockyhillmeats.com/": net/http: TLS handshake timeout
UP           | https://www.absheatingandairconditioning.com/ | HTTP 200 | 228ms | SSL: 2026-08-06 (27 days)
UP           | https://tcpestsolutions.com/ | HTTP 200 | 1448ms | SSL: 2026-09-03 (55 days)
UP           | https://www.tempbydesign.com/ | HTTP 200 | 246ms | SSL: 2026-09-21 (73 days)
UP           | https://tavosconstructionllc.com/ | HTTP 200 | 454ms | SSL: 2026-09-19 (70 days)
DOWN         | https://www.eastgeorgiatreeservice.com/ | ERROR: Head "https://www.eastgeorgiatreeservice.com/": EOF
UP           | https://coastalcabinetsandgranite.com/ | HTTP 200 | 361ms | SSL: 2026-07-20 (10 days)
ERROR        | https://www.r7electricutah.com/ | HTTP 404 | 247ms | SSL: 2026-07-18 (7 days)
UP           | https://preferredremodeling.net/ | HTTP 200 | 430ms | SSL: 2026-09-28 (79 days)
UP           | https://www.jml-electric.com | HTTP 200 | 213ms | SSL: 2026-10-02 (83 days)
UP           | http://resto-pros.net | HTTP 200 | 365ms | SSL: 2026-09-28 (80 days)
UP           | http://scconstruction.info | HTTP 200 | 225ms | SSL: 2026-08-30 (51 days)
UP           | https://www.porteroutdoorservices.com/ | HTTP 200 | 187ms | SSL: 2026-07-27 (16 days)
UP           | http://killswitchauto.com | HTTP 200 | 439ms | SSL: 2026-09-25 (77 days)
UP           | https://coxdecorativeconcrete.com/ | HTTP 200 | 538ms | SSL: 2026-08-09 (29 days)
UP           | http://charlesfulkroaddisposal.com | HTTP 200 | 458ms | SSL: 2026-10-06 (87 days)
UP           | https://wireguyselectric.com/ | HTTP 200 | 452ms | SSL: 2026-07-17 (7 days)
UP           | https://www.dentconceptstx.com/ | HTTP 200 | 237ms | SSL: 2026-07-20 (9 days)
UP           | https://fincorefrigeration.com | HTTP 200 | 494ms | SSL: 2026-08-07 (27 days)
UP           | http://rocketcitymarine.com | HTTP 200 | 472ms | SSL: 2026-07-20 (9 days)
UP           | https://cleantechsystemsnm.com | HTTP 200 | 521ms | SSL: 2026-07-20 (9 days)
UP           | https://www.affordablecustomgolfcarts.com/ | HTTP 200 | 140ms | SSL: 2026-10-07 (89 days)
UP           | https://greenscapeslawns.com/ | HTTP 200 | 462ms | SSL: 2026-07-27 (17 days)
UP           | https://jtstree.com/ | HTTP 200 | 349ms | SSL: 2026-08-03 (24 days)
UP           | https://www.dixiefenceohio.com/ | HTTP 200 | 179ms | SSL: 2026-08-09 (29 days)
UP           | https://allkidsarespecial.net | HTTP 200 | 149ms | SSL: 2026-10-07 (89 days)
UP           | https://sgrcalifornia.com/ | HTTP 200 | 467ms | SSL: 2026-08-04 (25 days)
UP           | https://www.garysroofingandconst.com/ | HTTP 200 | 81ms | SSL: 2026-10-07 (89 days)
UP           | https://www.breezehvac.com/ | HTTP 200 | 244ms | SSL: 2026-09-13 (65 days)
UP           | https://rcpoolworks.com | HTTP 200 | 368ms | SSL: 2026-08-08 (28 days)
UP           | https://Freedomcarpet.net | HTTP 200 | 464ms | SSL: 2026-09-08 (59 days)
UP           | https://rolandoroofing.net | HTTP 200 | 454ms | SSL: 2026-09-21 (72 days)
UP           | http://ormondlandscaping.com/ | HTTP 200 | 504ms | SSL: 2026-08-02 (22 days)
UP           | https://www.alliedroofingco.com/ | HTTP 200 | 234ms | SSL: 2026-09-17 (69 days)
UP           | https://www.waterheatersracinewi.com/ | HTTP 200 | 237ms | SSL: 2026-09-29 (81 days)
UP           | https://www.atlanticdrywallandpaint.com/ | HTTP 200 | 202ms | SSL: 2026-09-14 (65 days)
UP           | https://grantsappliancerepairllc.com/ | HTTP 200 | 459ms | SSL: 2026-09-14 (65 days)
UP           | http://aaaexcavate.com | HTTP 200 | 143ms | SSL: 
UP           | https://gormanandsonslandscaping.com/ | HTTP 200 | 468ms | SSL: 2026-07-21 (11 days)
UP           | https://texasproroofing.net/ | HTTP 200 | 366ms | SSL: 2026-09-21 (72 days)
UP           | https://www.808towing.com/ | HTTP 200 | 227ms | SSL: 2026-08-05 (26 days)
UP           | https://www.jandbtreeservice.net/ | HTTP 200 | 227ms | SSL: 2026-07-21 (10 days)
UP           | https://sweetmountainair.co | HTTP 200 | 308ms | SSL: 2026-07-26 (16 days)
UP           | https://www.stormprosva.com/ | HTTP 200 | 242ms | SSL: 2026-07-21 (10 days)
UP           | https://www.atlantic217.com/ | HTTP 200 | 186ms | SSL: 2026-09-26 (78 days)
UP           | https://lakehamiltonappraisals.com/ | HTTP 200 | 448ms | SSL: 2026-08-04 (24 days)
UP           | https://kcservicecenterpa.com | HTTP 200 | 452ms | SSL: 2026-07-19 (9 days)
UP           | https://mobsfloorcare.com/ | HTTP 200 | 347ms | SSL: 2026-09-18 (70 days)
UP           | https://wennigercompressor.com/ | HTTP 200 | 385ms | SSL: 2026-07-19 (8 days)
UP           | https://mauicontainersales.com/ | HTTP 200 | 468ms | SSL: 2026-08-24 (45 days)
UP           | https://www.24-hourrefrigeration.com/ | HTTP 200 | 218ms | SSL: 2026-07-31 (21 days)
UP           | https://anteaterspestcontrol.net | HTTP 200 | 464ms | SSL: 2026-10-07 (88 days)
UP           | http://furniturefixxers.com | HTTP 200 | 434ms | SSL: 2026-07-24 (13 days)
UP           | https://www.apexgutters.com/ | HTTP 200 | 149ms | SSL: 2026-09-07 (59 days)
UP           | https://blackdogrr.com/ | HTTP 200 | 146ms | SSL: 2026-10-07 (89 days)
UP           | https://hogiesconstruction.com/ | HTTP 200 | 193ms | SSL: 2026-10-07 (89 days)
UP           | https://www.askyline.com/ | HTTP 200 | 217ms | SSL: 2026-09-21 (73 days)
UP           | https://www.dbarrsvcs.com/ | HTTP 200 | 237ms | SSL: 2026-08-16 (37 days)
UP           | https://powellpestcontrol.net/ | HTTP 200 | 382ms | SSL: 2026-08-17 (38 days)
UP           | https://wireguys.com | HTTP 200 | 476ms | SSL: 2026-09-13 (64 days)
ERROR        | https://economysidingtn.com/ | HTTP 404 | 245ms | SSL: 2026-08-17 (38 days)
UP           | https://rsccontracting.org/ | HTTP 200 | 415ms | SSL: 2026-09-21 (73 days)
UP           | https://www.bhswelding.com/ | HTTP 200 | 244ms | SSL: 2026-09-04 (56 days)
UP           | https://www.yourfamilysalon.com/ | HTTP 200 | 303ms | SSL: 2026-09-23 (75 days)
UP           | https://www.alswelldrilling.com/ | HTTP 200 | 189ms | SSL: 2026-09-03 (55 days)
UP           | http://customoutdoorsolutionsny.com | HTTP 200 | 429ms | SSL: 2026-09-29 (81 days)
UP           | https://raffoulheatingandair.com | HTTP 200 | 371ms | SSL: 2026-09-26 (78 days)
UP           | http://dynamohi.com | HTTP 200 | 202ms | SSL: 2026-10-07 (89 days)
UP           | https://danrandandassoc.com/ | HTTP 200 | 402ms | SSL: 2026-09-21 (73 days)
UP           | https://carbondalewoodshop.com/ | HTTP 200 | 629ms | SSL: 2026-10-01 (82 days)
UP           | https://smithhvacservices.com/index | HTTP 200 | 496ms | SSL: 2026-09-05 (57 days)
UP           | http://www.junk-punks.com/ | HTTP 200 | 929ms | SSL: 2026-09-14 (65 days)
DOWN         | https://www.fndcontracting.com | ERROR: Get "https://www.fndcontracting.com": tls: failed to verify certificate: x509: certificate is valid for broken-ssl.multiscreensite.com, not www.fndcontracting.com
UP           | http://hopelandscaping.com | HTTP 200 | 416ms | SSL: 2026-09-09 (61 days)
UP           | https://larrysae.com | HTTP 200 | 508ms | SSL: 2026-09-12 (64 days)
UP           | https://www.ezoutcollisioncenter.com/ | HTTP 200 | 173ms | SSL: 2026-07-31 (21 days)
UP           | https://rsccontracting.org/ | HTTP 200 | 61ms | SSL: 2026-09-21 (73 days)
UP           | http://ccelectricbcs.com | HTTP 200 | 369ms | SSL: 2026-08-02 (22 days)
UP           | http://ccelectricbcs.com | HTTP 200 | 327ms | SSL: 2026-08-02 (22 days)
UP           | https://tropicglassenclosuresfl.com/ | HTTP 200 | 310ms | SSL: 2026-09-17 (69 days)
UP           | https://www.fireflycontractor.com/ | HTTP 200 | 201ms | SSL: 2026-09-22 (74 days)
UP           | https://www.tridentconstructiongp.com/ | HTTP 200 | 231ms | SSL: 2026-09-11 (63 days)
UP           | https://roettgerwelding.com/ | HTTP 200 | 414ms | SSL: 2026-09-23 (75 days)
UP           | https://azjanitorialservice.com | HTTP 200 | 449ms | SSL: 2026-08-31 (52 days)
UP           | https://camoconstructionllc.com/ | HTTP 200 | 147ms | SSL: 2026-10-07 (89 days)
UP           | https://totalcomfortcleaners.com | HTTP 200 | 373ms | SSL: 2026-07-22 (12 days)
UP           | https://www.brianemmonsroofing.com/ | HTTP 200 | 449ms | SSL: 2026-09-10 (61 days)
UP           | https://www.customelitedetailcarwash.com/ | HTTP 200 | 229ms | SSL: 2026-10-03 (85 days)
UP           | https://www.noatoutdoorliving.com/ | HTTP 200 | 234ms | SSL: 2026-10-07 (89 days)
UP           | https://southfloridadockandseawall.com | HTTP 200 | 181ms | SSL: 2026-09-30 (82 days)
UP           | https://www.rselectricms.com | HTTP 200 | 200ms | SSL: 2026-07-22 (12 days)
UP           | http://allbrightcleaningkc.com | HTTP 200 | 152ms | SSL: 
UP           | https://paintingbypros.com/ | HTTP 200 | 347ms | SSL: 2026-07-22 (12 days)
UP           | https://www.ancientcitygaragedoors.com | HTTP 200 | 706ms | SSL: 2026-07-30 (20 days)
UP           | https://www.mikeandmikeroofing.com/ | HTTP 200 | 598ms | SSL: 2026-10-04 (85 days)
UP           | https://maxpressfoundationrepair.com/ | HTTP 200 | 424ms | SSL: 2026-09-04 (56 days)
UP           | https://offshorepropertyservices.com | HTTP 200 | 245ms | SSL: 2026-09-09 (60 days)
UP           | http://dynamohi.com | HTTP 200 | 35ms | SSL: 2026-10-07 (89 days)
UP           | https://patdollautomotivewi.com/ | HTTP 200 | 495ms | SSL: 2026-08-22 (43 days)
UP           | http://renewconstructionnm.com | HTTP 200 | 457ms | SSL: 2026-08-18 (39 days)
DOWN         | http://seaboardrestoration.com/ | ERROR: Get "http://seaboardrestoration.com/": dial tcp: lookup seaboardrestoration.com on 127.0.0.53:53: no such host
UP           | https://www.fisherhomeinspectionsllc.com/ | HTTP 200 | 213ms | SSL: 2026-09-04 (56 days)
UP           | https://www.jmplumbersinc.com/ | HTTP 200 | 174ms | SSL: 2026-09-29 (81 days)
UP           | https://finishlineautotire.com/ | HTTP 200 | 337ms | SSL: 2026-08-07 (28 days)
UP           | http://vitosexpress.com | HTTP 200 | 440ms | SSL: 2026-09-04 (56 days)
UP           | https://www.thesignsolution.net/ | HTTP 200 | 185ms | SSL: 2026-09-12 (64 days)
UP           | https://bagremodelers.com/ | HTTP 200 | 103ms | SSL: 2026-10-07 (89 days)
UP           | https://www.problemtree.com | HTTP 200 | 225ms | SSL: 2026-09-04 (56 days)
UP           | https://capri-wash.com | HTTP 200 | 347ms | SSL: 2026-09-05 (57 days)
UP           | https://landscapeofbrainerd.com/ | HTTP 200 | 1197ms | SSL: 2026-09-09 (61 days)
UP           | https://totalpackagelandscapeworksllc.com | HTTP 200 | 461ms | SSL: 2026-09-26 (78 days)
UP           | https://acesandblasting.co/ | HTTP 200 | 276ms | SSL: 2026-09-13 (65 days)
UP           | https://5startexasroofing.com/ | HTTP 200 | 328ms | SSL: 2026-10-06 (88 days)
UP           | https://caudletreeservice.com/ | HTTP 200 | 462ms | SSL: 2026-09-26 (78 days)
UP           | https://www.bayoustatemoving.com/ | HTTP 200 | 234ms | SSL: 2026-10-03 (85 days)
UP           | https://www.1classproperties.com/ | HTTP 200 | 249ms | SSL: 2026-10-06 (88 days)
UP           | https://www.1classrealty.com/ | HTTP 200 | 237ms | SSL: 2026-10-06 (88 days)
UP           | https://www.aimhighdetailing.com/ | HTTP 200 | 243ms | SSL: 2026-08-20 (41 days)
UP           | https://www.tampablindsbydesign.com/ | HTTP 200 | 232ms | SSL: 2026-07-26 (16 days)
UP           | http://thelocalplumber.com | HTTP 200 | 465ms | SSL: 2026-09-23 (75 days)
UP           | https://frontieraircon.com/ | HTTP 200 | 370ms | SSL: 2026-08-08 (29 days)
UP           | https://www.saltlakecitycabinetry.com/ | HTTP 200 | 218ms | SSL: 2026-08-10 (31 days)
UP           | https://mantispestma.com | HTTP 200 | 483ms | SSL: 2026-07-17 (7 days)
UP           | https://tyslandscapingiowa.com | HTTP 200 | 395ms | SSL: 2026-10-07 (89 days)
UP           | https://www.herrwelldrillingwi.com/ | HTTP 200 | 272ms | SSL: 2026-08-30 (51 days)
UP           | https://www.problemtree.com/ | HTTP 200 | 30ms | SSL: 2026-09-04 (56 days)
UP           | https://tandkventures.com/ | HTTP 200 | 389ms | SSL: 2026-09-15 (67 days)
UP           | http://muddyriversconcrete.com | HTTP 200 | 435ms | SSL: 2026-08-31 (52 days)
UP           | https://accurateandconfidentialtaxservice.com/ | HTTP 200 | 395ms | SSL: 2026-09-13 (65 days)
DOWN         | https://mcneelytreeservice.com/ | ERROR: Get "https://mcneelytreeservice.com/": tls: failed to verify certificate: x509: certificate is valid for *.accountterminated.com, accountterminated.com, not mcneelytreeservice.com
UP           | https://www.mvpgardencenter.com/ | HTTP 200 | 217ms | SSL: 2026-09-05 (57 days)
UP           | https://abccarpetcleanerssd.com | HTTP 200 | 2562ms | SSL: 2026-09-27 (79 days)
Summary: 227 UP | 4 ERROR | 8 DOWN | 1 UNVERIFIABLE
