=== 2026-09-14 14:54:50 ===
UP           | https://offshorepropertyservices.com | HTTP 200 | 82ms | SSL: 2026-10-23 (38 days)
DOWN         | http://seaboardrestoration.com/ | ERROR: Get "http://seaboardrestoration.com/": dial tcp: lookup seaboardrestoration.com on 127.0.0.53:53: no such host
UP           | https://platinumpaintingandserviceinc.com | HTTP 200 | 132ms | SSL: 2026-12-03 (80 days)
UP           | https://aandbauctionservices.com | HTTP 200 | 166ms | SSL: 2026-12-05 (82 days)
UP           | http://reidheatingandair.com | HTTP 200 | 172ms | SSL: 
UP           | https://pristineccs.com/ | HTTP 200 | 176ms | SSL: 2026-11-08 (55 days)
UP           | https://westcoastdents.com | HTTP 200 | 1594ms | SSL: 2026-11-01 (47 days)
UP           | https://catoiletwhisperer.com | HTTP 200 | 653ms | SSL: 2026-12-08 (85 days)
UP           | https://ivyheatingandair.com | HTTP 200 | 266ms | SSL: 2026-11-24 (70 days)
UP           | https://primaryheatingandcooling.com | HTTP 200 | 122ms | SSL: 2026-12-02 (79 days)
UP           | https://businessnotions.com/ | HTTP 200 | 604ms | SSL: 2026-10-15 (30 days)
UP           | https://www.butzwelding.com | HTTP 200 | 100ms | SSL: 2026-11-17 (64 days)
UP           | https://brimicfoundation.com/ | HTTP 200 | 267ms | SSL: 2026-10-21 (37 days)
UP           | https://endlesssummercharters.com/ | HTTP 200 | 248ms | SSL: 2026-10-18 (34 days)
UP           | https://thekiddiekornerboutique.com | HTTP 200 | 268ms | SSL: 2026-11-08 (55 days)
UP           | https://safloralelegance.com | HTTP 200 | 607ms | SSL: 2026-11-15 (62 days)
UP           | http://allbrandsheatingandcooling.com | HTTP 200 | 104ms | SSL: 
UP           | http://plumbersouthfl.com | HTTP 200 | 240ms | SSL: 2026-11-24 (71 days)
UP           | http://wjauction.com | HTTP 200 | 236ms | SSL: 2026-11-08 (55 days)
UP           | https://txpanhandlelogistics.com | HTTP 200 | 692ms | SSL: 2026-10-06 (22 days)
UP           | https://mullinstruckingllc.com/ | HTTP 200 | 314ms | SSL: 2026-10-22 (38 days)
UP           | https://fratiplumbing.net | HTTP 200 | 124ms | SSL: 2026-12-06 (83 days)
UP           | https://loganshouse.com/ | HTTP 200 | 721ms | SSL: 2026-10-13 (29 days)
UP           | http://plantsunlimiteddurham.com | HTTP 200 | 261ms | SSL: 2026-10-18 (34 days)
UP           | http://protechdiesel.biz/ | HTTP 200 | 307ms | SSL: 2026-11-15 (62 days)
UP           | https://cherrycreekshadesanddraperys.com | HTTP 200 | 165ms | SSL: 2026-10-22 (38 days)
ERROR        | https://centralmotorsale.com | HTTP 404 | 279ms | SSL: 2026-10-20 (35 days)
UP           | https://jsaengineers.com | HTTP 200 | 247ms | SSL: 2026-11-23 (70 days)
UP           | https://boilertechnologies.com | HTTP 200 | 200ms | SSL: 2026-11-16 (63 days)
UP           | https://trucarma.com/ | HTTP 200 | 167ms | SSL: 2026-12-08 (85 days)
UP           | https://wyomingarmoredservice.com | HTTP 200 | 115ms | SSL: 2026-11-25 (72 days)
UP           | https://brvparkpropane.com/ | HTTP 200 | 580ms | SSL: 2026-10-18 (33 days)
UP           | https://primeappraisalsmi.com | HTTP 200 | 165ms | SSL: 2026-11-19 (66 days)
UP           | https://newenglandgroupctinc.com | HTTP 200 | 378ms | SSL: 
UP           | https://www.napavalleyfitness.com | HTTP 200 | 132ms | SSL: 2026-11-08 (55 days)
UP           | https://www.prosidingandwindows.net/ | HTTP 200 | 410ms | SSL: 2026-10-28 (44 days)
UP           | https://www.eocatx.com/ | HTTP 200 | 361ms | SSL: 2026-12-11 (87 days)
UP           | https://www.drainrooterplumbingsd.com/ | HTTP 200 | 113ms | SSL: 2026-12-06 (83 days)
UP           | https://glassimpressionslv.com | HTTP 200 | 95ms | SSL: 2026-11-25 (72 days)
UP           | https://shultarchitect.com | HTTP 200 | 117ms | SSL: 2026-12-06 (83 days)
UP           | https://inthemix-adc.com | HTTP 200 | 234ms | SSL: 2026-11-08 (55 days)
UP           | https://www.sexton-repairs.com/ | HTTP 200 | 236ms | SSL: 2026-10-15 (31 days)
ERROR        | https://fraserplumbingarkansas.com/ | HTTP 404 | 285ms | SSL: 2026-09-25 (11 days)
UP           | https://foothillsmachininginc.com | HTTP 200 | 199ms | SSL: 2026-11-19 (66 days)
UP           | https://rangerenovation.com | HTTP 200 | 244ms | SSL: 2026-11-08 (55 days)
UP           | https://modelcoelectric.com/ | HTTP 200 | 265ms | SSL: 2026-10-18 (34 days)
UP           | https://conveyor-tek.com | HTTP 200 | 644ms | SSL: 2026-10-22 (37 days)
UP           | http://longspest.com | HTTP 200 | 323ms | SSL: 2026-11-08 (55 days)
UP           | https://spindledynamicsaxlerepair.com | HTTP 200 | 146ms | SSL: 2026-10-18 (34 days)
UP           | https://mevoutdoor.com/ | HTTP 200 | 341ms | SSL: 2026-11-24 (70 days)
UP           | https://greenbushpros.com/ | HTTP 200 | 631ms | SSL: 2026-11-23 (70 days)
UP           | https://harveysarlesinsurance.com/ | HTTP 200 | 639ms | SSL: 2026-12-02 (78 days)
UP           | http://affordablerooter.com/ | HTTP 200 | 316ms | SSL: 2026-11-22 (69 days)
UP           | https://thomasmccannlaw.com | HTTP 200 | 105ms | SSL: 2026-12-08 (85 days)
UP           | https://southshoretruckrepair.com | HTTP 200 | 222ms | SSL: 2026-12-11 (88 days)
UP           | https://pacificgaragerepair.com | HTTP 200 | 182ms | SSL: 2026-11-24 (70 days)
UP           | https://www.thespringking.net/ | HTTP 200 | 187ms | SSL: 2026-11-24 (71 days)
UP           | https://www.hansmotosports.com/ | HTTP 200 | 174ms | SSL: 2026-10-22 (38 days)
UP           | https://www.advancedalarmlock.com | HTTP 200 | 97ms | SSL: 2026-11-15 (62 days)
UP           | https://www.amishstonefirepits.com/ | HTTP 200 | 112ms | SSL: 2026-12-08 (85 days)
UP           | https://www.noatoutdoorliving.com/ | HTTP 200 | 132ms | SSL: 2026-11-25 (72 days)
UP           | https://campbellhuitt.com | HTTP 200 | 262ms | SSL: 2026-12-10 (87 days)
UP           | https://www.bulldogmovingclt.com/ | HTTP 200 | 192ms | SSL: 2026-10-21 (37 days)
UP           | https://terseptic.com | HTTP 200 | 168ms | SSL: 2026-10-27 (42 days)
UP           | https://www.nmwcattorneys.com/ | HTTP 200 | 165ms | SSL: 2026-11-24 (70 days)
UP           | https://www.jandpbikeshop.com/ | HTTP 200 | 471ms | SSL: 2026-11-27 (73 days)
ERROR        | https://angelabrowderhomecare.com/ | HTTP 403 | 259ms | SSL: 2026-11-27 (73 days)
UP           | https://www.5pointslandscaping.com/ | HTTP 200 | 199ms | SSL: 2026-10-23 (38 days)
UP           | https://carpettechcleaning.com | HTTP 200 | 290ms | SSL: 2026-10-20 (36 days)
UP           | https://www.mtccpressurewashing.com/ | HTTP 200 | 149ms | SSL: 2026-11-24 (70 days)
UP           | https://ochoaelectricsandiego.com | HTTP 200 | 108ms | SSL: 2026-11-08 (55 days)
UP           | https://vanityfairbaths.com | HTTP 200 | 224ms | SSL: 2026-11-08 (55 days)
UP           | https://www.asapcontainers.com/ | HTTP 200 | 142ms | SSL: 2026-11-08 (55 days)
UP           | https://www.boyleheatingandcooling.net/ | HTTP 200 | 993ms | SSL: 2026-09-27 (13 days)
UP           | https://www.zulaufconstruction.com | HTTP 200 | 321ms | SSL: 2026-09-27 (13 days)
UP           | https://www.carpetcleaningomaha.com | HTTP 200 | 133ms | SSL: 2026-12-03 (80 days)
UP           | https://cakeschocolatesandmore.com/ | HTTP 200 | 281ms | SSL: 2026-10-21 (37 days)
UP           | https://www.victorytireauto.com | HTTP 200 | 141ms | SSL: 2026-11-09 (56 days)
UP           | https://windsorlimo.com | HTTP 200 | 312ms | SSL: 2026-11-08 (55 days)
UP           | https://www.howieglass.com/ | HTTP 200 | 198ms | SSL: 2026-11-26 (73 days)
UP           | https://www.xlsavebig.com | HTTP 200 | 454ms | SSL: 2026-09-26 (11 days)
UP           | https://www.oxicleaners.com | HTTP 200 | 125ms | SSL: 2026-12-06 (83 days)
UP           | https://petstylessalonandspa.com | HTTP 200 | 193ms | SSL: 2026-11-08 (55 days)
UP           | https://www.riverbluffcanecorsos.com | HTTP 200 | 103ms | SSL: 2026-11-24 (70 days)
UP           | https://stoversflooringanddraperycenter.com/ | HTTP 200 | 251ms | SSL: 2026-11-08 (55 days)
UP           | http://www.aseyourlight.com | HTTP 200 | 150ms | SSL: 
UP           | https://www.missouriglassinc.com/ | HTTP 200 | 120ms | SSL: 2026-12-06 (83 days)
UP           | https://www.coddingtonlock.com/ | HTTP 200 | 492ms | SSL: 2026-10-28 (44 days)
DOWN         | https://www.andyperuginos.com/ | ERROR: Head "https://www.andyperuginos.com/": EOF
UP           | https://tntcarpetcleaners.com | HTTP 200 | 197ms | SSL: 2026-11-08 (55 days)
UP           | https://www.opsct.com | HTTP 200 | 681ms | SSL: 2026-12-06 (82 days)
UP           | https://securitycompanyms.com | HTTP 200 | 112ms | SSL: 2026-12-08 (85 days)
UP           | https://abbottscatering.com | HTTP 200 | 582ms | SSL: 2026-10-03 (18 days)
UP           | https://timothymwilliamslaw.com | HTTP 200 | 254ms | SSL: 2026-10-24 (40 days)
DOWN         | https://www.garyhuebnerlaw.com/ | ERROR: Get "https://www.garyhuebnerlaw.com/": tls: failed to verify certificate: x509: certificate is valid for broken-ssl.multiscreensite.com, not www.garyhuebnerlaw.com
UP           | https://www.thepoisonivyguy.com/ | HTTP 200 | 97ms | SSL: 2026-12-08 (85 days)
UP           | https://parkpharmacyrx.com | HTTP 200 | 180ms | SSL: 2026-11-16 (63 days)
ERROR        | https://gillettesignworks.com | HTTP 403 | 80ms | SSL: 2026-12-08 (85 days)
UP           | https://www.richroofing.com/ | HTTP 200 | 321ms | SSL: 2026-10-18 (33 days)
UP           | http://lassiterelectric.com | HTTP 200 | 109ms | SSL: 
UP           | https://www.fatpocketpawn.biz | HTTP 200 | 342ms | SSL: 2026-10-27 (42 days)
UP           | https://lockhartaircare.com | HTTP 200 | 119ms | SSL: 2026-12-06 (83 days)
UP           | https://www.eaglewaterfiltration.com/ | HTTP 200 | 177ms | SSL: 2026-10-22 (38 days)
UP           | https://www.epsteinspaint.com/ | HTTP 200 | 298ms | SSL: 2026-11-26 (72 days)
UP           | https://www.appliancereliancellc.com/ | HTTP 200 | 324ms | SSL: 2026-09-23 (9 days)
UP           | https://www.timworthystransmissionrepairs.com/ | HTTP 200 | 215ms | SSL: 2026-11-04 (51 days)
ERROR        | https://www.cashgoldnj.com | HTTP 404 | 319ms | SSL: 2026-12-13 (89 days)
UP           | https://dlacupuncture.com | HTTP 200 | 115ms | SSL: 2026-12-06 (83 days)
UP           | https://www.rockyhillmeats.com/ | HTTP 200 | 102ms | SSL: 2026-11-04 (51 days)
UP           | https://www.absheatingandairconditioning.com/ | HTTP 200 | 114ms | SSL: 2026-10-18 (34 days)
UP           | https://tcpestsolutions.com/ | HTTP 200 | 563ms | SSL: 2026-11-25 (71 days)
UP           | https://www.tempbydesign.com/ | HTTP 200 | 90ms | SSL: 2026-10-18 (34 days)
ERROR        | https://tavosconstructionllc.com/ | HTTP 404 | 276ms | SSL: 2026-12-11 (87 days)
ERROR        | https://www.eastgeorgiatreeservice.com/ | HTTP 403 | 161ms | SSL: 2026-10-20 (35 days)
UP           | https://coastalcabinetsandgranite.com/ | HTTP 200 | 580ms | SSL: 2026-11-30 (77 days)
ERROR        | https://www.r7electricutah.com/ | HTTP 404 | 316ms | SSL: 2026-10-09 (24 days)
UP           | https://preferredremodeling.net/ | HTTP 200 | 257ms | SSL: 2026-11-24 (70 days)
UP           | https://www.jml-electric.com | HTTP 200 | 119ms | SSL: 2026-12-06 (83 days)
UP           | http://resto-pros.net | HTTP 200 | 296ms | SSL: 2026-11-08 (55 days)
UP           | http://scconstruction.info | HTTP 200 | 318ms | SSL: 2026-11-07 (54 days)
UP           | https://www.porteroutdoorservices.com/ | HTTP 200 | 356ms | SSL: 2026-10-18 (33 days)
UP           | http://killswitchauto.com | HTTP 200 | 435ms | SSL: 2026-11-08 (55 days)
UP           | https://coxdecorativeconcrete.com/ | HTTP 200 | 336ms | SSL: 2026-10-22 (38 days)
UP           | http://charlesfulkroaddisposal.com | HTTP 200 | 135ms | SSL: 
UP           | https://wireguyselectric.com/ | HTTP 200 | 143ms | SSL: 2026-10-22 (38 days)
UP           | https://www.dentconceptstx.com/ | HTTP 200 | 144ms | SSL: 2026-10-22 (38 days)
UP           | https://fincorefrigeration.com | HTTP 200 | 216ms | SSL: 2026-11-18 (65 days)
UP           | http://rocketcitymarine.com | HTTP 200 | 263ms | SSL: 2026-11-24 (70 days)
UP           | https://cleantechsystemsnm.com | HTTP 200 | 513ms | SSL: 2026-10-19 (35 days)
UP           | https://www.affordablecustomgolfcarts.com/ | HTTP 200 | 109ms | SSL: 2026-12-05 (82 days)
UP           | https://greenscapeslawns.com/ | HTTP 200 | 244ms | SSL: 2026-10-22 (38 days)
UP           | https://jtstree.com/ | HTTP 200 | 242ms | SSL: 2026-12-01 (78 days)
UP           | https://www.dixiefenceohio.com/ | HTTP 200 | 162ms | SSL: 2026-11-24 (71 days)
UP           | https://allkidsarespecial.net | HTTP 200 | 127ms | SSL: 2026-12-05 (82 days)
UP           | https://sgrcalifornia.com/ | HTTP 200 | 106ms | SSL: 2026-12-03 (80 days)
UP           | https://www.garysroofingandconst.com/ | HTTP 200 | 120ms | SSL: 2026-12-05 (82 days)
UP           | https://www.breezehvac.com/ | HTTP 200 | 307ms | SSL: 2026-12-05 (81 days)
UP           | https://rcpoolworks.com | HTTP 200 | 158ms | SSL: 2026-11-04 (51 days)
UP           | https://Freedomcarpet.net | HTTP 200 | 229ms | SSL: 2026-10-22 (38 days)
UP           | https://rolandoroofing.net | HTTP 200 | 184ms | SSL: 2026-11-03 (49 days)
UP           | http://ormondlandscaping.com/ | HTTP 200 | 325ms | SSL: 2026-11-08 (55 days)
UP           | https://www.alliedroofingco.com/ | HTTP 200 | 301ms | SSL: 2026-12-09 (85 days)
UP           | https://www.waterheatersracinewi.com/ | HTTP 200 | 418ms | SSL: 2026-09-29 (14 days)
UP           | https://www.atlanticdrywallandpaint.com/ | HTTP 200 | 103ms | SSL: 2026-11-22 (69 days)
DOWN         | https://grantsappliancerepairllc.com/ | ERROR: Get "https://grantsappliancerepairllc.com/": dial tcp: lookup grantsappliancerepairllc.com on 127.0.0.53:53: no such host
UP           | http://aaaexcavate.com | HTTP 200 | 254ms | SSL: 2026-12-05 (82 days)
UP           | https://gormanandsonslandscaping.com/ | HTTP 200 | 282ms | SSL: 2026-11-05 (52 days)
UP           | https://texasproroofing.net/ | HTTP 200 | 130ms | SSL: 2026-10-22 (38 days)
UP           | https://www.808towing.com/ | HTTP 200 | 137ms | SSL: 2026-12-11 (88 days)
UP           | https://www.jandbtreeservice.net/ | HTTP 200 | 239ms | SSL: 2026-11-08 (55 days)
UP           | https://sweetmountainair.co | HTTP 200 | 155ms | SSL: 2026-11-05 (52 days)
UP           | https://www.stormprosva.com/ | HTTP 200 | 118ms | SSL: 2026-10-22 (38 days)
UP           | https://www.atlantic217.com/ | HTTP 200 | 374ms | SSL: 2026-09-26 (11 days)
UP           | https://lakehamiltonappraisals.com/ | HTTP 200 | 293ms | SSL: 2026-11-08 (55 days)
UP           | https://kcservicecenterpa.com | HTTP 200 | 273ms | SSL: 2026-11-08 (55 days)
UP           | https://mobsfloorcare.com/ | HTTP 200 | 167ms | SSL: 2026-11-08 (55 days)
UP           | https://wennigercompressor.com/ | HTTP 200 | 166ms | SSL: 2026-12-13 (89 days)
UP           | https://mauicontainersales.com/ | HTTP 200 | 520ms | SSL: 2026-11-08 (55 days)
UP           | https://www.24-hourrefrigeration.com/ | HTTP 200 | 165ms | SSL: 2026-12-02 (79 days)
UP           | https://anteaterspestcontrol.net | HTTP 200 | 248ms | SSL: 2026-10-21 (37 days)
UP           | http://furniturefixxers.com | HTTP 200 | 364ms | SSL: 2026-11-08 (55 days)
UP           | https://www.apexgutters.com/ | HTTP 200 | 204ms | SSL: 2026-10-23 (38 days)
UP           | https://blackdogrr.com/ | HTTP 200 | 128ms | SSL: 2026-12-05 (82 days)
UP           | https://hogiesconstruction.com/ | HTTP 200 | 239ms | SSL: 2026-12-05 (82 days)
UP           | https://www.askyline.com/ | HTTP 200 | 322ms | SSL: 2026-09-21 (7 days)
UP           | https://www.dbarrsvcs.com/ | HTTP 200 | 249ms | SSL: 2026-10-22 (38 days)
UP           | https://powellpestcontrol.net/ | HTTP 200 | 226ms | SSL: 2026-10-18 (33 days)
UP           | https://wireguys.com | HTTP 200 | 181ms | SSL: 2026-11-08 (55 days)
ERROR        | https://economysidingtn.com/ | HTTP 404 | 273ms | SSL: 2026-11-08 (55 days)
UP           | https://rsccontracting.org/ | HTTP 200 | 479ms | SSL: 2026-10-23 (38 days)
UP           | https://www.bhswelding.com/ | HTTP 200 | 171ms | SSL: 2026-11-15 (62 days)
UP           | https://www.yourfamilysalon.com/ | HTTP 200 | 360ms | SSL: 2026-11-23 (69 days)
UP           | https://www.alswelldrilling.com/ | HTTP 200 | 191ms | SSL: 2026-12-05 (81 days)
UP           | http://customoutdoorsolutionsny.com | HTTP 200 | 168ms | SSL: 
UP           | https://raffoulheatingandair.com | HTTP 200 | 149ms | SSL: 2026-10-20 (36 days)
UP           | http://dynamohi.com | HTTP 200 | 330ms | SSL: 2026-12-05 (82 days)
UP           | https://danrandandassoc.com/ | HTTP 200 | 240ms | SSL: 2026-11-26 (73 days)
UP           | https://carbondalewoodshop.com/ | HTTP 200 | 645ms | SSL: 2026-11-18 (64 days)
UP           | https://smithhvacservices.com/index | HTTP 200 | 106ms | SSL: 2026-12-08 (85 days)
UP           | http://www.junk-punks.com/ | HTTP 200 | 397ms | SSL: 2026-11-05 (51 days)
UP           | https://www.fndcontracting.com | HTTP 200 | 358ms | SSL: 2026-10-31 (47 days)
UP           | http://hopelandscaping.com | HTTP 200 | 277ms | SSL: 2026-10-21 (37 days)
UP           | https://larrysae.com | HTTP 200 | 553ms | SSL: 2026-12-04 (80 days)
UP           | https://www.ezoutcollisioncenter.com/ | HTTP 200 | 349ms | SSL: 2026-10-22 (38 days)
UP           | https://rsccontracting.org/ | HTTP 200 | 44ms | SSL: 2026-10-23 (38 days)
UP           | http://ccelectricbcs.com | HTTP 200 | 212ms | SSL: 2026-10-23 (38 days)
UP           | http://ccelectricbcs.com | HTTP 200 | 176ms | SSL: 2026-10-23 (38 days)
UP           | https://tropicglassenclosuresfl.com/ | HTTP 200 | 295ms | SSL: 2026-11-08 (55 days)
UP           | https://www.fireflycontractor.com/ | HTTP 200 | 145ms | SSL: 2026-11-22 (69 days)
UP           | https://www.tridentconstructiongp.com/ | HTTP 200 | 104ms | SSL: 2026-11-08 (55 days)
UP           | https://roettgerwelding.com/ | HTTP 200 | 118ms | SSL: 2026-12-03 (79 days)
UP           | https://azjanitorialservice.com | HTTP 200 | 582ms | SSL: 2026-11-22 (69 days)
UP           | https://camoconstructionllc.com/ | HTTP 200 | 146ms | SSL: 2026-12-05 (82 days)
UP           | https://totalcomfortcleaners.com | HTTP 200 | 405ms | SSL: 2026-10-23 (38 days)
UP           | https://www.brianemmonsroofing.com/ | HTTP 200 | 374ms | SSL: 2026-12-02 (78 days)
UP           | https://www.customelitedetailcarwash.com/ | HTTP 200 | 612ms | SSL: 2026-10-22 (38 days)
UP           | https://www.noatoutdoorliving.com/ | HTTP 200 | 73ms | SSL: 2026-11-25 (72 days)
UP           | https://southfloridadockandseawall.com | HTTP 200 | 176ms | SSL: 2026-11-28 (75 days)
UP           | https://www.rselectricms.com | HTTP 200 | 183ms | SSL: 2026-12-01 (78 days)
UP           | http://allbrightcleaningkc.com | HTTP 200 | 112ms | SSL: 
UP           | https://paintingbypros.com/ | HTTP 200 | 394ms | SSL: 2026-10-13 (29 days)
UP           | https://www.ancientcitygaragedoors.com | HTTP 200 | 352ms | SSL: 2026-10-21 (37 days)
UP           | https://www.mikeandmikeroofing.com/ | HTTP 200 | 318ms | SSL: 2026-11-04 (50 days)
UP           | https://maxpressfoundationrepair.com/ | HTTP 200 | 336ms | SSL: 2026-11-30 (76 days)
UP           | https://offshorepropertyservices.com | HTTP 200 | 302ms | SSL: 2026-10-23 (38 days)
UP           | http://dynamohi.com | HTTP 200 | 64ms | SSL: 2026-12-05 (82 days)
UP           | https://patdollautomotivewi.com/ | HTTP 200 | 92ms | SSL: 2026-10-15 (31 days)
UP           | http://renewconstructionnm.com | HTTP 200 | 303ms | SSL: 2027-03-21 (187 days)
DOWN         | http://seaboardrestoration.com/ | ERROR: Get "http://seaboardrestoration.com/": dial tcp: lookup seaboardrestoration.com on 127.0.0.53:53: no such host
UP           | https://www.fisherhomeinspectionsllc.com/ | HTTP 200 | 334ms | SSL: 2026-10-20 (36 days)
UP           | https://www.jmplumbersinc.com/ | HTTP 200 | 303ms | SSL: 2026-11-02 (48 days)
UP           | https://finishlineautotire.com/ | HTTP 200 | 129ms | SSL: 2026-12-06 (83 days)
UP           | http://vitosexpress.com | HTTP 200 | 348ms | SSL: 2026-11-08 (55 days)
UP           | https://www.thesignsolution.net/ | HTTP 200 | 88ms | SSL: 2026-10-18 (34 days)
UP           | https://bagremodelers.com/ | HTTP 200 | 101ms | SSL: 2026-12-05 (82 days)
UP           | https://www.problemtree.com | HTTP 200 | 187ms | SSL: 2026-10-23 (38 days)
UP           | https://capri-wash.com | HTTP 200 | 277ms | SSL: 2026-10-28 (44 days)
DOWN         | https://landscapeofbrainerd.com/ | ERROR: Head "https://landscapeofbrainerd.com/": EOF
UP           | https://totalpackagelandscapeworksllc.com | HTTP 200 | 131ms | SSL: 2026-10-18 (34 days)
UP           | https://acesandblasting.co/ | HTTP 200 | 241ms | SSL: 2026-10-27 (43 days)
UP           | https://5startexasroofing.com/ | HTTP 200 | 265ms | SSL: 2026-11-24 (71 days)
UP           | https://caudletreeservice.com/ | HTTP 200 | 244ms | SSL: 2026-11-18 (65 days)
UP           | https://www.bayoustatemoving.com/ | HTTP 200 | 170ms | SSL: 2026-10-15 (31 days)
UP           | https://www.1classproperties.com/ | HTTP 200 | 135ms | SSL: 2026-10-22 (38 days)
UP           | https://www.1classrealty.com/ | HTTP 200 | 237ms | SSL: 2026-11-23 (70 days)
UP           | https://www.aimhighdetailing.com/ | HTTP 200 | 371ms | SSL: 2026-10-22 (37 days)
UP           | https://www.tampablindsbydesign.com/ | HTTP 200 | 193ms | SSL: 2026-10-21 (37 days)
UP           | http://thelocalplumber.com | HTTP 200 | 285ms | SSL: 2026-12-08 (85 days)
UP           | https://frontieraircon.com/ | HTTP 200 | 202ms | SSL: 2026-12-07 (84 days)
UP           | https://www.saltlakecitycabinetry.com/ | HTTP 200 | 109ms | SSL: 2026-11-25 (72 days)
UP           | https://mantispestma.com | HTTP 200 | 759ms | SSL: 2026-10-08 (24 days)
UP           | https://tyslandscapingiowa.com | HTTP 200 | 338ms | SSL: 2026-11-05 (52 days)
UP           | https://www.herrwelldrillingwi.com/ | HTTP 200 | 196ms | SSL: 2026-11-24 (70 days)
UP           | https://www.problemtree.com/ | HTTP 200 | 45ms | SSL: 2026-10-23 (38 days)
UP           | https://tandkventures.com/ | HTTP 200 | 100ms | SSL: 2026-10-18 (34 days)
UP           | http://muddyriversconcrete.com | HTTP 200 | 226ms | SSL: 2026-11-08 (55 days)
UP           | https://accurateandconfidentialtaxservice.com/ | HTTP 200 | 200ms | SSL: 2026-11-08 (55 days)
DOWN         | https://mcneelytreeservice.com/ | ERROR: Get "https://mcneelytreeservice.com/": dial tcp: lookup mcneelytreeservice.com on 127.0.0.53:53: no such host
UP           | https://www.mvpgardencenter.com/ | HTTP 200 | 113ms | SSL: 2026-12-06 (83 days)
UP           | https://abccarpetcleanerssd.com | HTTP 200 | 135ms | SSL: 2026-11-11 (57 days)
Summary: 224 UP | 9 ERROR | 7 DOWN | 0 UNVERIFIABLE
