=== 2026-07-23 10:29:03 ===
UP           | https://offshorepropertyservices.com | HTTP 200 | 742ms | SSL: 2026-09-09 (47 days)
DOWN         | http://seaboardrestoration.com/ | ERROR: Get "http://seaboardrestoration.com/": dial tcp: lookup seaboardrestoration.com on 127.0.0.53:53: no such host
UP           | https://platinumpaintingandserviceinc.com | HTTP 200 | 587ms | SSL: 2026-10-01 (69 days)
UP           | https://aandbauctionservices.com | HTTP 200 | 119ms | SSL: 2026-10-07 (76 days)
UP           | http://reidheatingandair.com | HTTP 200 | 145ms | SSL: 
UP           | https://pristineccs.com/ | HTTP 200 | 2683ms | SSL: 2026-10-11 (80 days)
UP           | https://westcoastdents.com | HTTP 200 | 1387ms | SSL: 2026-09-03 (41 days)
UP           | https://catoiletwhisperer.com | HTTP 200 | 628ms | SSL: 2026-09-16 (55 days)
UP           | https://ivyheatingandair.com | HTTP 200 | 642ms | SSL: 2026-09-16 (55 days)
UP           | https://primaryheatingandcooling.com | HTTP 200 | 593ms | SSL: 2026-09-28 (66 days)
UP           | https://businessnotions.com/ | HTTP 200 | 672ms | SSL: 2026-10-15 (84 days)
UP           | https://www.butzwelding.com | HTTP 200 | 443ms | SSL: 2026-09-20 (59 days)
UP           | https://brimicfoundation.com/ | HTTP 200 | 577ms | SSL: 2026-09-23 (62 days)
UP           | https://endlesssummercharters.com/ | HTTP 200 | 59ms | SSL: 2026-10-18 (87 days)
UP           | https://thekiddiekornerboutique.com | HTTP 200 | 255ms | SSL: 2026-10-20 (88 days)
UP           | https://safloralelegance.com | HTTP 200 | 639ms | SSL: 2026-09-21 (60 days)
UP           | http://allbrandsheatingandcooling.com | HTTP 200 | 88ms | SSL: 
UP           | http://plumbersouthfl.com | HTTP 200 | 462ms | SSL: 2026-10-05 (74 days)
UP           | http://wjauction.com | HTTP 200 | 524ms | SSL: 2026-10-05 (74 days)
UP           | https://txpanhandlelogistics.com | HTTP 200 | 879ms | SSL: 2026-10-06 (75 days)
UP           | https://mullinstruckingllc.com/ | HTTP 200 | 709ms | SSL: 2026-08-09 (16 days)
UP           | https://fratiplumbing.net | HTTP 200 | 85ms | SSL: 2026-10-08 (77 days)
UP           | https://loganshouse.com/ | HTTP 200 | 802ms | SSL: 2026-10-13 (82 days)
UP           | http://plantsunlimiteddurham.com | HTTP 200 | 77ms | SSL: 
UP           | http://protechdiesel.biz/ | HTTP 200 | 526ms | SSL: 2026-08-09 (16 days)
UP           | https://cherrycreekshadesanddraperys.com | HTTP 200 | 524ms | SSL: 2026-10-16 (84 days)
UP           | https://centralmotorsale.com | HTTP 200 | 670ms | SSL: 2026-10-20 (88 days)
UP           | https://jsaengineers.com | HTTP 200 | 586ms | SSL: 2026-08-10 (17 days)
UP           | https://boilertechnologies.com | HTTP 200 | 639ms | SSL: 2026-09-26 (65 days)
UP           | https://trucarma.com/ | HTTP 200 | 740ms | SSL: 2026-09-16 (54 days)
UP           | https://wyomingarmoredservice.com | HTTP 200 | 658ms | SSL: 2026-09-03 (41 days)
UP           | https://brvparkpropane.com/ | HTTP 200 | 563ms | SSL: 2026-10-18 (86 days)
UP           | https://primeappraisalsmi.com | HTTP 200 | 524ms | SSL: 2026-09-13 (52 days)
UP           | https://newenglandgroupctinc.com | HTTP 200 | 444ms | SSL: 
UP           | https://www.napavalleyfitness.com | HTTP 200 | 272ms | SSL: 2026-10-04 (73 days)
UP           | https://www.prosidingandwindows.net/ | HTTP 200 | 297ms | SSL: 2026-10-15 (83 days)
UP           | https://www.eocatx.com/ | HTTP 200 | 317ms | SSL: 2026-09-19 (57 days)
UP           | https://www.drainrooterplumbingsd.com/ | HTTP 200 | 83ms | SSL: 2026-10-08 (77 days)
UP           | https://glassimpressionslv.com | HTTP 200 | 728ms | SSL: 2026-09-25 (63 days)
UP           | https://shultarchitect.com | HTTP 200 | 86ms | SSL: 2026-10-08 (77 days)
UP           | https://inthemix-adc.com | HTTP 200 | 597ms | SSL: 2026-08-17 (25 days)
UP           | https://www.sexton-repairs.com/ | HTTP 200 | 136ms | SSL: 2026-10-15 (84 days)
ERROR        | https://fraserplumbingarkansas.com/ | HTTP 404 | 291ms | SSL: 2026-09-25 (64 days)
UP           | https://foothillsmachininginc.com | HTTP 200 | 632ms | SSL: 2026-10-19 (88 days)
UP           | https://rangerenovation.com | HTTP 200 | 598ms | SSL: 2026-10-20 (89 days)
UP           | https://modelcoelectric.com/ | HTTP 200 | 91ms | SSL: 2026-10-18 (87 days)
UP           | https://conveyor-tek.com | HTTP 200 | 645ms | SSL: 2026-07-31 (7 days)
UP           | http://longspest.com | HTTP 200 | 439ms | SSL: 
UP           | https://spindledynamicsaxlerepair.com | HTTP 200 | 90ms | SSL: 2026-10-18 (87 days)
UP           | https://mevoutdoor.com/ | HTTP 200 | 594ms | SSL: 2026-09-14 (52 days)
UP           | https://greenbushpros.com/ | HTTP 200 | 622ms | SSL: 2026-09-23 (61 days)
UP           | https://harveysarlesinsurance.com/ | HTTP 200 | 629ms | SSL: 2026-09-10 (48 days)
UP           | http://affordablerooter.com/ | HTTP 200 | 142ms | SSL: 2026-09-24 (63 days)
UP           | https://thomasmccannlaw.com | HTTP 200 | 673ms | SSL: 2026-10-15 (83 days)
UP           | https://southshoretruckrepair.com | HTTP 200 | 78ms | SSL: 2026-10-13 (82 days)
UP           | https://pacificgaragerepair.com | HTTP 200 | 690ms | SSL: 2026-09-12 (50 days)
UP           | https://www.thespringking.net/ | HTTP 200 | 289ms | SSL: 2026-09-20 (59 days)
UP           | https://www.hansmotosports.com/ | HTTP 200 | 253ms | SSL: 2026-09-10 (48 days)
UP           | https://www.advancedalarmlock.com | HTTP 200 | 288ms | SSL: 2026-07-31 (7 days)
UP           | https://www.amishstonefirepits.com/ | HTTP 200 | 245ms | SSL: 2026-10-17 (85 days)
UP           | https://www.noatoutdoorliving.com/ | HTTP 200 | 374ms | SSL: 2026-10-07 (76 days)
ERROR        | https://campbellhuitt.com | HTTP 404 | 287ms | SSL: 2026-09-20 (59 days)
UP           | https://www.bulldogmovingclt.com/ | HTTP 200 | 303ms | SSL: 2026-10-12 (80 days)
DOWN         | https://terseptic.com | ERROR: Get "https://terseptic.com": tls: failed to verify certificate: x509: certificate is valid for broken-ssl.multiscreensite.com, not terseptic.com
UP           | https://www.nmwcattorneys.com/ | HTTP 200 | 292ms | SSL: 2026-09-25 (63 days)
UP           | https://www.jandpbikeshop.com/ | HTTP 200 | 378ms | SSL: 2026-09-05 (44 days)
ERROR        | https://angelabrowderhomecare.com/ | HTTP 404 | 348ms | SSL: 2026-09-05 (44 days)
UP           | https://www.5pointslandscaping.com/ | HTTP 200 | 307ms | SSL: 2026-09-05 (43 days)
UP           | https://carpettechcleaning.com | HTTP 200 | 112ms | SSL: 2026-10-20 (89 days)
UP           | https://www.mtccpressurewashing.com/ | HTTP 200 | 319ms | SSL: 2026-09-22 (61 days)
UP           | https://ochoaelectricsandiego.com | HTTP 200 | 602ms | SSL: 2026-08-10 (17 days)
UP           | https://vanityfairbaths.com | HTTP 200 | 568ms | SSL: 2026-10-01 (70 days)
UP           | https://www.asapcontainers.com/ | HTTP 200 | 396ms | SSL: 2026-10-01 (69 days)
UP           | https://www.boyleheatingandcooling.net/ | HTTP 200 | 918ms | SSL: 2026-09-27 (66 days)
UP           | https://www.zulaufconstruction.com | HTTP 200 | 287ms | SSL: 2026-09-27 (66 days)
UP           | https://www.carpetcleaningomaha.com | HTTP 200 | 285ms | SSL: 2026-10-19 (88 days)
UP           | https://cakeschocolatesandmore.com/ | HTTP 200 | 533ms | SSL: 2026-10-17 (85 days)
UP           | https://www.victorytireauto.com | HTTP 200 | 302ms | SSL: 2026-10-20 (88 days)
UP           | https://windsorlimo.com | HTTP 200 | 603ms | SSL: 2026-08-02 (10 days)
UP           | https://www.howieglass.com/ | HTTP 200 | 293ms | SSL: 2026-09-05 (43 days)
UP           | https://www.xlsavebig.com | HTTP 200 | 374ms | SSL: 2026-09-26 (64 days)
UP           | https://www.oxicleaners.com | HTTP 200 | 98ms | SSL: 2026-10-08 (77 days)
UP           | https://petstylessalonandspa.com | HTTP 200 | 658ms | SSL: 2026-10-09 (77 days)
UP           | https://www.riverbluffcanecorsos.com | HTTP 200 | 320ms | SSL: 2026-10-17 (85 days)
UP           | https://stoversflooringanddraperycenter.com/ | HTTP 200 | 611ms | SSL: 2026-10-19 (88 days)
UP           | http://www.aseyourlight.com | HTTP 200 | 521ms | SSL: 2026-10-17 (85 days)
UP           | https://www.missouriglassinc.com/ | HTTP 200 | 92ms | SSL: 2026-10-08 (77 days)
UP           | https://www.coddingtonlock.com/ | HTTP 200 | 405ms | SSL: 2026-09-11 (50 days)
ERROR        | https://www.andyperuginos.com/ | HTTP 404 | 301ms | SSL: 2026-09-21 (60 days)
UP           | https://tntcarpetcleaners.com | HTTP 200 | 658ms | SSL: 2026-09-28 (66 days)
UP           | https://www.opsct.com | HTTP 200 | 122ms | SSL: 2026-10-15 (84 days)
UP           | https://securitycompanyms.com | HTTP 200 | 549ms | SSL: 2026-10-09 (78 days)
UP           | https://abbottscatering.com | HTTP 200 | 637ms | SSL: 2026-10-03 (71 days)
UP           | https://timothymwilliamslaw.com | HTTP 200 | 158ms | SSL: 2026-08-26 (34 days)
DOWN         | https://www.garyhuebnerlaw.com/ | ERROR: Get "https://www.garyhuebnerlaw.com/": tls: failed to verify certificate: x509: certificate is valid for broken-ssl.multiscreensite.com, not www.garyhuebnerlaw.com
UP           | https://www.thepoisonivyguy.com/ | HTTP 200 | 351ms | SSL: 2026-08-02 (10 days)
UP           | https://parkpharmacyrx.com | HTTP 200 | 872ms | SSL: 2026-10-13 (82 days)
UP           | https://gillettesignworks.com | HTTP 200 | 810ms | SSL: 2026-08-05 (13 days)
UP           | https://www.richroofing.com/ | HTTP 200 | 404ms | SSL: 2026-10-18 (87 days)
UP           | http://lassiterelectric.com | HTTP 200 | 561ms | SSL: 2026-08-02 (10 days)
UP           | https://www.fatpocketpawn.biz | HTTP 200 | 1284ms | SSL: 2026-08-05 (13 days)
UP           | https://lockhartaircare.com | HTTP 200 | 129ms | SSL: 2026-10-08 (77 days)
UP           | https://www.eaglewaterfiltration.com/ | HTTP 200 | 274ms | SSL: 2026-09-11 (49 days)
UP           | https://www.epsteinspaint.com/ | HTTP 200 | 886ms | SSL: 2026-09-04 (43 days)
UP           | https://www.appliancereliancellc.com/ | HTTP 200 | 482ms | SSL: 2026-09-23 (62 days)
UP           | https://www.timworthystransmissionrepairs.com/ | HTTP 200 | 280ms | SSL: 2026-09-18 (57 days)
ERROR        | https://www.cashgoldnj.com | HTTP 404 | 295ms | SSL: 2026-09-21 (59 days)
UP           | https://dlacupuncture.com | HTTP 200 | 78ms | SSL: 2026-10-08 (77 days)
UP           | https://www.rockyhillmeats.com/ | HTTP 200 | 304ms | SSL: 2026-10-05 (73 days)
UP           | https://www.absheatingandairconditioning.com/ | HTTP 200 | 83ms | SSL: 2026-10-18 (87 days)
UP           | https://tcpestsolutions.com/ | HTTP 200 | 709ms | SSL: 2026-09-03 (42 days)
UP           | https://www.tempbydesign.com/ | HTTP 200 | 87ms | SSL: 2026-10-18 (87 days)
UP           | https://tavosconstructionllc.com/ | HTTP 200 | 581ms | SSL: 2026-09-19 (57 days)
ERROR        | https://www.eastgeorgiatreeservice.com/ | HTTP 403 | 151ms | SSL: 2026-10-20 (89 days)
UP           | https://coastalcabinetsandgranite.com/ | HTTP 200 | 135ms | SSL: 2026-10-08 (77 days)
ERROR        | https://www.r7electricutah.com/ | HTTP 404 | 295ms | SSL: 2026-10-09 (77 days)
UP           | https://preferredremodeling.net/ | HTTP 200 | 751ms | SSL: 2026-09-28 (66 days)
UP           | https://www.jml-electric.com | HTTP 200 | 80ms | SSL: 2026-10-08 (77 days)
UP           | http://resto-pros.net | HTTP 200 | 593ms | SSL: 2026-09-28 (67 days)
UP           | http://scconstruction.info | HTTP 200 | 281ms | SSL: 2026-08-30 (38 days)
UP           | https://www.porteroutdoorservices.com/ | HTTP 200 | 267ms | SSL: 2026-10-18 (86 days)
UP           | http://killswitchauto.com | HTTP 200 | 487ms | SSL: 2026-09-25 (64 days)
UP           | https://coxdecorativeconcrete.com/ | HTTP 200 | 657ms | SSL: 2026-08-09 (16 days)
UP           | http://charlesfulkroaddisposal.com | HTTP 200 | 93ms | SSL: 
UP           | https://wireguyselectric.com/ | HTTP 200 | 573ms | SSL: 2026-10-08 (77 days)
UP           | https://www.dentconceptstx.com/ | HTTP 200 | 6424ms | SSL: 2026-10-11 (79 days)
UP           | https://fincorefrigeration.com | HTTP 200 | 700ms | SSL: 2026-08-07 (14 days)
UP           | http://rocketcitymarine.com | HTTP 200 | 516ms | SSL: 2026-10-19 (88 days)
UP           | https://cleantechsystemsnm.com | HTTP 200 | 621ms | SSL: 2026-10-19 (88 days)
UP           | https://www.affordablecustomgolfcarts.com/ | HTTP 200 | 158ms | SSL: 2026-10-07 (76 days)
UP           | https://greenscapeslawns.com/ | HTTP 200 | 551ms | SSL: 2026-10-18 (87 days)
UP           | https://jtstree.com/ | HTTP 200 | 660ms | SSL: 2026-08-03 (11 days)
UP           | https://www.dixiefenceohio.com/ | HTTP 200 | 368ms | SSL: 2026-08-09 (16 days)
UP           | https://allkidsarespecial.net | HTTP 200 | 105ms | SSL: 2026-10-07 (76 days)
UP           | https://sgrcalifornia.com/ | HTTP 200 | 632ms | SSL: 2026-08-04 (12 days)
UP           | https://www.garysroofingandconst.com/ | HTTP 200 | 87ms | SSL: 2026-10-07 (76 days)
UP           | https://www.breezehvac.com/ | HTTP 200 | 285ms | SSL: 2026-09-13 (52 days)
UP           | https://rcpoolworks.com | HTTP 200 | 558ms | SSL: 2026-08-08 (15 days)
UP           | https://Freedomcarpet.net | HTTP 200 | 632ms | SSL: 2026-09-08 (47 days)
UP           | https://rolandoroofing.net | HTTP 200 | 562ms | SSL: 2026-09-21 (60 days)
UP           | http://ormondlandscaping.com/ | HTTP 200 | 546ms | SSL: 2026-08-02 (10 days)
UP           | https://www.alliedroofingco.com/ | HTTP 200 | 281ms | SSL: 2026-09-17 (56 days)
UP           | https://www.waterheatersracinewi.com/ | HTTP 200 | 271ms | SSL: 2026-09-29 (68 days)
UP           | https://www.atlanticdrywallandpaint.com/ | HTTP 200 | 290ms | SSL: 2026-09-14 (52 days)
UP           | https://grantsappliancerepairllc.com/ | HTTP 200 | 616ms | SSL: 2026-09-14 (52 days)
UP           | http://aaaexcavate.com | HTTP 200 | 87ms | SSL: 
UP           | https://gormanandsonslandscaping.com/ | HTTP 200 | 560ms | SSL: 2026-10-12 (81 days)
UP           | https://texasproroofing.net/ | HTTP 200 | 623ms | SSL: 2026-09-21 (60 days)
UP           | https://www.808towing.com/ | HTTP 200 | 136ms | SSL: 2026-10-13 (82 days)
UP           | https://www.jandbtreeservice.net/ | HTTP 200 | 271ms | SSL: 2026-10-12 (80 days)
UP           | https://sweetmountainair.co | HTTP 200 | 585ms | SSL: 2026-10-17 (86 days)
UP           | https://www.stormprosva.com/ | HTTP 200 | 296ms | SSL: 2026-10-12 (80 days)
UP           | https://www.atlantic217.com/ | HTTP 200 | 372ms | SSL: 2026-09-26 (65 days)
UP           | https://lakehamiltonappraisals.com/ | HTTP 200 | 583ms | SSL: 2026-08-04 (12 days)
UP           | https://kcservicecenterpa.com | HTTP 200 | 649ms | SSL: 2026-10-10 (79 days)
UP           | https://mobsfloorcare.com/ | HTTP 200 | 583ms | SSL: 2026-09-18 (57 days)
UP           | https://wennigercompressor.com/ | HTTP 200 | 567ms | SSL: 2026-10-10 (78 days)
UP           | https://mauicontainersales.com/ | HTTP 200 | 6830ms | SSL: 2026-08-24 (32 days)
UP           | https://www.24-hourrefrigeration.com/ | HTTP 200 | 268ms | SSL: 2026-07-31 (8 days)
UP           | https://anteaterspestcontrol.net | HTTP 200 | 657ms | SSL: 2026-10-07 (75 days)
UP           | http://furniturefixxers.com | HTTP 200 | 469ms | SSL: 2026-10-15 (83 days)
UP           | https://www.apexgutters.com/ | HTTP 200 | 244ms | SSL: 2026-09-07 (46 days)
UP           | https://blackdogrr.com/ | HTTP 200 | 77ms | SSL: 2026-10-07 (76 days)
UP           | https://hogiesconstruction.com/ | HTTP 200 | 253ms | SSL: 2026-10-07 (76 days)
UP           | https://www.askyline.com/ | HTTP 200 | 426ms | SSL: 2026-09-21 (60 days)
UP           | https://www.dbarrsvcs.com/ | HTTP 200 | 337ms | SSL: 2026-08-16 (24 days)
UP           | https://powellpestcontrol.net/ | HTTP 200 | 92ms | SSL: 2026-10-18 (87 days)
UP           | https://wireguys.com | HTTP 200 | 571ms | SSL: 2026-09-13 (52 days)
ERROR        | https://economysidingtn.com/ | HTTP 404 | 363ms | SSL: 2026-08-17 (25 days)
UP           | https://rsccontracting.org/ | HTTP 200 | 640ms | SSL: 2026-09-21 (60 days)
UP           | https://www.bhswelding.com/ | HTTP 200 | 280ms | SSL: 2026-09-04 (43 days)
UP           | https://www.yourfamilysalon.com/ | HTTP 200 | 317ms | SSL: 2026-09-23 (62 days)
UP           | https://www.alswelldrilling.com/ | HTTP 200 | 178ms | SSL: 2026-10-18 (87 days)
UP           | http://customoutdoorsolutionsny.com | HTTP 200 | 90ms | SSL: 
UP           | https://raffoulheatingandair.com | HTTP 200 | 76ms | SSL: 2026-10-20 (89 days)
UP           | http://dynamohi.com | HTTP 200 | 125ms | SSL: 2026-10-07 (76 days)
UP           | https://danrandandassoc.com/ | HTTP 200 | 582ms | SSL: 2026-09-21 (60 days)
UP           | https://carbondalewoodshop.com/ | HTTP 200 | 597ms | SSL: 2026-10-01 (69 days)
UP           | https://smithhvacservices.com/index | HTTP 200 | 764ms | SSL: 2026-09-05 (44 days)
UP           | http://www.junk-punks.com/ | HTTP 200 | 689ms | SSL: 2026-09-14 (52 days)
DOWN         | https://www.fndcontracting.com | ERROR: Get "https://www.fndcontracting.com": tls: failed to verify certificate: x509: certificate is valid for broken-ssl.multiscreensite.com, not www.fndcontracting.com
UNVERIFIABLE | http://hopelandscaping.com | HTTP 200 | 558ms | SSL: 2026-09-09 (48 days)
UP           | https://larrysae.com | HTTP 200 | 6879ms | SSL: 2026-09-12 (51 days)
UP           | https://www.ezoutcollisioncenter.com/ | HTTP 200 | 250ms | SSL: 2026-07-31 (8 days)
UP           | https://rsccontracting.org/ | HTTP 200 | 518ms | SSL: 2026-09-21 (60 days)
UP           | http://ccelectricbcs.com | HTTP 200 | 498ms | SSL: 2026-08-02 (9 days)
UP           | http://ccelectricbcs.com | HTTP 200 | 415ms | SSL: 2026-08-02 (9 days)
UP           | https://tropicglassenclosuresfl.com/ | HTTP 200 | 832ms | SSL: 2026-09-17 (56 days)
UP           | https://www.fireflycontractor.com/ | HTTP 200 | 313ms | SSL: 2026-09-22 (61 days)
UP           | https://www.tridentconstructiongp.com/ | HTTP 200 | 298ms | SSL: 2026-09-11 (50 days)
UP           | https://roettgerwelding.com/ | HTTP 200 | 55ms | SSL: 2026-10-05 (73 days)
UP           | https://azjanitorialservice.com | HTTP 200 | 551ms | SSL: 2026-08-31 (39 days)
UP           | https://camoconstructionllc.com/ | HTTP 200 | 127ms | SSL: 2026-10-07 (76 days)
UP           | https://totalcomfortcleaners.com | HTTP 200 | 754ms | SSL: 2026-10-13 (82 days)
UP           | https://www.brianemmonsroofing.com/ | HTTP 200 | 405ms | SSL: 2026-09-10 (48 days)
UP           | https://www.customelitedetailcarwash.com/ | HTTP 200 | 360ms | SSL: 2026-10-03 (72 days)
UP           | https://www.noatoutdoorliving.com/ | HTTP 200 | 250ms | SSL: 2026-10-07 (76 days)
UP           | https://southfloridadockandseawall.com | HTTP 200 | 88ms | SSL: 2026-09-30 (69 days)
UP           | https://www.rselectricms.com | HTTP 200 | 312ms | SSL: 2026-10-13 (82 days)
UP           | http://allbrightcleaningkc.com | HTTP 200 | 101ms | SSL: 
UP           | https://paintingbypros.com/ | HTTP 200 | 635ms | SSL: 2026-10-13 (82 days)
UP           | https://www.ancientcitygaragedoors.com | HTTP 200 | 353ms | SSL: 2026-07-30 (7 days)
UP           | https://www.mikeandmikeroofing.com/ | HTTP 200 | 382ms | SSL: 2026-10-09 (77 days)
UP           | https://maxpressfoundationrepair.com/ | HTTP 200 | 626ms | SSL: 2026-09-04 (43 days)
UP           | https://offshorepropertyservices.com | HTTP 200 | 546ms | SSL: 2026-09-09 (47 days)
UP           | http://dynamohi.com | HTTP 200 | 174ms | SSL: 2026-10-07 (76 days)
UP           | https://patdollautomotivewi.com/ | HTTP 200 | 107ms | SSL: 2026-10-15 (84 days)
UP           | http://renewconstructionnm.com | HTTP 200 | 225ms | SSL: 2026-10-17 (86 days)
DOWN         | http://seaboardrestoration.com/ | ERROR: Get "http://seaboardrestoration.com/": dial tcp: lookup seaboardrestoration.com on 127.0.0.53:53: no such host
UP           | https://www.fisherhomeinspectionsllc.com/ | HTTP 200 | 123ms | SSL: 2026-10-20 (89 days)
UP           | https://www.jmplumbersinc.com/ | HTTP 200 | 271ms | SSL: 2026-09-29 (68 days)
UP           | https://finishlineautotire.com/ | HTTP 200 | 55ms | SSL: 2026-10-08 (77 days)
UP           | http://vitosexpress.com | HTTP 200 | 743ms | SSL: 2026-09-04 (43 days)
UP           | https://www.thesignsolution.net/ | HTTP 200 | 85ms | SSL: 2026-10-18 (87 days)
UP           | https://bagremodelers.com/ | HTTP 200 | 60ms | SSL: 2026-10-07 (76 days)
UP           | https://www.problemtree.com | HTTP 200 | 304ms | SSL: 2026-09-04 (43 days)
UP           | https://capri-wash.com | HTTP 200 | 589ms | SSL: 2026-09-05 (44 days)
UP           | https://landscapeofbrainerd.com/ | HTTP 200 | 80ms | SSL: 2026-12-27 (157 days)
UP           | https://totalpackagelandscapeworksllc.com | HTTP 200 | 81ms | SSL: 2026-10-18 (87 days)
UP           | https://acesandblasting.co/ | HTTP 200 | 528ms | SSL: 2026-09-13 (52 days)
UP           | https://5startexasroofing.com/ | HTTP 200 | 507ms | SSL: 2026-10-06 (75 days)
UP           | https://caudletreeservice.com/ | HTTP 200 | 584ms | SSL: 2026-09-26 (65 days)
UP           | https://www.bayoustatemoving.com/ | HTTP 200 | 188ms | SSL: 2026-10-15 (84 days)
UP           | https://www.1classproperties.com/ | HTTP 200 | 337ms | SSL: 2026-10-06 (75 days)
UP           | https://www.1classrealty.com/ | HTTP 200 | 291ms | SSL: 2026-10-06 (75 days)
UP           | https://www.aimhighdetailing.com/ | HTTP 200 | 188ms | SSL: 2026-08-20 (28 days)
UP           | https://www.tampablindsbydesign.com/ | HTTP 200 | 295ms | SSL: 2026-10-17 (86 days)
UP           | http://thelocalplumber.com | HTTP 200 | 6915ms | SSL: 2026-09-23 (62 days)
UP           | https://frontieraircon.com/ | HTTP 200 | 552ms | SSL: 2026-08-08 (16 days)
UP           | https://www.saltlakecitycabinetry.com/ | HTTP 200 | 261ms | SSL: 2026-08-10 (18 days)
UP           | https://mantispestma.com | HTTP 200 | 725ms | SSL: 2026-10-08 (77 days)
UP           | https://tyslandscapingiowa.com | HTTP 200 | 580ms | SSL: 2026-10-07 (76 days)
UP           | https://www.herrwelldrillingwi.com/ | HTTP 200 | 327ms | SSL: 2026-08-30 (38 days)
UP           | https://www.problemtree.com/ | HTTP 200 | 85ms | SSL: 2026-09-04 (43 days)
UP           | https://tandkventures.com/ | HTTP 200 | 61ms | SSL: 2026-10-18 (87 days)
UP           | http://muddyriversconcrete.com | HTTP 200 | 538ms | SSL: 2026-08-31 (39 days)
UP           | https://accurateandconfidentialtaxservice.com/ | HTTP 200 | 802ms | SSL: 2026-09-13 (52 days)
DOWN         | https://mcneelytreeservice.com/ | ERROR: Get "https://mcneelytreeservice.com/": tls: failed to verify certificate: x509: certificate is valid for *.accountterminated.com, accountterminated.com, not mcneelytreeservice.com
UP           | https://www.mvpgardencenter.com/ | HTTP 200 | 121ms | SSL: 2026-10-08 (77 days)
UP           | https://abccarpetcleanerssd.com | HTTP 200 | 3372ms | SSL: 2026-07-26 (3 days)
Summary: 225 UP | 8 ERROR | 6 DOWN | 1 UNVERIFIABLE
