=== 2026-10-08 15:26:55 ===
UP           | https://offshorepropertyservices.com | HTTP 200 | 814ms | SSL: 2026-12-17 (69 days)
DOWN         | http://seaboardrestoration.com/ | ERROR: Get "http://seaboardrestoration.com/": dial tcp: lookup seaboardrestoration.com on 127.0.0.53:53: no such host
UP           | https://platinumpaintingandserviceinc.com | HTTP 200 | 340ms | SSL: 2026-12-03 (56 days)
UP           | https://aandbauctionservices.com | HTTP 200 | 402ms | SSL: 2026-12-05 (58 days)
UP           | http://reidheatingandair.com | HTTP 200 | 213ms | SSL: 
UP           | https://pristineccs.com/ | HTTP 200 | 531ms | SSL: 2026-11-08 (31 days)
UP           | https://westcoastdents.com | HTTP 200 | 1256ms | SSL: 2026-12-30 (83 days)
UP           | https://catoiletwhisperer.com | HTTP 200 | 752ms | SSL: 2026-12-08 (61 days)
UP           | https://ivyheatingandair.com | HTTP 200 | 660ms | SSL: 2026-11-24 (46 days)
UP           | https://primaryheatingandcooling.com | HTTP 200 | 185ms | SSL: 2026-12-02 (55 days)
DOWN         | https://businessnotions.com/ | ERROR: Get "https://businessnotions.com": too many redirects
UP           | https://www.butzwelding.com | HTTP 200 | 196ms | SSL: 2026-11-17 (40 days)
UP           | https://brimicfoundation.com/ | HTTP 200 | 422ms | SSL: 2026-12-20 (72 days)
UP           | https://endlesssummercharters.com/ | HTTP 200 | 308ms | SSL: 2026-12-17 (70 days)
UP           | https://thekiddiekornerboutique.com | HTTP 200 | 386ms | SSL: 2026-11-08 (31 days)
UP           | https://safloralelegance.com | HTTP 200 | 429ms | SSL: 2026-11-15 (38 days)
UP           | http://allbrandsheatingandcooling.com | HTTP 200 | 172ms | SSL: 
UP           | http://plumbersouthfl.com | HTTP 200 | 495ms | SSL: 2026-11-24 (47 days)
UP           | http://wjauction.com | HTTP 200 | 503ms | SSL: 2026-11-08 (31 days)
UP           | https://txpanhandlelogistics.com | HTTP 200 | 207ms | SSL: 2026-12-29 (82 days)
UP           | https://mullinstruckingllc.com/ | HTTP 200 | 480ms | SSL: 2026-12-20 (73 days)
UP           | https://fratiplumbing.net | HTTP 200 | 174ms | SSL: 2026-12-06 (59 days)
UP           | https://loganshouse.com/ | HTTP 200 | 412ms | SSL: 2027-01-04 (87 days)
UP           | http://plantsunlimiteddurham.com | HTTP 200 | 367ms | SSL: 2026-12-17 (70 days)
UP           | http://protechdiesel.biz/ | HTTP 200 | 376ms | SSL: 2026-11-15 (38 days)
UP           | https://cherrycreekshadesanddraperys.com | HTTP 200 | 379ms | SSL: 2026-12-20 (73 days)
ERROR        | https://centralmotorsale.com | HTTP 404 | 184ms | SSL: 2026-10-20 (11 days)
UP           | https://jsaengineers.com | HTTP 200 | 473ms | SSL: 2026-11-23 (46 days)
UP           | https://boilertechnologies.com | HTTP 200 | 423ms | SSL: 2026-11-16 (39 days)
UP           | https://trucarma.com/ | HTTP 200 | 425ms | SSL: 2026-12-08 (61 days)
UP           | https://wyomingarmoredservice.com | HTTP 200 | 248ms | SSL: 2026-11-25 (48 days)
UP           | https://brvparkpropane.com/ | HTTP 200 | 313ms | SSL: 2026-12-29 (81 days)
UP           | https://primeappraisalsmi.com | HTTP 200 | 370ms | SSL: 2026-11-19 (42 days)
UP           | https://newenglandgroupctinc.com | HTTP 200 | 398ms | SSL: 
UP           | https://www.napavalleyfitness.com | HTTP 200 | 197ms | SSL: 2026-11-08 (31 days)
UP           | https://www.prosidingandwindows.net/ | HTTP 200 | 274ms | SSL: 2026-12-28 (80 days)
ERROR        | https://www.eocatx.com/ | HTTP 404 | 282ms | SSL: 2026-12-11 (63 days)
UP           | https://www.drainrooterplumbingsd.com/ | HTTP 200 | 357ms | SSL: 2026-12-06 (59 days)
UP           | https://glassimpressionslv.com | HTTP 200 | 164ms | SSL: 2026-11-25 (48 days)
UP           | https://shultarchitect.com | HTTP 200 | 208ms | SSL: 2026-12-06 (59 days)
UP           | https://inthemix-adc.com | HTTP 200 | 540ms | SSL: 2026-11-08 (31 days)
UP           | https://www.sexton-repairs.com/ | HTTP 200 | 303ms | SSL: 2026-12-13 (66 days)
UP           | https://fraserplumbingarkansas.com/ | HTTP 200 | 167ms | SSL: 2027-04-09 (183 days)
UP           | https://foothillsmachininginc.com | HTTP 200 | 374ms | SSL: 2026-11-19 (42 days)
UP           | https://rangerenovation.com | HTTP 200 | 567ms | SSL: 2026-11-08 (31 days)
UP           | https://modelcoelectric.com/ | HTTP 200 | 350ms | SSL: 2026-12-17 (70 days)
UP           | https://conveyor-tek.com | HTTP 200 | 353ms | SSL: 2026-10-22 (13 days)
UP           | http://longspest.com | HTTP 200 | 496ms | SSL: 2026-11-08 (31 days)
UP           | https://spindledynamicsaxlerepair.com | HTTP 200 | 385ms | SSL: 2026-12-17 (69 days)
UP           | https://mevoutdoor.com/ | HTTP 200 | 579ms | SSL: 2026-11-24 (46 days)
UP           | https://greenbushpros.com/ | HTTP 200 | 513ms | SSL: 2026-11-23 (46 days)
UP           | https://harveysarlesinsurance.com/ | HTTP 200 | 380ms | SSL: 2026-12-25 (77 days)
UP           | http://affordablerooter.com/ | HTTP 200 | 659ms | SSL: 2026-11-22 (45 days)
UP           | https://thomasmccannlaw.com | HTTP 200 | 314ms | SSL: 2026-12-08 (61 days)
UP           | https://southshoretruckrepair.com | HTTP 200 | 531ms | SSL: 2026-12-11 (64 days)
UP           | https://pacificgaragerepair.com | HTTP 200 | 767ms | SSL: 2026-11-24 (46 days)
UP           | https://www.thespringking.net/ | HTTP 200 | 247ms | SSL: 2026-11-24 (46 days)
UP           | https://www.hansmotosports.com/ | HTTP 200 | 281ms | SSL: 2026-12-21 (73 days)
UP           | https://www.advancedalarmlock.com | HTTP 200 | 281ms | SSL: 2026-11-15 (38 days)
UP           | https://www.amishstonefirepits.com/ | HTTP 200 | 168ms | SSL: 2026-12-08 (61 days)
UP           | https://www.noatoutdoorliving.com/ | HTTP 200 | 224ms | SSL: 2026-11-25 (48 days)
UP           | https://campbellhuitt.com | HTTP 200 | 702ms | SSL: 2026-12-10 (63 days)
UP           | https://www.bulldogmovingclt.com/ | HTTP 200 | 270ms | SSL: 2026-12-20 (72 days)
UP           | https://terseptic.com | HTTP 200 | 410ms | SSL: 2026-12-25 (77 days)
UP           | https://www.nmwcattorneys.com/ | HTTP 200 | 190ms | SSL: 2026-11-24 (46 days)
UP           | https://www.jandpbikeshop.com/ | HTTP 200 | 556ms | SSL: 2026-12-29 (82 days)
ERROR        | https://angelabrowderhomecare.com/ | HTTP 403 | 142ms | SSL: 2026-11-27 (49 days)
UP           | https://www.5pointslandscaping.com/ | HTTP 200 | 313ms | SSL: 2026-12-21 (73 days)
UP           | https://carpettechcleaning.com | HTTP 200 | 396ms | SSL: 2026-12-19 (71 days)
UP           | https://www.mtccpressurewashing.com/ | HTTP 200 | 252ms | SSL: 2026-11-24 (46 days)
UP           | https://ochoaelectricsandiego.com | HTTP 200 | 325ms | SSL: 2026-11-08 (31 days)
UP           | https://vanityfairbaths.com | HTTP 200 | 442ms | SSL: 2026-11-08 (31 days)
UP           | https://www.asapcontainers.com/ | HTTP 200 | 213ms | SSL: 2026-11-08 (31 days)
UP           | https://www.boyleheatingandcooling.net/ | HTTP 200 | 639ms | SSL: 2026-12-19 (72 days)
UP           | https://www.zulaufconstruction.com | HTTP 200 | 198ms | SSL: 2026-12-19 (72 days)
UP           | https://www.carpetcleaningomaha.com | HTTP 200 | 182ms | SSL: 2026-12-03 (56 days)
UP           | https://cakeschocolatesandmore.com/ | HTTP 200 | 377ms | SSL: 2026-12-20 (72 days)
UP           | https://www.victorytireauto.com | HTTP 200 | 185ms | SSL: 2026-11-09 (32 days)
UP           | https://windsorlimo.com | HTTP 200 | 456ms | SSL: 2026-11-08 (31 days)
UP           | https://www.howieglass.com/ | HTTP 200 | 215ms | SSL: 2026-11-26 (49 days)
UP           | https://www.xlsavebig.com | HTTP 200 | 212ms | SSL: 2026-12-18 (70 days)
UP           | https://www.oxicleaners.com | HTTP 200 | 331ms | SSL: 2026-12-06 (59 days)
UP           | https://petstylessalonandspa.com | HTTP 200 | 481ms | SSL: 2026-11-08 (31 days)
UP           | https://www.riverbluffcanecorsos.com | HTTP 200 | 168ms | SSL: 2026-11-24 (46 days)
UP           | https://stoversflooringanddraperycenter.com/ | HTTP 200 | 353ms | SSL: 2026-11-08 (31 days)
UP           | http://www.aseyourlight.com | HTTP 200 | 243ms | SSL: 
UP           | https://www.missouriglassinc.com/ | HTTP 200 | 227ms | SSL: 2026-12-06 (59 days)
UP           | https://www.coddingtonlock.com/ | HTTP 200 | 827ms | SSL: 2026-10-28 (20 days)
UP           | https://www.andyperuginos.com/ | HTTP 200 | 670ms | SSL: 2026-12-19 (71 days)
UP           | https://tntcarpetcleaners.com | HTTP 200 | 356ms | SSL: 2026-12-27 (79 days)
UP           | https://www.opsct.com | HTTP 200 | 803ms | SSL: 2026-12-06 (58 days)
UP           | https://securitycompanyms.com | HTTP 200 | 305ms | SSL: 2026-12-08 (61 days)
UP           | https://abbottscatering.com | HTTP 200 | 504ms | SSL: 2026-12-25 (77 days)
UP           | https://timothymwilliamslaw.com | HTTP 200 | 339ms | SSL: 2026-12-23 (75 days)
DOWN         | https://www.garyhuebnerlaw.com/ | ERROR: Get "https://www.garyhuebnerlaw.com/": tls: failed to verify certificate: x509: certificate is valid for broken-ssl.multiscreensite.com, not www.garyhuebnerlaw.com
UP           | https://www.thepoisonivyguy.com/ | HTTP 200 | 299ms | SSL: 2026-12-08 (61 days)
UP           | https://parkpharmacyrx.com | HTTP 200 | 646ms | SSL: 2026-11-16 (39 days)
ERROR        | https://gillettesignworks.com | HTTP 403 | 264ms | SSL: 2026-12-08 (61 days)
UP           | https://www.richroofing.com/ | HTTP 200 | 226ms | SSL: 2026-10-18 (9 days)
UP           | http://lassiterelectric.com | HTTP 200 | 129ms | SSL: 
UP           | https://www.fatpocketpawn.biz | HTTP 200 | 192ms | SSL: 2026-10-27 (18 days)
UP           | https://lockhartaircare.com | HTTP 200 | 376ms | SSL: 2026-12-06 (59 days)
UP           | https://www.eaglewaterfiltration.com/ | HTTP 200 | 247ms | SSL: 2026-12-21 (73 days)
UP           | https://www.epsteinspaint.com/ | HTTP 200 | 211ms | SSL: 2026-12-29 (82 days)
UP           | https://www.appliancereliancellc.com/ | HTTP 200 | 156ms | SSL: 2026-12-17 (69 days)
UP           | https://www.timworthystransmissionrepairs.com/ | HTTP 200 | 267ms | SSL: 2027-01-02 (86 days)
ERROR        | https://www.cashgoldnj.com | HTTP 404 | 176ms | SSL: 2026-12-13 (65 days)
UP           | https://dlacupuncture.com | HTTP 200 | 140ms | SSL: 2026-12-06 (59 days)
UP           | https://www.rockyhillmeats.com/ | HTTP 200 | 326ms | SSL: 2027-01-02 (86 days)
UP           | https://www.absheatingandairconditioning.com/ | HTTP 200 | 284ms | SSL: 2026-12-17 (70 days)
UP           | https://tcpestsolutions.com/ | HTTP 200 | 369ms | SSL: 2026-11-25 (47 days)
UP           | https://www.tempbydesign.com/ | HTTP 200 | 238ms | SSL: 2026-12-16 (69 days)
ERROR        | https://tavosconstructionllc.com/ | HTTP 404 | 188ms | SSL: 2026-12-11 (63 days)
ERROR        | https://www.eastgeorgiatreeservice.com/ | HTTP 403 | 126ms | SSL: 2026-12-21 (73 days)
UNVERIFIABLE | https://coastalcabinetsandgranite.com/ | HTTP 200 | 389ms | SSL: 2026-11-30 (53 days)
ERROR        | https://www.r7electricutah.com/ | HTTP 404 | 175ms | SSL: 2026-12-31 (83 days)
UP           | https://preferredremodeling.net/ | HTTP 200 | 440ms | SSL: 2026-11-24 (46 days)
UP           | https://www.jml-electric.com | HTTP 200 | 219ms | SSL: 2026-12-06 (59 days)
UP           | http://resto-pros.net | HTTP 200 | 449ms | SSL: 2026-11-08 (31 days)
UP           | http://scconstruction.info | HTTP 200 | 873ms | SSL: 2027-01-05 (89 days)
UP           | https://www.porteroutdoorservices.com/ | HTTP 200 | 171ms | SSL: 2026-10-18 (9 days)
UP           | http://killswitchauto.com | HTTP 200 | 617ms | SSL: 2026-11-08 (31 days)
UP           | https://coxdecorativeconcrete.com/ | HTTP 200 | 457ms | SSL: 2026-12-20 (73 days)
UP           | http://charlesfulkroaddisposal.com | HTTP 200 | 132ms | SSL: 
UP           | https://wireguyselectric.com/ | HTTP 200 | 200ms | SSL: 2026-12-20 (73 days)
UP           | https://www.dentconceptstx.com/ | HTTP 200 | 209ms | SSL: 2026-12-21 (73 days)
UP           | https://fincorefrigeration.com | HTTP 200 | 405ms | SSL: 2026-11-18 (41 days)
UP           | http://rocketcitymarine.com | HTTP 200 | 525ms | SSL: 2026-11-24 (46 days)
UP           | https://cleantechsystemsnm.com | HTTP 200 | 404ms | SSL: 2026-12-29 (82 days)
UP           | https://www.affordablecustomgolfcarts.com/ | HTTP 200 | 384ms | SSL: 2026-12-05 (58 days)
UP           | https://greenscapeslawns.com/ | HTTP 200 | 471ms | SSL: 2026-12-21 (73 days)
UP           | https://jtstree.com/ | HTTP 200 | 351ms | SSL: 2026-12-01 (54 days)
UP           | https://www.dixiefenceohio.com/ | HTTP 200 | 527ms | SSL: 2026-11-24 (47 days)
UP           | https://allkidsarespecial.net | HTTP 200 | 197ms | SSL: 2026-12-05 (58 days)
UP           | https://sgrcalifornia.com/ | HTTP 200 | 332ms | SSL: 2026-12-03 (56 days)
UP           | https://www.garysroofingandconst.com/ | HTTP 200 | 237ms | SSL: 2026-12-05 (58 days)
UP           | https://www.breezehvac.com/ | HTTP 200 | 159ms | SSL: 2026-12-05 (57 days)
UP           | https://rcpoolworks.com | HTTP 200 | 218ms | SSL: 2027-01-02 (86 days)
UP           | https://Freedomcarpet.net | HTTP 200 | 756ms | SSL: 2026-12-20 (73 days)
UP           | https://rolandoroofing.net | HTTP 200 | 350ms | SSL: 2027-01-01 (85 days)
UP           | http://ormondlandscaping.com/ | HTTP 200 | 521ms | SSL: 2026-11-08 (31 days)
UP           | https://www.alliedroofingco.com/ | HTTP 200 | 204ms | SSL: 2026-12-09 (61 days)
UP           | https://www.waterheatersracinewi.com/ | HTTP 200 | 179ms | SSL: 2026-12-21 (73 days)
UP           | https://www.atlanticdrywallandpaint.com/ | HTTP 200 | 224ms | SSL: 2026-11-22 (45 days)
UP           | https://grantsappliancerepairllc.com/ | HTTP 200 | 382ms | SSL: 2026-11-02 (25 days)
UP           | http://aaaexcavate.com | HTTP 200 | 385ms | SSL: 2026-12-05 (58 days)
UP           | https://gormanandsonslandscaping.com/ | HTTP 200 | 425ms | SSL: 2027-01-03 (87 days)
UP           | https://texasproroofing.net/ | HTTP 200 | 246ms | SSL: 2026-12-20 (73 days)
UP           | https://www.808towing.com/ | HTTP 200 | 159ms | SSL: 2026-12-11 (64 days)
UP           | https://www.jandbtreeservice.net/ | HTTP 200 | 372ms | SSL: 2026-11-08 (31 days)
UP           | https://sweetmountainair.co | HTTP 200 | 298ms | SSL: 2027-01-03 (87 days)
UP           | https://www.stormprosva.com/ | HTTP 200 | 200ms | SSL: 2026-12-20 (73 days)
UP           | https://www.atlantic217.com/ | HTTP 200 | 165ms | SSL: 2026-12-20 (73 days)
UP           | https://lakehamiltonappraisals.com/ | HTTP 200 | 714ms | SSL: 2026-11-08 (31 days)
UP           | https://kcservicecenterpa.com | HTTP 200 | 734ms | SSL: 2026-11-08 (31 days)
UP           | https://mobsfloorcare.com/ | HTTP 200 | 253ms | SSL: 2026-11-08 (31 days)
UP           | https://wennigercompressor.com/ | HTTP 200 | 174ms | SSL: 2026-12-13 (65 days)
UP           | https://mauicontainersales.com/ | HTTP 200 | 563ms | SSL: 2026-11-08 (31 days)
UP           | https://www.24-hourrefrigeration.com/ | HTTP 200 | 259ms | SSL: 2026-12-02 (55 days)
UP           | https://anteaterspestcontrol.net | HTTP 200 | 297ms | SSL: 2026-12-19 (72 days)
UP           | http://furniturefixxers.com | HTTP 200 | 596ms | SSL: 2026-11-08 (31 days)
UP           | https://www.apexgutters.com/ | HTTP 200 | 574ms | SSL: 2026-12-21 (73 days)
UP           | https://blackdogrr.com/ | HTTP 200 | 202ms | SSL: 2026-12-05 (58 days)
UP           | https://hogiesconstruction.com/ | HTTP 200 | 206ms | SSL: 2026-12-05 (58 days)
UP           | https://www.askyline.com/ | HTTP 200 | 253ms | SSL: 2026-12-29 (82 days)
UP           | https://www.dbarrsvcs.com/ | HTTP 200 | 399ms | SSL: 2026-12-21 (73 days)
UP           | https://powellpestcontrol.net/ | HTTP 200 | 385ms | SSL: 2026-12-16 (68 days)
UP           | https://wireguys.com | HTTP 200 | 532ms | SSL: 2026-11-08 (31 days)
ERROR        | https://economysidingtn.com/ | HTTP 404 | 185ms | SSL: 2026-11-08 (31 days)
UP           | https://rsccontracting.org/ | HTTP 200 | 4162ms | SSL: 2026-12-21 (73 days)
UP           | https://www.bhswelding.com/ | HTTP 200 | 630ms | SSL: 2026-11-15 (38 days)
UP           | https://www.yourfamilysalon.com/ | HTTP 200 | 323ms | SSL: 2026-11-23 (45 days)
UP           | https://www.alswelldrilling.com/ | HTTP 200 | 249ms | SSL: 2026-12-05 (57 days)
UP           | http://customoutdoorsolutionsny.com | HTTP 200 | 173ms | SSL: 
UP           | https://raffoulheatingandair.com | HTTP 200 | 181ms | SSL: 2026-12-18 (71 days)
UP           | http://dynamohi.com | HTTP 200 | 667ms | SSL: 2026-12-05 (58 days)
UP           | https://danrandandassoc.com/ | HTTP 200 | 403ms | SSL: 2026-11-26 (49 days)
UP           | https://carbondalewoodshop.com/ | HTTP 200 | 956ms | SSL: 2026-12-08 (60 days)
UP           | https://smithhvacservices.com/index | HTTP 200 | 507ms | SSL: 2026-12-08 (61 days)
UP           | http://www.junk-punks.com/ | HTTP 200 | 416ms | SSL: 2026-12-29 (82 days)
UP           | https://www.fndcontracting.com | HTTP 200 | 2266ms | SSL: 2026-10-31 (23 days)
UP           | http://hopelandscaping.com | HTTP 200 | 536ms | SSL: 2026-12-19 (72 days)
UP           | https://larrysae.com | HTTP 200 | 252ms | SSL: 2026-12-29 (82 days)
UP           | https://www.ezoutcollisioncenter.com/ | HTTP 200 | 269ms | SSL: 2026-12-21 (73 days)
UP           | https://rsccontracting.org/ | HTTP 200 | 3284ms | SSL: 2026-12-21 (73 days)
UP           | http://ccelectricbcs.com | HTTP 200 | 392ms | SSL: 2026-12-21 (73 days)
UP           | http://ccelectricbcs.com | HTTP 200 | 109ms | SSL: 2026-12-21 (73 days)
UP           | https://tropicglassenclosuresfl.com/ | HTTP 200 | 483ms | SSL: 2026-11-08 (31 days)
UP           | https://www.fireflycontractor.com/ | HTTP 200 | 171ms | SSL: 2026-11-22 (45 days)
UP           | https://www.tridentconstructiongp.com/ | HTTP 200 | 295ms | SSL: 2026-11-08 (31 days)
UP           | https://roettgerwelding.com/ | HTTP 200 | 186ms | SSL: 2026-12-16 (69 days)
UP           | https://azjanitorialservice.com | HTTP 200 | 448ms | SSL: 2026-11-22 (45 days)
UP           | https://camoconstructionllc.com/ | HTTP 200 | 214ms | SSL: 2026-12-05 (58 days)
UP           | https://totalcomfortcleaners.com | HTTP 200 | 406ms | SSL: 2026-12-21 (73 days)
UP           | https://www.brianemmonsroofing.com/ | HTTP 200 | 280ms | SSL: 2026-12-02 (54 days)
UP           | https://www.customelitedetailcarwash.com/ | HTTP 200 | 474ms | SSL: 2026-12-21 (73 days)
UP           | https://www.noatoutdoorliving.com/ | HTTP 200 | 158ms | SSL: 2026-11-25 (48 days)
UP           | https://southfloridadockandseawall.com | HTTP 200 | 359ms | SSL: 2026-11-28 (51 days)
UP           | https://www.rselectricms.com | HTTP 200 | 231ms | SSL: 2026-12-01 (54 days)
UP           | http://allbrightcleaningkc.com | HTTP 200 | 122ms | SSL: 
UP           | https://paintingbypros.com/ | HTTP 200 | 391ms | SSL: 2027-01-04 (88 days)
UP           | https://www.ancientcitygaragedoors.com | HTTP 200 | 225ms | SSL: 2026-10-21 (13 days)
UP           | https://www.mikeandmikeroofing.com/ | HTTP 200 | 398ms | SSL: 2027-01-04 (87 days)
UP           | https://maxpressfoundationrepair.com/ | HTTP 200 | 430ms | SSL: 2026-11-30 (52 days)
UP           | https://offshorepropertyservices.com | HTTP 200 | 422ms | SSL: 2026-12-17 (69 days)
UP           | http://dynamohi.com | HTTP 200 | 357ms | SSL: 2026-12-05 (58 days)
UP           | https://patdollautomotivewi.com/ | HTTP 200 | 191ms | SSL: 2026-12-14 (66 days)
UP           | http://renewconstructionnm.com | HTTP 200 | 380ms | SSL: 2027-03-21 (163 days)
DOWN         | http://seaboardrestoration.com/ | ERROR: Get "http://seaboardrestoration.com/": dial tcp: lookup seaboardrestoration.com on 127.0.0.53:53: no such host
UP           | https://www.fisherhomeinspectionsllc.com/ | HTTP 200 | 294ms | SSL: 2026-12-19 (71 days)
UP           | https://www.jmplumbersinc.com/ | HTTP 200 | 264ms | SSL: 2026-12-31 (83 days)
UP           | https://finishlineautotire.com/ | HTTP 200 | 192ms | SSL: 2026-12-06 (59 days)
UP           | http://vitosexpress.com | HTTP 200 | 706ms | SSL: 2026-11-08 (31 days)
UP           | https://www.thesignsolution.net/ | HTTP 200 | 183ms | SSL: 2026-12-17 (69 days)
UP           | https://bagremodelers.com/ | HTTP 200 | 231ms | SSL: 2026-12-05 (58 days)
UP           | https://www.problemtree.com | HTTP 200 | 296ms | SSL: 2026-12-21 (73 days)
UP           | https://capri-wash.com | HTTP 200 | 404ms | SSL: 2026-12-26 (79 days)
DOWN         | https://landscapeofbrainerd.com/ | ERROR: Head "https://landscapeofbrainerd.com/": read tcp 10.1.1.122:48314->15.197.148.33:443: read: connection reset by peer
UP           | https://totalpackagelandscapeworksllc.com | HTTP 200 | 187ms | SSL: 2026-12-17 (69 days)
UP           | https://acesandblasting.co/ | HTTP 200 | 593ms | SSL: 2026-12-25 (78 days)
UP           | https://5startexasroofing.com/ | HTTP 200 | 618ms | SSL: 2026-11-24 (47 days)
UP           | https://caudletreeservice.com/ | HTTP 200 | 502ms | SSL: 2026-11-18 (41 days)
UP           | https://www.bayoustatemoving.com/ | HTTP 200 | 266ms | SSL: 2026-12-14 (66 days)
UP           | https://www.1classproperties.com/ | HTTP 200 | 726ms | SSL: 2026-12-21 (73 days)
UP           | https://www.1classrealty.com/ | HTTP 200 | 360ms | SSL: 2026-11-23 (46 days)
UP           | https://www.aimhighdetailing.com/ | HTTP 200 | 233ms | SSL: 2026-12-25 (77 days)
UP           | https://www.tampablindsbydesign.com/ | HTTP 200 | 240ms | SSL: 2026-12-20 (72 days)
UP           | http://thelocalplumber.com | HTTP 200 | 545ms | SSL: 2026-12-08 (61 days)
UP           | https://frontieraircon.com/ | HTTP 200 | 412ms | SSL: 2026-12-07 (60 days)
UP           | https://www.saltlakecitycabinetry.com/ | HTTP 200 | 302ms | SSL: 2026-11-25 (48 days)
UP           | https://mantispestma.com | HTTP 200 | 553ms | SSL: 2026-12-30 (83 days)
UP           | https://tyslandscapingiowa.com | HTTP 200 | 438ms | SSL: 2027-01-03 (87 days)
UP           | https://www.herrwelldrillingwi.com/ | HTTP 200 | 251ms | SSL: 2026-11-24 (46 days)
UP           | https://www.problemtree.com/ | HTTP 200 | 72ms | SSL: 2026-12-21 (73 days)
UP           | https://tandkventures.com/ | HTTP 200 | 198ms | SSL: 2026-12-16 (69 days)
UP           | http://muddyriversconcrete.com | HTTP 200 | 506ms | SSL: 2026-11-08 (31 days)
UP           | https://accurateandconfidentialtaxservice.com/ | HTTP 200 | 385ms | SSL: 2026-11-08 (31 days)
DOWN         | https://mcneelytreeservice.com/ | ERROR: Get "https://mcneelytreeservice.com/": dial tcp: lookup mcneelytreeservice.com on 127.0.0.53:53: no such host
UP           | https://www.mvpgardencenter.com/ | HTTP 200 | 296ms | SSL: 2026-12-06 (59 days)
UP           | https://abccarpetcleanerssd.com | HTTP 200 | 185ms | SSL: 2026-11-11 (33 days)
Summary: 224 UP | 9 ERROR | 6 DOWN | 1 UNVERIFIABLE
