=== 2026-10-09 15:09:28 ===
UP           | https://offshorepropertyservices.com | HTTP 200 | 292ms | SSL: 2026-12-17 (68 days)
DOWN         | http://seaboardrestoration.com/ | ERROR: Get "http://seaboardrestoration.com/": dial tcp: lookup seaboardrestoration.com on 127.0.0.53:53: no such host
UP           | https://platinumpaintingandserviceinc.com | HTTP 200 | 129ms | SSL: 2026-12-03 (55 days)
UP           | https://aandbauctionservices.com | HTTP 200 | 204ms | SSL: 2026-12-05 (57 days)
UP           | http://reidheatingandair.com | HTTP 200 | 172ms | SSL: 
UP           | https://pristineccs.com/ | HTTP 200 | 240ms | SSL: 2027-01-06 (89 days)
UP           | https://westcoastdents.com | HTTP 200 | 1520ms | SSL: 2026-12-30 (82 days)
UP           | https://catoiletwhisperer.com | HTTP 200 | 628ms | SSL: 2026-12-08 (60 days)
UP           | https://ivyheatingandair.com | HTTP 200 | 363ms | SSL: 2026-11-24 (45 days)
UP           | https://primaryheatingandcooling.com | HTTP 200 | 183ms | SSL: 2026-12-02 (54 days)
DOWN         | https://businessnotions.com/ | ERROR: Get "https://businessnotions.com": too many redirects
UP           | https://www.butzwelding.com | HTTP 200 | 207ms | SSL: 2026-11-17 (39 days)
UP           | https://brimicfoundation.com/ | HTTP 200 | 424ms | SSL: 2026-12-20 (71 days)
UP           | https://endlesssummercharters.com/ | HTTP 200 | 257ms | SSL: 2026-12-17 (69 days)
UP           | https://thekiddiekornerboutique.com | HTTP 200 | 297ms | SSL: 2027-01-06 (89 days)
UP           | https://safloralelegance.com | HTTP 200 | 799ms | SSL: 2026-11-15 (37 days)
UP           | http://allbrandsheatingandcooling.com | HTTP 200 | 112ms | SSL: 
UP           | http://plumbersouthfl.com | HTTP 200 | 271ms | SSL: 2026-11-24 (46 days)
UP           | http://wjauction.com | HTTP 200 | 358ms | SSL: 2027-01-07 (89 days)
UP           | https://txpanhandlelogistics.com | HTTP 200 | 278ms | SSL: 2026-12-29 (81 days)
UP           | https://mullinstruckingllc.com/ | HTTP 200 | 251ms | SSL: 2026-12-20 (72 days)
UP           | https://fratiplumbing.net | HTTP 200 | 133ms | SSL: 2026-12-06 (58 days)
UP           | https://loganshouse.com/ | HTTP 200 | 884ms | SSL: 2027-01-04 (86 days)
UP           | http://plantsunlimiteddurham.com | HTTP 200 | 280ms | SSL: 2026-12-17 (69 days)
UP           | http://protechdiesel.biz/ | HTTP 200 | 270ms | SSL: 2026-11-15 (37 days)
UP           | https://cherrycreekshadesanddraperys.com | HTTP 200 | 201ms | SSL: 2026-12-20 (72 days)
ERROR        | https://centralmotorsale.com | HTTP 404 | 263ms | SSL: 2026-10-20 (10 days)
UP           | https://jsaengineers.com | HTTP 200 | 237ms | SSL: 2026-11-23 (45 days)
UP           | https://boilertechnologies.com | HTTP 200 | 328ms | SSL: 2026-11-16 (38 days)
UP           | https://trucarma.com/ | HTTP 200 | 121ms | SSL: 2026-12-08 (60 days)
UP           | https://wyomingarmoredservice.com | HTTP 200 | 196ms | SSL: 2026-11-25 (47 days)
UP           | https://brvparkpropane.com/ | HTTP 200 | 166ms | SSL: 2026-12-29 (80 days)
UP           | https://primeappraisalsmi.com | HTTP 200 | 277ms | SSL: 2026-11-19 (41 days)
UP           | https://newenglandgroupctinc.com | HTTP 200 | 397ms | SSL: 
UP           | https://www.napavalleyfitness.com | HTTP 200 | 110ms | SSL: 2027-01-06 (89 days)
UP           | https://www.prosidingandwindows.net/ | HTTP 200 | 401ms | SSL: 2026-12-28 (79 days)
ERROR        | https://www.eocatx.com/ | HTTP 404 | 301ms | SSL: 2026-12-11 (62 days)
UP           | https://www.drainrooterplumbingsd.com/ | HTTP 200 | 148ms | SSL: 2026-12-06 (58 days)
UP           | https://glassimpressionslv.com | HTTP 200 | 247ms | SSL: 2026-11-25 (47 days)
UP           | https://shultarchitect.com | HTTP 200 | 138ms | SSL: 2026-12-06 (58 days)
UP           | https://inthemix-adc.com | HTTP 200 | 437ms | SSL: 2027-01-06 (89 days)
UP           | https://www.sexton-repairs.com/ | HTTP 200 | 344ms | SSL: 2026-12-13 (65 days)
UP           | https://fraserplumbingarkansas.com/ | HTTP 200 | 108ms | SSL: 2027-04-09 (182 days)
UP           | https://foothillsmachininginc.com | HTTP 200 | 280ms | SSL: 2026-11-19 (41 days)
UP           | https://rangerenovation.com | HTTP 200 | 264ms | SSL: 2027-01-06 (89 days)
UP           | https://modelcoelectric.com/ | HTTP 200 | 267ms | SSL: 2026-12-17 (69 days)
UP           | https://conveyor-tek.com | HTTP 200 | 620ms | SSL: 2026-10-22 (12 days)
UP           | http://longspest.com | HTTP 200 | 488ms | SSL: 2027-01-07 (89 days)
UP           | https://spindledynamicsaxlerepair.com | HTTP 200 | 98ms | SSL: 2026-12-17 (68 days)
UP           | https://mevoutdoor.com/ | HTTP 200 | 208ms | SSL: 2026-11-24 (45 days)
UP           | https://greenbushpros.com/ | HTTP 200 | 597ms | SSL: 2026-11-23 (45 days)
UP           | https://harveysarlesinsurance.com/ | HTTP 200 | 268ms | SSL: 2026-12-25 (76 days)
UP           | http://affordablerooter.com/ | HTTP 200 | 296ms | SSL: 2026-11-22 (44 days)
UP           | https://thomasmccannlaw.com | HTTP 200 | 193ms | SSL: 2026-12-08 (60 days)
UP           | https://southshoretruckrepair.com | HTTP 200 | 448ms | SSL: 2026-12-11 (63 days)
UP           | https://pacificgaragerepair.com | HTTP 200 | 186ms | SSL: 2026-11-24 (45 days)
UP           | https://www.thespringking.net/ | HTTP 200 | 302ms | SSL: 2026-11-24 (46 days)
UP           | https://www.hansmotosports.com/ | HTTP 200 | 181ms | SSL: 2026-12-21 (72 days)
UP           | https://www.advancedalarmlock.com | HTTP 200 | 291ms | SSL: 2026-11-15 (37 days)
UP           | https://www.amishstonefirepits.com/ | HTTP 200 | 190ms | SSL: 2026-12-08 (60 days)
UP           | https://www.noatoutdoorliving.com/ | HTTP 200 | 116ms | SSL: 2026-11-25 (47 days)
UP           | https://campbellhuitt.com | HTTP 200 | 625ms | SSL: 2026-12-10 (62 days)
UP           | https://www.bulldogmovingclt.com/ | HTTP 200 | 220ms | SSL: 2026-12-20 (71 days)
UP           | https://terseptic.com | HTTP 200 | 182ms | SSL: 2026-12-25 (76 days)
UP           | https://www.nmwcattorneys.com/ | HTTP 200 | 129ms | SSL: 2026-11-24 (45 days)
UP           | https://www.jandpbikeshop.com/ | HTTP 200 | 239ms | SSL: 2026-12-29 (81 days)
ERROR        | https://angelabrowderhomecare.com/ | HTTP 403 | 237ms | SSL: 2026-11-27 (48 days)
UP           | https://www.5pointslandscaping.com/ | HTTP 200 | 262ms | SSL: 2026-12-21 (72 days)
UP           | https://carpettechcleaning.com | HTTP 200 | 370ms | SSL: 2026-12-19 (70 days)
UP           | https://www.mtccpressurewashing.com/ | HTTP 200 | 142ms | SSL: 2026-11-24 (45 days)
UP           | https://ochoaelectricsandiego.com | HTTP 200 | 143ms | SSL: 2027-01-06 (89 days)
UP           | https://vanityfairbaths.com | HTTP 200 | 238ms | SSL: 2027-01-07 (89 days)
UP           | https://www.asapcontainers.com/ | HTTP 200 | 218ms | SSL: 2027-01-06 (89 days)
UP           | https://www.boyleheatingandcooling.net/ | HTTP 200 | 959ms | SSL: 2026-12-19 (71 days)
UP           | https://www.zulaufconstruction.com | HTTP 200 | 366ms | SSL: 2026-12-19 (71 days)
UP           | https://www.carpetcleaningomaha.com | HTTP 200 | 354ms | SSL: 2026-10-19 (9 days)
UP           | https://cakeschocolatesandmore.com/ | HTTP 200 | 427ms | SSL: 2026-12-20 (71 days)
UP           | https://www.victorytireauto.com | HTTP 200 | 218ms | SSL: 2026-11-09 (31 days)
UP           | https://windsorlimo.com | HTTP 200 | 260ms | SSL: 2027-01-06 (89 days)
UP           | https://www.howieglass.com/ | HTTP 200 | 241ms | SSL: 2026-11-26 (48 days)
UP           | https://www.xlsavebig.com | HTTP 200 | 335ms | SSL: 2026-12-18 (69 days)
UP           | https://www.oxicleaners.com | HTTP 200 | 108ms | SSL: 2026-12-06 (58 days)
UP           | https://petstylessalonandspa.com | HTTP 200 | 257ms | SSL: 2027-01-06 (89 days)
UP           | https://www.riverbluffcanecorsos.com | HTTP 200 | 139ms | SSL: 2026-11-24 (45 days)
UP           | https://stoversflooringanddraperycenter.com/ | HTTP 200 | 254ms | SSL: 2027-01-06 (89 days)
UP           | http://www.aseyourlight.com | HTTP 200 | 213ms | SSL: 
UP           | https://www.missouriglassinc.com/ | HTTP 200 | 92ms | SSL: 2026-12-06 (58 days)
UP           | https://www.coddingtonlock.com/ | HTTP 200 | 776ms | SSL: 2026-10-28 (19 days)
UP           | https://www.andyperuginos.com/ | HTTP 200 | 512ms | SSL: 2026-12-19 (70 days)
UP           | https://tntcarpetcleaners.com | HTTP 200 | 531ms | SSL: 2026-12-27 (78 days)
UP           | https://www.opsct.com | HTTP 200 | 826ms | SSL: 2026-12-06 (57 days)
UP           | https://securitycompanyms.com | HTTP 200 | 121ms | SSL: 2026-12-08 (60 days)
UP           | https://abbottscatering.com | HTTP 200 | 512ms | SSL: 2026-12-25 (76 days)
UP           | https://timothymwilliamslaw.com | HTTP 200 | 214ms | SSL: 2026-12-23 (74 days)
DOWN         | https://www.garyhuebnerlaw.com/ | ERROR: Get "https://www.garyhuebnerlaw.com/": tls: failed to verify certificate: x509: certificate is valid for broken-ssl.multiscreensite.com, not www.garyhuebnerlaw.com
UP           | https://www.thepoisonivyguy.com/ | HTTP 200 | 213ms | SSL: 2026-12-08 (60 days)
UP           | https://parkpharmacyrx.com | HTTP 200 | 244ms | SSL: 2026-11-16 (38 days)
ERROR        | https://gillettesignworks.com | HTTP 403 | 92ms | SSL: 2026-12-08 (60 days)
UP           | https://www.richroofing.com/ | HTTP 200 | 352ms | SSL: 2026-10-18 (8 days)
UP           | http://lassiterelectric.com | HTTP 200 | 167ms | SSL: 
UP           | https://www.fatpocketpawn.biz | HTTP 200 | 2409ms | SSL: 2026-10-27 (17 days)
UP           | https://lockhartaircare.com | HTTP 200 | 116ms | SSL: 2026-12-06 (58 days)
UP           | https://www.eaglewaterfiltration.com/ | HTTP 200 | 261ms | SSL: 2026-12-21 (72 days)
UP           | https://www.epsteinspaint.com/ | HTTP 200 | 149ms | SSL: 2026-12-29 (81 days)
UP           | https://www.appliancereliancellc.com/ | HTTP 200 | 272ms | SSL: 2026-12-17 (68 days)
UP           | https://www.timworthystransmissionrepairs.com/ | HTTP 200 | 149ms | SSL: 2027-01-02 (85 days)
ERROR        | https://www.cashgoldnj.com | HTTP 404 | 351ms | SSL: 2026-12-13 (64 days)
UP           | https://dlacupuncture.com | HTTP 200 | 134ms | SSL: 2026-12-06 (58 days)
UP           | https://www.rockyhillmeats.com/ | HTTP 200 | 137ms | SSL: 2027-01-02 (85 days)
UP           | https://www.absheatingandairconditioning.com/ | HTTP 200 | 167ms | SSL: 2026-12-17 (69 days)
UP           | https://tcpestsolutions.com/ | HTTP 200 | 614ms | SSL: 2026-11-25 (46 days)
UP           | https://www.tempbydesign.com/ | HTTP 200 | 175ms | SSL: 2026-12-16 (68 days)
ERROR        | https://tavosconstructionllc.com/ | HTTP 404 | 309ms | SSL: 2026-12-11 (62 days)
ERROR        | https://www.eastgeorgiatreeservice.com/ | HTTP 403 | 166ms | SSL: 2026-12-21 (72 days)
UP           | https://coastalcabinetsandgranite.com/ | HTTP 200 | 508ms | SSL: 2026-11-30 (52 days)
ERROR        | https://www.r7electricutah.com/ | HTTP 404 | 301ms | SSL: 2026-12-31 (82 days)
UP           | https://preferredremodeling.net/ | HTTP 200 | 217ms | SSL: 2026-11-24 (45 days)
UP           | https://www.jml-electric.com | HTTP 200 | 183ms | SSL: 2026-12-06 (58 days)
UP           | http://resto-pros.net | HTTP 200 | 363ms | SSL: 2027-01-06 (89 days)
UP           | http://scconstruction.info | HTTP 200 | 261ms | SSL: 2027-01-05 (88 days)
UP           | https://www.porteroutdoorservices.com/ | HTTP 200 | 301ms | SSL: 2026-10-18 (8 days)
UP           | http://killswitchauto.com | HTTP 200 | 503ms | SSL: 2027-01-06 (89 days)
UP           | https://coxdecorativeconcrete.com/ | HTTP 200 | 384ms | SSL: 2026-12-20 (72 days)
UP           | http://charlesfulkroaddisposal.com | HTTP 200 | 184ms | SSL: 
UP           | https://wireguyselectric.com/ | HTTP 200 | 114ms | SSL: 2026-12-20 (72 days)
UP           | https://www.dentconceptstx.com/ | HTTP 200 | 276ms | SSL: 2026-12-21 (72 days)
UP           | https://fincorefrigeration.com | HTTP 200 | 217ms | SSL: 2026-11-18 (40 days)
UP           | http://rocketcitymarine.com | HTTP 200 | 409ms | SSL: 2026-11-24 (45 days)
UP           | https://cleantechsystemsnm.com | HTTP 200 | 298ms | SSL: 2026-12-29 (81 days)
UP           | https://www.affordablecustomgolfcarts.com/ | HTTP 200 | 125ms | SSL: 2026-12-05 (57 days)
UP           | https://greenscapeslawns.com/ | HTTP 200 | 259ms | SSL: 2026-12-21 (72 days)
UP           | https://jtstree.com/ | HTTP 200 | 275ms | SSL: 2026-12-01 (53 days)
UP           | https://www.dixiefenceohio.com/ | HTTP 200 | 184ms | SSL: 2026-11-24 (46 days)
UP           | https://allkidsarespecial.net | HTTP 200 | 208ms | SSL: 2026-12-05 (57 days)
UP           | https://sgrcalifornia.com/ | HTTP 200 | 224ms | SSL: 2026-12-03 (55 days)
UP           | https://www.garysroofingandconst.com/ | HTTP 200 | 238ms | SSL: 2026-12-05 (57 days)
UP           | https://www.breezehvac.com/ | HTTP 200 | 330ms | SSL: 2026-12-05 (56 days)
UP           | https://rcpoolworks.com | HTTP 200 | 218ms | SSL: 2027-01-02 (85 days)
UP           | https://Freedomcarpet.net | HTTP 200 | 316ms | SSL: 2026-12-20 (72 days)
UP           | https://rolandoroofing.net | HTTP 200 | 225ms | SSL: 2027-01-01 (84 days)
UP           | http://ormondlandscaping.com/ | HTTP 200 | 311ms | SSL: 2027-01-06 (89 days)
UP           | https://www.alliedroofingco.com/ | HTTP 200 | 349ms | SSL: 2026-12-09 (60 days)
UP           | https://www.waterheatersracinewi.com/ | HTTP 200 | 269ms | SSL: 2026-12-21 (72 days)
UP           | https://www.atlanticdrywallandpaint.com/ | HTTP 200 | 164ms | SSL: 2026-11-22 (44 days)
UP           | https://grantsappliancerepairllc.com/ | HTTP 200 | 647ms | SSL: 2026-11-02 (24 days)
UP           | http://aaaexcavate.com | HTTP 200 | 234ms | SSL: 2026-12-05 (57 days)
UP           | https://gormanandsonslandscaping.com/ | HTTP 200 | 341ms | SSL: 2027-01-03 (86 days)
UP           | https://texasproroofing.net/ | HTTP 200 | 173ms | SSL: 2026-12-20 (72 days)
UP           | https://www.808towing.com/ | HTTP 200 | 236ms | SSL: 2026-12-11 (63 days)
UP           | https://www.jandbtreeservice.net/ | HTTP 200 | 185ms | SSL: 2027-01-06 (89 days)
UP           | https://sweetmountainair.co | HTTP 200 | 262ms | SSL: 2027-01-03 (86 days)
UP           | https://www.stormprosva.com/ | HTTP 200 | 129ms | SSL: 2026-12-20 (72 days)
UP           | https://www.atlantic217.com/ | HTTP 200 | 134ms | SSL: 2026-12-20 (72 days)
UP           | https://lakehamiltonappraisals.com/ | HTTP 200 | 232ms | SSL: 2027-01-07 (89 days)
UP           | https://kcservicecenterpa.com | HTTP 200 | 356ms | SSL: 2027-01-06 (89 days)
UP           | https://mobsfloorcare.com/ | HTTP 200 | 359ms | SSL: 2027-01-06 (89 days)
UP           | https://wennigercompressor.com/ | HTTP 200 | 153ms | SSL: 2026-12-13 (64 days)
UP           | https://mauicontainersales.com/ | HTTP 200 | 566ms | SSL: 2027-01-06 (89 days)
UP           | https://www.24-hourrefrigeration.com/ | HTTP 200 | 154ms | SSL: 2026-12-02 (54 days)
UP           | https://anteaterspestcontrol.net | HTTP 200 | 243ms | SSL: 2026-12-19 (71 days)
UP           | http://furniturefixxers.com | HTTP 200 | 430ms | SSL: 2027-01-06 (89 days)
UP           | https://www.apexgutters.com/ | HTTP 200 | 227ms | SSL: 2026-12-21 (72 days)
UP           | https://blackdogrr.com/ | HTTP 200 | 108ms | SSL: 2026-12-05 (57 days)
UP           | https://hogiesconstruction.com/ | HTTP 200 | 122ms | SSL: 2026-12-05 (57 days)
UP           | https://www.askyline.com/ | HTTP 200 | 152ms | SSL: 2026-12-29 (81 days)
UP           | https://www.dbarrsvcs.com/ | HTTP 200 | 473ms | SSL: 2026-12-21 (72 days)
UP           | https://powellpestcontrol.net/ | HTTP 200 | 135ms | SSL: 2026-12-16 (67 days)
UP           | https://wireguys.com | HTTP 200 | 252ms | SSL: 2027-01-06 (89 days)
ERROR        | https://economysidingtn.com/ | HTTP 404 | 272ms | SSL: 2026-11-08 (30 days)
UP           | https://rsccontracting.org/ | HTTP 200 | 160ms | SSL: 2026-12-21 (72 days)
UP           | https://www.bhswelding.com/ | HTTP 200 | 139ms | SSL: 2026-11-15 (37 days)
UP           | https://www.yourfamilysalon.com/ | HTTP 200 | 374ms | SSL: 2026-11-23 (44 days)
UP           | https://www.alswelldrilling.com/ | HTTP 200 | 350ms | SSL: 2026-12-05 (56 days)
UP           | http://customoutdoorsolutionsny.com | HTTP 200 | 154ms | SSL: 
UP           | https://raffoulheatingandair.com | HTTP 200 | 132ms | SSL: 2026-12-18 (70 days)
UP           | http://dynamohi.com | HTTP 200 | 429ms | SSL: 2026-12-05 (57 days)
UP           | https://danrandandassoc.com/ | HTTP 200 | 321ms | SSL: 2026-11-26 (48 days)
UP           | https://carbondalewoodshop.com/ | HTTP 200 | 857ms | SSL: 2026-12-08 (59 days)
UP           | https://smithhvacservices.com/index | HTTP 200 | 302ms | SSL: 2026-12-08 (60 days)
UP           | http://www.junk-punks.com/ | HTTP 200 | 797ms | SSL: 2026-12-29 (81 days)
UP           | https://www.fndcontracting.com | HTTP 200 | 334ms | SSL: 2026-10-31 (22 days)
UP           | http://hopelandscaping.com | HTTP 200 | 338ms | SSL: 2026-12-19 (71 days)
UP           | https://larrysae.com | HTTP 200 | 269ms | SSL: 2026-12-29 (81 days)
UP           | https://www.ezoutcollisioncenter.com/ | HTTP 200 | 549ms | SSL: 2026-12-21 (72 days)
UP           | https://rsccontracting.org/ | HTTP 200 | 628ms | SSL: 2026-12-21 (72 days)
UP           | http://ccelectricbcs.com | HTTP 200 | 277ms | SSL: 2026-12-21 (72 days)
UP           | http://ccelectricbcs.com | HTTP 200 | 251ms | SSL: 2026-12-21 (72 days)
UP           | https://tropicglassenclosuresfl.com/ | HTTP 200 | 225ms | SSL: 2027-01-07 (89 days)
UP           | https://www.fireflycontractor.com/ | HTTP 200 | 133ms | SSL: 2026-11-22 (44 days)
UP           | https://www.tridentconstructiongp.com/ | HTTP 200 | 107ms | SSL: 2027-01-07 (89 days)
UP           | https://roettgerwelding.com/ | HTTP 200 | 177ms | SSL: 2026-12-16 (68 days)
UP           | https://azjanitorialservice.com | HTTP 200 | 625ms | SSL: 2026-11-22 (44 days)
UP           | https://camoconstructionllc.com/ | HTTP 200 | 152ms | SSL: 2026-12-05 (57 days)
UP           | https://totalcomfortcleaners.com | HTTP 200 | 413ms | SSL: 2026-12-21 (72 days)
UP           | https://www.brianemmonsroofing.com/ | HTTP 200 | 577ms | SSL: 2026-12-02 (53 days)
UP           | https://www.customelitedetailcarwash.com/ | HTTP 200 | 195ms | SSL: 2026-12-21 (72 days)
UP           | https://www.noatoutdoorliving.com/ | HTTP 200 | 94ms | SSL: 2026-11-25 (47 days)
UP           | https://southfloridadockandseawall.com | HTTP 200 | 224ms | SSL: 2026-11-28 (50 days)
UP           | https://www.rselectricms.com | HTTP 200 | 118ms | SSL: 2026-12-01 (53 days)
UP           | http://allbrightcleaningkc.com | HTTP 200 | 110ms | SSL: 
UP           | https://paintingbypros.com/ | HTTP 200 | 563ms | SSL: 2027-01-04 (87 days)
UP           | https://www.ancientcitygaragedoors.com | HTTP 200 | 314ms | SSL: 2026-10-21 (12 days)
UP           | https://www.mikeandmikeroofing.com/ | HTTP 200 | 484ms | SSL: 2027-01-04 (86 days)
UP           | https://maxpressfoundationrepair.com/ | HTTP 200 | 329ms | SSL: 2026-11-30 (51 days)
UP           | https://offshorepropertyservices.com | HTTP 200 | 127ms | SSL: 2026-12-17 (68 days)
UP           | http://dynamohi.com | HTTP 200 | 347ms | SSL: 2026-12-05 (57 days)
UP           | https://patdollautomotivewi.com/ | HTTP 200 | 163ms | SSL: 2026-12-14 (65 days)
UP           | http://renewconstructionnm.com | HTTP 200 | 248ms | SSL: 2027-03-21 (162 days)
DOWN         | http://seaboardrestoration.com/ | ERROR: Get "http://seaboardrestoration.com/": dial tcp: lookup seaboardrestoration.com on 127.0.0.53:53: no such host
UP           | https://www.fisherhomeinspectionsllc.com/ | HTTP 200 | 212ms | SSL: 2026-12-19 (70 days)
UP           | https://www.jmplumbersinc.com/ | HTTP 200 | 303ms | SSL: 2026-12-31 (82 days)
UP           | https://finishlineautotire.com/ | HTTP 200 | 180ms | SSL: 2026-12-06 (58 days)
UP           | http://vitosexpress.com | HTTP 200 | 223ms | SSL: 2027-01-07 (89 days)
UP           | https://www.thesignsolution.net/ | HTTP 200 | 102ms | SSL: 2026-12-17 (68 days)
UP           | https://bagremodelers.com/ | HTTP 200 | 178ms | SSL: 2026-12-05 (57 days)
UP           | https://www.problemtree.com | HTTP 200 | 141ms | SSL: 2026-12-21 (72 days)
UP           | https://capri-wash.com | HTTP 200 | 240ms | SSL: 2026-12-26 (78 days)
DOWN         | https://landscapeofbrainerd.com/ | ERROR: Head "https://landscapeofbrainerd.com/": EOF
UP           | https://totalpackagelandscapeworksllc.com | HTTP 200 | 147ms | SSL: 2026-12-17 (68 days)
UP           | https://acesandblasting.co/ | HTTP 200 | 313ms | SSL: 2026-12-25 (77 days)
UP           | https://5startexasroofing.com/ | HTTP 200 | 313ms | SSL: 2026-11-24 (46 days)
UP           | https://caudletreeservice.com/ | HTTP 200 | 237ms | SSL: 2026-11-18 (40 days)
UP           | https://www.bayoustatemoving.com/ | HTTP 200 | 239ms | SSL: 2026-12-14 (65 days)
UP           | https://www.1classproperties.com/ | HTTP 200 | 446ms | SSL: 2026-12-21 (72 days)
UP           | https://www.1classrealty.com/ | HTTP 200 | 277ms | SSL: 2026-11-23 (45 days)
UP           | https://www.aimhighdetailing.com/ | HTTP 200 | 164ms | SSL: 2026-12-25 (76 days)
UP           | https://www.tampablindsbydesign.com/ | HTTP 200 | 212ms | SSL: 2026-12-20 (71 days)
UP           | http://thelocalplumber.com | HTTP 200 | 260ms | SSL: 2026-12-08 (60 days)
UP           | https://frontieraircon.com/ | HTTP 200 | 350ms | SSL: 2026-12-07 (59 days)
UP           | https://www.saltlakecitycabinetry.com/ | HTTP 200 | 107ms | SSL: 2026-11-25 (47 days)
UP           | https://mantispestma.com | HTTP 200 | 739ms | SSL: 2026-12-30 (82 days)
UP           | https://tyslandscapingiowa.com | HTTP 200 | 241ms | SSL: 2027-01-03 (86 days)
UP           | https://www.herrwelldrillingwi.com/ | HTTP 200 | 228ms | SSL: 2026-11-24 (45 days)
UP           | https://www.problemtree.com/ | HTTP 200 | 228ms | SSL: 2026-12-21 (72 days)
UP           | https://tandkventures.com/ | HTTP 200 | 140ms | SSL: 2026-12-16 (68 days)
UP           | http://muddyriversconcrete.com | HTTP 200 | 387ms | SSL: 2027-01-06 (89 days)
UP           | https://accurateandconfidentialtaxservice.com/ | HTTP 200 | 448ms | SSL: 2027-01-06 (89 days)
DOWN         | https://mcneelytreeservice.com/ | ERROR: Get "https://mcneelytreeservice.com/": dial tcp: lookup mcneelytreeservice.com on 127.0.0.53:53: no such host
UP           | https://www.mvpgardencenter.com/ | HTTP 200 | 285ms | SSL: 2026-12-06 (58 days)
UP           | https://abccarpetcleanerssd.com | HTTP 200 | 111ms | SSL: 2026-11-11 (32 days)
Summary: 225 UP | 9 ERROR | 6 DOWN | 0 UNVERIFIABLE
