=== 2026-09-10 12:49:18 ===
UP           | https://offshorepropertyservices.com | HTTP 200 | 368ms | SSL: 2026-10-23 (42 days)
DOWN         | http://seaboardrestoration.com/ | ERROR: Get "http://seaboardrestoration.com/": dial tcp: lookup seaboardrestoration.com on 127.0.0.53:53: no such host
UP           | https://platinumpaintingandserviceinc.com | HTTP 200 | 216ms | SSL: 2026-12-03 (84 days)
UP           | https://aandbauctionservices.com | HTTP 200 | 314ms | SSL: 2026-12-05 (86 days)
UP           | http://reidheatingandair.com | HTTP 200 | 219ms | SSL: 
UP           | https://pristineccs.com/ | HTTP 200 | 277ms | SSL: 2026-11-08 (59 days)
UP           | https://westcoastdents.com | HTTP 200 | 1390ms | SSL: 2026-11-01 (51 days)
UP           | https://catoiletwhisperer.com | HTTP 200 | 496ms | SSL: 2026-12-08 (89 days)
UP           | https://ivyheatingandair.com | HTTP 200 | 399ms | SSL: 2026-11-24 (74 days)
UP           | https://primaryheatingandcooling.com | HTTP 200 | 211ms | SSL: 2026-12-02 (83 days)
UP           | https://businessnotions.com/ | HTTP 200 | 462ms | SSL: 2026-10-15 (34 days)
UP           | https://www.butzwelding.com | HTTP 200 | 209ms | SSL: 2026-11-17 (68 days)
UP           | https://brimicfoundation.com/ | HTTP 200 | 413ms | SSL: 2026-10-21 (41 days)
UP           | https://endlesssummercharters.com/ | HTTP 200 | 331ms | SSL: 2026-10-18 (38 days)
UP           | https://thekiddiekornerboutique.com | HTTP 200 | 323ms | SSL: 2026-11-08 (59 days)
UP           | https://safloralelegance.com | HTTP 200 | 474ms | SSL: 2026-11-15 (66 days)
UP           | http://allbrandsheatingandcooling.com | HTTP 200 | 155ms | SSL: 
UP           | http://plumbersouthfl.com | HTTP 200 | 477ms | SSL: 2026-11-24 (75 days)
UP           | http://wjauction.com | HTTP 200 | 389ms | SSL: 2026-11-08 (59 days)
UP           | https://txpanhandlelogistics.com | HTTP 200 | 531ms | SSL: 2026-10-06 (26 days)
UP           | https://mullinstruckingllc.com/ | HTTP 200 | 349ms | SSL: 2026-10-22 (42 days)
UP           | https://fratiplumbing.net | HTTP 200 | 155ms | SSL: 2026-12-06 (87 days)
UP           | https://loganshouse.com/ | HTTP 200 | 617ms | SSL: 2026-10-13 (33 days)
UP           | http://plantsunlimiteddurham.com | HTTP 200 | 369ms | SSL: 2026-10-18 (38 days)
UP           | http://protechdiesel.biz/ | HTTP 200 | 302ms | SSL: 2026-11-15 (66 days)
UP           | https://cherrycreekshadesanddraperys.com | HTTP 200 | 325ms | SSL: 2026-10-22 (42 days)
ERROR        | https://centralmotorsale.com | HTTP 404 | 224ms | SSL: 2026-10-20 (39 days)
UP           | https://jsaengineers.com | HTTP 200 | 418ms | SSL: 2026-11-23 (74 days)
UP           | https://boilertechnologies.com | HTTP 200 | 396ms | SSL: 2026-11-16 (67 days)
UP           | https://trucarma.com/ | HTTP 200 | 162ms | SSL: 2026-12-08 (89 days)
UP           | https://wyomingarmoredservice.com | HTTP 200 | 208ms | SSL: 2026-11-25 (76 days)
UP           | https://brvparkpropane.com/ | HTTP 200 | 500ms | SSL: 2026-10-18 (37 days)
UP           | https://primeappraisalsmi.com | HTTP 200 | 219ms | SSL: 2026-11-19 (70 days)
UP           | https://newenglandgroupctinc.com | HTTP 200 | 512ms | SSL: 
UP           | https://www.napavalleyfitness.com | HTTP 200 | 150ms | SSL: 2026-11-08 (59 days)
UP           | https://www.prosidingandwindows.net/ | HTTP 200 | 357ms | SSL: 2026-10-28 (48 days)
UP           | https://www.eocatx.com/ | HTTP 200 | 287ms | SSL: 2026-09-19 (8 days)
UP           | https://www.drainrooterplumbingsd.com/ | HTTP 200 | 160ms | SSL: 2026-12-06 (87 days)
UP           | https://glassimpressionslv.com | HTTP 200 | 224ms | SSL: 2026-11-25 (76 days)
UP           | https://shultarchitect.com | HTTP 200 | 175ms | SSL: 2026-12-06 (87 days)
UP           | https://inthemix-adc.com | HTTP 200 | 491ms | SSL: 2026-11-08 (59 days)
UP           | https://www.sexton-repairs.com/ | HTTP 200 | 191ms | SSL: 2026-10-15 (35 days)
ERROR        | https://fraserplumbingarkansas.com/ | HTTP 404 | 205ms | SSL: 2026-09-25 (15 days)
UP           | https://foothillsmachininginc.com | HTTP 200 | 269ms | SSL: 2026-11-19 (70 days)
UP           | https://rangerenovation.com | HTTP 200 | 382ms | SSL: 2026-11-08 (59 days)
UP           | https://modelcoelectric.com/ | HTTP 200 | 378ms | SSL: 2026-10-18 (38 days)
UP           | https://conveyor-tek.com | HTTP 200 | 639ms | SSL: 2026-10-22 (41 days)
UP           | http://longspest.com | HTTP 200 | 419ms | SSL: 2026-11-08 (59 days)
UP           | https://spindledynamicsaxlerepair.com | HTTP 200 | 173ms | SSL: 2026-10-18 (38 days)
UP           | https://mevoutdoor.com/ | HTTP 200 | 384ms | SSL: 2026-11-24 (74 days)
UP           | https://greenbushpros.com/ | HTTP 200 | 478ms | SSL: 2026-11-23 (74 days)
DOWN         | https://harveysarlesinsurance.com/ | ERROR: Get "https://www.harveysarlesinsurance.com/": net/http: TLS handshake timeout
UP           | http://affordablerooter.com/ | HTTP 200 | 532ms | SSL: 2026-11-22 (73 days)
UP           | https://thomasmccannlaw.com | HTTP 200 | 224ms | SSL: 2026-12-08 (89 days)
UP           | https://southshoretruckrepair.com | HTTP 200 | 330ms | SSL: 2026-10-13 (33 days)
UP           | https://pacificgaragerepair.com | HTTP 200 | 377ms | SSL: 2026-11-24 (74 days)
UP           | https://www.thespringking.net/ | HTTP 200 | 288ms | SSL: 2026-11-24 (75 days)
UP           | https://www.hansmotosports.com/ | HTTP 200 | 220ms | SSL: 2026-10-22 (42 days)
UP           | https://www.advancedalarmlock.com | HTTP 200 | 156ms | SSL: 2026-11-15 (66 days)
UP           | https://www.amishstonefirepits.com/ | HTTP 200 | 206ms | SSL: 2026-12-08 (89 days)
UP           | https://www.noatoutdoorliving.com/ | HTTP 200 | 111ms | SSL: 2026-11-25 (76 days)
ERROR        | https://campbellhuitt.com | HTTP 404 | 1312ms | SSL: 2026-09-20 (9 days)
UP           | https://www.bulldogmovingclt.com/ | HTTP 200 | 314ms | SSL: 2026-10-21 (41 days)
UP           | https://terseptic.com | HTTP 200 | 246ms | SSL: 2026-10-27 (47 days)
UP           | https://www.nmwcattorneys.com/ | HTTP 200 | 211ms | SSL: 2026-11-24 (74 days)
UP           | https://www.jandpbikeshop.com/ | HTTP 200 | 298ms | SSL: 2026-11-27 (77 days)
ERROR        | https://angelabrowderhomecare.com/ | HTTP 403 | 231ms | SSL: 2026-11-27 (77 days)
UP           | https://www.5pointslandscaping.com/ | HTTP 200 | 270ms | SSL: 2026-10-23 (42 days)
UP           | https://carpettechcleaning.com | HTTP 200 | 432ms | SSL: 2026-10-20 (40 days)
UP           | https://www.mtccpressurewashing.com/ | HTTP 200 | 208ms | SSL: 2026-11-24 (74 days)
UP           | https://ochoaelectricsandiego.com | HTTP 200 | 215ms | SSL: 2026-11-08 (59 days)
UP           | https://vanityfairbaths.com | HTTP 200 | 344ms | SSL: 2026-11-08 (59 days)
UP           | https://www.asapcontainers.com/ | HTTP 200 | 254ms | SSL: 2026-11-08 (59 days)
UP           | https://www.boyleheatingandcooling.net/ | HTTP 200 | 889ms | SSL: 2026-09-27 (17 days)
UP           | https://www.zulaufconstruction.com | HTTP 200 | 219ms | SSL: 2026-09-27 (17 days)
UP           | https://www.carpetcleaningomaha.com | HTTP 200 | 230ms | SSL: 2026-12-03 (84 days)
UP           | https://cakeschocolatesandmore.com/ | HTTP 200 | 356ms | SSL: 2026-10-21 (41 days)
UP           | https://www.victorytireauto.com | HTTP 200 | 238ms | SSL: 2026-11-09 (60 days)
UP           | https://windsorlimo.com | HTTP 200 | 393ms | SSL: 2026-11-08 (59 days)
UP           | https://www.howieglass.com/ | HTTP 200 | 187ms | SSL: 2026-11-26 (77 days)
UP           | https://www.xlsavebig.com | HTTP 200 | 286ms | SSL: 2026-09-26 (15 days)
UP           | https://www.oxicleaners.com | HTTP 200 | 226ms | SSL: 2026-12-06 (87 days)
UP           | https://petstylessalonandspa.com | HTTP 200 | 382ms | SSL: 2026-11-08 (59 days)
UP           | https://www.riverbluffcanecorsos.com | HTTP 200 | 150ms | SSL: 2026-11-24 (74 days)
UP           | https://stoversflooringanddraperycenter.com/ | HTTP 200 | 321ms | SSL: 2026-11-08 (59 days)
UP           | http://www.aseyourlight.com | HTTP 200 | 194ms | SSL: 
UP           | https://www.missouriglassinc.com/ | HTTP 200 | 221ms | SSL: 2026-12-06 (87 days)
UP           | https://www.coddingtonlock.com/ | HTTP 200 | 1363ms | SSL: 2026-10-28 (48 days)
DOWN         | https://www.andyperuginos.com/ | ERROR: Head "https://www.andyperuginos.com/": EOF
UP           | https://tntcarpetcleaners.com | HTTP 200 | 370ms | SSL: 2026-11-08 (59 days)
UP           | https://www.opsct.com | HTTP 200 | 727ms | SSL: 2026-12-06 (86 days)
UP           | https://securitycompanyms.com | HTTP 200 | 142ms | SSL: 2026-12-08 (89 days)
UP           | https://abbottscatering.com | HTTP 200 | 1081ms | SSL: 2026-10-03 (22 days)
UP           | https://timothymwilliamslaw.com | HTTP 200 | 256ms | SSL: 2026-10-24 (44 days)
DOWN         | https://www.garyhuebnerlaw.com/ | ERROR: Get "https://www.garyhuebnerlaw.com/": tls: failed to verify certificate: x509: certificate is valid for broken-ssl.multiscreensite.com, not www.garyhuebnerlaw.com
UP           | https://www.thepoisonivyguy.com/ | HTTP 200 | 111ms | SSL: 2026-12-08 (89 days)
UP           | https://parkpharmacyrx.com | HTTP 200 | 351ms | SSL: 2026-11-16 (67 days)
ERROR        | https://gillettesignworks.com | HTTP 403 | 111ms | SSL: 2026-12-08 (89 days)
UP           | https://www.richroofing.com/ | HTTP 200 | 344ms | SSL: 2026-10-18 (38 days)
UP           | http://lassiterelectric.com | HTTP 200 | 139ms | SSL: 
UP           | https://www.fatpocketpawn.biz | HTTP 200 | 276ms | SSL: 2026-10-27 (46 days)
UP           | https://lockhartaircare.com | HTTP 200 | 215ms | SSL: 2026-12-06 (87 days)
UP           | https://www.eaglewaterfiltration.com/ | HTTP 200 | 270ms | SSL: 2026-10-22 (42 days)
DOWN         | https://www.epsteinspaint.com/ | ERROR: Get "https://www.epsteinspaint.com/": net/http: TLS handshake timeout
UP           | https://www.appliancereliancellc.com/ | HTTP 200 | 207ms | SSL: 2026-09-23 (13 days)
UP           | https://www.timworthystransmissionrepairs.com/ | HTTP 200 | 169ms | SSL: 2026-11-04 (55 days)
ERROR        | https://www.cashgoldnj.com | HTTP 404 | 2229ms | SSL: 2026-09-21 (10 days)
UP           | https://dlacupuncture.com | HTTP 200 | 264ms | SSL: 2026-12-06 (87 days)
UP           | https://www.rockyhillmeats.com/ | HTTP 200 | 131ms | SSL: 2026-11-04 (55 days)
UP           | https://www.absheatingandairconditioning.com/ | HTTP 200 | 179ms | SSL: 2026-10-18 (38 days)
UP           | https://tcpestsolutions.com/ | HTTP 200 | 536ms | SSL: 2026-11-25 (75 days)
UP           | https://www.tempbydesign.com/ | HTTP 200 | 169ms | SSL: 2026-10-18 (38 days)
ERROR        | https://tavosconstructionllc.com/ | HTTP 404 | 290ms | SSL: 2026-09-19 (8 days)
ERROR        | https://www.eastgeorgiatreeservice.com/ | HTTP 403 | 122ms | SSL: 2026-10-20 (40 days)
UP           | https://coastalcabinetsandgranite.com/ | HTTP 200 | 495ms | SSL: 2026-11-30 (81 days)
ERROR        | https://www.r7electricutah.com/ | HTTP 404 | 239ms | SSL: 2026-10-09 (28 days)
UP           | https://preferredremodeling.net/ | HTTP 200 | 392ms | SSL: 2026-11-24 (74 days)
UP           | https://www.jml-electric.com | HTTP 200 | 168ms | SSL: 2026-12-06 (87 days)
UP           | http://resto-pros.net | HTTP 200 | 397ms | SSL: 2026-11-08 (59 days)
UP           | http://scconstruction.info | HTTP 200 | 294ms | SSL: 2026-11-07 (58 days)
UP           | https://www.porteroutdoorservices.com/ | HTTP 200 | 431ms | SSL: 2026-10-18 (37 days)
UP           | http://killswitchauto.com | HTTP 200 | 498ms | SSL: 2026-11-08 (59 days)
UP           | https://coxdecorativeconcrete.com/ | HTTP 200 | 328ms | SSL: 2026-10-22 (42 days)
UP           | http://charlesfulkroaddisposal.com | HTTP 200 | 264ms | SSL: 
UP           | https://wireguyselectric.com/ | HTTP 200 | 209ms | SSL: 2026-10-22 (42 days)
UP           | https://www.dentconceptstx.com/ | HTTP 200 | 303ms | SSL: 2026-10-22 (42 days)
UP           | https://fincorefrigeration.com | HTTP 200 | 278ms | SSL: 2026-11-18 (69 days)
UP           | http://rocketcitymarine.com | HTTP 200 | 489ms | SSL: 2026-11-24 (74 days)
UP           | https://cleantechsystemsnm.com | HTTP 200 | 464ms | SSL: 2026-10-19 (39 days)
UP           | https://www.affordablecustomgolfcarts.com/ | HTTP 200 | 163ms | SSL: 2026-12-05 (86 days)
UP           | https://greenscapeslawns.com/ | HTTP 200 | 333ms | SSL: 2026-10-22 (42 days)
UP           | https://jtstree.com/ | HTTP 200 | 270ms | SSL: 2026-12-01 (82 days)
UP           | https://www.dixiefenceohio.com/ | HTTP 200 | 227ms | SSL: 2026-11-24 (75 days)
UP           | https://allkidsarespecial.net | HTTP 200 | 219ms | SSL: 2026-12-05 (86 days)
UP           | https://sgrcalifornia.com/ | HTTP 200 | 202ms | SSL: 2026-12-03 (84 days)
UP           | https://www.garysroofingandconst.com/ | HTTP 200 | 97ms | SSL: 2026-12-05 (86 days)
UP           | https://www.breezehvac.com/ | HTTP 200 | 192ms | SSL: 2026-12-05 (86 days)
UP           | https://rcpoolworks.com | HTTP 200 | 205ms | SSL: 2026-11-04 (55 days)
UP           | https://Freedomcarpet.net | HTTP 200 | 403ms | SSL: 2026-10-22 (42 days)
UP           | https://rolandoroofing.net | HTTP 200 | 291ms | SSL: 2026-11-03 (54 days)
UP           | http://ormondlandscaping.com/ | HTTP 200 | 319ms | SSL: 2026-11-08 (59 days)
UP           | https://www.alliedroofingco.com/ | HTTP 200 | 277ms | SSL: 2026-12-09 (89 days)
UP           | https://www.waterheatersracinewi.com/ | HTTP 200 | 325ms | SSL: 2026-09-29 (18 days)
UP           | https://www.atlanticdrywallandpaint.com/ | HTTP 200 | 183ms | SSL: 2026-11-22 (73 days)
DOWN         | https://grantsappliancerepairllc.com/ | ERROR: Get "https://grantsappliancerepairllc.com/": dial tcp: lookup grantsappliancerepairllc.com on 127.0.0.53:53: no such host
UP           | http://aaaexcavate.com | HTTP 200 | 451ms | SSL: 2026-12-05 (86 days)
UP           | https://gormanandsonslandscaping.com/ | HTTP 200 | 471ms | SSL: 2026-11-05 (56 days)
UP           | https://texasproroofing.net/ | HTTP 200 | 217ms | SSL: 2026-10-22 (42 days)
UP           | https://www.808towing.com/ | HTTP 200 | 251ms | SSL: 2026-10-13 (33 days)
UP           | https://www.jandbtreeservice.net/ | HTTP 200 | 200ms | SSL: 2026-11-08 (59 days)
UP           | https://sweetmountainair.co | HTTP 200 | 275ms | SSL: 2026-11-05 (56 days)
UP           | https://www.stormprosva.com/ | HTTP 200 | 178ms | SSL: 2026-10-22 (42 days)
UP           | https://www.atlantic217.com/ | HTTP 200 | 259ms | SSL: 2026-09-26 (16 days)
UP           | https://lakehamiltonappraisals.com/ | HTTP 200 | 607ms | SSL: 2026-11-08 (59 days)
UP           | https://kcservicecenterpa.com | HTTP 200 | 380ms | SSL: 2026-11-08 (59 days)
UP           | https://mobsfloorcare.com/ | HTTP 200 | 313ms | SSL: 2026-11-08 (59 days)
UP           | https://wennigercompressor.com/ | HTTP 200 | 599ms | SSL: 2026-10-10 (29 days)
UP           | https://mauicontainersales.com/ | HTTP 200 | 512ms | SSL: 2026-11-08 (59 days)
UP           | https://www.24-hourrefrigeration.com/ | HTTP 200 | 156ms | SSL: 2026-12-02 (83 days)
UP           | https://anteaterspestcontrol.net | HTTP 200 | 221ms | SSL: 2026-10-21 (41 days)
UP           | http://furniturefixxers.com | HTTP 200 | 441ms | SSL: 2026-11-08 (59 days)
UP           | https://www.apexgutters.com/ | HTTP 200 | 202ms | SSL: 2026-10-23 (42 days)
UP           | https://blackdogrr.com/ | HTTP 200 | 264ms | SSL: 2026-12-05 (86 days)
UP           | https://hogiesconstruction.com/ | HTTP 200 | 136ms | SSL: 2026-12-05 (86 days)
UP           | https://www.askyline.com/ | HTTP 200 | 250ms | SSL: 2026-09-21 (11 days)
UP           | https://www.dbarrsvcs.com/ | HTTP 200 | 332ms | SSL: 2026-10-22 (42 days)
UP           | https://powellpestcontrol.net/ | HTTP 200 | 152ms | SSL: 2026-10-18 (38 days)
UP           | https://wireguys.com | HTTP 200 | 284ms | SSL: 2026-11-08 (59 days)
ERROR        | https://economysidingtn.com/ | HTTP 404 | 168ms | SSL: 2026-11-08 (59 days)
UP           | https://rsccontracting.org/ | HTTP 200 | 347ms | SSL: 2026-10-23 (42 days)
UP           | https://www.bhswelding.com/ | HTTP 200 | 144ms | SSL: 2026-11-15 (66 days)
UP           | https://www.yourfamilysalon.com/ | HTTP 200 | 268ms | SSL: 2026-11-23 (73 days)
UP           | https://www.alswelldrilling.com/ | HTTP 200 | 285ms | SSL: 2026-12-05 (85 days)
UP           | http://customoutdoorsolutionsny.com | HTTP 200 | 285ms | SSL: 
UP           | https://raffoulheatingandair.com | HTTP 200 | 144ms | SSL: 2026-10-20 (40 days)
UP           | http://dynamohi.com | HTTP 200 | 114ms | SSL: 2026-12-05 (86 days)
UP           | https://danrandandassoc.com/ | HTTP 200 | 488ms | SSL: 2026-11-26 (77 days)
UP           | https://carbondalewoodshop.com/ | HTTP 200 | 643ms | SSL: 2026-11-18 (68 days)
UP           | https://smithhvacservices.com/index | HTTP 200 | 275ms | SSL: 2026-12-08 (89 days)
UP           | http://www.junk-punks.com/ | HTTP 200 | 1124ms | SSL: 2026-11-05 (55 days)
UP           | https://www.fndcontracting.com | HTTP 200 | 269ms | SSL: 2026-10-31 (51 days)
UP           | http://hopelandscaping.com | HTTP 200 | 443ms | SSL: 2026-10-21 (41 days)
UP           | https://larrysae.com | HTTP 200 | 389ms | SSL: 2026-12-04 (84 days)
UP           | https://www.ezoutcollisioncenter.com/ | HTTP 200 | 271ms | SSL: 2026-10-22 (42 days)
UP           | https://rsccontracting.org/ | HTTP 200 | 52ms | SSL: 2026-10-23 (42 days)
UP           | http://ccelectricbcs.com | HTTP 200 | 361ms | SSL: 2026-10-23 (42 days)
UP           | http://ccelectricbcs.com | HTTP 200 | 348ms | SSL: 2026-10-23 (42 days)
UP           | https://tropicglassenclosuresfl.com/ | HTTP 200 | 368ms | SSL: 2026-11-08 (59 days)
UP           | https://www.fireflycontractor.com/ | HTTP 200 | 139ms | SSL: 2026-11-22 (73 days)
UP           | https://www.tridentconstructiongp.com/ | HTTP 200 | 128ms | SSL: 2026-11-08 (59 days)
UP           | https://roettgerwelding.com/ | HTTP 200 | 154ms | SSL: 2026-12-03 (83 days)
UP           | https://azjanitorialservice.com | HTTP 200 | 521ms | SSL: 2026-11-22 (73 days)
UP           | https://camoconstructionllc.com/ | HTTP 200 | 128ms | SSL: 2026-12-05 (86 days)
UP           | https://totalcomfortcleaners.com | HTTP 200 | 280ms | SSL: 2026-10-23 (42 days)
UP           | https://www.brianemmonsroofing.com/ | HTTP 200 | 325ms | SSL: 2026-12-02 (82 days)
UP           | https://www.customelitedetailcarwash.com/ | HTTP 200 | 253ms | SSL: 2026-10-22 (42 days)
UP           | https://www.noatoutdoorliving.com/ | HTTP 200 | 144ms | SSL: 2026-11-25 (76 days)
UP           | https://southfloridadockandseawall.com | HTTP 200 | 353ms | SSL: 2026-11-28 (79 days)
UP           | https://www.rselectricms.com | HTTP 200 | 153ms | SSL: 2026-12-01 (82 days)
UP           | http://allbrightcleaningkc.com | HTTP 200 | 262ms | SSL: 
UP           | https://paintingbypros.com/ | HTTP 200 | 276ms | SSL: 2026-10-13 (33 days)
UP           | https://www.ancientcitygaragedoors.com | HTTP 200 | 228ms | SSL: 2026-10-21 (41 days)
UP           | https://www.mikeandmikeroofing.com/ | HTTP 200 | 414ms | SSL: 2026-11-04 (54 days)
UP           | https://maxpressfoundationrepair.com/ | HTTP 200 | 469ms | SSL: 2026-11-30 (80 days)
UP           | https://offshorepropertyservices.com | HTTP 200 | 229ms | SSL: 2026-10-23 (42 days)
UP           | http://dynamohi.com | HTTP 200 | 483ms | SSL: 2026-12-05 (86 days)
UP           | https://patdollautomotivewi.com/ | HTTP 200 | 214ms | SSL: 2026-10-15 (35 days)
UP           | http://renewconstructionnm.com | HTTP 200 | 383ms | SSL: 2027-03-21 (191 days)
DOWN         | http://seaboardrestoration.com/ | ERROR: Get "http://seaboardrestoration.com/": dial tcp: lookup seaboardrestoration.com on 127.0.0.53:53: no such host
UP           | https://www.fisherhomeinspectionsllc.com/ | HTTP 200 | 295ms | SSL: 2026-10-20 (40 days)
UP           | https://www.jmplumbersinc.com/ | HTTP 200 | 346ms | SSL: 2026-11-02 (52 days)
UP           | https://finishlineautotire.com/ | HTTP 200 | 201ms | SSL: 2026-12-06 (87 days)
UP           | http://vitosexpress.com | HTTP 200 | 321ms | SSL: 2026-11-08 (59 days)
UP           | https://www.thesignsolution.net/ | HTTP 200 | 165ms | SSL: 2026-10-18 (38 days)
UP           | https://bagremodelers.com/ | HTTP 200 | 136ms | SSL: 2026-12-05 (86 days)
UP           | https://www.problemtree.com | HTTP 200 | 194ms | SSL: 2026-10-23 (42 days)
UP           | https://capri-wash.com | HTTP 200 | 375ms | SSL: 2026-10-28 (48 days)
DOWN         | https://landscapeofbrainerd.com/ | ERROR: Head "https://landscapeofbrainerd.com/": EOF
UP           | https://totalpackagelandscapeworksllc.com | HTTP 200 | 151ms | SSL: 2026-10-18 (38 days)
UP           | https://acesandblasting.co/ | HTTP 200 | 321ms | SSL: 2026-10-27 (47 days)
UP           | https://5startexasroofing.com/ | HTTP 200 | 427ms | SSL: 2026-11-24 (75 days)
UP           | https://caudletreeservice.com/ | HTTP 200 | 328ms | SSL: 2026-11-18 (69 days)
UP           | https://www.bayoustatemoving.com/ | HTTP 200 | 255ms | SSL: 2026-10-15 (35 days)
UP           | https://www.1classproperties.com/ | HTTP 200 | 329ms | SSL: 2026-10-22 (42 days)
UP           | https://www.1classrealty.com/ | HTTP 200 | 310ms | SSL: 2026-11-23 (74 days)
UP           | https://www.aimhighdetailing.com/ | HTTP 200 | 384ms | SSL: 2026-10-22 (41 days)
UP           | https://www.tampablindsbydesign.com/ | HTTP 200 | 206ms | SSL: 2026-10-21 (41 days)
UP           | http://thelocalplumber.com | HTTP 200 | 490ms | SSL: 2026-12-08 (89 days)
UP           | https://frontieraircon.com/ | HTTP 200 | 310ms | SSL: 2026-12-07 (88 days)
UP           | https://www.saltlakecitycabinetry.com/ | HTTP 200 | 173ms | SSL: 2026-11-25 (76 days)
UP           | https://mantispestma.com | HTTP 200 | 611ms | SSL: 2026-10-08 (28 days)
UP           | https://tyslandscapingiowa.com | HTTP 200 | 324ms | SSL: 2026-11-05 (56 days)
UP           | https://www.herrwelldrillingwi.com/ | HTTP 200 | 338ms | SSL: 2026-11-24 (74 days)
UP           | https://www.problemtree.com/ | HTTP 200 | 75ms | SSL: 2026-10-23 (42 days)
UP           | https://tandkventures.com/ | HTTP 200 | 118ms | SSL: 2026-10-18 (38 days)
UP           | http://muddyriversconcrete.com | HTTP 200 | 358ms | SSL: 2026-11-08 (59 days)
UP           | https://accurateandconfidentialtaxservice.com/ | HTTP 200 | 356ms | SSL: 2026-11-08 (59 days)
DOWN         | https://mcneelytreeservice.com/ | ERROR: Get "https://mcneelytreeservice.com/": dial tcp: lookup mcneelytreeservice.com on 127.0.0.53:53: no such host
UP           | https://www.mvpgardencenter.com/ | HTTP 200 | 221ms | SSL: 2026-12-06 (87 days)
UP           | https://abccarpetcleanerssd.com | HTTP 200 | 129ms | SSL: 2026-11-11 (61 days)
Summary: 221 UP | 10 ERROR | 9 DOWN | 0 UNVERIFIABLE
