=== 2026-07-06 12:09:49 ===
UP           | https://offshorepropertyservices.com | HTTP 200 | 462ms | SSL: 2026-09-09 (64 days)
DOWN         | http://seaboardrestoration.com/ | ERROR: Get "http://seaboardrestoration.com/": dial tcp: lookup seaboardrestoration.com on 127.0.0.53:53: no such host
UP           | https://platinumpaintingandserviceinc.com | HTTP 200 | 589ms | SSL: 2026-10-01 (86 days)
UP           | https://aandbauctionservices.com | HTTP 200 | 463ms | SSL: 2026-09-23 (78 days)
UP           | http://reidheatingandair.com | HTTP 200 | 457ms | SSL: 2026-07-20 (14 days)
UP           | https://pristineccs.com/ | HTTP 200 | 521ms | SSL: 2026-07-20 (13 days)
UP           | https://westcoastdents.com | HTTP 200 | 1320ms | SSL: 2026-09-03 (58 days)
UP           | https://catoiletwhisperer.com | HTTP 200 | 464ms | SSL: 2026-09-16 (72 days)
UP           | https://ivyheatingandair.com | HTTP 200 | 491ms | SSL: 2026-09-16 (72 days)
UP           | https://primaryheatingandcooling.com | HTTP 200 | 574ms | SSL: 2026-09-28 (83 days)
UP           | https://businessnotions.com/ | HTTP 200 | 473ms | SSL: 2026-07-24 (18 days)
UP           | https://www.butzwelding.com | HTTP 200 | 257ms | SSL: 2026-09-20 (76 days)
UP           | https://brimicfoundation.com/ | HTTP 200 | 501ms | SSL: 2026-09-23 (79 days)
UP           | https://endlesssummercharters.com/ | HTTP 200 | 590ms | SSL: 2026-07-26 (19 days)
UP           | https://thekiddiekornerboutique.com | HTTP 200 | 220ms | SSL: 2026-07-29 (22 days)
UP           | https://safloralelegance.com | HTTP 200 | 564ms | SSL: 2026-09-21 (77 days)
UP           | http://allbrandsheatingandcooling.com | HTTP 200 | 414ms | SSL: 2026-09-27 (83 days)
UP           | http://plumbersouthfl.com | HTTP 200 | 368ms | SSL: 2026-07-14 (8 days)
UP           | http://wjauction.com | HTTP 200 | 399ms | SSL: 2026-07-14 (8 days)
UP           | https://txpanhandlelogistics.com | HTTP 200 | 553ms | SSL: 2026-07-15 (9 days)
UP           | https://mullinstruckingllc.com/ | HTTP 200 | 458ms | SSL: 2026-08-09 (33 days)
UP           | https://fratiplumbing.net | HTTP 200 | 446ms | SSL: 2026-07-24 (18 days)
UP           | https://loganshouse.com/ | HTTP 200 | 584ms | SSL: 2026-07-22 (16 days)
UP           | http://plantsunlimiteddurham.com | HTTP 200 | 394ms | SSL: 2026-08-03 (27 days)
UP           | http://protechdiesel.biz/ | HTTP 200 | 388ms | SSL: 2026-08-09 (33 days)
UP           | https://cherrycreekshadesanddraperys.com | HTTP 200 | 431ms | SSL: 2026-07-25 (18 days)
UP           | https://centralmotorsale.com | HTTP 200 | 451ms | SSL: 2026-07-29 (22 days)
UP           | https://jsaengineers.com | HTTP 200 | 459ms | SSL: 2026-08-10 (34 days)
UP           | https://boilertechnologies.com | HTTP 200 | 487ms | SSL: 2026-09-26 (81 days)
UP           | https://trucarma.com/ | HTTP 200 | 2602ms | SSL: 2026-09-16 (71 days)
UP           | https://wyomingarmoredservice.com | HTTP 200 | 457ms | SSL: 2026-09-03 (58 days)
UP           | https://brvparkpropane.com/ | HTTP 200 | 440ms | SSL: 2026-07-27 (20 days)
UP           | https://primeappraisalsmi.com | HTTP 200 | 536ms | SSL: 2026-09-13 (69 days)
UP           | https://newenglandgroupctinc.com | HTTP 200 | 791ms | SSL: 2026-09-16 (71 days)
UP           | https://www.napavalleyfitness.com | HTTP 200 | 211ms | SSL: 2026-07-13 (7 days)
UP           | https://www.prosidingandwindows.net/ | HTTP 200 | 246ms | SSL: 2026-07-24 (17 days)
UP           | https://www.eocatx.com/ | HTTP 200 | 231ms | SSL: 2026-09-19 (74 days)
UP           | https://www.drainrooterplumbingsd.com/ | HTTP 200 | 226ms | SSL: 2026-09-07 (62 days)
UP           | https://glassimpressionslv.com | HTTP 200 | 512ms | SSL: 2026-09-25 (80 days)
UP           | https://shultarchitect.com | HTTP 200 | 478ms | SSL: 2026-08-18 (43 days)
UP           | https://inthemix-adc.com | HTTP 200 | 498ms | SSL: 2026-08-17 (42 days)
UP           | https://www.sexton-repairs.com/ | HTTP 200 | 235ms | SSL: 2026-09-18 (73 days)
ERROR        | https://fraserplumbingarkansas.com/ | HTTP 404 | 240ms | SSL: 2026-09-25 (81 days)
UP           | https://foothillsmachininginc.com | HTTP 200 | 500ms | SSL: 2026-07-20 (13 days)
UP           | https://rangerenovation.com | HTTP 200 | 475ms | SSL: 2026-07-29 (23 days)
UP           | https://modelcoelectric.com/ | HTTP 200 | 474ms | SSL: 2026-08-07 (31 days)
UP           | https://conveyor-tek.com | HTTP 200 | 494ms | SSL: 2026-07-31 (24 days)
UP           | http://longspest.com | HTTP 200 | 631ms | SSL: 2026-08-20 (44 days)
UP           | https://spindledynamicsaxlerepair.com | HTTP 200 | 508ms | SSL: 2026-08-07 (31 days)
UP           | https://mevoutdoor.com/ | HTTP 200 | 435ms | SSL: 2026-09-14 (69 days)
UP           | https://greenbushpros.com/ | HTTP 200 | 539ms | SSL: 2026-09-23 (78 days)
UP           | https://harveysarlesinsurance.com/ | HTTP 200 | 465ms | SSL: 2026-09-10 (65 days)
UP           | http://affordablerooter.com/ | HTTP 200 | 200ms | SSL: 2026-09-24 (80 days)
UP           | https://thomasmccannlaw.com | HTTP 200 | 440ms | SSL: 2026-07-24 (17 days)
UP           | https://southshoretruckrepair.com | HTTP 200 | 499ms | SSL: 2026-08-30 (55 days)
UP           | https://pacificgaragerepair.com | HTTP 200 | 515ms | SSL: 2026-09-12 (67 days)
UP           | https://www.thespringking.net/ | HTTP 200 | 245ms | SSL: 2026-09-20 (76 days)
UP           | https://www.hansmotosports.com/ | HTTP 200 | 257ms | SSL: 2026-09-10 (65 days)
UP           | https://www.advancedalarmlock.com | HTTP 200 | 224ms | SSL: 2026-07-31 (24 days)
UP           | https://www.amishstonefirepits.com/ | HTTP 200 | 232ms | SSL: 2026-07-26 (19 days)
UP           | https://www.noatoutdoorliving.com/ | HTTP 200 | 185ms | SSL: 2026-07-16 (10 days)
UP           | https://campbellhuitt.com | HTTP 200 | 487ms | SSL: 2026-09-20 (75 days)
UP           | https://www.bulldogmovingclt.com/ | HTTP 200 | 355ms | SSL: 2026-08-13 (38 days)
DOWN         | https://terseptic.com | ERROR: Get "https://terseptic.com": tls: failed to verify certificate: x509: certificate is valid for broken-ssl.multiscreensite.com, not terseptic.com
UP           | https://www.nmwcattorneys.com/ | HTTP 200 | 211ms | SSL: 2026-09-25 (80 days)
UP           | https://www.jandpbikeshop.com/ | HTTP 200 | 303ms | SSL: 2026-09-05 (60 days)
UP           | https://angelabrowderhomecare.com/ | HTTP 200 | 486ms | SSL: 2026-09-05 (61 days)
UP           | https://www.5pointslandscaping.com/ | HTTP 200 | 254ms | SSL: 2026-09-05 (60 days)
UP           | https://carpettechcleaning.com | HTTP 200 | 544ms | SSL: 2026-07-31 (24 days)
UP           | https://www.mtccpressurewashing.com/ | HTTP 200 | 271ms | SSL: 2026-09-22 (78 days)
UP           | https://ochoaelectricsandiego.com | HTTP 200 | 476ms | SSL: 2026-08-10 (34 days)
UP           | https://vanityfairbaths.com | HTTP 200 | 457ms | SSL: 2026-10-01 (87 days)
UP           | https://www.asapcontainers.com/ | HTTP 200 | 262ms | SSL: 2026-10-01 (86 days)
UP           | https://www.boyleheatingandcooling.net/ | HTTP 200 | 720ms | SSL: 2026-09-27 (83 days)
UP           | https://www.zulaufconstruction.com | HTTP 200 | 300ms | SSL: 2026-09-27 (83 days)
UP           | https://www.carpetcleaningomaha.com | HTTP 200 | 207ms | SSL: 2026-07-20 (13 days)
UP           | https://cakeschocolatesandmore.com/ | HTTP 200 | 441ms | SSL: 2026-07-26 (19 days)
UP           | https://www.victorytireauto.com | HTTP 200 | 221ms | SSL: 2026-07-29 (22 days)
UP           | https://windsorlimo.com | HTTP 200 | 472ms | SSL: 2026-08-02 (26 days)
UP           | https://www.howieglass.com/ | HTTP 200 | 231ms | SSL: 2026-09-05 (60 days)
UP           | https://www.xlsavebig.com | HTTP 200 | 465ms | SSL: 2026-09-26 (81 days)
UP           | https://www.oxicleaners.com | HTTP 200 | 325ms | SSL: 2026-07-30 (23 days)
UP           | https://petstylessalonandspa.com | HTTP 200 | 458ms | SSL: 2026-07-18 (11 days)
UP           | https://www.riverbluffcanecorsos.com | HTTP 200 | 211ms | SSL: 2026-07-26 (19 days)
UP           | https://stoversflooringanddraperycenter.com/ | HTTP 200 | 450ms | SSL: 2026-07-20 (13 days)
UP           | http://www.aseyourlight.com | HTTP 200 | 618ms | SSL: 2026-07-26 (19 days)
UP           | https://www.missouriglassinc.com/ | HTTP 200 | 245ms | SSL: 2026-09-18 (74 days)
UP           | https://www.coddingtonlock.com/ | HTTP 200 | 273ms | SSL: 2026-09-11 (66 days)
ERROR        | https://www.andyperuginos.com/ | HTTP 404 | 236ms | SSL: 2026-09-21 (77 days)
UP           | https://tntcarpetcleaners.com | HTTP 200 | 2576ms | SSL: 2026-09-28 (83 days)
UP           | https://www.opsct.com | HTTP 200 | 274ms | SSL: 2026-09-20 (76 days)
UP           | https://securitycompanyms.com | HTTP 200 | 537ms | SSL: 2026-07-18 (12 days)
UP           | https://abbottscatering.com | HTTP 200 | 1103ms | SSL: 2026-10-03 (88 days)
UP           | https://timothymwilliamslaw.com | HTTP 200 | 222ms | SSL: 2026-08-26 (51 days)
DOWN         | https://www.garyhuebnerlaw.com/ | ERROR: Get "https://www.garyhuebnerlaw.com/": tls: failed to verify certificate: x509: certificate is valid for broken-ssl.multiscreensite.com, not www.garyhuebnerlaw.com
UP           | https://www.thepoisonivyguy.com/ | HTTP 200 | 273ms | SSL: 2026-08-02 (27 days)
UP           | https://parkpharmacyrx.com | HTTP 200 | 578ms | SSL: 2026-07-25 (18 days)
UP           | https://gillettesignworks.com | HTTP 200 | 510ms | SSL: 2026-08-05 (29 days)
UP           | https://www.richroofing.com/ | HTTP 200 | 259ms | SSL: 2026-07-27 (21 days)
UP           | http://lassiterelectric.com | HTTP 200 | 667ms | SSL: 2026-08-02 (27 days)
UP           | https://www.fatpocketpawn.biz | HTTP 200 | 245ms | SSL: 2026-08-05 (30 days)
UP           | https://lockhartaircare.com | HTTP 200 | 490ms | SSL: 2026-09-11 (66 days)
UP           | https://www.eaglewaterfiltration.com/ | HTTP 200 | 242ms | SSL: 2026-09-11 (66 days)
UP           | https://www.epsteinspaint.com/ | HTTP 200 | 311ms | SSL: 2026-09-04 (60 days)
UP           | https://www.appliancereliancellc.com/ | HTTP 200 | 301ms | SSL: 2026-09-23 (79 days)
UP           | https://www.timworthystransmissionrepairs.com/ | HTTP 200 | 239ms | SSL: 2026-09-18 (74 days)
UP           | https://www.cashgoldnj.com | HTTP 200 | 273ms | SSL: 2026-09-21 (76 days)
UP           | https://dlacupuncture.com | HTTP 200 | 437ms | SSL: 2026-10-01 (87 days)
UP           | https://www.rockyhillmeats.com/ | HTTP 200 | 267ms | SSL: 2026-07-14 (7 days)
UP           | https://www.absheatingandairconditioning.com/ | HTTP 200 | 256ms | SSL: 2026-08-06 (31 days)
UP           | https://tcpestsolutions.com/ | HTTP 200 | 501ms | SSL: 2026-09-03 (59 days)
UP           | https://www.tempbydesign.com/ | HTTP 200 | 229ms | SSL: 2026-09-21 (77 days)
UP           | https://tavosconstructionllc.com/ | HTTP 200 | 487ms | SSL: 2026-09-19 (74 days)
DOWN         | https://www.eastgeorgiatreeservice.com/ | ERROR: Head "https://www.eastgeorgiatreeservice.com/": EOF
UP           | https://coastalcabinetsandgranite.com/ | HTTP 200 | 474ms | SSL: 2026-07-20 (13 days)
ERROR        | https://www.r7electricutah.com/ | HTTP 404 | 242ms | SSL: 2026-07-18 (11 days)
UP           | https://preferredremodeling.net/ | HTTP 200 | 620ms | SSL: 2026-09-28 (83 days)
UP           | https://www.jml-electric.com | HTTP 200 | 307ms | SSL: 2026-10-02 (87 days)
UP           | http://resto-pros.net | HTTP 200 | 455ms | SSL: 2026-09-28 (83 days)
UP           | http://scconstruction.info | HTTP 200 | 138ms | SSL: 2026-08-30 (55 days)
UP           | https://www.porteroutdoorservices.com/ | HTTP 200 | 304ms | SSL: 2026-07-27 (20 days)
UP           | http://killswitchauto.com | HTTP 200 | 407ms | SSL: 2026-09-25 (81 days)
UP           | https://coxdecorativeconcrete.com/ | HTTP 200 | 501ms | SSL: 2026-08-09 (33 days)
UP           | http://charlesfulkroaddisposal.com | HTTP 200 | 422ms | SSL: 2026-07-15 (8 days)
UP           | https://wireguyselectric.com/ | HTTP 200 | 463ms | SSL: 2026-07-17 (11 days)
UP           | https://www.dentconceptstx.com/ | HTTP 200 | 240ms | SSL: 2026-07-20 (13 days)
UP           | https://fincorefrigeration.com | HTTP 200 | 536ms | SSL: 2026-08-07 (31 days)
UP           | http://rocketcitymarine.com | HTTP 200 | 465ms | SSL: 2026-07-20 (13 days)
UP           | https://cleantechsystemsnm.com | HTTP 200 | 529ms | SSL: 2026-07-20 (13 days)
UP           | https://www.affordablecustomgolfcarts.com/ | HTTP 200 | 233ms | SSL: 2026-09-08 (63 days)
UP           | https://greenscapeslawns.com/ | HTTP 200 | 445ms | SSL: 2026-07-27 (21 days)
UP           | https://jtstree.com/ | HTTP 200 | 475ms | SSL: 2026-08-03 (28 days)
UP           | https://www.dixiefenceohio.com/ | HTTP 200 | 342ms | SSL: 2026-08-09 (33 days)
UP           | https://allkidsarespecial.net | HTTP 200 | 478ms | SSL: 2026-08-17 (42 days)
UP           | https://sgrcalifornia.com/ | HTTP 200 | 480ms | SSL: 2026-08-04 (29 days)
UP           | https://www.garysroofingandconst.com/ | HTTP 200 | 258ms | SSL: 2026-07-28 (21 days)
UP           | https://www.breezehvac.com/ | HTTP 200 | 227ms | SSL: 2026-09-13 (69 days)
UP           | https://rcpoolworks.com | HTTP 200 | 438ms | SSL: 2026-08-08 (32 days)
UP           | https://Freedomcarpet.net | HTTP 200 | 467ms | SSL: 2026-09-08 (63 days)
UP           | https://rolandoroofing.net | HTTP 200 | 536ms | SSL: 2026-09-21 (76 days)
UP           | http://ormondlandscaping.com/ | HTTP 200 | 461ms | SSL: 2026-08-02 (26 days)
UP           | https://www.alliedroofingco.com/ | HTTP 200 | 245ms | SSL: 2026-09-17 (72 days)
UP           | https://www.waterheatersracinewi.com/ | HTTP 200 | 240ms | SSL: 2026-09-29 (85 days)
UP           | https://www.atlanticdrywallandpaint.com/ | HTTP 200 | 236ms | SSL: 2026-09-14 (69 days)
UP           | https://grantsappliancerepairllc.com/ | HTTP 200 | 441ms | SSL: 2026-09-14 (69 days)
UP           | http://aaaexcavate.com | HTTP 200 | 441ms | SSL: 2026-09-22 (77 days)
UP           | https://gormanandsonslandscaping.com/ | HTTP 200 | 500ms | SSL: 2026-07-21 (15 days)
UP           | https://texasproroofing.net/ | HTTP 200 | 512ms | SSL: 2026-09-21 (76 days)
UP           | https://www.808towing.com/ | HTTP 200 | 244ms | SSL: 2026-08-05 (30 days)
UP           | https://www.jandbtreeservice.net/ | HTTP 200 | 234ms | SSL: 2026-07-21 (14 days)
UP           | https://sweetmountainair.co | HTTP 200 | 440ms | SSL: 2026-07-26 (20 days)
UP           | https://www.stormprosva.com/ | HTTP 200 | 229ms | SSL: 2026-07-21 (14 days)
UP           | https://www.atlantic217.com/ | HTTP 200 | 439ms | SSL: 2026-09-26 (82 days)
UP           | https://lakehamiltonappraisals.com/ | HTTP 200 | 509ms | SSL: 2026-08-04 (28 days)
UP           | https://kcservicecenterpa.com | HTTP 200 | 3563ms | SSL: 2026-07-19 (13 days)
UP           | https://mobsfloorcare.com/ | HTTP 200 | 503ms | SSL: 2026-09-18 (73 days)
UP           | https://wennigercompressor.com/ | HTTP 200 | 496ms | SSL: 2026-07-19 (12 days)
UP           | https://mauicontainersales.com/ | HTTP 200 | 633ms | SSL: 2026-08-24 (49 days)
UP           | https://www.24-hourrefrigeration.com/ | HTTP 200 | 260ms | SSL: 2026-07-31 (25 days)
UP           | https://anteaterspestcontrol.net | HTTP 200 | 502ms | SSL: 2026-07-16 (9 days)
UP           | http://furniturefixxers.com | HTTP 200 | 425ms | SSL: 2026-07-24 (17 days)
UP           | https://www.apexgutters.com/ | HTTP 200 | 406ms | SSL: 2026-09-07 (63 days)
UP           | https://blackdogrr.com/ | HTTP 200 | 466ms | SSL: 2026-08-09 (33 days)
UP           | https://hogiesconstruction.com/ | HTTP 200 | 477ms | SSL: 2026-08-18 (43 days)
UP           | https://www.askyline.com/ | HTTP 200 | 422ms | SSL: 2026-09-21 (77 days)
UP           | https://www.dbarrsvcs.com/ | HTTP 200 | 251ms | SSL: 2026-08-16 (41 days)
UP           | https://powellpestcontrol.net/ | HTTP 200 | 491ms | SSL: 2026-08-17 (42 days)
UP           | https://wireguys.com | HTTP 200 | 579ms | SSL: 2026-09-13 (68 days)
ERROR        | https://economysidingtn.com/ | HTTP 404 | 254ms | SSL: 2026-08-17 (42 days)
UP           | https://rsccontracting.org/ | HTTP 200 | 441ms | SSL: 2026-09-21 (77 days)
UP           | https://www.bhswelding.com/ | HTTP 200 | 323ms | SSL: 2026-09-04 (60 days)
UP           | https://www.yourfamilysalon.com/ | HTTP 200 | 346ms | SSL: 2026-09-23 (79 days)
UP           | https://www.alswelldrilling.com/ | HTTP 200 | 214ms | SSL: 2026-09-03 (59 days)
UP           | http://customoutdoorsolutionsny.com | HTTP 200 | 557ms | SSL: 2026-09-29 (85 days)
UP           | https://raffoulheatingandair.com | HTTP 200 | 815ms | SSL: 2026-09-26 (82 days)
UP           | http://dynamohi.com | HTTP 200 | 366ms | SSL: 2026-08-02 (27 days)
UP           | https://danrandandassoc.com/ | HTTP 200 | 535ms | SSL: 2026-09-21 (77 days)
UP           | https://carbondalewoodshop.com/ | HTTP 200 | 606ms | SSL: 2026-09-14 (70 days)
UP           | https://smithhvacservices.com/index | HTTP 200 | 601ms | SSL: 2026-09-05 (61 days)
UP           | http://www.junk-punks.com/ | HTTP 200 | 783ms | SSL: 2026-09-14 (69 days)
DOWN         | https://www.fndcontracting.com | ERROR: Get "https://www.fndcontracting.com": tls: failed to verify certificate: x509: certificate is valid for broken-ssl.multiscreensite.com, not www.fndcontracting.com
UP           | http://hopelandscaping.com | HTTP 200 | 409ms | SSL: 2026-09-09 (65 days)
UP           | https://larrysae.com | HTTP 200 | 546ms | SSL: 2026-09-12 (67 days)
UP           | https://www.ezoutcollisioncenter.com/ | HTTP 200 | 327ms | SSL: 2026-07-31 (25 days)
UP           | https://rsccontracting.org/ | HTTP 200 | 474ms | SSL: 2026-09-21 (77 days)
UP           | http://ccelectricbcs.com | HTTP 200 | 427ms | SSL: 2026-08-02 (26 days)
UP           | http://ccelectricbcs.com | HTTP 200 | 426ms | SSL: 2026-08-02 (26 days)
UP           | https://tropicglassenclosuresfl.com/ | HTTP 200 | 6824ms | SSL: 2026-09-17 (73 days)
UP           | https://www.fireflycontractor.com/ | HTTP 200 | 235ms | SSL: 2026-09-22 (78 days)
UP           | https://www.tridentconstructiongp.com/ | HTTP 200 | 231ms | SSL: 2026-09-11 (67 days)
UP           | https://roettgerwelding.com/ | HTTP 200 | 448ms | SSL: 2026-09-23 (79 days)
UP           | https://azjanitorialservice.com | HTTP 200 | 1531ms | SSL: 2026-08-31 (56 days)
UNVERIFIABLE | https://camoconstructionllc.com/ | HTTP 200 | 406ms | SSL: 2026-07-21 (15 days)
UP           | https://totalcomfortcleaners.com | HTTP 200 | 543ms | SSL: 2026-07-22 (16 days)
UP           | https://www.brianemmonsroofing.com/ | HTTP 200 | 567ms | SSL: 2026-09-10 (65 days)
UP           | https://www.customelitedetailcarwash.com/ | HTTP 200 | 241ms | SSL: 2026-10-03 (89 days)
UP           | https://www.noatoutdoorliving.com/ | HTTP 200 | 305ms | SSL: 2026-07-16 (10 days)
UP           | https://southfloridadockandseawall.com | HTTP 200 | 155ms | SSL: 2026-09-30 (86 days)
UP           | https://www.rselectricms.com | HTTP 200 | 232ms | SSL: 2026-07-22 (16 days)
UP           | http://allbrightcleaningkc.com | HTTP 200 | 419ms | SSL: 2026-09-01 (57 days)
UP           | https://paintingbypros.com/ | HTTP 200 | 457ms | SSL: 2026-07-22 (16 days)
UP           | https://www.ancientcitygaragedoors.com | HTTP 200 | 256ms | SSL: 2026-07-30 (24 days)
UP           | https://www.mikeandmikeroofing.com/ | HTTP 200 | 124ms | SSL: 2026-10-04 (89 days)
UP           | https://maxpressfoundationrepair.com/ | HTTP 200 | 517ms | SSL: 2026-09-04 (60 days)
UP           | https://offshorepropertyservices.com | HTTP 200 | 123ms | SSL: 2026-09-09 (64 days)
UP           | http://dynamohi.com | HTTP 200 | 448ms | SSL: 2026-08-02 (27 days)
UP           | https://patdollautomotivewi.com/ | HTTP 200 | 486ms | SSL: 2026-08-22 (47 days)
UP           | http://renewconstructionnm.com | HTTP 200 | 454ms | SSL: 2026-08-18 (42 days)
DOWN         | http://seaboardrestoration.com/ | ERROR: Get "http://seaboardrestoration.com/": dial tcp: lookup seaboardrestoration.com on 127.0.0.53:53: no such host
UP           | https://www.fisherhomeinspectionsllc.com/ | HTTP 200 | 268ms | SSL: 2026-09-04 (60 days)
UP           | https://www.jmplumbersinc.com/ | HTTP 200 | 234ms | SSL: 2026-09-29 (85 days)
UP           | https://finishlineautotire.com/ | HTTP 200 | 414ms | SSL: 2026-08-07 (32 days)
UP           | http://vitosexpress.com | HTTP 200 | 932ms | SSL: 2026-09-04 (60 days)
UP           | https://www.thesignsolution.net/ | HTTP 200 | 309ms | SSL: 2026-09-12 (68 days)
UP           | https://bagremodelers.com/ | HTTP 200 | 571ms | SSL: 2026-09-05 (61 days)
UP           | https://www.problemtree.com | HTTP 200 | 254ms | SSL: 2026-09-04 (60 days)
UP           | https://capri-wash.com | HTTP 200 | 481ms | SSL: 2026-09-05 (61 days)
UP           | https://landscapeofbrainerd.com/ | HTTP 200 | 812ms | SSL: 2026-09-09 (65 days)
UP           | https://totalpackagelandscapeworksllc.com | HTTP 200 | 545ms | SSL: 2026-09-26 (82 days)
UP           | https://acesandblasting.co/ | HTTP 200 | 531ms | SSL: 2026-09-13 (69 days)
UP           | https://5startexasroofing.com/ | HTTP 200 | 685ms | SSL: 2026-07-15 (9 days)
UP           | https://caudletreeservice.com/ | HTTP 200 | 503ms | SSL: 2026-09-26 (82 days)
UP           | https://www.bayoustatemoving.com/ | HTTP 200 | 295ms | SSL: 2026-10-03 (89 days)
UP           | https://www.1classproperties.com/ | HTTP 200 | 274ms | SSL: 2026-07-15 (9 days)
UP           | https://www.1classrealty.com/ | HTTP 200 | 273ms | SSL: 2026-07-15 (9 days)
UP           | https://www.aimhighdetailing.com/ | HTTP 200 | 304ms | SSL: 2026-08-20 (45 days)
UP           | https://www.tampablindsbydesign.com/ | HTTP 200 | 218ms | SSL: 2026-07-26 (20 days)
UP           | http://thelocalplumber.com | HTTP 200 | 737ms | SSL: 2026-09-23 (79 days)
UP           | https://frontieraircon.com/ | HTTP 200 | 557ms | SSL: 2026-08-08 (33 days)
UP           | https://www.saltlakecitycabinetry.com/ | HTTP 200 | 230ms | SSL: 2026-08-10 (35 days)
UP           | https://mantispestma.com | HTTP 200 | 802ms | SSL: 2026-07-17 (11 days)
UP           | https://tyslandscapingiowa.com | HTTP 200 | 444ms | SSL: 2026-07-16 (10 days)
UP           | https://www.herrwelldrillingwi.com/ | HTTP 200 | 256ms | SSL: 2026-08-30 (55 days)
UP           | https://www.problemtree.com/ | HTTP 200 | 59ms | SSL: 2026-09-04 (60 days)
UP           | https://tandkventures.com/ | HTTP 200 | 436ms | SSL: 2026-09-15 (71 days)
UP           | http://muddyriversconcrete.com | HTTP 200 | 457ms | SSL: 2026-08-31 (56 days)
UP           | https://accurateandconfidentialtaxservice.com/ | HTTP 200 | 478ms | SSL: 2026-09-13 (69 days)
DOWN         | https://mcneelytreeservice.com/ | ERROR: Get "https://mcneelytreeservice.com/": tls: failed to verify certificate: x509: certificate is valid for *.accountterminated.com, accountterminated.com, not mcneelytreeservice.com
UP           | https://www.mvpgardencenter.com/ | HTTP 200 | 255ms | SSL: 2026-09-05 (61 days)
UP           | https://abccarpetcleanerssd.com | HTTP 200 | 2037ms | SSL: 2026-09-27 (83 days)
Summary: 228 UP | 4 ERROR | 7 DOWN | 1 UNVERIFIABLE
