=== 2026-07-08 10:24:48 ===
UP           | https://offshorepropertyservices.com | HTTP 200 | 679ms | SSL: 2026-09-09 (62 days)
DOWN         | http://seaboardrestoration.com/ | ERROR: Get "http://seaboardrestoration.com/": dial tcp: lookup seaboardrestoration.com on 127.0.0.53:53: no such host
UP           | https://platinumpaintingandserviceinc.com | HTTP 200 | 674ms | SSL: 2026-10-01 (84 days)
UP           | https://aandbauctionservices.com | HTTP 200 | 527ms | SSL: 2026-09-23 (76 days)
UP           | http://reidheatingandair.com | HTTP 200 | 425ms | SSL: 2026-07-20 (12 days)
UP           | https://pristineccs.com/ | HTTP 200 | 608ms | SSL: 2026-07-20 (12 days)
UP           | https://westcoastdents.com | HTTP 200 | 1272ms | SSL: 2026-09-03 (56 days)
UP           | https://catoiletwhisperer.com | HTTP 200 | 508ms | SSL: 2026-09-16 (70 days)
UP           | https://ivyheatingandair.com | HTTP 200 | 465ms | SSL: 2026-09-16 (70 days)
UP           | https://primaryheatingandcooling.com | HTTP 200 | 482ms | SSL: 2026-09-28 (81 days)
UP           | https://businessnotions.com/ | HTTP 200 | 724ms | SSL: 2026-07-24 (16 days)
UP           | https://www.butzwelding.com | HTTP 200 | 341ms | SSL: 2026-09-20 (74 days)
UP           | https://brimicfoundation.com/ | HTTP 200 | 689ms | SSL: 2026-09-23 (77 days)
UP           | https://endlesssummercharters.com/ | HTTP 200 | 734ms | SSL: 2026-07-26 (17 days)
UP           | https://thekiddiekornerboutique.com | HTTP 200 | 277ms | SSL: 2026-07-29 (20 days)
UP           | https://safloralelegance.com | HTTP 200 | 613ms | SSL: 2026-09-21 (75 days)
UP           | http://allbrandsheatingandcooling.com | HTTP 200 | 549ms | SSL: 2026-09-27 (81 days)
UP           | http://plumbersouthfl.com | HTTP 200 | 526ms | SSL: 2026-10-05 (89 days)
UP           | http://wjauction.com | HTTP 200 | 460ms | SSL: 2026-10-05 (89 days)
UP           | https://txpanhandlelogistics.com | HTTP 200 | 634ms | SSL: 2026-07-15 (7 days)
UP           | https://mullinstruckingllc.com/ | HTTP 200 | 503ms | SSL: 2026-08-09 (31 days)
UP           | https://fratiplumbing.net | HTTP 200 | 490ms | SSL: 2026-07-24 (16 days)
UP           | https://loganshouse.com/ | HTTP 200 | 630ms | SSL: 2026-07-22 (14 days)
UP           | http://plantsunlimiteddurham.com | HTTP 200 | 414ms | SSL: 2026-08-03 (25 days)
UP           | http://protechdiesel.biz/ | HTTP 200 | 493ms | SSL: 2026-08-09 (31 days)
UP           | https://cherrycreekshadesanddraperys.com | HTTP 200 | 538ms | SSL: 2026-07-25 (16 days)
UP           | https://centralmotorsale.com | HTTP 200 | 490ms | SSL: 2026-07-29 (20 days)
UP           | https://jsaengineers.com | HTTP 200 | 561ms | SSL: 2026-08-10 (32 days)
UP           | https://boilertechnologies.com | HTTP 200 | 546ms | SSL: 2026-09-26 (80 days)
UP           | https://trucarma.com/ | HTTP 200 | 630ms | SSL: 2026-09-16 (69 days)
UP           | https://wyomingarmoredservice.com | HTTP 200 | 483ms | SSL: 2026-09-03 (56 days)
UP           | https://brvparkpropane.com/ | HTTP 200 | 548ms | SSL: 2026-07-27 (18 days)
UP           | https://primeappraisalsmi.com | HTTP 200 | 510ms | SSL: 2026-09-13 (67 days)
UP           | https://newenglandgroupctinc.com | HTTP 200 | 779ms | SSL: 2026-09-16 (70 days)
UP           | https://www.napavalleyfitness.com | HTTP 200 | 262ms | SSL: 2026-10-04 (88 days)
UP           | https://www.prosidingandwindows.net/ | HTTP 200 | 253ms | SSL: 2026-07-24 (15 days)
UP           | https://www.eocatx.com/ | HTTP 200 | 326ms | SSL: 2026-09-19 (72 days)
UP           | https://www.drainrooterplumbingsd.com/ | HTTP 200 | 328ms | SSL: 2026-09-07 (60 days)
UP           | https://glassimpressionslv.com | HTTP 200 | 506ms | SSL: 2026-09-25 (78 days)
UP           | https://shultarchitect.com | HTTP 200 | 471ms | SSL: 2026-08-18 (41 days)
UP           | https://inthemix-adc.com | HTTP 200 | 505ms | SSL: 2026-08-17 (40 days)
UP           | https://www.sexton-repairs.com/ | HTTP 200 | 257ms | SSL: 2026-09-18 (71 days)
ERROR        | https://fraserplumbingarkansas.com/ | HTTP 404 | 251ms | SSL: 2026-09-25 (79 days)
UP           | https://foothillsmachininginc.com | HTTP 200 | 539ms | SSL: 2026-07-20 (11 days)
UP           | https://rangerenovation.com | HTTP 200 | 499ms | SSL: 2026-07-29 (21 days)
UP           | https://modelcoelectric.com/ | HTTP 200 | 510ms | SSL: 2026-08-07 (29 days)
UP           | https://conveyor-tek.com | HTTP 200 | 511ms | SSL: 2026-07-31 (22 days)
UP           | http://longspest.com | HTTP 200 | 590ms | SSL: 2026-08-20 (43 days)
UP           | https://spindledynamicsaxlerepair.com | HTTP 200 | 647ms | SSL: 2026-08-07 (29 days)
UP           | https://mevoutdoor.com/ | HTTP 200 | 512ms | SSL: 2026-09-14 (67 days)
UP           | https://greenbushpros.com/ | HTTP 200 | 607ms | SSL: 2026-09-23 (76 days)
UP           | https://harveysarlesinsurance.com/ | HTTP 200 | 475ms | SSL: 2026-09-10 (63 days)
UP           | http://affordablerooter.com/ | HTTP 200 | 196ms | SSL: 2026-09-24 (78 days)
UP           | https://thomasmccannlaw.com | HTTP 200 | 527ms | SSL: 2026-07-24 (15 days)
UP           | https://southshoretruckrepair.com | HTTP 200 | 518ms | SSL: 2026-08-30 (53 days)
UP           | https://pacificgaragerepair.com | HTTP 200 | 544ms | SSL: 2026-09-12 (65 days)
UP           | https://www.thespringking.net/ | HTTP 200 | 304ms | SSL: 2026-09-20 (74 days)
UP           | https://www.hansmotosports.com/ | HTTP 200 | 399ms | SSL: 2026-09-10 (63 days)
UP           | https://www.advancedalarmlock.com | HTTP 200 | 259ms | SSL: 2026-07-31 (22 days)
UP           | https://www.amishstonefirepits.com/ | HTTP 200 | 307ms | SSL: 2026-07-26 (17 days)
UP           | https://www.noatoutdoorliving.com/ | HTTP 200 | 229ms | SSL: 2026-07-16 (8 days)
UP           | https://campbellhuitt.com | HTTP 200 | 613ms | SSL: 2026-09-20 (74 days)
UP           | https://www.bulldogmovingclt.com/ | HTTP 200 | 307ms | SSL: 2026-08-13 (36 days)
DOWN         | https://terseptic.com | ERROR: Get "https://terseptic.com": tls: failed to verify certificate: x509: certificate is valid for broken-ssl.multiscreensite.com, not terseptic.com
UP           | https://www.nmwcattorneys.com/ | HTTP 200 | 246ms | SSL: 2026-09-25 (78 days)
UP           | https://www.jandpbikeshop.com/ | HTTP 200 | 322ms | SSL: 2026-09-05 (59 days)
UP           | https://angelabrowderhomecare.com/ | HTTP 200 | 569ms | SSL: 2026-09-05 (59 days)
UP           | https://www.5pointslandscaping.com/ | HTTP 200 | 254ms | SSL: 2026-09-05 (58 days)
UP           | https://carpettechcleaning.com | HTTP 200 | 514ms | SSL: 2026-07-31 (22 days)
UP           | https://www.mtccpressurewashing.com/ | HTTP 200 | 341ms | SSL: 2026-09-22 (76 days)
UP           | https://ochoaelectricsandiego.com | HTTP 200 | 516ms | SSL: 2026-08-10 (32 days)
UP           | https://vanityfairbaths.com | HTTP 200 | 492ms | SSL: 2026-10-01 (85 days)
UP           | https://www.asapcontainers.com/ | HTTP 200 | 279ms | SSL: 2026-10-01 (84 days)
UP           | https://www.boyleheatingandcooling.net/ | HTTP 200 | 530ms | SSL: 2026-09-27 (81 days)
UP           | https://www.zulaufconstruction.com | HTTP 200 | 286ms | SSL: 2026-09-27 (81 days)
UP           | https://www.carpetcleaningomaha.com | HTTP 200 | 237ms | SSL: 2026-07-20 (11 days)
UP           | https://cakeschocolatesandmore.com/ | HTTP 200 | 510ms | SSL: 2026-07-26 (17 days)
UP           | https://www.victorytireauto.com | HTTP 200 | 250ms | SSL: 2026-07-29 (20 days)
UP           | https://windsorlimo.com | HTTP 200 | 560ms | SSL: 2026-08-02 (25 days)
UP           | https://www.howieglass.com/ | HTTP 200 | 312ms | SSL: 2026-09-05 (58 days)
UP           | https://www.xlsavebig.com | HTTP 200 | 334ms | SSL: 2026-09-26 (79 days)
UP           | https://www.oxicleaners.com | HTTP 200 | 326ms | SSL: 2026-07-30 (21 days)
UP           | https://petstylessalonandspa.com | HTTP 200 | 500ms | SSL: 2026-07-18 (9 days)
UP           | https://www.riverbluffcanecorsos.com | HTTP 200 | 381ms | SSL: 2026-07-26 (17 days)
UP           | https://stoversflooringanddraperycenter.com/ | HTTP 200 | 516ms | SSL: 2026-07-20 (11 days)
UP           | http://www.aseyourlight.com | HTTP 200 | 441ms | SSL: 2026-07-26 (17 days)
UP           | https://www.missouriglassinc.com/ | HTTP 200 | 255ms | SSL: 2026-09-18 (72 days)
UP           | https://www.coddingtonlock.com/ | HTTP 200 | 342ms | SSL: 2026-09-11 (65 days)
ERROR        | https://www.andyperuginos.com/ | HTTP 404 | 274ms | SSL: 2026-09-21 (75 days)
UP           | https://tntcarpetcleaners.com | HTTP 200 | 504ms | SSL: 2026-09-28 (81 days)
UP           | https://www.opsct.com | HTTP 200 | 279ms | SSL: 2026-09-20 (74 days)
UP           | https://securitycompanyms.com | HTTP 200 | 489ms | SSL: 2026-07-18 (10 days)
UP           | https://abbottscatering.com | HTTP 200 | 720ms | SSL: 2026-10-03 (86 days)
UP           | https://timothymwilliamslaw.com | HTTP 200 | 173ms | SSL: 2026-08-26 (49 days)
DOWN         | https://www.garyhuebnerlaw.com/ | ERROR: Get "https://www.garyhuebnerlaw.com/": tls: failed to verify certificate: x509: certificate is valid for broken-ssl.multiscreensite.com, not www.garyhuebnerlaw.com
UP           | https://www.thepoisonivyguy.com/ | HTTP 200 | 274ms | SSL: 2026-08-02 (25 days)
UP           | https://parkpharmacyrx.com | HTTP 200 | 624ms | SSL: 2026-07-25 (17 days)
UP           | https://gillettesignworks.com | HTTP 200 | 590ms | SSL: 2026-08-05 (28 days)
UP           | https://www.richroofing.com/ | HTTP 200 | 272ms | SSL: 2026-07-27 (19 days)
UP           | http://lassiterelectric.com | HTTP 200 | 560ms | SSL: 2026-08-02 (25 days)
UP           | https://www.fatpocketpawn.biz | HTTP 200 | 263ms | SSL: 2026-08-05 (28 days)
UP           | https://lockhartaircare.com | HTTP 200 | 497ms | SSL: 2026-09-11 (64 days)
UP           | https://www.eaglewaterfiltration.com/ | HTTP 200 | 251ms | SSL: 2026-09-11 (64 days)
UP           | https://www.epsteinspaint.com/ | HTTP 200 | 379ms | SSL: 2026-09-04 (58 days)
UP           | https://www.appliancereliancellc.com/ | HTTP 200 | 329ms | SSL: 2026-09-23 (77 days)
UP           | https://www.timworthystransmissionrepairs.com/ | HTTP 200 | 270ms | SSL: 2026-09-18 (72 days)
UP           | https://www.cashgoldnj.com | HTTP 200 | 297ms | SSL: 2026-09-21 (74 days)
UP           | https://dlacupuncture.com | HTTP 200 | 2619ms | SSL: 2026-10-01 (85 days)
UP           | https://www.rockyhillmeats.com/ | HTTP 200 | 260ms | SSL: 2026-10-05 (88 days)
UP           | https://www.absheatingandairconditioning.com/ | HTTP 200 | 330ms | SSL: 2026-08-06 (29 days)
UP           | https://tcpestsolutions.com/ | HTTP 200 | 588ms | SSL: 2026-09-03 (57 days)
UP           | https://www.tempbydesign.com/ | HTTP 200 | 314ms | SSL: 2026-09-21 (75 days)
UP           | https://tavosconstructionllc.com/ | HTTP 200 | 565ms | SSL: 2026-09-19 (72 days)
DOWN         | https://www.eastgeorgiatreeservice.com/ | ERROR: Head "https://www.eastgeorgiatreeservice.com/": EOF
UP           | https://coastalcabinetsandgranite.com/ | HTTP 200 | 500ms | SSL: 2026-07-20 (12 days)
ERROR        | https://www.r7electricutah.com/ | HTTP 404 | 260ms | SSL: 2026-07-18 (10 days)
UP           | https://preferredremodeling.net/ | HTTP 200 | 704ms | SSL: 2026-09-28 (81 days)
UP           | https://www.jml-electric.com | HTTP 200 | 262ms | SSL: 2026-10-02 (86 days)
UP           | http://resto-pros.net | HTTP 200 | 475ms | SSL: 2026-09-28 (82 days)
UP           | http://scconstruction.info | HTTP 200 | 136ms | SSL: 2026-08-30 (53 days)
UP           | https://www.porteroutdoorservices.com/ | HTTP 200 | 267ms | SSL: 2026-07-27 (18 days)
UP           | http://killswitchauto.com | HTTP 200 | 425ms | SSL: 2026-09-25 (79 days)
UP           | https://coxdecorativeconcrete.com/ | HTTP 200 | 490ms | SSL: 2026-08-09 (31 days)
UP           | http://charlesfulkroaddisposal.com | HTTP 200 | 433ms | SSL: 2026-10-06 (89 days)
UP           | https://wireguyselectric.com/ | HTTP 200 | 497ms | SSL: 2026-07-17 (9 days)
UP           | https://www.dentconceptstx.com/ | HTTP 200 | 259ms | SSL: 2026-07-20 (11 days)
UP           | https://fincorefrigeration.com | HTTP 200 | 489ms | SSL: 2026-08-07 (29 days)
UP           | http://rocketcitymarine.com | HTTP 200 | 2661ms | SSL: 2026-07-20 (12 days)
UP           | https://cleantechsystemsnm.com | HTTP 200 | 592ms | SSL: 2026-07-20 (12 days)
UP           | https://www.affordablecustomgolfcarts.com/ | HTTP 200 | 249ms | SSL: 2026-09-08 (62 days)
UP           | https://greenscapeslawns.com/ | HTTP 200 | 2603ms | SSL: 2026-07-27 (19 days)
UP           | https://jtstree.com/ | HTTP 200 | 526ms | SSL: 2026-08-03 (26 days)
UP           | https://www.dixiefenceohio.com/ | HTTP 200 | 392ms | SSL: 2026-08-09 (31 days)
UP           | https://allkidsarespecial.net | HTTP 200 | 648ms | SSL: 2026-08-17 (40 days)
UP           | https://sgrcalifornia.com/ | HTTP 200 | 494ms | SSL: 2026-08-04 (27 days)
UP           | https://www.garysroofingandconst.com/ | HTTP 200 | 329ms | SSL: 2026-07-28 (19 days)
UP           | https://www.breezehvac.com/ | HTTP 200 | 271ms | SSL: 2026-09-13 (67 days)
UP           | https://rcpoolworks.com | HTTP 200 | 599ms | SSL: 2026-08-08 (30 days)
UP           | https://Freedomcarpet.net | HTTP 200 | 541ms | SSL: 2026-09-08 (62 days)
UP           | https://rolandoroofing.net | HTTP 200 | 498ms | SSL: 2026-09-21 (75 days)
UP           | http://ormondlandscaping.com/ | HTTP 200 | 597ms | SSL: 2026-08-02 (25 days)
UP           | https://www.alliedroofingco.com/ | HTTP 200 | 245ms | SSL: 2026-09-17 (71 days)
UP           | https://www.waterheatersracinewi.com/ | HTTP 200 | 323ms | SSL: 2026-09-29 (83 days)
UP           | https://www.atlanticdrywallandpaint.com/ | HTTP 200 | 241ms | SSL: 2026-09-14 (67 days)
UP           | https://grantsappliancerepairllc.com/ | HTTP 200 | 539ms | SSL: 2026-09-14 (67 days)
UP           | http://aaaexcavate.com | HTTP 200 | 549ms | SSL: 2026-09-22 (75 days)
UP           | https://gormanandsonslandscaping.com/ | HTTP 200 | 632ms | SSL: 2026-07-21 (13 days)
UP           | https://texasproroofing.net/ | HTTP 200 | 516ms | SSL: 2026-09-21 (75 days)
UP           | https://www.808towing.com/ | HTTP 200 | 254ms | SSL: 2026-08-05 (28 days)
UP           | https://www.jandbtreeservice.net/ | HTTP 200 | 305ms | SSL: 2026-07-21 (12 days)
UP           | https://sweetmountainair.co | HTTP 200 | 462ms | SSL: 2026-07-26 (18 days)
UP           | https://www.stormprosva.com/ | HTTP 200 | 376ms | SSL: 2026-07-21 (12 days)
UP           | https://www.atlantic217.com/ | HTTP 200 | 330ms | SSL: 2026-09-26 (80 days)
UP           | https://lakehamiltonappraisals.com/ | HTTP 200 | 594ms | SSL: 2026-08-04 (27 days)
UP           | https://kcservicecenterpa.com | HTTP 200 | 626ms | SSL: 2026-07-19 (11 days)
UP           | https://mobsfloorcare.com/ | HTTP 200 | 467ms | SSL: 2026-09-18 (72 days)
UP           | https://wennigercompressor.com/ | HTTP 200 | 555ms | SSL: 2026-07-19 (10 days)
UP           | https://mauicontainersales.com/ | HTTP 200 | 590ms | SSL: 2026-08-24 (47 days)
UP           | https://www.24-hourrefrigeration.com/ | HTTP 200 | 240ms | SSL: 2026-07-31 (23 days)
UP           | https://anteaterspestcontrol.net | HTTP 200 | 512ms | SSL: 2026-07-16 (8 days)
UP           | http://furniturefixxers.com | HTTP 200 | 425ms | SSL: 2026-07-24 (15 days)
UP           | https://www.apexgutters.com/ | HTTP 200 | 433ms | SSL: 2026-09-07 (61 days)
UP           | https://blackdogrr.com/ | HTTP 200 | 548ms | SSL: 2026-08-09 (31 days)
UP           | https://hogiesconstruction.com/ | HTTP 200 | 513ms | SSL: 2026-08-18 (41 days)
UP           | https://www.askyline.com/ | HTTP 200 | 398ms | SSL: 2026-09-21 (75 days)
UP           | https://www.dbarrsvcs.com/ | HTTP 200 | 258ms | SSL: 2026-08-16 (39 days)
UP           | https://powellpestcontrol.net/ | HTTP 200 | 500ms | SSL: 2026-08-17 (40 days)
UP           | https://wireguys.com | HTTP 200 | 555ms | SSL: 2026-09-13 (67 days)
ERROR        | https://economysidingtn.com/ | HTTP 404 | 233ms | SSL: 2026-08-17 (40 days)
UP           | https://rsccontracting.org/ | HTTP 200 | 831ms | SSL: 2026-09-21 (75 days)
UP           | https://www.bhswelding.com/ | HTTP 200 | 256ms | SSL: 2026-09-04 (58 days)
UP           | https://www.yourfamilysalon.com/ | HTTP 200 | 289ms | SSL: 2026-09-23 (77 days)
UP           | https://www.alswelldrilling.com/ | HTTP 200 | 263ms | SSL: 2026-09-03 (57 days)
UP           | http://customoutdoorsolutionsny.com | HTTP 200 | 503ms | SSL: 2026-09-29 (83 days)
UP           | https://raffoulheatingandair.com | HTTP 200 | 671ms | SSL: 2026-09-26 (80 days)
UP           | http://dynamohi.com | HTTP 200 | 465ms | SSL: 2026-08-02 (25 days)
UP           | https://danrandandassoc.com/ | HTTP 200 | 503ms | SSL: 2026-09-21 (75 days)
UP           | https://carbondalewoodshop.com/ | HTTP 200 | 542ms | SSL: 2026-09-14 (68 days)
UP           | https://smithhvacservices.com/index | HTTP 200 | 799ms | SSL: 2026-09-05 (59 days)
UP           | http://www.junk-punks.com/ | HTTP 200 | 382ms | SSL: 2026-09-14 (67 days)
DOWN         | https://www.fndcontracting.com | ERROR: Get "https://www.fndcontracting.com": tls: failed to verify certificate: x509: certificate is valid for broken-ssl.multiscreensite.com, not www.fndcontracting.com
UP           | http://hopelandscaping.com | HTTP 200 | 502ms | SSL: 2026-09-09 (63 days)
UP           | https://larrysae.com | HTTP 200 | 1715ms | SSL: 2026-09-12 (66 days)
UP           | https://www.ezoutcollisioncenter.com/ | HTTP 200 | 258ms | SSL: 2026-07-31 (23 days)
UP           | https://rsccontracting.org/ | HTTP 200 | 287ms | SSL: 2026-09-21 (75 days)
UP           | http://ccelectricbcs.com | HTTP 200 | 419ms | SSL: 2026-08-02 (24 days)
UP           | http://ccelectricbcs.com | HTTP 200 | 486ms | SSL: 2026-08-02 (24 days)
UP           | https://tropicglassenclosuresfl.com/ | HTTP 200 | 811ms | SSL: 2026-09-17 (71 days)
UP           | https://www.fireflycontractor.com/ | HTTP 200 | 257ms | SSL: 2026-09-22 (76 days)
UP           | https://www.tridentconstructiongp.com/ | HTTP 200 | 259ms | SSL: 2026-09-11 (65 days)
UP           | https://roettgerwelding.com/ | HTTP 200 | 517ms | SSL: 2026-09-23 (77 days)
UP           | https://azjanitorialservice.com | HTTP 200 | 514ms | SSL: 2026-08-31 (54 days)
UP           | https://camoconstructionllc.com/ | HTTP 200 | 582ms | SSL: 2026-07-21 (13 days)
UP           | https://totalcomfortcleaners.com | HTTP 200 | 608ms | SSL: 2026-07-22 (14 days)
UP           | https://www.brianemmonsroofing.com/ | HTTP 200 | 463ms | SSL: 2026-09-10 (63 days)
UP           | https://www.customelitedetailcarwash.com/ | HTTP 200 | 325ms | SSL: 2026-10-03 (87 days)
UP           | https://www.noatoutdoorliving.com/ | HTTP 200 | 381ms | SSL: 2026-07-16 (8 days)
UP           | https://southfloridadockandseawall.com | HTTP 200 | 104ms | SSL: 2026-09-30 (84 days)
UP           | https://www.rselectricms.com | HTTP 200 | 324ms | SSL: 2026-07-22 (14 days)
UP           | http://allbrightcleaningkc.com | HTTP 200 | 435ms | SSL: 2026-09-01 (55 days)
UP           | https://paintingbypros.com/ | HTTP 200 | 509ms | SSL: 2026-07-22 (14 days)
UP           | https://www.ancientcitygaragedoors.com | HTTP 200 | 873ms | SSL: 2026-07-30 (22 days)
UP           | https://www.mikeandmikeroofing.com/ | HTTP 200 | 141ms | SSL: 2026-10-04 (87 days)
UP           | https://maxpressfoundationrepair.com/ | HTTP 200 | 507ms | SSL: 2026-09-04 (58 days)
UP           | https://offshorepropertyservices.com | HTTP 200 | 484ms | SSL: 2026-09-09 (62 days)
UP           | http://dynamohi.com | HTTP 200 | 151ms | SSL: 2026-08-02 (25 days)
UP           | https://patdollautomotivewi.com/ | HTTP 200 | 507ms | SSL: 2026-08-22 (45 days)
UP           | http://renewconstructionnm.com | HTTP 200 | 260ms | SSL: 2026-08-18 (41 days)
DOWN         | http://seaboardrestoration.com/ | ERROR: Get "http://seaboardrestoration.com/": dial tcp: lookup seaboardrestoration.com on 127.0.0.53:53: no such host
UP           | https://www.fisherhomeinspectionsllc.com/ | HTTP 200 | 269ms | SSL: 2026-09-04 (58 days)
UP           | https://www.jmplumbersinc.com/ | HTTP 200 | 263ms | SSL: 2026-09-29 (83 days)
UP           | https://finishlineautotire.com/ | HTTP 200 | 521ms | SSL: 2026-08-07 (30 days)
UP           | http://vitosexpress.com | HTTP 200 | 639ms | SSL: 2026-09-04 (58 days)
UP           | https://www.thesignsolution.net/ | HTTP 200 | 335ms | SSL: 2026-09-12 (66 days)
UP           | https://bagremodelers.com/ | HTTP 200 | 565ms | SSL: 2026-09-05 (59 days)
UP           | https://www.problemtree.com | HTTP 200 | 260ms | SSL: 2026-09-04 (58 days)
UP           | https://capri-wash.com | HTTP 200 | 517ms | SSL: 2026-09-05 (59 days)
UP           | https://landscapeofbrainerd.com/ | HTTP 200 | 1212ms | SSL: 2026-09-09 (63 days)
UP           | https://totalpackagelandscapeworksllc.com | HTTP 200 | 568ms | SSL: 2026-09-26 (80 days)
UP           | https://acesandblasting.co/ | HTTP 200 | 480ms | SSL: 2026-09-13 (67 days)
UP           | https://5startexasroofing.com/ | HTTP 200 | 714ms | SSL: 2026-07-15 (7 days)
UP           | https://caudletreeservice.com/ | HTTP 200 | 556ms | SSL: 2026-09-26 (80 days)
UP           | https://www.bayoustatemoving.com/ | HTTP 200 | 392ms | SSL: 2026-10-03 (87 days)
UP           | https://www.1classproperties.com/ | HTTP 200 | 298ms | SSL: 2026-07-15 (7 days)
UP           | https://www.1classrealty.com/ | HTTP 200 | 456ms | SSL: 2026-07-15 (7 days)
UP           | https://www.aimhighdetailing.com/ | HTTP 200 | 42ms | SSL: 2026-08-20 (43 days)
UP           | https://www.tampablindsbydesign.com/ | HTTP 200 | 253ms | SSL: 2026-07-26 (18 days)
UP           | http://thelocalplumber.com | HTTP 200 | 574ms | SSL: 2026-09-23 (77 days)
UP           | https://frontieraircon.com/ | HTTP 200 | 505ms | SSL: 2026-08-08 (31 days)
UP           | https://www.saltlakecitycabinetry.com/ | HTTP 200 | 330ms | SSL: 2026-08-10 (33 days)
UP           | https://mantispestma.com | HTTP 200 | 799ms | SSL: 2026-07-17 (9 days)
UP           | https://tyslandscapingiowa.com | HTTP 200 | 505ms | SSL: 2026-07-16 (8 days)
UP           | https://www.herrwelldrillingwi.com/ | HTTP 200 | 247ms | SSL: 2026-08-30 (53 days)
UP           | https://www.problemtree.com/ | HTTP 200 | 2569ms | SSL: 2026-09-04 (58 days)
UP           | https://tandkventures.com/ | HTTP 200 | 549ms | SSL: 2026-09-15 (69 days)
UP           | http://muddyriversconcrete.com | HTTP 200 | 416ms | SSL: 2026-08-31 (54 days)
UP           | https://accurateandconfidentialtaxservice.com/ | HTTP 200 | 496ms | SSL: 2026-09-13 (67 days)
DOWN         | https://mcneelytreeservice.com/ | ERROR: Get "https://mcneelytreeservice.com/": tls: failed to verify certificate: x509: certificate is valid for *.accountterminated.com, accountterminated.com, not mcneelytreeservice.com
UP           | https://www.mvpgardencenter.com/ | HTTP 200 | 244ms | SSL: 2026-09-05 (59 days)
UP           | https://abccarpetcleanerssd.com | HTTP 200 | 1973ms | SSL: 2026-09-27 (81 days)
Summary: 229 UP | 4 ERROR | 7 DOWN | 0 UNVERIFIABLE
