=== 2026-09-02 12:40:54 ===
UP           | https://offshorepropertyservices.com | HTTP 200 | 49ms | SSL: 2026-10-23 (50 days)
DOWN         | http://seaboardrestoration.com/ | ERROR: Get "http://seaboardrestoration.com/": dial tcp: lookup seaboardrestoration.com on 127.0.0.53:53: no such host
UP           | https://platinumpaintingandserviceinc.com | HTTP 200 | 848ms | SSL: 2026-10-01 (28 days)
UP           | https://aandbauctionservices.com | HTTP 200 | 152ms | SSL: 2026-10-07 (35 days)
UP           | http://reidheatingandair.com | HTTP 200 | 143ms | SSL: 
UP           | https://pristineccs.com/ | HTTP 200 | 174ms | SSL: 2026-11-08 (67 days)
UP           | https://westcoastdents.com | HTTP 200 | 1180ms | SSL: 2026-11-01 (59 days)
UP           | https://catoiletwhisperer.com | HTTP 200 | 519ms | SSL: 2026-09-16 (14 days)
UP           | https://ivyheatingandair.com | HTTP 200 | 195ms | SSL: 2026-11-24 (82 days)
ERROR        | https://primaryheatingandcooling.com | HTTP 404 | 349ms | SSL: 2026-11-30 (89 days)
UP           | https://businessnotions.com/ | HTTP 200 | 559ms | SSL: 2026-10-15 (43 days)
UP           | https://www.butzwelding.com | HTTP 200 | 75ms | SSL: 2026-11-17 (76 days)
UP           | https://brimicfoundation.com/ | HTTP 200 | 464ms | SSL: 2026-10-21 (49 days)
UP           | https://endlesssummercharters.com/ | HTTP 200 | 245ms | SSL: 2026-10-18 (46 days)
UP           | https://thekiddiekornerboutique.com | HTTP 200 | 202ms | SSL: 2026-11-08 (67 days)
UP           | https://safloralelegance.com | HTTP 200 | 527ms | SSL: 2026-11-15 (74 days)
UP           | http://allbrandsheatingandcooling.com | HTTP 200 | 136ms | SSL: 
UP           | http://plumbersouthfl.com | HTTP 200 | 235ms | SSL: 2026-11-24 (83 days)
UP           | http://wjauction.com | HTTP 200 | 305ms | SSL: 2026-11-08 (67 days)
UP           | https://txpanhandlelogistics.com | HTTP 200 | 13221ms | SSL: 2026-10-06 (34 days)
UP           | https://mullinstruckingllc.com/ | HTTP 200 | 230ms | SSL: 2026-10-22 (50 days)
UP           | https://fratiplumbing.net | HTTP 200 | 135ms | SSL: 2026-10-08 (36 days)
UP           | https://loganshouse.com/ | HTTP 200 | 801ms | SSL: 2026-10-13 (41 days)
UP           | http://plantsunlimiteddurham.com | HTTP 200 | 269ms | SSL: 2026-10-18 (46 days)
UP           | http://protechdiesel.biz/ | HTTP 200 | 288ms | SSL: 2026-11-15 (74 days)
UP           | https://cherrycreekshadesanddraperys.com | HTTP 200 | 186ms | SSL: 2026-10-22 (50 days)
ERROR        | https://centralmotorsale.com | HTTP 404 | 230ms | SSL: 2026-10-20 (47 days)
UP           | https://jsaengineers.com | HTTP 200 | 204ms | SSL: 2026-11-23 (82 days)
UP           | https://boilertechnologies.com | HTTP 200 | 147ms | SSL: 2026-11-16 (75 days)
UP           | https://trucarma.com/ | HTTP 200 | 606ms | SSL: 2026-09-16 (13 days)
UP           | https://wyomingarmoredservice.com | HTTP 200 | 107ms | SSL: 2026-11-25 (84 days)
UP           | https://brvparkpropane.com/ | HTTP 200 | 496ms | SSL: 2026-10-18 (45 days)
UP           | https://primeappraisalsmi.com | HTTP 200 | 237ms | SSL: 2026-11-19 (78 days)
UP           | https://newenglandgroupctinc.com | HTTP 200 | 523ms | SSL: 
UP           | https://www.napavalleyfitness.com | HTTP 200 | 105ms | SSL: 2026-11-08 (67 days)
UP           | https://www.prosidingandwindows.net/ | HTTP 200 | 419ms | SSL: 2026-10-28 (56 days)
UP           | https://www.eocatx.com/ | HTTP 200 | 298ms | SSL: 2026-09-19 (16 days)
UP           | https://www.drainrooterplumbingsd.com/ | HTTP 200 | 109ms | SSL: 2026-10-08 (36 days)
UP           | https://glassimpressionslv.com | HTTP 200 | 192ms | SSL: 2026-11-25 (84 days)
UP           | https://shultarchitect.com | HTTP 200 | 168ms | SSL: 2026-10-08 (36 days)
UP           | https://inthemix-adc.com | HTTP 200 | 226ms | SSL: 2026-11-08 (67 days)
UP           | https://www.sexton-repairs.com/ | HTTP 200 | 285ms | SSL: 2026-10-15 (43 days)
ERROR        | https://fraserplumbingarkansas.com/ | HTTP 404 | 286ms | SSL: 2026-09-25 (23 days)
UP           | https://foothillsmachininginc.com | HTTP 200 | 226ms | SSL: 2026-11-19 (78 days)
UP           | https://rangerenovation.com | HTTP 200 | 426ms | SSL: 2026-11-08 (67 days)
UP           | https://modelcoelectric.com/ | HTTP 200 | 1173ms | SSL: 2026-10-18 (46 days)
UP           | https://conveyor-tek.com | HTTP 200 | 711ms | SSL: 2026-10-22 (49 days)
UP           | http://longspest.com | HTTP 200 | 1567ms | SSL: 2026-11-08 (67 days)
UP           | https://spindledynamicsaxlerepair.com | HTTP 200 | 60ms | SSL: 2026-10-18 (46 days)
UP           | https://mevoutdoor.com/ | HTTP 200 | 244ms | SSL: 2026-11-24 (82 days)
UP           | https://greenbushpros.com/ | HTTP 200 | 1679ms | SSL: 2026-11-23 (82 days)
UP           | https://harveysarlesinsurance.com/ | HTTP 200 | 525ms | SSL: 2026-09-10 (7 days)
UP           | http://affordablerooter.com/ | HTTP 200 | 291ms | SSL: 2026-11-22 (81 days)
UP           | https://thomasmccannlaw.com | HTTP 200 | 580ms | SSL: 2026-10-15 (42 days)
UP           | https://southshoretruckrepair.com | HTTP 200 | 750ms | SSL: 2026-10-13 (41 days)
UP           | https://pacificgaragerepair.com | HTTP 200 | 363ms | SSL: 2026-11-24 (82 days)
UP           | https://www.thespringking.net/ | HTTP 200 | 341ms | SSL: 2026-11-24 (83 days)
UP           | https://www.hansmotosports.com/ | HTTP 200 | 262ms | SSL: 2026-10-22 (50 days)
UP           | https://www.advancedalarmlock.com | HTTP 200 | 62ms | SSL: 2026-11-15 (74 days)
UP           | https://www.amishstonefirepits.com/ | HTTP 200 | 264ms | SSL: 2026-10-17 (44 days)
UP           | https://www.noatoutdoorliving.com/ | HTTP 200 | 315ms | SSL: 2026-11-25 (84 days)
ERROR        | https://campbellhuitt.com | HTTP 404 | 359ms | SSL: 2026-09-20 (17 days)
UP           | https://www.bulldogmovingclt.com/ | HTTP 200 | 290ms | SSL: 2026-10-21 (49 days)
UP           | https://terseptic.com | HTTP 200 | 3557ms | SSL: 2026-10-27 (55 days)
UP           | https://www.nmwcattorneys.com/ | HTTP 200 | 156ms | SSL: 2026-11-24 (82 days)
DOWN         | https://www.jandpbikeshop.com/ | ERROR: Get "https://www.jandpbikeshop.com/": dial tcp: lookup www.jandpbikeshop.com on 127.0.0.53:53: server misbehaving
ERROR        | https://angelabrowderhomecare.com/ | HTTP 403 | 274ms | SSL: 2026-11-27 (86 days)
UP           | https://www.5pointslandscaping.com/ | HTTP 200 | 324ms | SSL: 2026-10-23 (50 days)
UP           | https://carpettechcleaning.com | HTTP 200 | 450ms | SSL: 2026-10-20 (48 days)
UP           | https://www.mtccpressurewashing.com/ | HTTP 200 | 519ms | SSL: 2026-11-24 (82 days)
UP           | https://ochoaelectricsandiego.com | HTTP 200 | 180ms | SSL: 2026-11-08 (67 days)
UP           | https://vanityfairbaths.com | HTTP 200 | 964ms | SSL: 2026-11-08 (67 days)
UP           | https://www.asapcontainers.com/ | HTTP 200 | 142ms | SSL: 2026-11-08 (67 days)
UP           | https://www.boyleheatingandcooling.net/ | HTTP 200 | 1055ms | SSL: 2026-09-27 (25 days)
UP           | https://www.zulaufconstruction.com | HTTP 200 | 260ms | SSL: 2026-09-27 (25 days)
UP           | https://www.carpetcleaningomaha.com | HTTP 200 | 106ms | SSL: 2026-11-03 (62 days)
UP           | https://cakeschocolatesandmore.com/ | HTTP 200 | 194ms | SSL: 2026-10-21 (49 days)
UP           | https://www.victorytireauto.com | HTTP 200 | 108ms | SSL: 2026-11-09 (68 days)
UP           | https://windsorlimo.com | HTTP 200 | 329ms | SSL: 2026-11-08 (67 days)
UP           | https://www.howieglass.com/ | HTTP 200 | 218ms | SSL: 2026-11-26 (85 days)
UP           | https://www.xlsavebig.com | HTTP 200 | 7867ms | SSL: 2026-09-26 (23 days)
UP           | https://www.oxicleaners.com | HTTP 200 | 145ms | SSL: 2026-10-08 (36 days)
UP           | https://petstylessalonandspa.com | HTTP 200 | 213ms | SSL: 2026-11-08 (67 days)
UP           | https://www.riverbluffcanecorsos.com | HTTP 200 | 114ms | SSL: 2026-11-24 (82 days)
UP           | https://stoversflooringanddraperycenter.com/ | HTTP 200 | 162ms | SSL: 2026-11-08 (67 days)
UP           | http://www.aseyourlight.com | HTTP 200 | 165ms | SSL: 
UP           | https://www.missouriglassinc.com/ | HTTP 200 | 145ms | SSL: 2026-10-08 (36 days)
UP           | https://www.coddingtonlock.com/ | HTTP 200 | 742ms | SSL: 2026-10-28 (56 days)
UP           | https://www.andyperuginos.com/ | HTTP 200 | 132ms | SSL: 2027-02-17 (168 days)
UP           | https://tntcarpetcleaners.com | HTTP 200 | 259ms | SSL: 2026-11-08 (67 days)
DOWN         | https://www.opsct.com | ERROR: Get "https://www.opsct.com": dial tcp: lookup www.opsct.com on 127.0.0.53:53: no such host
UP           | https://securitycompanyms.com | HTTP 200 | 563ms | SSL: 2026-10-09 (37 days)
UP           | https://abbottscatering.com | HTTP 200 | 1008ms | SSL: 2026-10-03 (30 days)
UP           | https://timothymwilliamslaw.com | HTTP 200 | 147ms | SSL: 2026-10-24 (52 days)
DOWN         | https://www.garyhuebnerlaw.com/ | ERROR: Get "https://www.garyhuebnerlaw.com/": tls: failed to verify certificate: x509: certificate is valid for broken-ssl.multiscreensite.com, not www.garyhuebnerlaw.com
UP           | https://www.thepoisonivyguy.com/ | HTTP 200 | 341ms | SSL: 2026-10-24 (52 days)
UP           | https://parkpharmacyrx.com | HTTP 200 | 1593ms | SSL: 2026-11-16 (75 days)
UP           | https://gillettesignworks.com | HTTP 200 | 609ms | SSL: 2026-10-27 (54 days)
DOWN         | https://www.richroofing.com/ | ERROR: Get "https://www.richroofing.com/": dial tcp: lookup www.richroofing.com on 127.0.0.53:53: server misbehaving
UP           | http://lassiterelectric.com | HTTP 200 | 241ms | SSL: 
UP           | https://www.fatpocketpawn.biz | HTTP 200 | 2273ms | SSL: 2026-10-27 (54 days)
UP           | https://lockhartaircare.com | HTTP 200 | 236ms | SSL: 2026-10-08 (36 days)
UP           | https://www.eaglewaterfiltration.com/ | HTTP 200 | 362ms | SSL: 2026-10-22 (50 days)
UP           | https://www.epsteinspaint.com/ | HTTP 200 | 3213ms | SSL: 2026-11-26 (85 days)
UP           | https://www.appliancereliancellc.com/ | HTTP 200 | 266ms | SSL: 2026-09-23 (21 days)
UP           | https://www.timworthystransmissionrepairs.com/ | HTTP 200 | 112ms | SSL: 2026-11-04 (63 days)
ERROR        | https://www.cashgoldnj.com | HTTP 404 | 263ms | SSL: 2026-09-21 (18 days)
UP           | https://dlacupuncture.com | HTTP 200 | 118ms | SSL: 2026-10-08 (36 days)
UP           | https://www.rockyhillmeats.com/ | HTTP 200 | 109ms | SSL: 2026-11-04 (63 days)
UP           | https://www.absheatingandairconditioning.com/ | HTTP 200 | 114ms | SSL: 2026-10-18 (46 days)
UP           | https://tcpestsolutions.com/ | HTTP 200 | 604ms | SSL: 2026-11-25 (83 days)
UP           | https://www.tempbydesign.com/ | HTTP 200 | 137ms | SSL: 2026-10-18 (46 days)
ERROR        | https://tavosconstructionllc.com/ | HTTP 404 | 371ms | SSL: 2026-09-19 (16 days)
ERROR        | https://www.eastgeorgiatreeservice.com/ | HTTP 403 | 92ms | SSL: 2026-10-20 (48 days)
UP           | https://coastalcabinetsandgranite.com/ | HTTP 200 | 579ms | SSL: 2026-11-30 (89 days)
ERROR        | https://www.r7electricutah.com/ | HTTP 404 | 267ms | SSL: 2026-10-09 (36 days)
UP           | https://preferredremodeling.net/ | HTTP 200 | 163ms | SSL: 2026-11-24 (82 days)
UP           | https://www.jml-electric.com | HTTP 200 | 156ms | SSL: 2026-10-08 (36 days)
UP           | http://resto-pros.net | HTTP 200 | 262ms | SSL: 2026-11-08 (67 days)
UP           | http://scconstruction.info | HTTP 200 | 228ms | SSL: 2026-11-07 (66 days)
UP           | https://www.porteroutdoorservices.com/ | HTTP 200 | 370ms | SSL: 2026-10-18 (45 days)
UP           | http://killswitchauto.com | HTTP 200 | 303ms | SSL: 2026-11-08 (67 days)
UP           | https://coxdecorativeconcrete.com/ | HTTP 200 | 316ms | SSL: 2026-10-22 (50 days)
UP           | http://charlesfulkroaddisposal.com | HTTP 200 | 136ms | SSL: 
UP           | https://wireguyselectric.com/ | HTTP 200 | 116ms | SSL: 2026-10-22 (50 days)
UP           | https://www.dentconceptstx.com/ | HTTP 200 | 221ms | SSL: 2026-10-22 (50 days)
UP           | https://fincorefrigeration.com | HTTP 200 | 208ms | SSL: 2026-11-18 (77 days)
UP           | http://rocketcitymarine.com | HTTP 200 | 252ms | SSL: 2026-11-24 (82 days)
UP           | https://cleantechsystemsnm.com | HTTP 200 | 502ms | SSL: 2026-10-19 (47 days)
UP           | https://www.affordablecustomgolfcarts.com/ | HTTP 200 | 125ms | SSL: 2026-10-07 (35 days)
UP           | https://greenscapeslawns.com/ | HTTP 200 | 274ms | SSL: 2026-10-22 (50 days)
UP           | https://jtstree.com/ | HTTP 200 | 619ms | SSL: 2026-10-25 (52 days)
UP           | https://www.dixiefenceohio.com/ | HTTP 200 | 216ms | SSL: 2026-11-24 (83 days)
UP           | https://allkidsarespecial.net | HTTP 200 | 119ms | SSL: 2026-10-07 (35 days)
UP           | https://sgrcalifornia.com/ | HTTP 200 | 469ms | SSL: 2026-10-26 (54 days)
UP           | https://www.garysroofingandconst.com/ | HTTP 200 | 159ms | SSL: 2026-10-07 (35 days)
UP           | https://www.breezehvac.com/ | HTTP 200 | 264ms | SSL: 2026-09-13 (11 days)
UP           | https://rcpoolworks.com | HTTP 200 | 120ms | SSL: 2026-11-04 (63 days)
UP           | https://Freedomcarpet.net | HTTP 200 | 1016ms | SSL: 2026-10-22 (50 days)
UP           | https://rolandoroofing.net | HTTP 200 | 158ms | SSL: 2026-11-03 (62 days)
UP           | http://ormondlandscaping.com/ | HTTP 200 | 226ms | SSL: 2026-11-08 (67 days)
UP           | https://www.alliedroofingco.com/ | HTTP 200 | 265ms | SSL: 2026-09-17 (14 days)
UP           | https://www.waterheatersracinewi.com/ | HTTP 200 | 318ms | SSL: 2026-09-29 (26 days)
UP           | https://www.atlanticdrywallandpaint.com/ | HTTP 200 | 78ms | SSL: 2026-11-22 (81 days)
DOWN         | https://grantsappliancerepairllc.com/ | ERROR: Get "https://grantsappliancerepairllc.com/": dial tcp: lookup grantsappliancerepairllc.com on 127.0.0.53:53: no such host
UP           | http://aaaexcavate.com | HTTP 200 | 173ms | SSL: 
UP           | https://gormanandsonslandscaping.com/ | HTTP 200 | 279ms | SSL: 2026-11-05 (64 days)
UP           | https://texasproroofing.net/ | HTTP 200 | 125ms | SSL: 2026-10-22 (50 days)
UP           | https://www.808towing.com/ | HTTP 200 | 109ms | SSL: 2026-10-13 (41 days)
UP           | https://www.jandbtreeservice.net/ | HTTP 200 | 185ms | SSL: 2026-11-08 (67 days)
UP           | https://sweetmountainair.co | HTTP 200 | 115ms | SSL: 2026-11-05 (64 days)
UP           | https://www.stormprosva.com/ | HTTP 200 | 216ms | SSL: 2026-10-22 (50 days)
DOWN         | https://www.atlantic217.com/ | ERROR: Get "https://www.atlantic217.com/": dial tcp: lookup www.atlantic217.com on 127.0.0.53:53: server misbehaving
UP           | https://lakehamiltonappraisals.com/ | HTTP 200 | 826ms | SSL: 2026-11-08 (67 days)
UP           | https://kcservicecenterpa.com | HTTP 200 | 240ms | SSL: 2026-11-08 (67 days)
UP           | https://mobsfloorcare.com/ | HTTP 200 | 186ms | SSL: 2026-11-08 (67 days)
UP           | https://wennigercompressor.com/ | HTTP 200 | 545ms | SSL: 2026-10-10 (37 days)
UP           | https://mauicontainersales.com/ | HTTP 200 | 523ms | SSL: 2026-11-08 (67 days)
UP           | https://www.24-hourrefrigeration.com/ | HTTP 200 | 222ms | SSL: 2026-10-22 (50 days)
UP           | https://anteaterspestcontrol.net | HTTP 200 | 172ms | SSL: 2026-10-21 (49 days)
UP           | http://furniturefixxers.com | HTTP 200 | 416ms | SSL: 2026-11-08 (67 days)
UP           | https://www.apexgutters.com/ | HTTP 200 | 189ms | SSL: 2026-10-23 (50 days)
UP           | https://blackdogrr.com/ | HTTP 200 | 103ms | SSL: 2026-10-07 (35 days)
UP           | https://hogiesconstruction.com/ | HTTP 200 | 67ms | SSL: 2026-10-07 (35 days)
UP           | https://www.askyline.com/ | HTTP 200 | 351ms | SSL: 2026-09-21 (19 days)
UP           | https://www.dbarrsvcs.com/ | HTTP 200 | 230ms | SSL: 2026-10-22 (50 days)
UP           | https://powellpestcontrol.net/ | HTTP 200 | 178ms | SSL: 2026-10-18 (46 days)
UP           | https://wireguys.com | HTTP 200 | 155ms | SSL: 2026-11-08 (67 days)
ERROR        | https://economysidingtn.com/ | HTTP 404 | 293ms | SSL: 2026-11-08 (67 days)
UP           | https://rsccontracting.org/ | HTTP 200 | 584ms | SSL: 2026-10-23 (50 days)
UP           | https://www.bhswelding.com/ | HTTP 200 | 121ms | SSL: 2026-11-15 (74 days)
UP           | https://www.yourfamilysalon.com/ | HTTP 200 | 419ms | SSL: 2026-11-23 (81 days)
UP           | https://www.alswelldrilling.com/ | HTTP 200 | 125ms | SSL: 2026-10-18 (46 days)
UP           | http://customoutdoorsolutionsny.com | HTTP 200 | 107ms | SSL: 
UP           | https://raffoulheatingandair.com | HTTP 200 | 126ms | SSL: 2026-10-20 (48 days)
UP           | http://dynamohi.com | HTTP 200 | 437ms | SSL: 2026-10-07 (35 days)
UP           | https://danrandandassoc.com/ | HTTP 200 | 201ms | SSL: 2026-11-26 (85 days)
UP           | https://carbondalewoodshop.com/ | HTTP 200 | 634ms | SSL: 2026-11-18 (76 days)
UP           | https://smithhvacservices.com/index | HTTP 200 | 890ms | SSL: 2026-11-26 (85 days)
UP           | http://www.junk-punks.com/ | HTTP 200 | 242ms | SSL: 2026-11-05 (63 days)
UP           | https://www.fndcontracting.com | HTTP 200 | 260ms | SSL: 2026-10-31 (59 days)
UP           | http://hopelandscaping.com | HTTP 200 | 323ms | SSL: 2026-10-21 (49 days)
UP           | https://larrysae.com | HTTP 200 | 701ms | SSL: 2026-09-12 (9 days)
UP           | https://www.ezoutcollisioncenter.com/ | HTTP 200 | 178ms | SSL: 2026-10-22 (50 days)
UP           | https://rsccontracting.org/ | HTTP 200 | 32ms | SSL: 2026-10-23 (50 days)
UP           | http://ccelectricbcs.com | HTTP 200 | 289ms | SSL: 2026-10-23 (50 days)
UP           | http://ccelectricbcs.com | HTTP 200 | 282ms | SSL: 2026-10-23 (50 days)
UP           | https://tropicglassenclosuresfl.com/ | HTTP 200 | 213ms | SSL: 2026-11-08 (67 days)
UP           | https://www.fireflycontractor.com/ | HTTP 200 | 71ms | SSL: 2026-11-22 (81 days)
UP           | https://www.tridentconstructiongp.com/ | HTTP 200 | 141ms | SSL: 2026-11-08 (67 days)
UP           | https://roettgerwelding.com/ | HTTP 200 | 112ms | SSL: 2026-10-05 (32 days)
UP           | https://azjanitorialservice.com | HTTP 200 | 495ms | SSL: 2026-11-22 (81 days)
UP           | https://camoconstructionllc.com/ | HTTP 200 | 102ms | SSL: 2026-10-07 (35 days)
UP           | https://totalcomfortcleaners.com | HTTP 200 | 332ms | SSL: 2026-10-23 (50 days)
UP           | https://www.brianemmonsroofing.com/ | HTTP 200 | 432ms | SSL: 2026-09-10 (7 days)
UP           | https://www.customelitedetailcarwash.com/ | HTTP 200 | 167ms | SSL: 2026-10-22 (50 days)
UP           | https://www.noatoutdoorliving.com/ | HTTP 200 | 65ms | SSL: 2026-11-25 (84 days)
UP           | https://southfloridadockandseawall.com | HTTP 200 | 580ms | SSL: 2026-11-28 (87 days)
UP           | https://www.rselectricms.com | HTTP 200 | 368ms | SSL: 2026-10-13 (41 days)
UP           | http://allbrightcleaningkc.com | HTTP 200 | 119ms | SSL: 
UP           | https://paintingbypros.com/ | HTTP 200 | 235ms | SSL: 2026-10-13 (41 days)
UP           | https://www.ancientcitygaragedoors.com | HTTP 200 | 259ms | SSL: 2026-10-21 (49 days)
UP           | https://www.mikeandmikeroofing.com/ | HTTP 200 | 159ms | SSL: 2026-11-04 (62 days)
UP           | https://maxpressfoundationrepair.com/ | HTTP 200 | 215ms | SSL: 2026-11-30 (88 days)
UP           | https://offshorepropertyservices.com | HTTP 200 | 206ms | SSL: 2026-10-23 (50 days)
UP           | http://dynamohi.com | HTTP 200 | 264ms | SSL: 2026-10-07 (35 days)
UP           | https://patdollautomotivewi.com/ | HTTP 200 | 167ms | SSL: 2026-10-15 (43 days)
UP           | http://renewconstructionnm.com | HTTP 200 | 354ms | SSL: 2026-10-17 (45 days)
DOWN         | http://seaboardrestoration.com/ | ERROR: Get "http://seaboardrestoration.com/": dial tcp: lookup seaboardrestoration.com on 127.0.0.53:53: no such host
UP           | https://www.fisherhomeinspectionsllc.com/ | HTTP 200 | 242ms | SSL: 2026-10-20 (48 days)
UP           | https://www.jmplumbersinc.com/ | HTTP 200 | 175ms | SSL: 2026-11-02 (60 days)
UP           | https://finishlineautotire.com/ | HTTP 200 | 118ms | SSL: 2026-10-08 (36 days)
UP           | http://vitosexpress.com | HTTP 200 | 760ms | SSL: 2026-11-08 (67 days)
UP           | https://www.thesignsolution.net/ | HTTP 200 | 114ms | SSL: 2026-10-18 (46 days)
UP           | https://bagremodelers.com/ | HTTP 200 | 71ms | SSL: 2026-10-07 (35 days)
UP           | https://www.problemtree.com | HTTP 200 | 319ms | SSL: 2026-10-23 (50 days)
UP           | https://capri-wash.com | HTTP 200 | 154ms | SSL: 2026-10-28 (56 days)
UP           | https://landscapeofbrainerd.com/ | HTTP 200 | 176ms | SSL: 2026-12-27 (116 days)
UP           | https://totalpackagelandscapeworksllc.com | HTTP 200 | 114ms | SSL: 2026-10-18 (46 days)
UP           | https://acesandblasting.co/ | HTTP 200 | 147ms | SSL: 2026-10-27 (55 days)
UP           | https://5startexasroofing.com/ | HTTP 200 | 249ms | SSL: 2026-11-24 (83 days)
UP           | https://caudletreeservice.com/ | HTTP 200 | 214ms | SSL: 2026-11-18 (77 days)
UP           | https://www.bayoustatemoving.com/ | HTTP 200 | 169ms | SSL: 2026-10-15 (43 days)
UP           | https://www.1classproperties.com/ | HTTP 200 | 139ms | SSL: 2026-10-22 (50 days)
UP           | https://www.1classrealty.com/ | HTTP 200 | 220ms | SSL: 2026-11-23 (82 days)
UP           | https://www.aimhighdetailing.com/ | HTTP 200 | 318ms | SSL: 2026-10-22 (49 days)
UP           | https://www.tampablindsbydesign.com/ | HTTP 200 | 236ms | SSL: 2026-10-21 (49 days)
UP           | http://thelocalplumber.com | HTTP 200 | 455ms | SSL: 2026-09-23 (21 days)
UP           | https://frontieraircon.com/ | HTTP 200 | 545ms | SSL: 2026-10-30 (58 days)
UP           | https://www.saltlakecitycabinetry.com/ | HTTP 200 | 79ms | SSL: 2026-11-25 (84 days)
UP           | https://mantispestma.com | HTTP 200 | 817ms | SSL: 2026-10-08 (36 days)
UP           | https://tyslandscapingiowa.com | HTTP 200 | 149ms | SSL: 2026-11-05 (64 days)
UP           | https://www.herrwelldrillingwi.com/ | HTTP 200 | 160ms | SSL: 2026-11-24 (82 days)
UP           | https://www.problemtree.com/ | HTTP 200 | 106ms | SSL: 2026-10-23 (50 days)
UP           | https://tandkventures.com/ | HTTP 200 | 92ms | SSL: 2026-10-18 (46 days)
UP           | http://muddyriversconcrete.com | HTTP 200 | 206ms | SSL: 2026-11-08 (67 days)
UP           | https://accurateandconfidentialtaxservice.com/ | HTTP 200 | 258ms | SSL: 2026-11-08 (67 days)
UP           | https://mcneelytreeservice.com/ | HTTP 200 | 137ms | SSL: 2027-02-16 (167 days)
UP           | https://www.mvpgardencenter.com/ | HTTP 200 | 133ms | SSL: 2026-10-08 (36 days)
UP           | https://abccarpetcleanerssd.com | HTTP 200 | 138ms | SSL: 2026-11-11 (69 days)
Summary: 222 UP | 10 ERROR | 8 DOWN | 0 UNVERIFIABLE
