=== 2026-10-05 17:00:55 ===
UP           | https://offshorepropertyservices.com | HTTP 200 | 275ms | SSL: 2026-12-17 (72 days)
DOWN         | http://seaboardrestoration.com/ | ERROR: Get "http://seaboardrestoration.com/": dial tcp: lookup seaboardrestoration.com on 127.0.0.53:53: no such host
UP           | https://platinumpaintingandserviceinc.com | HTTP 200 | 121ms | SSL: 2026-12-03 (59 days)
UP           | https://aandbauctionservices.com | HTTP 200 | 302ms | SSL: 2026-12-05 (60 days)
UP           | http://reidheatingandair.com | HTTP 200 | 122ms | SSL: 
UP           | https://pristineccs.com/ | HTTP 200 | 264ms | SSL: 2026-11-08 (34 days)
UP           | https://westcoastdents.com | HTTP 200 | 2815ms | SSL: 2026-12-30 (85 days)
DOWN         | https://catoiletwhisperer.com | ERROR: Head "https://catoiletwhisperer.com": read tcp 10.1.1.100:37762->35.172.94.1:443: read: connection reset by peer
UP           | https://ivyheatingandair.com | HTTP 200 | 219ms | SSL: 2026-11-24 (49 days)
UP           | https://primaryheatingandcooling.com | HTTP 200 | 130ms | SSL: 2026-12-02 (58 days)
DOWN         | https://businessnotions.com/ | ERROR: Get "https://businessnotions.com": too many redirects
UP           | https://www.butzwelding.com | HTTP 200 | 93ms | SSL: 2026-11-17 (43 days)
UP           | https://brimicfoundation.com/ | HTTP 200 | 429ms | SSL: 2026-12-20 (75 days)
UP           | https://endlesssummercharters.com/ | HTTP 200 | 239ms | SSL: 2026-12-17 (72 days)
UP           | https://thekiddiekornerboutique.com | HTTP 200 | 224ms | SSL: 2026-11-08 (34 days)
UP           | https://safloralelegance.com | HTTP 200 | 585ms | SSL: 2026-11-15 (40 days)
UP           | http://allbrandsheatingandcooling.com | HTTP 200 | 106ms | SSL: 
UP           | http://plumbersouthfl.com | HTTP 200 | 296ms | SSL: 2026-11-24 (50 days)
UP           | http://wjauction.com | HTTP 200 | 253ms | SSL: 2026-11-08 (34 days)
UP           | https://txpanhandlelogistics.com | HTTP 200 | 129ms | SSL: 2026-12-29 (85 days)
UP           | https://mullinstruckingllc.com/ | HTTP 200 | 399ms | SSL: 2026-12-20 (76 days)
UP           | https://fratiplumbing.net | HTTP 200 | 110ms | SSL: 2026-12-06 (62 days)
DOWN         | https://loganshouse.com/ | ERROR: Head "https://loganshouse.com/": read tcp 10.1.1.100:38898->100.24.208.97:443: read: connection reset by peer
UP           | http://plantsunlimiteddurham.com | HTTP 200 | 245ms | SSL: 2026-12-17 (72 days)
UP           | http://protechdiesel.biz/ | HTTP 200 | 297ms | SSL: 2026-11-15 (41 days)
UP           | https://cherrycreekshadesanddraperys.com | HTTP 200 | 251ms | SSL: 2026-12-20 (76 days)
DOWN         | https://centralmotorsale.com | ERROR: Head "https://centralmotorsale.com": read tcp 10.1.1.100:53234->100.24.208.97:443: read: connection reset by peer
UP           | https://jsaengineers.com | HTTP 200 | 261ms | SSL: 2026-11-23 (49 days)
UP           | https://boilertechnologies.com | HTTP 200 | 282ms | SSL: 2026-11-16 (42 days)
UP           | https://trucarma.com/ | HTTP 200 | 128ms | SSL: 2026-12-08 (64 days)
UP           | https://wyomingarmoredservice.com | HTTP 200 | 125ms | SSL: 2026-11-25 (50 days)
UP           | https://brvparkpropane.com/ | HTTP 200 | 137ms | SSL: 2026-12-29 (84 days)
UP           | https://primeappraisalsmi.com | HTTP 200 | 199ms | SSL: 2026-11-19 (45 days)
UP           | https://newenglandgroupctinc.com | HTTP 200 | 484ms | SSL: 
UP           | https://www.napavalleyfitness.com | HTTP 200 | 126ms | SSL: 2026-11-08 (34 days)
UP           | https://www.prosidingandwindows.net/ | HTTP 200 | 310ms | SSL: 2026-12-28 (83 days)
DOWN         | https://www.eocatx.com/ | ERROR: Head "https://www.eocatx.com/": EOF
UP           | https://www.drainrooterplumbingsd.com/ | HTTP 200 | 151ms | SSL: 2026-12-06 (62 days)
UP           | https://glassimpressionslv.com | HTTP 200 | 124ms | SSL: 2026-11-25 (51 days)
UP           | https://shultarchitect.com | HTTP 200 | 142ms | SSL: 2026-12-06 (62 days)
UP           | https://inthemix-adc.com | HTTP 200 | 334ms | SSL: 2026-11-08 (34 days)
UP           | https://www.sexton-repairs.com/ | HTTP 200 | 212ms | SSL: 2026-12-13 (69 days)
UP           | https://fraserplumbingarkansas.com/ | HTTP 200 | 178ms | SSL: 2027-04-09 (186 days)
UP           | https://foothillsmachininginc.com | HTTP 200 | 142ms | SSL: 2026-11-19 (45 days)
UP           | https://rangerenovation.com | HTTP 200 | 417ms | SSL: 2026-11-08 (34 days)
UP           | https://modelcoelectric.com/ | HTTP 200 | 224ms | SSL: 2026-12-17 (72 days)
DOWN         | https://conveyor-tek.com | ERROR: Head "https://conveyor-tek.com": read tcp 10.1.1.100:37778->35.172.94.1:443: read: connection reset by peer
UP           | http://longspest.com | HTTP 200 | 318ms | SSL: 2026-11-08 (34 days)
UP           | https://spindledynamicsaxlerepair.com | HTTP 200 | 192ms | SSL: 2026-12-17 (72 days)
UP           | https://mevoutdoor.com/ | HTTP 200 | 214ms | SSL: 2026-11-24 (49 days)
DOWN         | https://greenbushpros.com/ | ERROR: Head "https://greenbushpros.com/": read tcp 10.1.1.100:35090->199.180.140.11:443: read: connection reset by peer
UP           | https://harveysarlesinsurance.com/ | HTTP 200 | 202ms | SSL: 2026-12-25 (80 days)
UP           | http://affordablerooter.com/ | HTTP 200 | 310ms | SSL: 2026-11-22 (48 days)
UP           | https://thomasmccannlaw.com | HTTP 200 | 139ms | SSL: 2026-12-08 (64 days)
UP           | https://southshoretruckrepair.com | HTTP 200 | 214ms | SSL: 2026-12-11 (67 days)
UP           | https://pacificgaragerepair.com | HTTP 200 | 182ms | SSL: 2026-11-24 (49 days)
UP           | https://www.thespringking.net/ | HTTP 200 | 341ms | SSL: 2026-11-24 (49 days)
UP           | https://www.hansmotosports.com/ | HTTP 200 | 282ms | SSL: 2026-12-21 (76 days)
UP           | https://www.advancedalarmlock.com | HTTP 200 | 165ms | SSL: 2026-11-15 (41 days)
UP           | https://www.amishstonefirepits.com/ | HTTP 200 | 156ms | SSL: 2026-12-08 (64 days)
UP           | https://www.noatoutdoorliving.com/ | HTTP 200 | 136ms | SSL: 2026-11-25 (51 days)
UP           | https://campbellhuitt.com | HTTP 200 | 326ms | SSL: 2026-12-10 (66 days)
UP           | https://www.bulldogmovingclt.com/ | HTTP 200 | 274ms | SSL: 2026-12-20 (75 days)
UP           | https://terseptic.com | HTTP 200 | 244ms | SSL: 2026-12-25 (80 days)
UP           | https://www.nmwcattorneys.com/ | HTTP 200 | 129ms | SSL: 2026-11-24 (49 days)
UP           | https://www.jandpbikeshop.com/ | HTTP 200 | 911ms | SSL: 2026-12-29 (85 days)
DOWN         | https://angelabrowderhomecare.com/ | ERROR: Head "https://angelabrowderhomecare.com/": read tcp 10.1.1.100:57568->35.172.94.1:443: read: connection reset by peer
UP           | https://www.5pointslandscaping.com/ | HTTP 200 | 483ms | SSL: 2026-12-21 (76 days)
UP           | https://carpettechcleaning.com | HTTP 200 | 871ms | SSL: 2026-12-19 (74 days)
UP           | https://www.mtccpressurewashing.com/ | HTTP 200 | 212ms | SSL: 2026-11-24 (49 days)
UP           | https://ochoaelectricsandiego.com | HTTP 200 | 121ms | SSL: 2026-11-08 (34 days)
UP           | https://vanityfairbaths.com | HTTP 200 | 258ms | SSL: 2026-11-08 (34 days)
UP           | https://www.asapcontainers.com/ | HTTP 200 | 243ms | SSL: 2026-11-08 (34 days)
UNVERIFIABLE | https://www.boyleheatingandcooling.net/ | HTTP 405 | 161ms | SSL: 2027-03-16 (161 days)
DOWN         | https://www.zulaufconstruction.com | ERROR: Head "https://www.zulaufconstruction.com": EOF
UP           | https://www.carpetcleaningomaha.com | HTTP 200 | 141ms | SSL: 2026-12-03 (59 days)
UP           | https://cakeschocolatesandmore.com/ | HTTP 200 | 466ms | SSL: 2026-12-20 (75 days)
UP           | https://www.victorytireauto.com | HTTP 200 | 173ms | SSL: 2026-11-09 (35 days)
UP           | https://windsorlimo.com | HTTP 200 | 196ms | SSL: 2026-11-08 (34 days)
UP           | https://www.howieglass.com/ | HTTP 200 | 180ms | SSL: 2026-11-26 (52 days)
DOWN         | https://www.xlsavebig.com | ERROR: Head "https://www.xlsavebig.com": EOF
UP           | https://www.oxicleaners.com | HTTP 200 | 139ms | SSL: 2026-12-06 (62 days)
UP           | https://petstylessalonandspa.com | HTTP 200 | 231ms | SSL: 2026-11-08 (34 days)
UP           | https://www.riverbluffcanecorsos.com | HTTP 200 | 216ms | SSL: 2026-11-24 (49 days)
UP           | https://stoversflooringanddraperycenter.com/ | HTTP 200 | 275ms | SSL: 2026-11-08 (34 days)
UP           | http://www.aseyourlight.com | HTTP 200 | 177ms | SSL: 
UP           | https://www.missouriglassinc.com/ | HTTP 200 | 126ms | SSL: 2026-12-06 (62 days)
UP           | https://www.coddingtonlock.com/ | HTTP 200 | 626ms | SSL: 2026-10-28 (23 days)
UP           | https://www.andyperuginos.com/ | HTTP 200 | 378ms | SSL: 2026-12-19 (74 days)
DOWN         | https://tntcarpetcleaners.com | ERROR: Head "https://tntcarpetcleaners.com": read tcp 10.1.1.100:57612->35.172.94.1:443: read: connection reset by peer
UP           | https://www.opsct.com | HTTP 200 | 709ms | SSL: 2026-12-06 (61 days)
UP           | https://securitycompanyms.com | HTTP 200 | 120ms | SSL: 2026-12-08 (64 days)
DOWN         | https://abbottscatering.com | ERROR: Head "https://abbottscatering.com": read tcp 10.1.1.100:57624->35.172.94.1:443: read: connection reset by peer
UP           | https://timothymwilliamslaw.com | HTTP 200 | 238ms | SSL: 2026-12-23 (78 days)
DOWN         | https://www.garyhuebnerlaw.com/ | ERROR: Head "https://www.garyhuebnerlaw.com/": EOF
UP           | https://www.thepoisonivyguy.com/ | HTTP 200 | 105ms | SSL: 2026-12-08 (64 days)
UP           | https://parkpharmacyrx.com | HTTP 200 | 207ms | SSL: 2026-11-16 (42 days)
ERROR        | https://gillettesignworks.com | HTTP 403 | 101ms | SSL: 2026-12-08 (64 days)
DOWN         | https://www.richroofing.com/ | ERROR: Head "https://www.richroofing.com/": EOF
UP           | http://lassiterelectric.com | HTTP 200 | 121ms | SSL: 
DOWN         | https://www.fatpocketpawn.biz | ERROR: Head "https://www.fatpocketpawn.biz": EOF
UP           | https://lockhartaircare.com | HTTP 200 | 150ms | SSL: 2026-12-06 (62 days)
UP           | https://www.eaglewaterfiltration.com/ | HTTP 200 | 214ms | SSL: 2026-12-21 (76 days)
UP           | https://www.epsteinspaint.com/ | HTTP 200 | 124ms | SSL: 2026-12-29 (85 days)
DOWN         | https://www.appliancereliancellc.com/ | ERROR: Head "https://www.appliancereliancellc.com/": EOF
UP           | https://www.timworthystransmissionrepairs.com/ | HTTP 200 | 127ms | SSL: 2027-01-02 (89 days)
DOWN         | https://www.cashgoldnj.com | ERROR: Head "https://www.cashgoldnj.com": EOF
UP           | https://dlacupuncture.com | HTTP 200 | 127ms | SSL: 2026-12-06 (61 days)
UP           | https://www.rockyhillmeats.com/ | HTTP 200 | 145ms | SSL: 2027-01-02 (89 days)
UP           | https://www.absheatingandairconditioning.com/ | HTTP 200 | 122ms | SSL: 2026-12-17 (72 days)
DOWN         | https://tcpestsolutions.com/ | ERROR: Head "https://tcpestsolutions.com/": read tcp 10.1.1.100:34728->100.24.208.97:443: read: connection reset by peer
UP           | https://www.tempbydesign.com/ | HTTP 200 | 156ms | SSL: 2026-12-16 (72 days)
DOWN         | https://tavosconstructionllc.com/ | ERROR: Head "https://tavosconstructionllc.com/": read tcp 10.1.1.100:34732->100.24.208.97:443: read: connection reset by peer
ERROR        | https://www.eastgeorgiatreeservice.com/ | HTTP 403 | 86ms | SSL: 2026-12-21 (76 days)
DOWN         | https://coastalcabinetsandgranite.com/ | ERROR: Head "https://coastalcabinetsandgranite.com/": read tcp 10.1.1.100:34748->100.24.208.97:443: read: connection reset by peer
DOWN         | https://www.r7electricutah.com/ | ERROR: Head "https://www.r7electricutah.com/": EOF
UP           | https://preferredremodeling.net/ | HTTP 200 | 240ms | SSL: 2026-11-24 (49 days)
UP           | https://www.jml-electric.com | HTTP 200 | 134ms | SSL: 2026-12-06 (62 days)
UP           | http://resto-pros.net | HTTP 200 | 260ms | SSL: 2026-11-08 (34 days)
UP           | http://scconstruction.info | HTTP 200 | 367ms | SSL: 2026-11-07 (32 days)
DOWN         | https://www.porteroutdoorservices.com/ | ERROR: Head "https://www.porteroutdoorservices.com/": EOF
UP           | http://killswitchauto.com | HTTP 200 | 375ms | SSL: 2026-11-08 (34 days)
UP           | https://coxdecorativeconcrete.com/ | HTTP 200 | 351ms | SSL: 2026-12-20 (76 days)
UP           | http://charlesfulkroaddisposal.com | HTTP 200 | 178ms | SSL: 
UP           | https://wireguyselectric.com/ | HTTP 200 | 393ms | SSL: 2026-12-20 (76 days)
UP           | https://www.dentconceptstx.com/ | HTTP 200 | 229ms | SSL: 2026-12-21 (76 days)
UP           | https://fincorefrigeration.com | HTTP 200 | 217ms | SSL: 2026-11-18 (44 days)
UP           | http://rocketcitymarine.com | HTTP 200 | 262ms | SSL: 2026-11-24 (49 days)
UP           | https://cleantechsystemsnm.com | HTTP 200 | 284ms | SSL: 2026-12-29 (85 days)
UP           | https://www.affordablecustomgolfcarts.com/ | HTTP 200 | 137ms | SSL: 2026-12-05 (61 days)
UP           | https://greenscapeslawns.com/ | HTTP 200 | 285ms | SSL: 2026-12-21 (76 days)
UP           | https://jtstree.com/ | HTTP 200 | 207ms | SSL: 2026-12-01 (57 days)
UP           | https://www.dixiefenceohio.com/ | HTTP 200 | 185ms | SSL: 2026-11-24 (50 days)
UP           | https://allkidsarespecial.net | HTTP 200 | 114ms | SSL: 2026-12-05 (61 days)
UP           | https://sgrcalifornia.com/ | HTTP 200 | 177ms | SSL: 2026-12-03 (59 days)
UP           | https://www.garysroofingandconst.com/ | HTTP 200 | 117ms | SSL: 2026-12-05 (61 days)
DOWN         | https://www.breezehvac.com/ | ERROR: Head "https://www.breezehvac.com/": EOF
UP           | https://rcpoolworks.com | HTTP 200 | 139ms | SSL: 2027-01-02 (89 days)
UP           | https://Freedomcarpet.net | HTTP 200 | 367ms | SSL: 2026-12-20 (76 days)
UP           | https://rolandoroofing.net | HTTP 200 | 210ms | SSL: 2027-01-01 (88 days)
UP           | http://ormondlandscaping.com/ | HTTP 200 | 305ms | SSL: 2026-11-08 (34 days)
DOWN         | https://www.alliedroofingco.com/ | ERROR: Head "https://www.alliedroofingco.com/": EOF
DOWN         | https://www.waterheatersracinewi.com/ | ERROR: Head "https://www.waterheatersracinewi.com/": EOF
UP           | https://www.atlanticdrywallandpaint.com/ | HTTP 200 | 115ms | SSL: 2026-11-22 (48 days)
DOWN         | https://grantsappliancerepairllc.com/ | ERROR: Head "https://grantsappliancerepairllc.com/": read tcp 10.1.1.100:54514->100.24.208.97:443: read: connection reset by peer
UP           | http://aaaexcavate.com | HTTP 200 | 264ms | SSL: 2026-12-05 (61 days)
UP           | https://gormanandsonslandscaping.com/ | HTTP 200 | 300ms | SSL: 2026-11-05 (31 days)
UP           | https://texasproroofing.net/ | HTTP 200 | 124ms | SSL: 2026-12-20 (76 days)
UP           | https://www.808towing.com/ | HTTP 200 | 98ms | SSL: 2026-12-11 (67 days)
UP           | https://www.jandbtreeservice.net/ | HTTP 200 | 227ms | SSL: 2026-11-08 (34 days)
UP           | https://sweetmountainair.co | HTTP 200 | 174ms | SSL: 2026-11-05 (31 days)
UP           | https://www.stormprosva.com/ | HTTP 200 | 116ms | SSL: 2026-12-20 (76 days)
UP           | https://www.atlantic217.com/ | HTTP 200 | 1715ms | SSL: 2026-12-20 (76 days)
UP           | https://lakehamiltonappraisals.com/ | HTTP 200 | 311ms | SSL: 2026-11-08 (34 days)
UP           | https://kcservicecenterpa.com | HTTP 200 | 300ms | SSL: 2026-11-08 (34 days)
UP           | https://mobsfloorcare.com/ | HTTP 200 | 159ms | SSL: 2026-11-08 (34 days)
UP           | https://wennigercompressor.com/ | HTTP 200 | 125ms | SSL: 2026-12-13 (68 days)
UP           | https://mauicontainersales.com/ | HTTP 200 | 612ms | SSL: 2026-11-08 (34 days)
UP           | https://www.24-hourrefrigeration.com/ | HTTP 200 | 109ms | SSL: 2026-12-02 (58 days)
UP           | https://anteaterspestcontrol.net | HTTP 200 | 182ms | SSL: 2026-12-19 (75 days)
UP           | http://furniturefixxers.com | HTTP 200 | 423ms | SSL: 2026-11-08 (34 days)
UP           | https://www.apexgutters.com/ | HTTP 200 | 294ms | SSL: 2026-12-21 (76 days)
UP           | https://blackdogrr.com/ | HTTP 200 | 133ms | SSL: 2026-12-05 (60 days)
UP           | https://hogiesconstruction.com/ | HTTP 200 | 141ms | SSL: 2026-12-05 (61 days)
UP           | https://www.askyline.com/ | HTTP 200 | 143ms | SSL: 2026-12-29 (84 days)
UP           | https://www.dbarrsvcs.com/ | HTTP 200 | 317ms | SSL: 2026-12-21 (76 days)
UP           | https://powellpestcontrol.net/ | HTTP 200 | 95ms | SSL: 2026-12-16 (71 days)
UP           | https://wireguys.com | HTTP 200 | 213ms | SSL: 2026-11-08 (34 days)
DOWN         | https://economysidingtn.com/ | ERROR: Head "https://economysidingtn.com/": read tcp 10.1.1.100:52004->35.172.94.1:443: read: connection reset by peer
UP           | https://rsccontracting.org/ | HTTP 200 | 46ms | SSL: 2026-12-21 (76 days)
UP           | https://www.bhswelding.com/ | HTTP 200 | 100ms | SSL: 2026-11-15 (41 days)
UP           | https://www.yourfamilysalon.com/ | HTTP 200 | 286ms | SSL: 2026-11-23 (48 days)
UP           | https://www.alswelldrilling.com/ | HTTP 200 | 249ms | SSL: 2026-12-05 (60 days)
UP           | http://customoutdoorsolutionsny.com | HTTP 200 | 219ms | SSL: 
UP           | https://raffoulheatingandair.com | HTTP 200 | 129ms | SSL: 2026-12-18 (74 days)
UP           | http://dynamohi.com | HTTP 200 | 239ms | SSL: 2026-12-05 (61 days)
UP           | https://danrandandassoc.com/ | HTTP 200 | 321ms | SSL: 2026-11-26 (51 days)
UP           | https://carbondalewoodshop.com/ | HTTP 200 | 840ms | SSL: 2026-12-08 (63 days)
UP           | https://smithhvacservices.com/index | HTTP 200 | 297ms | SSL: 2026-12-08 (63 days)
UP           | http://www.junk-punks.com/ | HTTP 200 | 731ms | SSL: 2026-12-29 (85 days)
DOWN         | https://www.fndcontracting.com | ERROR: Head "https://www.fndcontracting.com": EOF
UP           | http://hopelandscaping.com | HTTP 200 | 467ms | SSL: 2026-12-19 (75 days)
UP           | https://larrysae.com | HTTP 200 | 110ms | SSL: 2026-12-29 (85 days)
UP           | https://www.ezoutcollisioncenter.com/ | HTTP 200 | 235ms | SSL: 2026-12-21 (76 days)
UP           | https://rsccontracting.org/ | HTTP 200 | 325ms | SSL: 2026-12-21 (76 days)
UP           | http://ccelectricbcs.com | HTTP 200 | 272ms | SSL: 2026-12-21 (76 days)
UP           | http://ccelectricbcs.com | HTTP 200 | 209ms | SSL: 2026-12-21 (76 days)
UP           | https://tropicglassenclosuresfl.com/ | HTTP 200 | 200ms | SSL: 2026-11-08 (34 days)
UP           | https://www.fireflycontractor.com/ | HTTP 200 | 102ms | SSL: 2026-11-22 (48 days)
UP           | https://www.tridentconstructiongp.com/ | HTTP 200 | 122ms | SSL: 2026-11-08 (34 days)
UP           | https://roettgerwelding.com/ | HTTP 200 | 125ms | SSL: 2026-12-16 (72 days)
DOWN         | https://azjanitorialservice.com | ERROR: Head "https://azjanitorialservice.com": read tcp 10.1.1.100:51998->35.172.94.1:443: read: connection reset by peer
UP           | https://camoconstructionllc.com/ | HTTP 200 | 155ms | SSL: 2026-12-05 (61 days)
UP           | https://totalcomfortcleaners.com | HTTP 200 | 198ms | SSL: 2026-12-21 (76 days)
DOWN         | https://www.brianemmonsroofing.com/ | ERROR: Head "https://www.brianemmonsroofing.com/": read tcp 10.1.1.100:60944->199.180.140.12:443: read: connection reset by peer
UP           | https://www.customelitedetailcarwash.com/ | HTTP 200 | 233ms | SSL: 2026-12-21 (76 days)
UP           | https://www.noatoutdoorliving.com/ | HTTP 200 | 62ms | SSL: 2026-11-25 (51 days)
UP           | https://southfloridadockandseawall.com | HTTP 200 | 211ms | SSL: 2026-11-28 (54 days)
UP           | https://www.rselectricms.com | HTTP 200 | 137ms | SSL: 2026-12-01 (57 days)
UP           | http://allbrightcleaningkc.com | HTTP 200 | 146ms | SSL: 
DOWN         | https://paintingbypros.com/ | ERROR: Head "https://paintingbypros.com/": read tcp 10.1.1.100:39678->35.172.94.1:443: read: connection reset by peer
DOWN         | https://www.ancientcitygaragedoors.com | ERROR: Head "https://www.ancientcitygaragedoors.com": EOF
UP           | https://www.mikeandmikeroofing.com/ | HTTP 200 | 181ms | SSL: 2026-11-04 (29 days)
UP           | https://maxpressfoundationrepair.com/ | HTTP 200 | 186ms | SSL: 2026-11-30 (55 days)
UP           | https://offshorepropertyservices.com | HTTP 200 | 266ms | SSL: 2026-12-17 (72 days)
UP           | http://dynamohi.com | HTTP 200 | 458ms | SSL: 2026-12-05 (61 days)
UP           | https://patdollautomotivewi.com/ | HTTP 200 | 101ms | SSL: 2026-12-14 (69 days)
UP           | http://renewconstructionnm.com | HTTP 200 | 342ms | SSL: 2027-03-21 (166 days)
DOWN         | http://seaboardrestoration.com/ | ERROR: Get "http://seaboardrestoration.com/": dial tcp: lookup seaboardrestoration.com on 127.0.0.53:53: no such host
UP           | https://www.fisherhomeinspectionsllc.com/ | HTTP 200 | 188ms | SSL: 2026-12-19 (74 days)
UP           | https://www.jmplumbersinc.com/ | HTTP 200 | 234ms | SSL: 2026-12-31 (86 days)
UP           | https://finishlineautotire.com/ | HTTP 200 | 107ms | SSL: 2026-12-06 (62 days)
UP           | http://vitosexpress.com | HTTP 200 | 306ms | SSL: 2026-11-08 (34 days)
UP           | https://www.thesignsolution.net/ | HTTP 200 | 114ms | SSL: 2026-12-17 (72 days)
UP           | https://bagremodelers.com/ | HTTP 200 | 110ms | SSL: 2026-12-05 (61 days)
UP           | https://www.problemtree.com | HTTP 200 | 141ms | SSL: 2026-12-21 (76 days)
UP           | https://capri-wash.com | HTTP 200 | 190ms | SSL: 2026-12-26 (82 days)
DOWN         | https://landscapeofbrainerd.com/ | ERROR: Head "https://landscapeofbrainerd.com/": EOF
UP           | https://totalpackagelandscapeworksllc.com | HTTP 200 | 141ms | SSL: 2026-12-17 (72 days)
UP           | https://acesandblasting.co/ | HTTP 200 | 290ms | SSL: 2026-12-25 (81 days)
UP           | https://5startexasroofing.com/ | HTTP 200 | 415ms | SSL: 2026-11-24 (50 days)
UP           | https://caudletreeservice.com/ | HTTP 200 | 234ms | SSL: 2026-11-18 (44 days)
UP           | https://www.bayoustatemoving.com/ | HTTP 200 | 176ms | SSL: 2026-12-14 (69 days)
UP           | https://www.1classproperties.com/ | HTTP 200 | 248ms | SSL: 2026-12-21 (76 days)
UP           | https://www.1classrealty.com/ | HTTP 200 | 176ms | SSL: 2026-11-23 (49 days)
UP           | https://www.aimhighdetailing.com/ | HTTP 200 | 203ms | SSL: 2026-12-25 (80 days)
UP           | https://www.tampablindsbydesign.com/ | HTTP 200 | 203ms | SSL: 2026-12-20 (75 days)
UP           | http://thelocalplumber.com | HTTP 200 | 232ms | SSL: 2026-12-08 (64 days)
UP           | https://frontieraircon.com/ | HTTP 200 | 224ms | SSL: 2026-12-07 (63 days)
UP           | https://www.saltlakecitycabinetry.com/ | HTTP 200 | 171ms | SSL: 2026-11-25 (51 days)
DOWN         | https://mantispestma.com | ERROR: Head "https://mantispestma.com": read tcp 10.1.1.100:55754->199.180.140.11:443: read: connection reset by peer
UP           | https://tyslandscapingiowa.com | HTTP 200 | 229ms | SSL: 2026-11-05 (31 days)
UP           | https://www.herrwelldrillingwi.com/ | HTTP 200 | 172ms | SSL: 2026-11-24 (49 days)
UP           | https://www.problemtree.com/ | HTTP 200 | 78ms | SSL: 2026-12-21 (76 days)
UP           | https://tandkventures.com/ | HTTP 200 | 178ms | SSL: 2026-12-16 (72 days)
UP           | http://muddyriversconcrete.com | HTTP 200 | 271ms | SSL: 2026-11-08 (34 days)
UP           | https://accurateandconfidentialtaxservice.com/ | HTTP 200 | 224ms | SSL: 2026-11-08 (34 days)
DOWN         | https://mcneelytreeservice.com/ | ERROR: Get "https://mcneelytreeservice.com/": dial tcp: lookup mcneelytreeservice.com on 127.0.0.53:53: no such host
UP           | https://www.mvpgardencenter.com/ | HTTP 200 | 136ms | SSL: 2026-12-06 (62 days)
UP           | https://abccarpetcleanerssd.com | HTTP 200 | 134ms | SSL: 2026-11-11 (36 days)
Summary: 200 UP | 2 ERROR | 37 DOWN | 1 UNVERIFIABLE
