=== 2026-07-14 10:04:05 ===
UP           | https://offshorepropertyservices.com | HTTP 200 | 683ms | SSL: 2026-09-09 (56 days)
DOWN         | http://seaboardrestoration.com/ | ERROR: Get "http://seaboardrestoration.com/": dial tcp: lookup seaboardrestoration.com on 127.0.0.53:53: no such host
UP           | https://platinumpaintingandserviceinc.com | HTTP 200 | 718ms | SSL: 2026-10-01 (78 days)
UP           | https://aandbauctionservices.com | HTTP 200 | 152ms | SSL: 2026-10-07 (85 days)
UP           | http://reidheatingandair.com | HTTP 200 | 689ms | SSL: 2026-10-11 (89 days)
UP           | https://pristineccs.com/ | HTTP 200 | 658ms | SSL: 2026-10-11 (89 days)
UP           | https://westcoastdents.com | HTTP 200 | 1201ms | SSL: 2026-09-03 (50 days)
UP           | https://catoiletwhisperer.com | HTTP 200 | 649ms | SSL: 2026-09-16 (64 days)
UP           | https://ivyheatingandair.com | HTTP 200 | 802ms | SSL: 2026-09-16 (64 days)
UP           | https://primaryheatingandcooling.com | HTTP 200 | 719ms | SSL: 2026-09-28 (75 days)
UP           | https://businessnotions.com/ | HTTP 200 | 781ms | SSL: 2026-07-24 (10 days)
UP           | https://www.butzwelding.com | HTTP 200 | 541ms | SSL: 2026-09-20 (68 days)
UP           | https://brimicfoundation.com/ | HTTP 200 | 592ms | SSL: 2026-09-23 (71 days)
UP           | https://endlesssummercharters.com/ | HTTP 200 | 611ms | SSL: 2026-07-26 (11 days)
UP           | https://thekiddiekornerboutique.com | HTTP 200 | 242ms | SSL: 2026-07-29 (14 days)
UP           | https://safloralelegance.com | HTTP 200 | 470ms | SSL: 2026-09-21 (69 days)
UP           | http://allbrandsheatingandcooling.com | HTTP 200 | 135ms | SSL: 
UP           | http://plumbersouthfl.com | HTTP 200 | 605ms | SSL: 2026-10-05 (83 days)
UP           | http://wjauction.com | HTTP 200 | 536ms | SSL: 2026-10-05 (83 days)
UP           | https://txpanhandlelogistics.com | HTTP 200 | 1446ms | SSL: 2026-10-06 (84 days)
UP           | https://mullinstruckingllc.com/ | HTTP 200 | 560ms | SSL: 2026-08-09 (25 days)
UP           | https://fratiplumbing.net | HTTP 200 | 124ms | SSL: 2026-10-08 (86 days)
UP           | https://loganshouse.com/ | HTTP 200 | 701ms | SSL: 2026-07-22 (8 days)
UP           | http://plantsunlimiteddurham.com | HTTP 200 | 640ms | SSL: 2026-08-03 (19 days)
UP           | http://protechdiesel.biz/ | HTTP 200 | 516ms | SSL: 2026-08-09 (25 days)
UP           | https://cherrycreekshadesanddraperys.com | HTTP 200 | 553ms | SSL: 2026-07-25 (10 days)
UP           | https://centralmotorsale.com | HTTP 200 | 627ms | SSL: 2026-07-29 (14 days)
UP           | https://jsaengineers.com | HTTP 200 | 655ms | SSL: 2026-08-10 (26 days)
UP           | https://boilertechnologies.com | HTTP 200 | 645ms | SSL: 2026-09-26 (74 days)
UP           | https://trucarma.com/ | HTTP 200 | 716ms | SSL: 2026-09-16 (63 days)
UP           | https://wyomingarmoredservice.com | HTTP 200 | 587ms | SSL: 2026-09-03 (50 days)
UP           | https://brvparkpropane.com/ | HTTP 200 | 556ms | SSL: 2026-07-27 (12 days)
UP           | https://primeappraisalsmi.com | HTTP 200 | 581ms | SSL: 2026-09-13 (61 days)
UP           | https://newenglandgroupctinc.com | HTTP 200 | 501ms | SSL: 
UP           | https://www.napavalleyfitness.com | HTTP 200 | 442ms | SSL: 2026-10-04 (82 days)
UP           | https://www.prosidingandwindows.net/ | HTTP 200 | 487ms | SSL: 2026-07-24 (9 days)
UP           | https://www.eocatx.com/ | HTTP 200 | 393ms | SSL: 2026-09-19 (66 days)
UP           | https://www.drainrooterplumbingsd.com/ | HTTP 200 | 117ms | SSL: 2026-10-08 (86 days)
UP           | https://glassimpressionslv.com | HTTP 200 | 687ms | SSL: 2026-09-25 (72 days)
UP           | https://shultarchitect.com | HTTP 200 | 133ms | SSL: 2026-10-08 (86 days)
UP           | https://inthemix-adc.com | HTTP 200 | 636ms | SSL: 2026-08-17 (34 days)
UP           | https://www.sexton-repairs.com/ | HTTP 200 | 447ms | SSL: 2026-09-18 (65 days)
ERROR        | https://fraserplumbingarkansas.com/ | HTTP 404 | 237ms | SSL: 2026-09-25 (73 days)
UP           | https://foothillsmachininginc.com | HTTP 200 | 586ms | SSL: 2026-10-11 (88 days)
UP           | https://rangerenovation.com | HTTP 200 | 604ms | SSL: 2026-07-29 (15 days)
UP           | https://modelcoelectric.com/ | HTTP 200 | 601ms | SSL: 2026-08-07 (23 days)
UP           | https://conveyor-tek.com | HTTP 200 | 598ms | SSL: 2026-07-31 (16 days)
UP           | http://longspest.com | HTTP 200 | 477ms | SSL: 2026-08-20 (37 days)
UP           | https://spindledynamicsaxlerepair.com | HTTP 200 | 540ms | SSL: 2026-08-07 (23 days)
UP           | https://mevoutdoor.com/ | HTTP 200 | 619ms | SSL: 2026-09-14 (61 days)
UP           | https://greenbushpros.com/ | HTTP 200 | 588ms | SSL: 2026-09-23 (70 days)
UP           | https://harveysarlesinsurance.com/ | HTTP 200 | 560ms | SSL: 2026-09-10 (58 days)
UP           | http://affordablerooter.com/ | HTTP 200 | 363ms | SSL: 2026-09-24 (72 days)
UP           | https://thomasmccannlaw.com | HTTP 200 | 672ms | SSL: 2026-07-24 (9 days)
UP           | https://southshoretruckrepair.com | HTTP 200 | 725ms | SSL: 2026-08-30 (47 days)
UP           | https://pacificgaragerepair.com | HTTP 200 | 844ms | SSL: 2026-09-12 (59 days)
UP           | https://www.thespringking.net/ | HTTP 200 | 333ms | SSL: 2026-09-20 (68 days)
UP           | https://www.hansmotosports.com/ | HTTP 200 | 328ms | SSL: 2026-09-10 (57 days)
UP           | https://www.advancedalarmlock.com | HTTP 200 | 347ms | SSL: 2026-07-31 (16 days)
UP           | https://www.amishstonefirepits.com/ | HTTP 200 | 402ms | SSL: 2026-07-26 (11 days)
UP           | https://www.noatoutdoorliving.com/ | HTTP 200 | 435ms | SSL: 2026-10-07 (85 days)
UP           | https://campbellhuitt.com | HTTP 200 | 654ms | SSL: 2026-09-20 (68 days)
UP           | https://www.bulldogmovingclt.com/ | HTTP 200 | 248ms | SSL: 2026-10-12 (89 days)
DOWN         | https://terseptic.com | ERROR: Get "https://terseptic.com": tls: failed to verify certificate: x509: certificate is valid for broken-ssl.multiscreensite.com, not terseptic.com
UP           | https://www.nmwcattorneys.com/ | HTTP 200 | 357ms | SSL: 2026-09-25 (72 days)
UP           | https://www.jandpbikeshop.com/ | HTTP 200 | 473ms | SSL: 2026-09-05 (53 days)
UP           | https://angelabrowderhomecare.com/ | HTTP 200 | 473ms | SSL: 2026-09-05 (53 days)
UP           | https://www.5pointslandscaping.com/ | HTTP 200 | 382ms | SSL: 2026-09-05 (52 days)
UP           | https://carpettechcleaning.com | HTTP 200 | 606ms | SSL: 2026-07-31 (16 days)
UP           | https://www.mtccpressurewashing.com/ | HTTP 200 | 420ms | SSL: 2026-09-22 (70 days)
UP           | https://ochoaelectricsandiego.com | HTTP 200 | 587ms | SSL: 2026-08-10 (26 days)
UP           | https://vanityfairbaths.com | HTTP 200 | 578ms | SSL: 2026-10-01 (79 days)
UP           | https://www.asapcontainers.com/ | HTTP 200 | 364ms | SSL: 2026-10-01 (78 days)
UP           | https://www.boyleheatingandcooling.net/ | HTTP 200 | 884ms | SSL: 2026-09-27 (75 days)
UP           | https://www.zulaufconstruction.com | HTTP 200 | 353ms | SSL: 2026-09-27 (75 days)
UP           | https://www.carpetcleaningomaha.com | HTTP 200 | 327ms | SSL: 2026-10-11 (88 days)
UP           | https://cakeschocolatesandmore.com/ | HTTP 200 | 576ms | SSL: 2026-07-26 (11 days)
UP           | https://www.victorytireauto.com | HTTP 200 | 343ms | SSL: 2026-07-29 (14 days)
UP           | https://windsorlimo.com | HTTP 200 | 696ms | SSL: 2026-08-02 (19 days)
UP           | https://www.howieglass.com/ | HTTP 200 | 389ms | SSL: 2026-09-05 (52 days)
UP           | https://www.xlsavebig.com | HTTP 200 | 423ms | SSL: 2026-09-26 (73 days)
UP           | https://www.oxicleaners.com | HTTP 200 | 164ms | SSL: 2026-10-08 (86 days)
UP           | https://petstylessalonandspa.com | HTTP 200 | 577ms | SSL: 2026-10-09 (86 days)
UP           | https://www.riverbluffcanecorsos.com | HTTP 200 | 333ms | SSL: 2026-07-26 (12 days)
UP           | https://stoversflooringanddraperycenter.com/ | HTTP 200 | 599ms | SSL: 2026-10-11 (88 days)
UP           | http://www.aseyourlight.com | HTTP 200 | 555ms | SSL: 2026-07-26 (11 days)
UP           | https://www.missouriglassinc.com/ | HTTP 200 | 136ms | SSL: 2026-10-08 (86 days)
UP           | https://www.coddingtonlock.com/ | HTTP 200 | 408ms | SSL: 2026-09-11 (59 days)
ERROR        | https://www.andyperuginos.com/ | HTTP 404 | 333ms | SSL: 2026-09-21 (69 days)
UP           | https://tntcarpetcleaners.com | HTTP 200 | 608ms | SSL: 2026-09-28 (75 days)
UP           | https://www.opsct.com | HTTP 200 | 346ms | SSL: 2026-09-20 (68 days)
UP           | https://securitycompanyms.com | HTTP 200 | 555ms | SSL: 2026-10-09 (87 days)
UP           | https://abbottscatering.com | HTTP 200 | 735ms | SSL: 2026-10-03 (80 days)
UP           | https://timothymwilliamslaw.com | HTTP 200 | 241ms | SSL: 2026-08-26 (43 days)
DOWN         | https://www.garyhuebnerlaw.com/ | ERROR: Get "https://www.garyhuebnerlaw.com/": tls: failed to verify certificate: x509: certificate is valid for broken-ssl.multiscreensite.com, not www.garyhuebnerlaw.com
UP           | https://www.thepoisonivyguy.com/ | HTTP 200 | 367ms | SSL: 2026-08-02 (19 days)
DOWN         | https://parkpharmacyrx.com | ERROR: Get "https://parkpharmacyrx.com": tls: failed to verify certificate: x509: certificate is not valid for any names, but wanted to match parkpharmacyrx.com
UP           | https://gillettesignworks.com | HTTP 200 | 691ms | SSL: 2026-08-05 (22 days)
UP           | https://www.richroofing.com/ | HTTP 200 | 358ms | SSL: 2026-07-27 (13 days)
UP           | http://lassiterelectric.com | HTTP 200 | 648ms | SSL: 2026-08-02 (19 days)
UP           | https://www.fatpocketpawn.biz | HTTP 200 | 549ms | SSL: 2026-08-05 (22 days)
UP           | https://lockhartaircare.com | HTTP 200 | 153ms | SSL: 2026-10-08 (86 days)
UP           | https://www.eaglewaterfiltration.com/ | HTTP 200 | 333ms | SSL: 2026-09-11 (58 days)
UP           | https://www.epsteinspaint.com/ | HTTP 200 | 346ms | SSL: 2026-09-04 (52 days)
UP           | https://www.appliancereliancellc.com/ | HTTP 200 | 497ms | SSL: 2026-09-23 (71 days)
UP           | https://www.timworthystransmissionrepairs.com/ | HTTP 200 | 335ms | SSL: 2026-09-18 (66 days)
UP           | https://www.cashgoldnj.com | HTTP 200 | 351ms | SSL: 2026-09-21 (68 days)
UP           | https://dlacupuncture.com | HTTP 200 | 123ms | SSL: 2026-10-08 (86 days)
UP           | https://www.rockyhillmeats.com/ | HTTP 200 | 326ms | SSL: 2026-10-05 (82 days)
UP           | https://www.absheatingandairconditioning.com/ | HTTP 200 | 314ms | SSL: 2026-08-06 (23 days)
UP           | https://tcpestsolutions.com/ | HTTP 200 | 609ms | SSL: 2026-09-03 (51 days)
UP           | https://www.tempbydesign.com/ | HTTP 200 | 330ms | SSL: 2026-09-21 (69 days)
UP           | https://tavosconstructionllc.com/ | HTTP 200 | 735ms | SSL: 2026-09-19 (66 days)
DOWN         | https://www.eastgeorgiatreeservice.com/ | ERROR: Head "https://www.eastgeorgiatreeservice.com/": EOF
UP           | https://coastalcabinetsandgranite.com/ | HTTP 200 | 138ms | SSL: 2026-10-08 (86 days)
ERROR        | https://www.r7electricutah.com/ | HTTP 404 | 418ms | SSL: 2026-10-09 (87 days)
UP           | https://preferredremodeling.net/ | HTTP 200 | 810ms | SSL: 2026-09-28 (75 days)
UP           | https://www.jml-electric.com | HTTP 200 | 134ms | SSL: 2026-10-08 (86 days)
UP           | http://resto-pros.net | HTTP 200 | 547ms | SSL: 2026-09-28 (76 days)
UP           | http://scconstruction.info | HTTP 200 | 238ms | SSL: 2026-08-30 (47 days)
UP           | https://www.porteroutdoorservices.com/ | HTTP 200 | 490ms | SSL: 2026-07-27 (12 days)
UP           | http://killswitchauto.com | HTTP 200 | 549ms | SSL: 2026-09-25 (73 days)
UP           | https://coxdecorativeconcrete.com/ | HTTP 200 | 641ms | SSL: 2026-08-09 (25 days)
UP           | http://charlesfulkroaddisposal.com | HTTP 200 | 127ms | SSL: 
UP           | https://wireguyselectric.com/ | HTTP 200 | 583ms | SSL: 2026-10-08 (86 days)
UP           | https://www.dentconceptstx.com/ | HTTP 200 | 341ms | SSL: 2026-10-11 (88 days)
UP           | https://fincorefrigeration.com | HTTP 200 | 624ms | SSL: 2026-08-07 (24 days)
UP           | http://rocketcitymarine.com | HTTP 200 | 521ms | SSL: 2026-10-11 (88 days)
UP           | https://cleantechsystemsnm.com | HTTP 200 | 708ms | SSL: 2026-10-11 (88 days)
UP           | https://www.affordablecustomgolfcarts.com/ | HTTP 200 | 138ms | SSL: 2026-10-07 (85 days)
UP           | https://greenscapeslawns.com/ | HTTP 200 | 609ms | SSL: 2026-07-27 (13 days)
UP           | https://jtstree.com/ | HTTP 200 | 1632ms | SSL: 2026-08-03 (20 days)
UP           | https://www.dixiefenceohio.com/ | HTTP 200 | 502ms | SSL: 2026-08-09 (26 days)
UP           | https://allkidsarespecial.net | HTTP 200 | 131ms | SSL: 2026-10-07 (85 days)
UP           | https://sgrcalifornia.com/ | HTTP 200 | 602ms | SSL: 2026-08-04 (21 days)
UP           | https://www.garysroofingandconst.com/ | HTTP 200 | 157ms | SSL: 2026-10-07 (85 days)
UP           | https://www.breezehvac.com/ | HTTP 200 | 340ms | SSL: 2026-09-13 (61 days)
UP           | https://rcpoolworks.com | HTTP 200 | 611ms | SSL: 2026-08-08 (24 days)
UP           | https://Freedomcarpet.net | HTTP 200 | 592ms | SSL: 2026-09-08 (56 days)
UP           | https://rolandoroofing.net | HTTP 200 | 670ms | SSL: 2026-09-21 (69 days)
UP           | http://ormondlandscaping.com/ | HTTP 200 | 629ms | SSL: 2026-08-02 (19 days)
UP           | https://www.alliedroofingco.com/ | HTTP 200 | 348ms | SSL: 2026-09-17 (65 days)
UP           | https://www.waterheatersracinewi.com/ | HTTP 200 | 377ms | SSL: 2026-09-29 (77 days)
UP           | https://www.atlanticdrywallandpaint.com/ | HTTP 200 | 400ms | SSL: 2026-09-14 (62 days)
UP           | https://grantsappliancerepairllc.com/ | HTTP 200 | 590ms | SSL: 2026-09-14 (62 days)
UP           | http://aaaexcavate.com | HTTP 200 | 187ms | SSL: 
UP           | https://gormanandsonslandscaping.com/ | HTTP 200 | 540ms | SSL: 2026-07-21 (7 days)
UP           | https://texasproroofing.net/ | HTTP 200 | 230ms | SSL: 2027-01-27 (197 days)
UP           | https://www.808towing.com/ | HTTP 200 | 334ms | SSL: 2026-08-05 (22 days)
UP           | https://www.jandbtreeservice.net/ | HTTP 200 | 366ms | SSL: 2026-10-12 (89 days)
UP           | https://sweetmountainair.co | HTTP 200 | 566ms | SSL: 2026-07-26 (12 days)
UP           | https://www.stormprosva.com/ | HTTP 200 | 326ms | SSL: 2026-10-12 (89 days)
UP           | https://www.atlantic217.com/ | HTTP 200 | 436ms | SSL: 2026-09-26 (74 days)
UP           | https://lakehamiltonappraisals.com/ | HTTP 200 | 642ms | SSL: 2026-08-04 (21 days)
UP           | https://kcservicecenterpa.com | HTTP 200 | 2683ms | SSL: 2026-10-10 (88 days)
UP           | https://mobsfloorcare.com/ | HTTP 200 | 568ms | SSL: 2026-09-18 (66 days)
UP           | https://wennigercompressor.com/ | HTTP 200 | 575ms | SSL: 2026-10-10 (87 days)
UP           | https://mauicontainersales.com/ | HTTP 200 | 777ms | SSL: 2026-08-24 (41 days)
UP           | https://www.24-hourrefrigeration.com/ | HTTP 200 | 330ms | SSL: 2026-07-31 (17 days)
UP           | https://anteaterspestcontrol.net | HTTP 200 | 657ms | SSL: 2026-10-07 (84 days)
UP           | http://furniturefixxers.com | HTTP 200 | 542ms | SSL: 2026-07-24 (9 days)
UP           | https://www.apexgutters.com/ | HTTP 200 | 305ms | SSL: 2026-09-07 (55 days)
UP           | https://blackdogrr.com/ | HTTP 200 | 125ms | SSL: 2026-10-07 (85 days)
UP           | https://hogiesconstruction.com/ | HTTP 200 | 122ms | SSL: 2026-10-07 (85 days)
UP           | https://www.askyline.com/ | HTTP 200 | 384ms | SSL: 2026-09-21 (69 days)
UP           | https://www.dbarrsvcs.com/ | HTTP 200 | 331ms | SSL: 2026-08-16 (33 days)
UP           | https://powellpestcontrol.net/ | HTTP 200 | 633ms | SSL: 2026-08-17 (34 days)
UP           | https://wireguys.com | HTTP 200 | 612ms | SSL: 2026-09-13 (61 days)
ERROR        | https://economysidingtn.com/ | HTTP 404 | 248ms | SSL: 2026-08-17 (34 days)
UP           | https://rsccontracting.org/ | HTTP 200 | 628ms | SSL: 2026-09-21 (69 days)
UP           | https://www.bhswelding.com/ | HTTP 200 | 338ms | SSL: 2026-09-04 (52 days)
UP           | https://www.yourfamilysalon.com/ | HTTP 200 | 323ms | SSL: 2026-09-23 (71 days)
UP           | https://www.alswelldrilling.com/ | HTTP 200 | 325ms | SSL: 2026-09-03 (51 days)
UP           | http://customoutdoorsolutionsny.com | HTTP 200 | 116ms | SSL: 
UP           | https://raffoulheatingandair.com | HTTP 200 | 774ms | SSL: 2026-09-26 (74 days)
UP           | http://dynamohi.com | HTTP 200 | 169ms | SSL: 2026-10-07 (85 days)
UP           | https://danrandandassoc.com/ | HTTP 200 | 507ms | SSL: 2026-09-21 (69 days)
UP           | https://carbondalewoodshop.com/ | HTTP 200 | 797ms | SSL: 2026-10-01 (78 days)
UP           | https://smithhvacservices.com/index | HTTP 200 | 765ms | SSL: 2026-09-05 (53 days)
UP           | http://www.junk-punks.com/ | HTTP 200 | 880ms | SSL: 2026-09-14 (61 days)
DOWN         | https://www.fndcontracting.com | ERROR: Get "https://www.fndcontracting.com": tls: failed to verify certificate: x509: certificate is valid for broken-ssl.multiscreensite.com, not www.fndcontracting.com
UP           | http://hopelandscaping.com | HTTP 200 | 518ms | SSL: 2026-09-09 (57 days)
UP           | https://larrysae.com | HTTP 200 | 510ms | SSL: 2026-09-12 (60 days)
UP           | https://www.ezoutcollisioncenter.com/ | HTTP 200 | 402ms | SSL: 2026-07-31 (17 days)
UP           | https://rsccontracting.org/ | HTTP 200 | 146ms | SSL: 2026-09-21 (69 days)
UP           | http://ccelectricbcs.com | HTTP 200 | 441ms | SSL: 2026-08-02 (18 days)
UP           | http://ccelectricbcs.com | HTTP 200 | 345ms | SSL: 2026-08-02 (18 days)
UP           | https://tropicglassenclosuresfl.com/ | HTTP 200 | 582ms | SSL: 2026-09-17 (65 days)
UP           | https://www.fireflycontractor.com/ | HTTP 200 | 395ms | SSL: 2026-09-22 (70 days)
UP           | https://www.tridentconstructiongp.com/ | HTTP 200 | 375ms | SSL: 2026-09-11 (59 days)
UP           | https://roettgerwelding.com/ | HTTP 200 | 597ms | SSL: 2026-09-23 (71 days)
UP           | https://azjanitorialservice.com | HTTP 200 | 560ms | SSL: 2026-08-31 (48 days)
UP           | https://camoconstructionllc.com/ | HTTP 200 | 133ms | SSL: 2026-10-07 (85 days)
UP           | https://totalcomfortcleaners.com | HTTP 200 | 543ms | SSL: 2026-07-22 (8 days)
UP           | https://www.brianemmonsroofing.com/ | HTTP 200 | 559ms | SSL: 2026-09-10 (57 days)
UP           | https://www.customelitedetailcarwash.com/ | HTTP 200 | 345ms | SSL: 2026-10-03 (81 days)
UP           | https://www.noatoutdoorliving.com/ | HTTP 200 | 250ms | SSL: 2026-10-07 (85 days)
UP           | https://southfloridadockandseawall.com | HTTP 200 | 226ms | SSL: 2026-09-30 (78 days)
UP           | https://www.rselectricms.com | HTTP 200 | 465ms | SSL: 2026-07-22 (8 days)
UP           | http://allbrightcleaningkc.com | HTTP 200 | 163ms | SSL: 
UP           | https://paintingbypros.com/ | HTTP 200 | 577ms | SSL: 2026-07-22 (8 days)
UP           | https://www.ancientcitygaragedoors.com | HTTP 200 | 352ms | SSL: 2026-07-30 (16 days)
UP           | https://www.mikeandmikeroofing.com/ | HTTP 200 | 402ms | SSL: 2026-10-09 (86 days)
UP           | https://maxpressfoundationrepair.com/ | HTTP 200 | 604ms | SSL: 2026-09-04 (52 days)
UP           | https://offshorepropertyservices.com | HTTP 200 | 415ms | SSL: 2026-09-09 (56 days)
UP           | http://dynamohi.com | HTTP 200 | 248ms | SSL: 2026-10-07 (85 days)
UP           | https://patdollautomotivewi.com/ | HTTP 200 | 604ms | SSL: 2026-08-22 (39 days)
UP           | http://renewconstructionnm.com | HTTP 200 | 474ms | SSL: 2026-08-18 (35 days)
DOWN         | http://seaboardrestoration.com/ | ERROR: Get "http://seaboardrestoration.com/": dial tcp: lookup seaboardrestoration.com on 127.0.0.53:53: no such host
UP           | https://www.fisherhomeinspectionsllc.com/ | HTTP 200 | 357ms | SSL: 2026-09-04 (52 days)
UP           | https://www.jmplumbersinc.com/ | HTTP 200 | 348ms | SSL: 2026-09-29 (77 days)
UP           | https://finishlineautotire.com/ | HTTP 200 | 136ms | SSL: 2026-10-08 (86 days)
UP           | http://vitosexpress.com | HTTP 200 | 525ms | SSL: 2026-09-04 (52 days)
UP           | https://www.thesignsolution.net/ | HTTP 200 | 354ms | SSL: 2026-09-12 (60 days)
UP           | https://bagremodelers.com/ | HTTP 200 | 153ms | SSL: 2026-10-07 (85 days)
UP           | https://www.problemtree.com | HTTP 200 | 354ms | SSL: 2026-09-04 (52 days)
UP           | https://capri-wash.com | HTTP 200 | 652ms | SSL: 2026-09-05 (53 days)
UP           | https://landscapeofbrainerd.com/ | HTTP 200 | 1604ms | SSL: 2026-09-09 (57 days)
UP           | https://totalpackagelandscapeworksllc.com | HTTP 200 | 596ms | SSL: 2026-09-26 (74 days)
UP           | https://acesandblasting.co/ | HTTP 200 | 525ms | SSL: 2026-09-13 (61 days)
UP           | https://5startexasroofing.com/ | HTTP 200 | 505ms | SSL: 2026-10-06 (84 days)
UP           | https://caudletreeservice.com/ | HTTP 200 | 667ms | SSL: 2026-09-26 (74 days)
UP           | https://www.bayoustatemoving.com/ | HTTP 200 | 319ms | SSL: 2026-10-03 (81 days)
UP           | https://www.1classproperties.com/ | HTTP 200 | 355ms | SSL: 2026-10-06 (84 days)
UP           | https://www.1classrealty.com/ | HTTP 200 | 305ms | SSL: 2026-10-06 (84 days)
UP           | https://www.aimhighdetailing.com/ | HTTP 200 | 350ms | SSL: 2026-08-20 (37 days)
UP           | https://www.tampablindsbydesign.com/ | HTTP 200 | 394ms | SSL: 2026-07-26 (12 days)
UP           | http://thelocalplumber.com | HTTP 200 | 1112ms | SSL: 2026-09-23 (71 days)
UP           | https://frontieraircon.com/ | HTTP 200 | 585ms | SSL: 2026-08-08 (25 days)
UP           | https://www.saltlakecitycabinetry.com/ | HTTP 200 | 313ms | SSL: 2026-08-10 (27 days)
UP           | https://mantispestma.com | HTTP 200 | 749ms | SSL: 2026-10-08 (86 days)
UP           | https://tyslandscapingiowa.com | HTTP 200 | 590ms | SSL: 2026-10-07 (85 days)
UP           | https://www.herrwelldrillingwi.com/ | HTTP 200 | 336ms | SSL: 2026-08-30 (47 days)
UP           | https://www.problemtree.com/ | HTTP 200 | 261ms | SSL: 2026-09-04 (52 days)
UP           | https://tandkventures.com/ | HTTP 200 | 602ms | SSL: 2026-09-15 (63 days)
UP           | http://muddyriversconcrete.com | HTTP 200 | 642ms | SSL: 2026-08-31 (48 days)
UP           | https://accurateandconfidentialtaxservice.com/ | HTTP 200 | 492ms | SSL: 2026-09-13 (61 days)
DOWN         | https://mcneelytreeservice.com/ | ERROR: Get "https://mcneelytreeservice.com/": tls: failed to verify certificate: x509: certificate is valid for *.accountterminated.com, accountterminated.com, not mcneelytreeservice.com
UP           | https://www.mvpgardencenter.com/ | HTTP 200 | 137ms | SSL: 2026-10-08 (86 days)
UP           | https://abccarpetcleanerssd.com | HTTP 200 | 4429ms | SSL: 2026-07-26 (12 days)
Summary: 228 UP | 4 ERROR | 8 DOWN | 0 UNVERIFIABLE
