=== 2026-09-05 11:45:41 ===
UP           | https://offshorepropertyservices.com | HTTP 200 | 190ms | SSL: 2026-10-23 (47 days)
DOWN         | http://seaboardrestoration.com/ | ERROR: Get "http://seaboardrestoration.com/": dial tcp: lookup seaboardrestoration.com on 127.0.0.53:53: no such host
UP           | https://platinumpaintingandserviceinc.com | HTTP 200 | 136ms | SSL: 2026-12-03 (89 days)
UP           | https://aandbauctionservices.com | HTTP 200 | 118ms | SSL: 2026-10-07 (32 days)
UP           | http://reidheatingandair.com | HTTP 200 | 156ms | SSL: 
UP           | https://pristineccs.com/ | HTTP 200 | 194ms | SSL: 2026-11-08 (64 days)
UP           | https://westcoastdents.com | HTTP 200 | 993ms | SSL: 2026-11-01 (56 days)
UP           | https://catoiletwhisperer.com | HTTP 200 | 302ms | SSL: 2026-09-16 (11 days)
UP           | https://ivyheatingandair.com | HTTP 200 | 268ms | SSL: 2026-11-24 (79 days)
UP           | https://primaryheatingandcooling.com | HTTP 200 | 141ms | SSL: 2026-12-02 (88 days)
UP           | https://businessnotions.com/ | HTTP 200 | 295ms | SSL: 2026-10-15 (40 days)
UP           | https://www.butzwelding.com | HTTP 200 | 97ms | SSL: 2026-11-17 (73 days)
UP           | https://brimicfoundation.com/ | HTTP 200 | 300ms | SSL: 2026-10-21 (46 days)
UP           | https://endlesssummercharters.com/ | HTTP 200 | 196ms | SSL: 2026-10-18 (43 days)
UP           | https://thekiddiekornerboutique.com | HTTP 200 | 186ms | SSL: 2026-11-08 (64 days)
UP           | https://safloralelegance.com | HTTP 200 | 504ms | SSL: 2026-11-15 (71 days)
UP           | http://allbrandsheatingandcooling.com | HTTP 200 | 70ms | SSL: 
UP           | http://plumbersouthfl.com | HTTP 200 | 298ms | SSL: 2026-11-24 (80 days)
UP           | http://wjauction.com | HTTP 200 | 288ms | SSL: 2026-11-08 (64 days)
UP           | https://txpanhandlelogistics.com | HTTP 200 | 464ms | SSL: 2026-10-06 (31 days)
UP           | https://mullinstruckingllc.com/ | HTTP 200 | 307ms | SSL: 2026-10-22 (47 days)
UP           | https://fratiplumbing.net | HTTP 200 | 77ms | SSL: 2026-10-08 (33 days)
UP           | https://loganshouse.com/ | HTTP 200 | 413ms | SSL: 2026-10-13 (38 days)
UP           | http://plantsunlimiteddurham.com | HTTP 200 | 192ms | SSL: 2026-10-18 (43 days)
UP           | http://protechdiesel.biz/ | HTTP 200 | 156ms | SSL: 2026-11-15 (71 days)
UP           | https://cherrycreekshadesanddraperys.com | HTTP 200 | 257ms | SSL: 2026-10-22 (47 days)
ERROR        | https://centralmotorsale.com | HTTP 404 | 215ms | SSL: 2026-10-20 (44 days)
UP           | https://jsaengineers.com | HTTP 200 | 105ms | SSL: 2026-11-23 (79 days)
UP           | https://boilertechnologies.com | HTTP 200 | 139ms | SSL: 2026-11-16 (72 days)
UP           | https://trucarma.com/ | HTTP 200 | 372ms | SSL: 2026-09-16 (10 days)
UP           | https://wyomingarmoredservice.com | HTTP 200 | 148ms | SSL: 2026-11-25 (81 days)
UP           | https://brvparkpropane.com/ | HTTP 200 | 307ms | SSL: 2026-10-18 (42 days)
UP           | https://primeappraisalsmi.com | HTTP 200 | 176ms | SSL: 2026-11-19 (75 days)
UP           | https://newenglandgroupctinc.com | HTTP 200 | 312ms | SSL: 
UP           | https://www.napavalleyfitness.com | HTTP 200 | 88ms | SSL: 2026-11-08 (64 days)
UP           | https://www.prosidingandwindows.net/ | HTTP 200 | 237ms | SSL: 2026-10-28 (53 days)
UP           | https://www.eocatx.com/ | HTTP 200 | 236ms | SSL: 2026-09-19 (13 days)
UP           | https://www.drainrooterplumbingsd.com/ | HTTP 200 | 80ms | SSL: 2026-10-08 (33 days)
UP           | https://glassimpressionslv.com | HTTP 200 | 90ms | SSL: 2026-11-25 (81 days)
UP           | https://shultarchitect.com | HTTP 200 | 142ms | SSL: 2026-10-08 (33 days)
UP           | https://inthemix-adc.com | HTTP 200 | 223ms | SSL: 2026-11-08 (64 days)
UP           | https://www.sexton-repairs.com/ | HTTP 200 | 117ms | SSL: 2026-10-15 (40 days)
ERROR        | https://fraserplumbingarkansas.com/ | HTTP 404 | 191ms | SSL: 2026-09-25 (20 days)
UP           | https://foothillsmachininginc.com | HTTP 200 | 92ms | SSL: 2026-11-19 (75 days)
UP           | https://rangerenovation.com | HTTP 200 | 269ms | SSL: 2026-11-08 (64 days)
UP           | https://modelcoelectric.com/ | HTTP 200 | 143ms | SSL: 2026-10-18 (43 days)
UP           | https://conveyor-tek.com | HTTP 200 | 394ms | SSL: 2026-10-22 (46 days)
UP           | http://longspest.com | HTTP 200 | 327ms | SSL: 2026-11-08 (64 days)
UP           | https://spindledynamicsaxlerepair.com | HTTP 200 | 71ms | SSL: 2026-10-18 (43 days)
UP           | https://mevoutdoor.com/ | HTTP 200 | 221ms | SSL: 2026-11-24 (79 days)
UP           | https://greenbushpros.com/ | HTTP 200 | 489ms | SSL: 2026-11-23 (79 days)
UP           | https://harveysarlesinsurance.com/ | HTTP 200 | 245ms | SSL: 2026-12-02 (87 days)
UP           | http://affordablerooter.com/ | HTTP 200 | 321ms | SSL: 2026-11-22 (78 days)
UP           | https://thomasmccannlaw.com | HTTP 200 | 385ms | SSL: 2026-10-15 (39 days)
UP           | https://southshoretruckrepair.com | HTTP 200 | 272ms | SSL: 2026-10-13 (38 days)
UP           | https://pacificgaragerepair.com | HTTP 200 | 142ms | SSL: 2026-11-24 (79 days)
UP           | https://www.thespringking.net/ | HTTP 200 | 198ms | SSL: 2026-11-24 (80 days)
UP           | https://www.hansmotosports.com/ | HTTP 200 | 190ms | SSL: 2026-10-22 (47 days)
UP           | https://www.advancedalarmlock.com | HTTP 200 | 141ms | SSL: 2026-11-15 (71 days)
UP           | https://www.amishstonefirepits.com/ | HTTP 200 | 141ms | SSL: 2026-10-17 (41 days)
UP           | https://www.noatoutdoorliving.com/ | HTTP 200 | 48ms | SSL: 2026-11-25 (81 days)
ERROR        | https://campbellhuitt.com | HTTP 404 | 190ms | SSL: 2026-09-20 (14 days)
UP           | https://www.bulldogmovingclt.com/ | HTTP 200 | 187ms | SSL: 2026-10-21 (46 days)
UP           | https://terseptic.com | HTTP 200 | 174ms | SSL: 2026-10-27 (52 days)
UP           | https://www.nmwcattorneys.com/ | HTTP 200 | 79ms | SSL: 2026-11-24 (79 days)
UP           | https://www.jandpbikeshop.com/ | HTTP 200 | 174ms | SSL: 2026-11-27 (82 days)
ERROR        | https://angelabrowderhomecare.com/ | HTTP 403 | 155ms | SSL: 2026-11-27 (83 days)
UP           | https://www.5pointslandscaping.com/ | HTTP 200 | 123ms | SSL: 2026-10-23 (47 days)
UP           | https://carpettechcleaning.com | HTTP 200 | 363ms | SSL: 2026-10-20 (45 days)
UP           | https://www.mtccpressurewashing.com/ | HTTP 200 | 173ms | SSL: 2026-11-24 (79 days)
UP           | https://ochoaelectricsandiego.com | HTTP 200 | 40ms | SSL: 2026-11-08 (64 days)
UP           | https://vanityfairbaths.com | HTTP 200 | 264ms | SSL: 2026-11-08 (64 days)
UP           | https://www.asapcontainers.com/ | HTTP 200 | 175ms | SSL: 2026-11-08 (64 days)
UP           | https://www.boyleheatingandcooling.net/ | HTTP 200 | 620ms | SSL: 2026-09-27 (22 days)
UP           | https://www.zulaufconstruction.com | HTTP 200 | 129ms | SSL: 2026-09-27 (22 days)
UP           | https://www.carpetcleaningomaha.com | HTTP 200 | 145ms | SSL: 2026-12-03 (89 days)
UP           | https://cakeschocolatesandmore.com/ | HTTP 200 | 294ms | SSL: 2026-10-21 (46 days)
UP           | https://www.victorytireauto.com | HTTP 200 | 82ms | SSL: 2026-11-09 (65 days)
UP           | https://windsorlimo.com | HTTP 200 | 201ms | SSL: 2026-11-08 (64 days)
UP           | https://www.howieglass.com/ | HTTP 200 | 195ms | SSL: 2026-11-26 (82 days)
UP           | https://www.xlsavebig.com | HTTP 200 | 189ms | SSL: 2026-09-26 (20 days)
UP           | https://www.oxicleaners.com | HTTP 200 | 176ms | SSL: 2026-10-08 (33 days)
UP           | https://petstylessalonandspa.com | HTTP 200 | 169ms | SSL: 2026-11-08 (64 days)
UP           | https://www.riverbluffcanecorsos.com | HTTP 200 | 148ms | SSL: 2026-11-24 (79 days)
UP           | https://stoversflooringanddraperycenter.com/ | HTTP 200 | 121ms | SSL: 2026-11-08 (64 days)
UP           | http://www.aseyourlight.com | HTTP 200 | 82ms | SSL: 
UP           | https://www.missouriglassinc.com/ | HTTP 200 | 149ms | SSL: 2026-10-08 (33 days)
UP           | https://www.coddingtonlock.com/ | HTTP 200 | 1032ms | SSL: 2026-10-28 (53 days)
UP           | https://www.andyperuginos.com/ | HTTP 200 | 168ms | SSL: 2027-02-17 (165 days)
UP           | https://tntcarpetcleaners.com | HTTP 200 | 136ms | SSL: 2026-11-08 (64 days)
DOWN         | https://www.opsct.com | ERROR: Get "https://www.opsct.com": dial tcp: lookup www.opsct.com on 127.0.0.53:53: no such host
UP           | https://securitycompanyms.com | HTTP 200 | 331ms | SSL: 2026-10-09 (34 days)
UP           | https://abbottscatering.com | HTTP 200 | 296ms | SSL: 2026-10-03 (27 days)
UP           | https://timothymwilliamslaw.com | HTTP 200 | 126ms | SSL: 2026-10-24 (49 days)
DOWN         | https://www.garyhuebnerlaw.com/ | ERROR: Get "https://www.garyhuebnerlaw.com/": tls: failed to verify certificate: x509: certificate is valid for broken-ssl.multiscreensite.com, not www.garyhuebnerlaw.com
UP           | https://www.thepoisonivyguy.com/ | HTTP 200 | 98ms | SSL: 2026-10-24 (49 days)
UP           | https://parkpharmacyrx.com | HTTP 200 | 213ms | SSL: 2026-11-16 (72 days)
UP           | https://gillettesignworks.com | HTTP 200 | 424ms | SSL: 2026-10-27 (51 days)
UP           | https://www.richroofing.com/ | HTTP 200 | 190ms | SSL: 2026-10-18 (43 days)
UP           | http://lassiterelectric.com | HTTP 200 | 167ms | SSL: 
UP           | https://www.fatpocketpawn.biz | HTTP 200 | 140ms | SSL: 2026-10-27 (52 days)
UP           | https://lockhartaircare.com | HTTP 200 | 150ms | SSL: 2026-10-08 (33 days)
UP           | https://www.eaglewaterfiltration.com/ | HTTP 200 | 206ms | SSL: 2026-10-22 (47 days)
UP           | https://www.epsteinspaint.com/ | HTTP 200 | 195ms | SSL: 2026-11-26 (82 days)
UP           | https://www.appliancereliancellc.com/ | HTTP 200 | 183ms | SSL: 2026-09-23 (18 days)
UP           | https://www.timworthystransmissionrepairs.com/ | HTTP 200 | 118ms | SSL: 2026-11-04 (60 days)
ERROR        | https://www.cashgoldnj.com | HTTP 404 | 240ms | SSL: 2026-09-21 (15 days)
UP           | https://dlacupuncture.com | HTTP 200 | 139ms | SSL: 2026-10-08 (33 days)
UP           | https://www.rockyhillmeats.com/ | HTTP 200 | 138ms | SSL: 2026-11-04 (60 days)
UP           | https://www.absheatingandairconditioning.com/ | HTTP 200 | 93ms | SSL: 2026-10-18 (43 days)
UP           | https://tcpestsolutions.com/ | HTTP 200 | 440ms | SSL: 2026-11-25 (81 days)
UP           | https://www.tempbydesign.com/ | HTTP 200 | 164ms | SSL: 2026-10-18 (43 days)
ERROR        | https://tavosconstructionllc.com/ | HTTP 404 | 195ms | SSL: 2026-09-19 (13 days)
ERROR        | https://www.eastgeorgiatreeservice.com/ | HTTP 403 | 141ms | SSL: 2026-10-20 (45 days)
UP           | https://coastalcabinetsandgranite.com/ | HTTP 200 | 750ms | SSL: 2026-11-30 (86 days)
ERROR        | https://www.r7electricutah.com/ | HTTP 404 | 210ms | SSL: 2026-10-09 (33 days)
UP           | https://preferredremodeling.net/ | HTTP 200 | 141ms | SSL: 2026-11-24 (79 days)
UP           | https://www.jml-electric.com | HTTP 200 | 132ms | SSL: 2026-10-08 (33 days)
UP           | http://resto-pros.net | HTTP 200 | 124ms | SSL: 2026-11-08 (64 days)
UP           | http://scconstruction.info | HTTP 200 | 161ms | SSL: 2026-11-07 (63 days)
UP           | https://www.porteroutdoorservices.com/ | HTTP 200 | 139ms | SSL: 2026-10-18 (42 days)
UP           | http://killswitchauto.com | HTTP 200 | 289ms | SSL: 2026-11-08 (64 days)
UP           | https://coxdecorativeconcrete.com/ | HTTP 200 | 181ms | SSL: 2026-10-22 (47 days)
UP           | http://charlesfulkroaddisposal.com | HTTP 200 | 145ms | SSL: 
UP           | https://wireguyselectric.com/ | HTTP 200 | 151ms | SSL: 2026-10-22 (47 days)
UP           | https://www.dentconceptstx.com/ | HTTP 200 | 246ms | SSL: 2026-10-22 (47 days)
UP           | https://fincorefrigeration.com | HTTP 200 | 258ms | SSL: 2026-11-18 (74 days)
UP           | http://rocketcitymarine.com | HTTP 200 | 269ms | SSL: 2026-11-24 (79 days)
UP           | https://cleantechsystemsnm.com | HTTP 200 | 315ms | SSL: 2026-10-19 (44 days)
UP           | https://www.affordablecustomgolfcarts.com/ | HTTP 200 | 150ms | SSL: 2026-10-07 (32 days)
UP           | https://greenscapeslawns.com/ | HTTP 200 | 275ms | SSL: 2026-10-22 (47 days)
UP           | https://jtstree.com/ | HTTP 200 | 214ms | SSL: 2026-12-01 (87 days)
UP           | https://www.dixiefenceohio.com/ | HTTP 200 | 176ms | SSL: 2026-11-24 (80 days)
UP           | https://allkidsarespecial.net | HTTP 200 | 59ms | SSL: 2026-10-07 (32 days)
UP           | https://sgrcalifornia.com/ | HTTP 200 | 56ms | SSL: 2026-12-03 (89 days)
UP           | https://www.garysroofingandconst.com/ | HTTP 200 | 154ms | SSL: 2026-10-07 (32 days)
UP           | https://www.breezehvac.com/ | HTTP 200 | 252ms | SSL: 2026-09-13 (8 days)
UP           | https://rcpoolworks.com | HTTP 200 | 54ms | SSL: 2026-11-04 (60 days)
UP           | https://Freedomcarpet.net | HTTP 200 | 320ms | SSL: 2026-10-22 (47 days)
UP           | https://rolandoroofing.net | HTTP 200 | 194ms | SSL: 2026-11-03 (59 days)
UP           | http://ormondlandscaping.com/ | HTTP 200 | 254ms | SSL: 2026-11-08 (64 days)
UP           | https://www.alliedroofingco.com/ | HTTP 200 | 165ms | SSL: 2026-09-17 (12 days)
UP           | https://www.waterheatersracinewi.com/ | HTTP 200 | 233ms | SSL: 2026-09-29 (24 days)
UP           | https://www.atlanticdrywallandpaint.com/ | HTTP 200 | 79ms | SSL: 2026-11-22 (78 days)
DOWN         | https://grantsappliancerepairllc.com/ | ERROR: Get "https://grantsappliancerepairllc.com/": dial tcp: lookup grantsappliancerepairllc.com on 127.0.0.53:53: no such host
UP           | http://aaaexcavate.com | HTTP 200 | 241ms | SSL: 2026-10-07 (32 days)
UP           | https://gormanandsonslandscaping.com/ | HTTP 200 | 274ms | SSL: 2026-11-05 (61 days)
UP           | https://texasproroofing.net/ | HTTP 200 | 136ms | SSL: 2026-10-22 (47 days)
UP           | https://www.808towing.com/ | HTTP 200 | 147ms | SSL: 2026-10-13 (38 days)
UP           | https://www.jandbtreeservice.net/ | HTTP 200 | 165ms | SSL: 2026-11-08 (64 days)
UP           | https://sweetmountainair.co | HTTP 200 | 111ms | SSL: 2026-11-05 (61 days)
UP           | https://www.stormprosva.com/ | HTTP 200 | 141ms | SSL: 2026-10-22 (47 days)
UP           | https://www.atlantic217.com/ | HTTP 200 | 109ms | SSL: 2026-09-26 (21 days)
UP           | https://lakehamiltonappraisals.com/ | HTTP 200 | 227ms | SSL: 2026-11-08 (64 days)
UP           | https://kcservicecenterpa.com | HTTP 200 | 247ms | SSL: 2026-11-08 (64 days)
UP           | https://mobsfloorcare.com/ | HTTP 200 | 138ms | SSL: 2026-11-08 (64 days)
UP           | https://wennigercompressor.com/ | HTTP 200 | 321ms | SSL: 2026-10-10 (34 days)
UP           | https://mauicontainersales.com/ | HTTP 200 | 342ms | SSL: 2026-11-08 (64 days)
UP           | https://www.24-hourrefrigeration.com/ | HTTP 200 | 136ms | SSL: 2026-12-02 (88 days)
UP           | https://anteaterspestcontrol.net | HTTP 200 | 111ms | SSL: 2026-10-21 (46 days)
UP           | http://furniturefixxers.com | HTTP 200 | 383ms | SSL: 2026-11-08 (64 days)
UP           | https://www.apexgutters.com/ | HTTP 200 | 184ms | SSL: 2026-10-23 (47 days)
UP           | https://blackdogrr.com/ | HTTP 200 | 68ms | SSL: 2026-10-07 (32 days)
UP           | https://hogiesconstruction.com/ | HTTP 200 | 87ms | SSL: 2026-10-07 (32 days)
UP           | https://www.askyline.com/ | HTTP 200 | 153ms | SSL: 2026-09-21 (16 days)
UP           | https://www.dbarrsvcs.com/ | HTTP 200 | 152ms | SSL: 2026-10-22 (47 days)
UP           | https://powellpestcontrol.net/ | HTTP 200 | 82ms | SSL: 2026-10-18 (43 days)
UP           | https://wireguys.com | HTTP 200 | 291ms | SSL: 2026-11-08 (64 days)
ERROR        | https://economysidingtn.com/ | HTTP 404 | 141ms | SSL: 2026-11-08 (64 days)
UP           | https://rsccontracting.org/ | HTTP 200 | 53ms | SSL: 2026-10-23 (47 days)
UP           | https://www.bhswelding.com/ | HTTP 200 | 76ms | SSL: 2026-11-15 (71 days)
UP           | https://www.yourfamilysalon.com/ | HTTP 200 | 315ms | SSL: 2026-11-23 (79 days)
UP           | https://www.alswelldrilling.com/ | HTTP 200 | 104ms | SSL: 2026-10-18 (43 days)
UP           | http://customoutdoorsolutionsny.com | HTTP 200 | 154ms | SSL: 
UP           | https://raffoulheatingandair.com | HTTP 200 | 78ms | SSL: 2026-10-20 (45 days)
UP           | http://dynamohi.com | HTTP 200 | 331ms | SSL: 2026-10-07 (32 days)
UP           | https://danrandandassoc.com/ | HTTP 200 | 245ms | SSL: 2026-11-26 (82 days)
UP           | https://carbondalewoodshop.com/ | HTTP 200 | 597ms | SSL: 2026-11-18 (73 days)
UP           | https://smithhvacservices.com/index | HTTP 200 | 432ms | SSL: 2026-11-26 (82 days)
UP           | http://www.junk-punks.com/ | HTTP 200 | 860ms | SSL: 2026-11-05 (60 days)
UP           | https://www.fndcontracting.com | HTTP 200 | 223ms | SSL: 2026-10-31 (56 days)
UP           | http://hopelandscaping.com | HTTP 200 | 236ms | SSL: 2026-10-21 (46 days)
UP           | https://larrysae.com | HTTP 200 | 237ms | SSL: 2026-09-12 (6 days)
UP           | https://www.ezoutcollisioncenter.com/ | HTTP 200 | 109ms | SSL: 2026-10-22 (47 days)
UP           | https://rsccontracting.org/ | HTTP 200 | 204ms | SSL: 2026-10-23 (47 days)
UP           | http://ccelectricbcs.com | HTTP 200 | 158ms | SSL: 2026-10-23 (47 days)
UP           | http://ccelectricbcs.com | HTTP 200 | 124ms | SSL: 2026-10-23 (47 days)
UP           | https://tropicglassenclosuresfl.com/ | HTTP 200 | 263ms | SSL: 2026-11-08 (64 days)
UP           | https://www.fireflycontractor.com/ | HTTP 200 | 137ms | SSL: 2026-11-22 (78 days)
UP           | https://www.tridentconstructiongp.com/ | HTTP 200 | 162ms | SSL: 2026-11-08 (64 days)
UP           | https://roettgerwelding.com/ | HTTP 200 | 130ms | SSL: 2026-12-03 (88 days)
UP           | https://azjanitorialservice.com | HTTP 200 | 329ms | SSL: 2026-11-22 (78 days)
UP           | https://camoconstructionllc.com/ | HTTP 200 | 151ms | SSL: 2026-10-07 (32 days)
UP           | https://totalcomfortcleaners.com | HTTP 200 | 129ms | SSL: 2026-10-23 (47 days)
UP           | https://www.brianemmonsroofing.com/ | HTTP 200 | 416ms | SSL: 2026-12-02 (87 days)
UP           | https://www.customelitedetailcarwash.com/ | HTTP 200 | 206ms | SSL: 2026-10-22 (47 days)
UP           | https://www.noatoutdoorliving.com/ | HTTP 200 | 35ms | SSL: 2026-11-25 (81 days)
UP           | https://southfloridadockandseawall.com | HTTP 200 | 86ms | SSL: 2026-11-28 (84 days)
UP           | https://www.rselectricms.com | HTTP 200 | 129ms | SSL: 2026-12-01 (87 days)
UP           | http://allbrightcleaningkc.com | HTTP 200 | 139ms | SSL: 
UP           | https://paintingbypros.com/ | HTTP 200 | 148ms | SSL: 2026-10-13 (38 days)
UP           | https://www.ancientcitygaragedoors.com | HTTP 200 | 235ms | SSL: 2026-10-21 (46 days)
UP           | https://www.mikeandmikeroofing.com/ | HTTP 200 | 332ms | SSL: 2026-11-04 (59 days)
UP           | https://maxpressfoundationrepair.com/ | HTTP 200 | 303ms | SSL: 2026-11-30 (85 days)
UP           | https://offshorepropertyservices.com | HTTP 200 | 90ms | SSL: 2026-10-23 (47 days)
UP           | http://dynamohi.com | HTTP 200 | 40ms | SSL: 2026-10-07 (32 days)
UP           | https://patdollautomotivewi.com/ | HTTP 200 | 75ms | SSL: 2026-10-15 (40 days)
UP           | http://renewconstructionnm.com | HTTP 200 | 258ms | SSL: 2027-03-21 (196 days)
DOWN         | http://seaboardrestoration.com/ | ERROR: Get "http://seaboardrestoration.com/": dial tcp: lookup seaboardrestoration.com on 127.0.0.53:53: no such host
UP           | https://www.fisherhomeinspectionsllc.com/ | HTTP 200 | 137ms | SSL: 2026-10-20 (45 days)
UP           | https://www.jmplumbersinc.com/ | HTTP 200 | 170ms | SSL: 2026-11-02 (57 days)
UP           | https://finishlineautotire.com/ | HTTP 200 | 55ms | SSL: 2026-10-08 (33 days)
UP           | http://vitosexpress.com | HTTP 200 | 249ms | SSL: 2026-11-08 (64 days)
UP           | https://www.thesignsolution.net/ | HTTP 200 | 140ms | SSL: 2026-10-18 (43 days)
UP           | https://bagremodelers.com/ | HTTP 200 | 82ms | SSL: 2026-10-07 (32 days)
UP           | https://www.problemtree.com | HTTP 200 | 175ms | SSL: 2026-10-23 (47 days)
UP           | https://capri-wash.com | HTTP 200 | 162ms | SSL: 2026-10-28 (53 days)
DOWN         | https://landscapeofbrainerd.com/ | ERROR: Head "https://landscapeofbrainerd.com/": EOF
UP           | https://totalpackagelandscapeworksllc.com | HTTP 200 | 62ms | SSL: 2026-10-18 (43 days)
UP           | https://acesandblasting.co/ | HTTP 200 | 176ms | SSL: 2026-10-27 (52 days)
UP           | https://5startexasroofing.com/ | HTTP 200 | 185ms | SSL: 2026-11-24 (80 days)
UP           | https://caudletreeservice.com/ | HTTP 200 | 168ms | SSL: 2026-11-18 (74 days)
UP           | https://www.bayoustatemoving.com/ | HTTP 200 | 168ms | SSL: 2026-10-15 (40 days)
UP           | https://www.1classproperties.com/ | HTTP 200 | 175ms | SSL: 2026-10-22 (47 days)
UP           | https://www.1classrealty.com/ | HTTP 200 | 190ms | SSL: 2026-11-23 (79 days)
UP           | https://www.aimhighdetailing.com/ | HTTP 200 | 295ms | SSL: 2026-10-22 (46 days)
UP           | https://www.tampablindsbydesign.com/ | HTTP 200 | 242ms | SSL: 2026-10-21 (46 days)
UP           | http://thelocalplumber.com | HTTP 200 | 188ms | SSL: 2026-09-23 (18 days)
UP           | https://frontieraircon.com/ | HTTP 200 | 318ms | SSL: 2026-10-30 (55 days)
UP           | https://www.saltlakecitycabinetry.com/ | HTTP 200 | 77ms | SSL: 2026-11-25 (81 days)
UP           | https://mantispestma.com | HTTP 200 | 701ms | SSL: 2026-10-08 (33 days)
UP           | https://tyslandscapingiowa.com | HTTP 200 | 186ms | SSL: 2026-11-05 (61 days)
UP           | https://www.herrwelldrillingwi.com/ | HTTP 200 | 208ms | SSL: 2026-11-24 (79 days)
UP           | https://www.problemtree.com/ | HTTP 200 | 23ms | SSL: 2026-10-23 (47 days)
UP           | https://tandkventures.com/ | HTTP 200 | 140ms | SSL: 2026-10-18 (43 days)
UP           | http://muddyriversconcrete.com | HTTP 200 | 252ms | SSL: 2026-11-08 (64 days)
UP           | https://accurateandconfidentialtaxservice.com/ | HTTP 200 | 273ms | SSL: 2026-11-08 (64 days)
UP           | https://mcneelytreeservice.com/ | HTTP 200 | 137ms | SSL: 2027-02-16 (164 days)
UP           | https://www.mvpgardencenter.com/ | HTTP 200 | 142ms | SSL: 2026-10-08 (33 days)
UP           | https://abccarpetcleanerssd.com | HTTP 200 | 151ms | SSL: 2026-11-11 (66 days)
Summary: 225 UP | 9 ERROR | 6 DOWN | 0 UNVERIFIABLE
