=== 2026-09-26 12:53:12 ===
UP           | https://offshorepropertyservices.com | HTTP 200 | 140ms | SSL: 2026-12-17 (81 days)
DOWN         | http://seaboardrestoration.com/ | ERROR: Get "http://seaboardrestoration.com/": dial tcp: lookup seaboardrestoration.com on 127.0.0.53:53: no such host
UP           | https://platinumpaintingandserviceinc.com | HTTP 200 | 69ms | SSL: 2026-12-03 (68 days)
UP           | https://aandbauctionservices.com | HTTP 200 | 104ms | SSL: 2026-12-05 (70 days)
UP           | http://reidheatingandair.com | HTTP 200 | 66ms | SSL: 
UP           | https://pristineccs.com/ | HTTP 200 | 115ms | SSL: 2026-11-08 (43 days)
UP           | https://westcoastdents.com | HTTP 200 | 1449ms | SSL: 2026-11-01 (35 days)
DOWN         | https://catoiletwhisperer.com | ERROR: Get "https://catoiletwhisperer.com": net/http: TLS handshake timeout
UP           | https://ivyheatingandair.com | HTTP 200 | 135ms | SSL: 2026-11-24 (58 days)
UP           | https://primaryheatingandcooling.com | HTTP 200 | 53ms | SSL: 2026-12-02 (67 days)
DOWN         | https://businessnotions.com/ | ERROR: Get "https://businessnotions.com": too many redirects
UP           | https://www.butzwelding.com | HTTP 200 | 48ms | SSL: 2026-11-17 (52 days)
UP           | https://brimicfoundation.com/ | HTTP 200 | 145ms | SSL: 2026-12-20 (84 days)
UP           | https://endlesssummercharters.com/ | HTTP 200 | 106ms | SSL: 2026-12-17 (82 days)
UP           | https://thekiddiekornerboutique.com | HTTP 200 | 119ms | SSL: 2026-11-08 (43 days)
UP           | https://safloralelegance.com | HTTP 200 | 783ms | SSL: 2026-11-15 (50 days)
UP           | http://allbrandsheatingandcooling.com | HTTP 200 | 69ms | SSL: 
UP           | http://plumbersouthfl.com | HTTP 200 | 109ms | SSL: 2026-11-24 (59 days)
UP           | http://wjauction.com | HTTP 200 | 124ms | SSL: 2026-11-08 (43 days)
UP           | https://txpanhandlelogistics.com | HTTP 200 | 769ms | SSL: 2026-10-06 (10 days)
UP           | https://mullinstruckingllc.com/ | HTTP 200 | 134ms | SSL: 2026-12-20 (85 days)
UP           | https://fratiplumbing.net | HTTP 200 | 63ms | SSL: 2026-12-06 (71 days)
UP           | https://loganshouse.com/ | HTTP 200 | 633ms | SSL: 2026-10-13 (17 days)
UP           | http://plantsunlimiteddurham.com | HTTP 200 | 138ms | SSL: 2026-12-17 (82 days)
UP           | http://protechdiesel.biz/ | HTTP 200 | 152ms | SSL: 2026-11-15 (50 days)
UP           | https://cherrycreekshadesanddraperys.com | HTTP 200 | 95ms | SSL: 2026-12-20 (85 days)
ERROR        | https://centralmotorsale.com | HTTP 404 | 245ms | SSL: 2026-10-20 (23 days)
UP           | https://jsaengineers.com | HTTP 200 | 96ms | SSL: 2026-11-23 (58 days)
UP           | https://boilertechnologies.com | HTTP 200 | 160ms | SSL: 2026-11-16 (51 days)
UP           | https://trucarma.com/ | HTTP 200 | 75ms | SSL: 2026-12-08 (73 days)
UP           | https://wyomingarmoredservice.com | HTTP 200 | 82ms | SSL: 2026-11-25 (60 days)
UP           | https://brvparkpropane.com/ | HTTP 200 | 488ms | SSL: 2026-10-18 (21 days)
UP           | https://primeappraisalsmi.com | HTTP 200 | 84ms | SSL: 2026-11-19 (54 days)
UP           | https://newenglandgroupctinc.com | HTTP 200 | 295ms | SSL: 
UP           | https://www.napavalleyfitness.com | HTTP 200 | 64ms | SSL: 2026-11-08 (43 days)
UP           | https://www.prosidingandwindows.net/ | HTTP 200 | 314ms | SSL: 2026-10-28 (32 days)
UNVERIFIABLE | https://www.eocatx.com/ | HTTP 200 | 190ms | SSL: 2026-12-11 (75 days)
UP           | https://www.drainrooterplumbingsd.com/ | HTTP 200 | 51ms | SSL: 2026-12-06 (71 days)
UP           | https://glassimpressionslv.com | HTTP 200 | 72ms | SSL: 2026-11-25 (60 days)
UP           | https://shultarchitect.com | HTTP 200 | 87ms | SSL: 2026-12-06 (71 days)
UP           | https://inthemix-adc.com | HTTP 200 | 177ms | SSL: 2026-11-08 (43 days)
UP           | https://www.sexton-repairs.com/ | HTTP 200 | 96ms | SSL: 2026-12-13 (78 days)
UP           | https://fraserplumbingarkansas.com/ | HTTP 200 | 85ms | SSL: 2027-04-09 (195 days)
UP           | https://foothillsmachininginc.com | HTTP 200 | 106ms | SSL: 2026-11-19 (54 days)
UP           | https://rangerenovation.com | HTTP 200 | 147ms | SSL: 2026-11-08 (43 days)
UP           | https://modelcoelectric.com/ | HTTP 200 | 210ms | SSL: 2026-12-17 (82 days)
UP           | https://conveyor-tek.com | HTTP 200 | 500ms | SSL: 2026-10-22 (25 days)
UP           | http://longspest.com | HTTP 200 | 285ms | SSL: 2026-11-08 (43 days)
UP           | https://spindledynamicsaxlerepair.com | HTTP 200 | 49ms | SSL: 2026-12-17 (81 days)
UP           | https://mevoutdoor.com/ | HTTP 200 | 113ms | SSL: 2026-11-24 (58 days)
UP           | https://greenbushpros.com/ | HTTP 200 | 596ms | SSL: 2026-11-23 (58 days)
UP           | https://harveysarlesinsurance.com/ | HTTP 200 | 79ms | SSL: 2026-12-25 (89 days)
UP           | http://affordablerooter.com/ | HTTP 200 | 149ms | SSL: 2026-11-22 (57 days)
UP           | https://thomasmccannlaw.com | HTTP 200 | 52ms | SSL: 2026-12-08 (73 days)
UP           | https://southshoretruckrepair.com | HTTP 200 | 97ms | SSL: 2026-12-11 (76 days)
UP           | https://pacificgaragerepair.com | HTTP 200 | 151ms | SSL: 2026-11-24 (58 days)
UP           | https://www.thespringking.net/ | HTTP 200 | 89ms | SSL: 2026-11-24 (59 days)
UP           | https://www.hansmotosports.com/ | HTTP 200 | 137ms | SSL: 2026-12-21 (85 days)
UP           | https://www.advancedalarmlock.com | HTTP 200 | 54ms | SSL: 2026-11-15 (50 days)
UP           | https://www.amishstonefirepits.com/ | HTTP 200 | 53ms | SSL: 2026-12-08 (73 days)
UP           | https://www.noatoutdoorliving.com/ | HTTP 200 | 28ms | SSL: 2026-11-25 (60 days)
UP           | https://campbellhuitt.com | HTTP 200 | 237ms | SSL: 2026-12-10 (75 days)
UP           | https://www.bulldogmovingclt.com/ | HTTP 200 | 98ms | SSL: 2026-12-20 (84 days)
UP           | https://terseptic.com | HTTP 200 | 116ms | SSL: 2026-10-27 (31 days)
UP           | https://www.nmwcattorneys.com/ | HTTP 200 | 56ms | SSL: 2026-11-24 (58 days)
UP           | https://www.jandpbikeshop.com/ | HTTP 200 | 260ms | SSL: 2026-11-27 (61 days)
ERROR        | https://angelabrowderhomecare.com/ | HTTP 403 | 260ms | SSL: 2026-11-27 (61 days)
UP           | https://www.5pointslandscaping.com/ | HTTP 200 | 101ms | SSL: 2026-12-21 (85 days)
UP           | https://carpettechcleaning.com | HTTP 200 | 151ms | SSL: 2026-12-19 (83 days)
UP           | https://www.mtccpressurewashing.com/ | HTTP 200 | 51ms | SSL: 2026-11-24 (58 days)
UP           | https://ochoaelectricsandiego.com | HTTP 200 | 60ms | SSL: 2026-11-08 (43 days)
UP           | https://vanityfairbaths.com | HTTP 200 | 105ms | SSL: 2026-11-08 (43 days)
UP           | https://www.asapcontainers.com/ | HTTP 200 | 103ms | SSL: 2026-11-08 (43 days)
UP           | https://www.boyleheatingandcooling.net/ | HTTP 200 | 725ms | SSL: 2026-12-19 (84 days)
UP           | https://www.zulaufconstruction.com | HTTP 200 | 296ms | SSL: 2026-12-19 (84 days)
UP           | https://www.carpetcleaningomaha.com | HTTP 200 | 60ms | SSL: 2026-12-03 (68 days)
UP           | https://cakeschocolatesandmore.com/ | HTTP 200 | 197ms | SSL: 2026-12-20 (84 days)
UP           | https://www.victorytireauto.com | HTTP 200 | 57ms | SSL: 2026-11-09 (44 days)
UP           | https://windsorlimo.com | HTTP 200 | 97ms | SSL: 2026-11-08 (43 days)
UP           | https://www.howieglass.com/ | HTTP 200 | 98ms | SSL: 2026-11-26 (61 days)
UP           | https://www.xlsavebig.com | HTTP 200 | 286ms | SSL: 2026-12-18 (82 days)
UP           | https://www.oxicleaners.com | HTTP 200 | 104ms | SSL: 2026-12-06 (71 days)
UP           | https://petstylessalonandspa.com | HTTP 200 | 103ms | SSL: 2026-11-08 (43 days)
UP           | https://www.riverbluffcanecorsos.com | HTTP 200 | 76ms | SSL: 2026-11-24 (58 days)
UP           | https://stoversflooringanddraperycenter.com/ | HTTP 200 | 113ms | SSL: 2026-11-08 (43 days)
UP           | http://www.aseyourlight.com | HTTP 200 | 70ms | SSL: 
UP           | https://www.missouriglassinc.com/ | HTTP 200 | 56ms | SSL: 2026-12-06 (71 days)
UP           | https://www.coddingtonlock.com/ | HTTP 200 | 696ms | SSL: 2026-10-28 (32 days)
UP           | https://www.andyperuginos.com/ | HTTP 200 | 143ms | SSL: 2026-12-24 (88 days)
DOWN         | https://tntcarpetcleaners.com | ERROR: Get "https://tntcarpetcleaners.com": tls: failed to verify certificate: x509: certificate is valid for broken-ssl.multiscreensite.com, not tntcarpetcleaners.com
UP           | https://www.opsct.com | HTTP 200 | 958ms | SSL: 2026-12-06 (70 days)
UP           | https://securitycompanyms.com | HTTP 200 | 75ms | SSL: 2026-12-08 (73 days)
UP           | https://abbottscatering.com | HTTP 200 | 600ms | SSL: 2026-12-25 (89 days)
UP           | https://timothymwilliamslaw.com | HTTP 200 | 174ms | SSL: 2026-12-23 (87 days)
DOWN         | https://www.garyhuebnerlaw.com/ | ERROR: Get "https://www.garyhuebnerlaw.com/": tls: failed to verify certificate: x509: certificate is valid for broken-ssl.multiscreensite.com, not www.garyhuebnerlaw.com
UP           | https://www.thepoisonivyguy.com/ | HTTP 200 | 60ms | SSL: 2026-12-08 (73 days)
UP           | https://parkpharmacyrx.com | HTTP 200 | 119ms | SSL: 2026-11-16 (51 days)
ERROR        | https://gillettesignworks.com | HTTP 403 | 91ms | SSL: 2026-12-08 (73 days)
UP           | https://www.richroofing.com/ | HTTP 200 | 333ms | SSL: 2026-10-18 (22 days)
UP           | http://lassiterelectric.com | HTTP 200 | 51ms | SSL: 
UP           | https://www.fatpocketpawn.biz | HTTP 200 | 313ms | SSL: 2026-10-27 (30 days)
UP           | https://lockhartaircare.com | HTTP 200 | 64ms | SSL: 2026-12-06 (71 days)
UP           | https://www.eaglewaterfiltration.com/ | HTTP 200 | 137ms | SSL: 2026-12-21 (85 days)
UP           | https://www.epsteinspaint.com/ | HTTP 200 | 234ms | SSL: 2026-11-26 (61 days)
UP           | https://www.appliancereliancellc.com/ | HTTP 200 | 302ms | SSL: 2026-12-17 (82 days)
UP           | https://www.timworthystransmissionrepairs.com/ | HTTP 200 | 70ms | SSL: 2026-11-04 (39 days)
ERROR        | https://www.cashgoldnj.com | HTTP 404 | 250ms | SSL: 2026-12-13 (77 days)
UP           | https://dlacupuncture.com | HTTP 200 | 60ms | SSL: 2026-12-06 (71 days)
UP           | https://www.rockyhillmeats.com/ | HTTP 200 | 63ms | SSL: 2026-11-04 (39 days)
UP           | https://www.absheatingandairconditioning.com/ | HTTP 200 | 101ms | SSL: 2026-12-17 (82 days)
UP           | https://tcpestsolutions.com/ | HTTP 200 | 475ms | SSL: 2026-11-25 (59 days)
UP           | https://www.tempbydesign.com/ | HTTP 200 | 62ms | SSL: 2026-12-16 (81 days)
ERROR        | https://tavosconstructionllc.com/ | HTTP 404 | 294ms | SSL: 2026-12-11 (75 days)
ERROR        | https://www.eastgeorgiatreeservice.com/ | HTTP 403 | 62ms | SSL: 2026-12-21 (86 days)
UP           | https://coastalcabinetsandgranite.com/ | HTTP 200 | 475ms | SSL: 2026-11-30 (65 days)
ERROR        | https://www.r7electricutah.com/ | HTTP 404 | 262ms | SSL: 2026-10-09 (12 days)
UP           | https://preferredremodeling.net/ | HTTP 200 | 97ms | SSL: 2026-11-24 (58 days)
UP           | https://www.jml-electric.com | HTTP 200 | 75ms | SSL: 2026-12-06 (71 days)
UP           | http://resto-pros.net | HTTP 200 | 188ms | SSL: 2026-11-08 (43 days)
UP           | http://scconstruction.info | HTTP 200 | 130ms | SSL: 2026-11-07 (42 days)
UP           | https://www.porteroutdoorservices.com/ | HTTP 200 | 256ms | SSL: 2026-10-18 (21 days)
UP           | http://killswitchauto.com | HTTP 200 | 222ms | SSL: 2026-11-08 (43 days)
UP           | https://coxdecorativeconcrete.com/ | HTTP 200 | 174ms | SSL: 2026-12-20 (85 days)
UP           | http://charlesfulkroaddisposal.com | HTTP 200 | 77ms | SSL: 
UP           | https://wireguyselectric.com/ | HTTP 200 | 56ms | SSL: 2026-12-20 (85 days)
UP           | https://www.dentconceptstx.com/ | HTTP 200 | 90ms | SSL: 2026-12-21 (85 days)
UP           | https://fincorefrigeration.com | HTTP 200 | 168ms | SSL: 2026-11-18 (53 days)
UP           | http://rocketcitymarine.com | HTTP 200 | 141ms | SSL: 2026-11-24 (58 days)
UP           | https://cleantechsystemsnm.com | HTTP 200 | 491ms | SSL: 2026-10-19 (23 days)
UP           | https://www.affordablecustomgolfcarts.com/ | HTTP 200 | 106ms | SSL: 2026-12-05 (70 days)
UP           | https://greenscapeslawns.com/ | HTTP 200 | 140ms | SSL: 2026-12-21 (85 days)
UP           | https://jtstree.com/ | HTTP 200 | 92ms | SSL: 2026-12-01 (66 days)
UP           | https://www.dixiefenceohio.com/ | HTTP 200 | 131ms | SSL: 2026-11-24 (59 days)
UP           | https://allkidsarespecial.net | HTTP 200 | 58ms | SSL: 2026-12-05 (70 days)
UP           | https://sgrcalifornia.com/ | HTTP 200 | 109ms | SSL: 2026-12-03 (68 days)
UP           | https://www.garysroofingandconst.com/ | HTTP 200 | 64ms | SSL: 2026-12-05 (70 days)
UP           | https://www.breezehvac.com/ | HTTP 200 | 269ms | SSL: 2026-12-05 (70 days)
UP           | https://rcpoolworks.com | HTTP 200 | 108ms | SSL: 2026-11-04 (39 days)
UP           | https://Freedomcarpet.net | HTTP 200 | 150ms | SSL: 2026-12-20 (85 days)
UP           | https://rolandoroofing.net | HTTP 200 | 101ms | SSL: 2026-11-03 (38 days)
UP           | http://ormondlandscaping.com/ | HTTP 200 | 118ms | SSL: 2026-11-08 (43 days)
UP           | https://www.alliedroofingco.com/ | HTTP 200 | 218ms | SSL: 2026-12-09 (73 days)
UP           | https://www.waterheatersracinewi.com/ | HTTP 200 | 286ms | SSL: 2026-12-21 (85 days)
UP           | https://www.atlanticdrywallandpaint.com/ | HTTP 200 | 63ms | SSL: 2026-11-22 (57 days)
UP           | https://grantsappliancerepairllc.com/ | HTTP 200 | 1612ms | SSL: 2026-11-02 (37 days)
UP           | http://aaaexcavate.com | HTTP 200 | 123ms | SSL: 2026-12-05 (70 days)
UP           | https://gormanandsonslandscaping.com/ | HTTP 200 | 188ms | SSL: 2026-11-05 (40 days)
UP           | https://texasproroofing.net/ | HTTP 200 | 115ms | SSL: 2026-12-20 (85 days)
UP           | https://www.808towing.com/ | HTTP 200 | 55ms | SSL: 2026-12-11 (76 days)
UP           | https://www.jandbtreeservice.net/ | HTTP 200 | 105ms | SSL: 2026-11-08 (43 days)
UP           | https://sweetmountainair.co | HTTP 200 | 88ms | SSL: 2026-11-05 (40 days)
UP           | https://www.stormprosva.com/ | HTTP 200 | 62ms | SSL: 2026-12-20 (85 days)
UP           | https://www.atlantic217.com/ | HTTP 200 | 53ms | SSL: 2026-12-20 (85 days)
UP           | https://lakehamiltonappraisals.com/ | HTTP 200 | 212ms | SSL: 2026-11-08 (43 days)
UP           | https://kcservicecenterpa.com | HTTP 200 | 154ms | SSL: 2026-11-08 (43 days)
UP           | https://mobsfloorcare.com/ | HTTP 200 | 126ms | SSL: 2026-11-08 (43 days)
UP           | https://wennigercompressor.com/ | HTTP 200 | 54ms | SSL: 2026-12-13 (78 days)
UP           | https://mauicontainersales.com/ | HTTP 200 | 380ms | SSL: 2026-11-08 (43 days)
UP           | https://www.24-hourrefrigeration.com/ | HTTP 200 | 66ms | SSL: 2026-12-02 (67 days)
UP           | https://anteaterspestcontrol.net | HTTP 200 | 84ms | SSL: 2026-12-19 (84 days)
UP           | http://furniturefixxers.com | HTTP 200 | 245ms | SSL: 2026-11-08 (43 days)
UP           | https://www.apexgutters.com/ | HTTP 200 | 145ms | SSL: 2026-12-21 (85 days)
UP           | https://blackdogrr.com/ | HTTP 200 | 68ms | SSL: 2026-12-05 (70 days)
UP           | https://hogiesconstruction.com/ | HTTP 200 | 88ms | SSL: 2026-12-05 (70 days)
UP           | https://www.askyline.com/ | HTTP 200 | 365ms | SSL: 2026-12-13 (78 days)
UP           | https://www.dbarrsvcs.com/ | HTTP 200 | 98ms | SSL: 2026-12-21 (85 days)
UP           | https://powellpestcontrol.net/ | HTTP 200 | 79ms | SSL: 2026-12-16 (81 days)
UP           | https://wireguys.com | HTTP 200 | 151ms | SSL: 2026-11-08 (43 days)
ERROR        | https://economysidingtn.com/ | HTTP 404 | 244ms | SSL: 2026-11-08 (43 days)
UP           | https://rsccontracting.org/ | HTTP 200 | 86ms | SSL: 2026-12-21 (85 days)
UP           | https://www.bhswelding.com/ | HTTP 200 | 84ms | SSL: 2026-11-15 (50 days)
UP           | https://www.yourfamilysalon.com/ | HTTP 200 | 274ms | SSL: 2026-11-23 (57 days)
UP           | https://www.alswelldrilling.com/ | HTTP 200 | 128ms | SSL: 2026-12-05 (69 days)
UP           | http://customoutdoorsolutionsny.com | HTTP 200 | 63ms | SSL: 
UP           | https://raffoulheatingandair.com | HTTP 200 | 63ms | SSL: 2026-12-18 (83 days)
UP           | http://dynamohi.com | HTTP 200 | 106ms | SSL: 2026-12-05 (70 days)
UP           | https://danrandandassoc.com/ | HTTP 200 | 145ms | SSL: 2026-11-26 (61 days)
UP           | https://carbondalewoodshop.com/ | HTTP 200 | 686ms | SSL: 2026-12-08 (72 days)
UP           | https://smithhvacservices.com/index | HTTP 200 | 70ms | SSL: 2026-12-08 (73 days)
UP           | http://www.junk-punks.com/ | HTTP 200 | 430ms | SSL: 2026-11-05 (39 days)
UP           | https://www.fndcontracting.com | HTTP 200 | 279ms | SSL: 2026-10-31 (35 days)
UP           | http://hopelandscaping.com | HTTP 200 | 201ms | SSL: 2026-12-19 (84 days)
UP           | https://larrysae.com | HTTP 200 | 458ms | SSL: 2026-12-04 (68 days)
UP           | https://www.ezoutcollisioncenter.com/ | HTTP 200 | 91ms | SSL: 2026-12-21 (85 days)
UP           | https://rsccontracting.org/ | HTTP 200 | 20ms | SSL: 2026-12-21 (85 days)
UP           | http://ccelectricbcs.com | HTTP 200 | 102ms | SSL: 2026-12-21 (85 days)
UP           | http://ccelectricbcs.com | HTTP 200 | 87ms | SSL: 2026-12-21 (85 days)
UP           | https://tropicglassenclosuresfl.com/ | HTTP 200 | 101ms | SSL: 2026-11-08 (43 days)
UP           | https://www.fireflycontractor.com/ | HTTP 200 | 70ms | SSL: 2026-11-22 (57 days)
UP           | https://www.tridentconstructiongp.com/ | HTTP 200 | 103ms | SSL: 2026-11-08 (43 days)
UP           | https://roettgerwelding.com/ | HTTP 200 | 61ms | SSL: 2026-12-16 (81 days)
UP           | https://azjanitorialservice.com | HTTP 200 | 488ms | SSL: 2026-11-22 (57 days)
UP           | https://camoconstructionllc.com/ | HTTP 200 | 60ms | SSL: 2026-12-05 (70 days)
UP           | https://totalcomfortcleaners.com | HTTP 200 | 134ms | SSL: 2026-12-21 (85 days)
UP           | https://www.brianemmonsroofing.com/ | HTTP 200 | 392ms | SSL: 2026-12-02 (66 days)
UP           | https://www.customelitedetailcarwash.com/ | HTTP 200 | 89ms | SSL: 2026-12-21 (85 days)
UP           | https://www.noatoutdoorliving.com/ | HTTP 200 | 104ms | SSL: 2026-11-25 (60 days)
UP           | https://southfloridadockandseawall.com | HTTP 200 | 95ms | SSL: 2026-11-28 (63 days)
UP           | https://www.rselectricms.com | HTTP 200 | 58ms | SSL: 2026-12-01 (66 days)
UP           | http://allbrightcleaningkc.com | HTTP 200 | 64ms | SSL: 
UP           | https://paintingbypros.com/ | HTTP 200 | 307ms | SSL: 2026-10-13 (17 days)
UP           | https://www.ancientcitygaragedoors.com | HTTP 200 | 238ms | SSL: 2026-10-21 (25 days)
UP           | https://www.mikeandmikeroofing.com/ | HTTP 200 | 171ms | SSL: 2026-11-04 (38 days)
UP           | https://maxpressfoundationrepair.com/ | HTTP 200 | 253ms | SSL: 2026-11-30 (64 days)
UP           | https://offshorepropertyservices.com | HTTP 200 | 74ms | SSL: 2026-12-17 (81 days)
UP           | http://dynamohi.com | HTTP 200 | 201ms | SSL: 2026-12-05 (70 days)
UP           | https://patdollautomotivewi.com/ | HTTP 200 | 75ms | SSL: 2026-12-14 (78 days)
UP           | http://renewconstructionnm.com | HTTP 200 | 191ms | SSL: 2027-03-21 (175 days)
DOWN         | http://seaboardrestoration.com/ | ERROR: Get "http://seaboardrestoration.com/": dial tcp: lookup seaboardrestoration.com on 127.0.0.53:53: no such host
UP           | https://www.fisherhomeinspectionsllc.com/ | HTTP 200 | 102ms | SSL: 2026-12-19 (83 days)
UP           | https://www.jmplumbersinc.com/ | HTTP 200 | 98ms | SSL: 2026-11-02 (36 days)
UP           | https://finishlineautotire.com/ | HTTP 200 | 120ms | SSL: 2026-12-06 (71 days)
UP           | http://vitosexpress.com | HTTP 200 | 161ms | SSL: 2026-11-08 (43 days)
UP           | https://www.thesignsolution.net/ | HTTP 200 | 57ms | SSL: 2026-12-17 (81 days)
UP           | https://bagremodelers.com/ | HTTP 200 | 58ms | SSL: 2026-12-05 (70 days)
UP           | https://www.problemtree.com | HTTP 200 | 153ms | SSL: 2026-12-21 (85 days)
UP           | https://capri-wash.com | HTTP 200 | 97ms | SSL: 2026-10-28 (32 days)
DOWN         | https://landscapeofbrainerd.com/ | ERROR: Head "https://landscapeofbrainerd.com/": EOF
UP           | https://totalpackagelandscapeworksllc.com | HTTP 200 | 65ms | SSL: 2026-12-17 (81 days)
UP           | https://acesandblasting.co/ | HTTP 200 | 141ms | SSL: 2026-10-27 (31 days)
UP           | https://5startexasroofing.com/ | HTTP 200 | 153ms | SSL: 2026-11-24 (59 days)
UP           | https://caudletreeservice.com/ | HTTP 200 | 111ms | SSL: 2026-11-18 (53 days)
UP           | https://www.bayoustatemoving.com/ | HTTP 200 | 150ms | SSL: 2026-12-14 (78 days)
UP           | https://www.1classproperties.com/ | HTTP 200 | 93ms | SSL: 2026-12-21 (85 days)
UP           | https://www.1classrealty.com/ | HTTP 200 | 104ms | SSL: 2026-11-23 (58 days)
UP           | https://www.aimhighdetailing.com/ | HTTP 200 | 140ms | SSL: 2026-10-22 (25 days)
UP           | https://www.tampablindsbydesign.com/ | HTTP 200 | 89ms | SSL: 2026-12-20 (84 days)
UP           | http://thelocalplumber.com | HTTP 200 | 126ms | SSL: 2026-12-08 (73 days)
UP           | https://frontieraircon.com/ | HTTP 200 | 141ms | SSL: 2026-12-07 (72 days)
UP           | https://www.saltlakecitycabinetry.com/ | HTTP 200 | 62ms | SSL: 2026-11-25 (60 days)
UP           | https://mantispestma.com | HTTP 200 | 690ms | SSL: 2026-10-08 (12 days)
UP           | https://tyslandscapingiowa.com | HTTP 200 | 132ms | SSL: 2026-11-05 (40 days)
UP           | https://www.herrwelldrillingwi.com/ | HTTP 200 | 88ms | SSL: 2026-11-24 (58 days)
UP           | https://www.problemtree.com/ | HTTP 200 | 26ms | SSL: 2026-12-21 (85 days)
UP           | https://tandkventures.com/ | HTTP 200 | 59ms | SSL: 2026-12-16 (81 days)
UP           | http://muddyriversconcrete.com | HTTP 200 | 180ms | SSL: 2026-11-08 (43 days)
UP           | https://accurateandconfidentialtaxservice.com/ | HTTP 200 | 96ms | SSL: 2026-11-08 (43 days)
DOWN         | https://mcneelytreeservice.com/ | ERROR: Get "https://mcneelytreeservice.com/": dial tcp: lookup mcneelytreeservice.com on 127.0.0.53:53: no such host
UP           | https://www.mvpgardencenter.com/ | HTTP 200 | 51ms | SSL: 2026-12-06 (71 days)
UP           | https://abccarpetcleanerssd.com | HTTP 200 | 59ms | SSL: 2026-11-11 (45 days)
Summary: 223 UP | 8 ERROR | 8 DOWN | 1 UNVERIFIABLE
