=== 2026-05-29 11:35:10 ===
UP           | https://offshorepropertyservices.com | HTTP 200 | 722ms | SSL: 2026-06-18 (19 days)
DOWN         | http://seaboardrestoration.com/ | ERROR: Get "http://seaboardrestoration.com/": dial tcp: lookup seaboardrestoration.com on 127.0.0.53:53: no such host
UP           | https://platinumpaintingandserviceinc.com | HTTP 200 | 588ms | SSL: 2026-07-10 (41 days)
UP           | https://aandbauctionservices.com | HTTP 200 | 579ms | SSL: 2026-07-02 (33 days)
UP           | http://reidheatingandair.com | HTTP 200 | 538ms | SSL: 2026-07-20 (52 days)
UP           | https://pristineccs.com/ | HTTP 200 | 573ms | SSL: 2026-07-20 (52 days)
UP           | https://westcoastdents.com | HTTP 200 | 710ms | SSL: 2026-07-30 (62 days)
UP           | https://catoiletwhisperer.com | HTTP 200 | 179ms | SSL: 2026-08-08 (70 days)
UP           | https://ivyheatingandair.com | HTTP 200 | 567ms | SSL: 2026-06-26 (27 days)
UP           | https://primaryheatingandcooling.com | HTTP 200 | 647ms | SSL: 2026-07-07 (38 days)
UP           | https://businessnotions.com/ | HTTP 200 | 533ms | SSL: 2026-07-24 (56 days)
UP           | https://www.butzwelding.com | HTTP 200 | 586ms | SSL: 2026-06-30 (31 days)
UP           | https://brimicfoundation.com/ | HTTP 200 | 594ms | SSL: 2026-07-02 (34 days)
UP           | https://endlesssummercharters.com/ | HTTP 200 | 627ms | SSL: 2026-07-26 (57 days)
UP           | https://thekiddiekornerboutique.com | HTTP 200 | 229ms | SSL: 2026-07-29 (60 days)
ERROR        | https://safloralelegance.com | HTTP 403 | 230ms | SSL: 2026-11-26 (181 days)
UP           | http://allbrandsheatingandcooling.com | HTTP 200 | 602ms | SSL: 2026-07-06 (38 days)
UP           | http://plumbersouthfl.com | HTTP 200 | 541ms | SSL: 2026-07-14 (46 days)
UP           | http://wjauction.com | HTTP 200 | 675ms | SSL: 2026-07-14 (46 days)
UP           | https://txpanhandlelogistics.com | HTTP 200 | 693ms | SSL: 2026-07-15 (47 days)
UP           | https://mullinstruckingllc.com/ | HTTP 200 | 533ms | SSL: 2026-08-09 (71 days)
UP           | https://fratiplumbing.net | HTTP 200 | 645ms | SSL: 2026-07-24 (56 days)
UP           | https://loganshouse.com/ | HTTP 200 | 783ms | SSL: 2026-07-22 (54 days)
UP           | http://plantsunlimiteddurham.com | HTTP 200 | 525ms | SSL: 2026-08-03 (65 days)
UP           | http://protechdiesel.biz/ | HTTP 200 | 570ms | SSL: 2026-08-09 (71 days)
UP           | https://cherrycreekshadesanddraperys.com | HTTP 200 | 608ms | SSL: 2026-07-25 (56 days)
UP           | https://centralmotorsale.com | HTTP 200 | 660ms | SSL: 2026-07-29 (60 days)
UP           | https://jsaengineers.com | HTTP 200 | 598ms | SSL: 2026-08-10 (72 days)
UP           | https://boilertechnologies.com | HTTP 200 | 553ms | SSL: 2026-07-05 (37 days)
UP           | https://trucarma.com/ | HTTP 200 | 692ms | SSL: 2026-06-25 (26 days)
UP           | https://wyomingarmoredservice.com | HTTP 200 | 650ms | SSL: 2026-06-12 (13 days)
UP           | https://brvparkpropane.com/ | HTTP 200 | 566ms | SSL: 2026-07-27 (58 days)
UP           | https://primeappraisalsmi.com | HTTP 200 | 607ms | SSL: 2026-06-21 (23 days)
UP           | https://newenglandgroupctinc.com | HTTP 200 | 899ms | SSL: 2026-06-25 (27 days)
UP           | https://www.napavalleyfitness.com | HTTP 200 | 445ms | SSL: 2026-07-13 (45 days)
UP           | https://www.prosidingandwindows.net/ | HTTP 200 | 364ms | SSL: 2026-07-24 (55 days)
UP           | https://www.eocatx.com/ | HTTP 200 | 343ms | SSL: 2026-06-28 (29 days)
UP           | https://www.drainrooterplumbingsd.com/ | HTTP 200 | 383ms | SSL: 2026-06-16 (17 days)
UP           | https://glassimpressionslv.com | HTTP 200 | 601ms | SSL: 2026-07-04 (35 days)
UP           | https://shultarchitect.com | HTTP 200 | 819ms | SSL: 2026-08-18 (81 days)
UP           | https://inthemix-adc.com | HTTP 200 | 496ms | SSL: 2026-08-17 (80 days)
UP           | https://www.sexton-repairs.com/ | HTTP 200 | 406ms | SSL: 2026-06-27 (28 days)
ERROR        | https://fraserplumbingarkansas.com/ | HTTP 404 | 241ms | SSL: 2026-07-04 (36 days)
UP           | https://foothillsmachininginc.com | HTTP 200 | 637ms | SSL: 2026-07-20 (51 days)
UP           | https://rangerenovation.com | HTTP 200 | 650ms | SSL: 2026-07-29 (61 days)
UP           | https://modelcoelectric.com/ | HTTP 200 | 597ms | SSL: 2026-08-07 (69 days)
UP           | https://conveyor-tek.com | HTTP 200 | 552ms | SSL: 2026-07-31 (62 days)
UP           | http://longspest.com | HTTP 200 | 422ms | SSL: 2026-08-20 (82 days)
UP           | https://spindledynamicsaxlerepair.com | HTTP 200 | 526ms | SSL: 2026-08-07 (69 days)
UP           | https://mevoutdoor.com/ | HTTP 200 | 625ms | SSL: 2026-06-23 (24 days)
UP           | https://greenbushpros.com/ | HTTP 200 | 595ms | SSL: 2026-07-02 (33 days)
UP           | https://harveysarlesinsurance.com/ | HTTP 200 | 574ms | SSL: 2026-06-19 (20 days)
UP           | http://affordablerooter.com/ | HTTP 200 | 510ms | SSL: 2026-08-10 (72 days)
UP           | https://thomasmccannlaw.com | HTTP 200 | 559ms | SSL: 2026-07-24 (55 days)
UP           | https://southshoretruckrepair.com | HTTP 200 | 611ms | SSL: 2026-06-08 (10 days)
UP           | https://pacificgaragerepair.com | HTTP 200 | 718ms | SSL: 2026-06-21 (22 days)
UP           | https://www.thespringking.net/ | HTTP 200 | 319ms | SSL: 2026-06-29 (31 days)
UP           | https://www.hansmotosports.com/ | HTTP 200 | 338ms | SSL: 2026-06-19 (20 days)
UP           | https://www.advancedalarmlock.com | HTTP 200 | 310ms | SSL: 2026-07-31 (62 days)
UP           | https://www.amishstonefirepits.com/ | HTTP 200 | 401ms | SSL: 2026-07-26 (57 days)
UP           | https://www.noatoutdoorliving.com/ | HTTP 200 | 239ms | SSL: 2026-07-16 (48 days)
UP           | https://campbellhuitt.com | HTTP 200 | 536ms | SSL: 2026-06-29 (31 days)
UP           | https://www.bulldogmovingclt.com/ | HTTP 200 | 258ms | SSL: 2026-08-13 (76 days)
DOWN         | https://terseptic.com | ERROR: Get "https://terseptic.com": tls: failed to verify certificate: x509: certificate is valid for broken-ssl.multiscreensite.com, not terseptic.com
UP           | https://www.nmwcattorneys.com/ | HTTP 200 | 391ms | SSL: 2026-07-04 (35 days)
UP           | https://www.jandpbikeshop.com/ | HTTP 200 | 404ms | SSL: 2026-06-14 (16 days)
UP           | https://angelabrowderhomecare.com/ | HTTP 200 | 575ms | SSL: 2026-06-14 (16 days)
UP           | https://www.5pointslandscaping.com/ | HTTP 200 | 346ms | SSL: 2026-06-14 (15 days)
UP           | https://carpettechcleaning.com | HTTP 200 | 538ms | SSL: 2026-07-31 (62 days)
UP           | https://www.mtccpressurewashing.com/ | HTTP 200 | 353ms | SSL: 2026-07-01 (33 days)
UP           | https://ochoaelectricsandiego.com | HTTP 200 | 626ms | SSL: 2026-08-10 (72 days)
UP           | https://vanityfairbaths.com | HTTP 200 | 686ms | SSL: 2026-07-10 (42 days)
UP           | https://www.asapcontainers.com/ | HTTP 200 | 315ms | SSL: 2026-07-10 (41 days)
UP           | https://www.boyleheatingandcooling.net/ | HTTP 200 | 854ms | SSL: 2026-07-06 (38 days)
UP           | https://www.zulaufconstruction.com | HTTP 200 | 267ms | SSL: 2026-07-06 (38 days)
UP           | https://www.carpetcleaningomaha.com | HTTP 200 | 357ms | SSL: 2026-07-20 (51 days)
UP           | https://cakeschocolatesandmore.com/ | HTTP 200 | 628ms | SSL: 2026-07-26 (57 days)
UP           | https://www.victorytireauto.com | HTTP 200 | 321ms | SSL: 2026-07-29 (60 days)
UP           | https://windsorlimo.com | HTTP 200 | 598ms | SSL: 2026-08-02 (65 days)
UP           | https://www.howieglass.com/ | HTTP 200 | 295ms | SSL: 2026-06-14 (15 days)
UP           | https://www.xlsavebig.com | HTTP 200 | 424ms | SSL: 2026-07-05 (36 days)
UP           | https://www.oxicleaners.com | HTTP 200 | 376ms | SSL: 2026-07-30 (61 days)
UP           | https://petstylessalonandspa.com | HTTP 200 | 594ms | SSL: 2026-07-18 (49 days)
UP           | https://www.riverbluffcanecorsos.com | HTTP 200 | 346ms | SSL: 2026-07-26 (57 days)
UP           | https://stoversflooringanddraperycenter.com/ | HTTP 200 | 598ms | SSL: 2026-07-20 (51 days)
UP           | http://www.aseyourlight.com | HTTP 200 | 489ms | SSL: 2026-07-26 (57 days)
UP           | https://www.missouriglassinc.com/ | HTTP 200 | 338ms | SSL: 2026-06-27 (29 days)
UP           | https://www.coddingtonlock.com/ | HTTP 200 | 339ms | SSL: 2026-06-20 (22 days)
ERROR        | https://www.andyperuginos.com/ | HTTP 404 | 388ms | SSL: 2026-06-30 (32 days)
UP           | https://tntcarpetcleaners.com | HTTP 200 | 740ms | SSL: 2026-07-07 (38 days)
UP           | https://www.opsct.com | HTTP 200 | 321ms | SSL: 2026-06-29 (31 days)
UP           | https://securitycompanyms.com | HTTP 200 | 662ms | SSL: 2026-07-18 (50 days)
UP           | https://abbottscatering.com | HTTP 200 | 593ms | SSL: 2026-07-12 (43 days)
UP           | https://timothymwilliamslaw.com | HTTP 200 | 229ms | SSL: 2026-08-26 (89 days)
DOWN         | https://www.garyhuebnerlaw.com/ | ERROR: Get "https://www.garyhuebnerlaw.com/": tls: failed to verify certificate: x509: certificate is valid for broken-ssl.multiscreensite.com, not www.garyhuebnerlaw.com
UP           | https://www.thepoisonivyguy.com/ | HTTP 200 | 359ms | SSL: 2026-08-02 (65 days)
UP           | https://parkpharmacyrx.com | HTTP 200 | 716ms | SSL: 2026-07-25 (56 days)
UP           | https://gillettesignworks.com | HTTP 200 | 641ms | SSL: 2026-08-05 (67 days)
UP           | https://www.richroofing.com/ | HTTP 200 | 396ms | SSL: 2026-07-27 (59 days)
UP           | http://lassiterelectric.com | HTTP 200 | 645ms | SSL: 2026-08-02 (65 days)
UP           | https://www.fatpocketpawn.biz | HTTP 200 | 377ms | SSL: 2026-08-05 (68 days)
UP           | https://lockhartaircare.com | HTTP 200 | 666ms | SSL: 2026-06-20 (21 days)
UP           | https://www.eaglewaterfiltration.com/ | HTTP 200 | 343ms | SSL: 2026-06-20 (21 days)
UP           | https://www.epsteinspaint.com/ | HTTP 200 | 405ms | SSL: 2026-06-13 (15 days)
UP           | https://www.appliancereliancellc.com/ | HTTP 200 | 370ms | SSL: 2026-07-02 (34 days)
UP           | https://www.timworthystransmissionrepairs.com/ | HTTP 200 | 345ms | SSL: 2026-06-27 (29 days)
UP           | https://www.cashgoldnj.com | HTTP 200 | 310ms | SSL: 2026-06-30 (31 days)
UP           | https://dlacupuncture.com | HTTP 200 | 538ms | SSL: 2026-07-10 (42 days)
UP           | https://www.rockyhillmeats.com/ | HTTP 200 | 422ms | SSL: 2026-07-14 (45 days)
UP           | https://www.absheatingandairconditioning.com/ | HTTP 200 | 360ms | SSL: 2026-08-06 (69 days)
UP           | https://tcpestsolutions.com/ | HTTP 200 | 565ms | SSL: 2026-06-12 (14 days)
UP           | https://www.tempbydesign.com/ | HTTP 200 | 310ms | SSL: 2026-06-30 (32 days)
UP           | https://tavosconstructionllc.com/ | HTTP 200 | 619ms | SSL: 2026-06-28 (29 days)
DOWN         | https://www.eastgeorgiatreeservice.com/ | ERROR: Head "https://www.eastgeorgiatreeservice.com/": EOF
UP           | https://coastalcabinetsandgranite.com/ | HTTP 200 | 561ms | SSL: 2026-07-20 (52 days)
ERROR        | https://www.r7electricutah.com/ | HTTP 404 | 323ms | SSL: 2026-07-18 (49 days)
UP           | https://preferredremodeling.net/ | HTTP 200 | 744ms | SSL: 2026-07-07 (38 days)
UP           | https://www.jml-electric.com | HTTP 200 | 361ms | SSL: 2026-07-11 (43 days)
UP           | http://resto-pros.net | HTTP 200 | 509ms | SSL: 2026-07-07 (39 days)
UP           | http://scconstruction.info | HTTP 200 | 218ms | SSL: 2026-07-02 (34 days)
UP           | https://www.porteroutdoorservices.com/ | HTTP 200 | 314ms | SSL: 2026-07-27 (58 days)
UP           | http://killswitchauto.com | HTTP 200 | 562ms | SSL: 2026-07-04 (36 days)
UP           | https://coxdecorativeconcrete.com/ | HTTP 200 | 649ms | SSL: 2026-08-09 (71 days)
UP           | http://charlesfulkroaddisposal.com | HTTP 200 | 503ms | SSL: 2026-07-15 (46 days)
UP           | https://wireguyselectric.com/ | HTTP 200 | 651ms | SSL: 2026-07-17 (49 days)
UP           | https://www.dentconceptstx.com/ | HTTP 200 | 440ms | SSL: 2026-07-20 (51 days)
UP           | https://fincorefrigeration.com | HTTP 200 | 537ms | SSL: 2026-08-07 (69 days)
UP           | http://rocketcitymarine.com | HTTP 200 | 541ms | SSL: 2026-07-20 (51 days)
UP           | https://cleantechsystemsnm.com | HTTP 200 | 653ms | SSL: 2026-07-20 (51 days)
UP           | https://www.affordablecustomgolfcarts.com/ | HTTP 200 | 392ms | SSL: 2026-06-17 (19 days)
UP           | https://greenscapeslawns.com/ | HTTP 200 | 664ms | SSL: 2026-07-27 (59 days)
UP           | https://jtstree.com/ | HTTP 200 | 630ms | SSL: 2026-08-03 (66 days)
UP           | https://www.dixiefenceohio.com/ | HTTP 200 | 509ms | SSL: 2026-08-09 (71 days)
UP           | https://allkidsarespecial.net | HTTP 200 | 559ms | SSL: 2026-08-17 (80 days)
UP           | https://sgrcalifornia.com/ | HTTP 200 | 626ms | SSL: 2026-08-04 (67 days)
UP           | https://www.garysroofingandconst.com/ | HTTP 200 | 378ms | SSL: 2026-07-28 (59 days)
UP           | https://www.breezehvac.com/ | HTTP 200 | 308ms | SSL: 2026-06-22 (24 days)
UP           | https://rcpoolworks.com | HTTP 200 | 598ms | SSL: 2026-08-08 (70 days)
UP           | https://Freedomcarpet.net | HTTP 200 | 635ms | SSL: 2026-06-17 (19 days)
UP           | https://rolandoroofing.net | HTTP 200 | 564ms | SSL: 2026-06-30 (31 days)
UP           | http://ormondlandscaping.com/ | HTTP 200 | 642ms | SSL: 2026-08-02 (64 days)
UP           | https://www.alliedroofingco.com/ | HTTP 200 | 300ms | SSL: 2026-06-26 (28 days)
UP           | https://www.waterheatersracinewi.com/ | HTTP 200 | 316ms | SSL: 2026-07-08 (40 days)
UP           | https://www.atlanticdrywallandpaint.com/ | HTTP 200 | 354ms | SSL: 2026-06-23 (24 days)
UP           | https://grantsappliancerepairllc.com/ | HTTP 200 | 634ms | SSL: 2026-06-23 (24 days)
UP           | http://aaaexcavate.com | HTTP 200 | 540ms | SSL: 2026-07-01 (32 days)
UP           | https://gormanandsonslandscaping.com/ | HTTP 200 | 655ms | SSL: 2026-07-21 (53 days)
UP           | https://texasproroofing.net/ | HTTP 200 | 599ms | SSL: 2026-06-30 (31 days)
UP           | https://www.808towing.com/ | HTTP 200 | 333ms | SSL: 2026-08-05 (68 days)
UP           | https://www.jandbtreeservice.net/ | HTTP 200 | 499ms | SSL: 2026-07-21 (52 days)
UP           | https://sweetmountainair.co | HTTP 200 | 598ms | SSL: 2026-07-26 (58 days)
UP           | https://www.stormprosva.com/ | HTTP 200 | 373ms | SSL: 2026-07-21 (52 days)
UP           | https://www.atlantic217.com/ | HTTP 200 | 420ms | SSL: 2026-07-05 (37 days)
UP           | https://lakehamiltonappraisals.com/ | HTTP 200 | 568ms | SSL: 2026-08-04 (66 days)
UP           | https://kcservicecenterpa.com | HTTP 200 | 659ms | SSL: 2026-07-19 (51 days)
UP           | https://mobsfloorcare.com/ | HTTP 200 | 622ms | SSL: 2026-06-27 (29 days)
UP           | https://wennigercompressor.com/ | HTTP 200 | 579ms | SSL: 2026-07-19 (50 days)
UP           | https://mauicontainersales.com/ | HTTP 200 | 734ms | SSL: 2026-08-24 (87 days)
UP           | https://www.24-hourrefrigeration.com/ | HTTP 200 | 384ms | SSL: 2026-07-31 (63 days)
UP           | https://anteaterspestcontrol.net | HTTP 200 | 603ms | SSL: 2026-07-16 (47 days)
UP           | http://furniturefixxers.com | HTTP 200 | 485ms | SSL: 2026-07-24 (55 days)
UP           | https://www.apexgutters.com/ | HTTP 200 | 376ms | SSL: 2026-06-16 (18 days)
UP           | https://blackdogrr.com/ | HTTP 200 | 600ms | SSL: 2026-08-09 (71 days)
UP           | https://hogiesconstruction.com/ | HTTP 200 | 754ms | SSL: 2026-08-18 (81 days)
UP           | https://www.askyline.com/ | HTTP 200 | 398ms | SSL: 2026-06-24 (26 days)
UP           | https://www.dbarrsvcs.com/ | HTTP 200 | 325ms | SSL: 2026-08-16 (79 days)
UP           | https://powellpestcontrol.net/ | HTTP 200 | 595ms | SSL: 2026-08-17 (80 days)
UP           | https://wireguys.com | HTTP 200 | 605ms | SSL: 2026-06-22 (24 days)
UP           | https://economysidingtn.com/ | HTTP 200 | 542ms | SSL: 2026-08-17 (80 days)
UP           | https://rsccontracting.org/ | HTTP 200 | 581ms | SSL: 2026-06-30 (32 days)
UP           | https://www.bhswelding.com/ | HTTP 200 | 367ms | SSL: 2026-06-13 (15 days)
UP           | https://www.yourfamilysalon.com/ | HTTP 200 | 435ms | SSL: 2026-07-02 (34 days)
UP           | https://www.alswelldrilling.com/ | HTTP 200 | 298ms | SSL: 2026-06-12 (14 days)
UP           | http://customoutdoorsolutionsny.com | HTTP 200 | 518ms | SSL: 2026-07-05 (37 days)
UP           | https://raffoulheatingandair.com | HTTP 200 | 744ms | SSL: 2026-07-05 (37 days)
UP           | http://dynamohi.com | HTTP 200 | 519ms | SSL: 2026-08-02 (65 days)
UP           | https://danrandandassoc.com/ | HTTP 200 | 476ms | SSL: 2026-06-30 (32 days)
UP           | https://carbondalewoodshop.com/ | HTTP 200 | 529ms | SSL: 2026-07-17 (48 days)
UP           | https://smithhvacservices.com/index | HTTP 200 | 854ms | SSL: 2026-06-14 (16 days)
UP           | http://www.junk-punks.com/ | HTTP 200 | 805ms | SSL: 2026-07-22 (54 days)
UP           | https://www.fndcontracting.com | HTTP 200 | 356ms | SSL: 2026-06-28 (29 days)
UP           | http://hopelandscaping.com | HTTP 200 | 595ms | SSL: 2026-06-18 (20 days)
UP           | https://larrysae.com | HTTP 200 | 531ms | SSL: 2026-06-21 (23 days)
UP           | https://www.ezoutcollisioncenter.com/ | HTTP 200 | 341ms | SSL: 2026-07-31 (63 days)
UP           | https://rsccontracting.org/ | HTTP 200 | 142ms | SSL: 2026-06-30 (32 days)
UP           | http://ccelectricbcs.com | HTTP 200 | 467ms | SSL: 2026-08-02 (64 days)
UP           | http://ccelectricbcs.com | HTTP 200 | 444ms | SSL: 2026-08-02 (64 days)
UP           | https://tropicglassenclosuresfl.com/ | HTTP 200 | 658ms | SSL: 2026-06-26 (28 days)
UP           | https://www.fireflycontractor.com/ | HTTP 200 | 390ms | SSL: 2026-07-01 (33 days)
UP           | https://www.tridentconstructiongp.com/ | HTTP 200 | 313ms | SSL: 2026-06-20 (22 days)
UP           | https://roettgerwelding.com/ | HTTP 200 | 587ms | SSL: 2026-07-02 (34 days)
UP           | https://azjanitorialservice.com | HTTP 200 | 992ms | SSL: 2026-06-28 (30 days)
UP           | https://camoconstructionllc.com/ | HTTP 200 | 551ms | SSL: 2026-07-21 (53 days)
UP           | https://totalcomfortcleaners.com | HTTP 200 | 657ms | SSL: 2026-07-22 (54 days)
UP           | https://www.brianemmonsroofing.com/ | HTTP 200 | 550ms | SSL: 2026-06-19 (20 days)
UP           | https://www.customelitedetailcarwash.com/ | HTTP 200 | 332ms | SSL: 2026-07-12 (44 days)
UP           | https://www.noatoutdoorliving.com/ | HTTP 200 | 355ms | SSL: 2026-07-16 (48 days)
UP           | https://southfloridadockandseawall.com | HTTP 200 | 569ms | SSL: 2026-06-14 (16 days)
UP           | https://www.rselectricms.com | HTTP 200 | 364ms | SSL: 2026-07-22 (54 days)
UP           | http://allbrightcleaningkc.com | HTTP 200 | 486ms | SSL: 2026-06-10 (12 days)
UP           | https://paintingbypros.com/ | HTTP 200 | 764ms | SSL: 2026-07-22 (54 days)
UP           | https://www.ancientcitygaragedoors.com | HTTP 200 | 388ms | SSL: 2026-07-30 (62 days)
UP           | https://www.mikeandmikeroofing.com/ | HTTP 200 | 427ms | SSL: 2026-06-29 (31 days)
UP           | https://maxpressfoundationrepair.com/ | HTTP 200 | 520ms | SSL: 2026-06-13 (15 days)
UP           | https://offshorepropertyservices.com | HTTP 200 | 468ms | SSL: 2026-06-18 (19 days)
UP           | http://dynamohi.com | HTTP 200 | 150ms | SSL: 2026-08-02 (65 days)
UP           | https://patdollautomotivewi.com/ | HTTP 200 | 616ms | SSL: 2026-08-22 (85 days)
UP           | http://renewconstructionnm.com | HTTP 200 | 417ms | SSL: 2026-08-18 (81 days)
DOWN         | http://seaboardrestoration.com/ | ERROR: Get "http://seaboardrestoration.com/": dial tcp: lookup seaboardrestoration.com on 127.0.0.53:53: no such host
UP           | https://www.fisherhomeinspectionsllc.com/ | HTTP 200 | 338ms | SSL: 2026-06-13 (15 days)
UP           | https://www.jmplumbersinc.com/ | HTTP 200 | 407ms | SSL: 2026-07-08 (40 days)
UP           | https://finishlineautotire.com/ | HTTP 200 | 586ms | SSL: 2026-08-07 (70 days)
UP           | http://vitosexpress.com | HTTP 200 | 503ms | SSL: 2026-06-13 (15 days)
UP           | https://www.thesignsolution.net/ | HTTP 200 | 335ms | SSL: 2026-06-21 (23 days)
UP           | https://bagremodelers.com/ | HTTP 200 | 588ms | SSL: 2026-06-14 (16 days)
UP           | https://www.problemtree.com | HTTP 200 | 309ms | SSL: 2026-06-13 (15 days)
UP           | https://capri-wash.com | HTTP 200 | 558ms | SSL: 2026-06-14 (16 days)
UP           | https://landscapeofbrainerd.com/ | HTTP 200 | 650ms | SSL: 2026-07-18 (50 days)
UP           | https://totalpackagelandscapeworksllc.com | HTTP 200 | 568ms | SSL: 2026-07-05 (37 days)
UP           | https://acesandblasting.co/ | HTTP 200 | 563ms | SSL: 2026-06-22 (24 days)
DOWN         | https://5startexasroofing.com/ | ERROR: Get "https://5startexasroofing.com/": net/http: TLS handshake timeout
UP           | https://caudletreeservice.com/ | HTTP 200 | 639ms | SSL: 2026-07-06 (37 days)
UP           | https://www.bayoustatemoving.com/ | HTTP 200 | 301ms | SSL: 2026-07-12 (44 days)
UP           | https://www.1classproperties.com/ | HTTP 200 | 410ms | SSL: 2026-07-15 (47 days)
UP           | https://www.1classrealty.com/ | HTTP 200 | 355ms | SSL: 2026-07-15 (47 days)
UP           | https://www.aimhighdetailing.com/ | HTTP 200 | 226ms | SSL: 2026-08-20 (83 days)
UP           | https://www.tampablindsbydesign.com/ | HTTP 200 | 317ms | SSL: 2026-07-26 (58 days)
UP           | http://thelocalplumber.com | HTTP 200 | 567ms | SSL: 2026-07-02 (34 days)
UP           | https://frontieraircon.com/ | HTTP 200 | 688ms | SSL: 2026-08-08 (71 days)
UP           | https://www.saltlakecitycabinetry.com/ | HTTP 200 | 323ms | SSL: 2026-08-10 (73 days)
UP           | https://mantispestma.com | HTTP 200 | 619ms | SSL: 2026-07-17 (49 days)
UP           | https://tyslandscapingiowa.com | HTTP 200 | 593ms | SSL: 2026-07-16 (48 days)
UP           | https://www.herrwelldrillingwi.com/ | HTTP 200 | 370ms | SSL: 2026-06-08 (10 days)
UP           | https://www.problemtree.com/ | HTTP 200 | 91ms | SSL: 2026-06-13 (15 days)
UP           | https://tandkventures.com/ | HTTP 200 | 634ms | SSL: 2026-06-24 (26 days)
UP           | http://muddyriversconcrete.com | HTTP 200 | 621ms | SSL: 2026-06-09 (11 days)
UP           | https://accurateandconfidentialtaxservice.com/ | HTTP 200 | 671ms | SSL: 2026-06-22 (24 days)
DOWN         | https://mcneelytreeservice.com/ | ERROR: Get "https://mcneelytreeservice.com/": tls: failed to verify certificate: x509: certificate is valid for *.accountterminated.com, accountterminated.com, not mcneelytreeservice.com
UP           | https://www.mvpgardencenter.com/ | HTTP 200 | 360ms | SSL: 2026-06-14 (16 days)
UP           | https://abccarpetcleanerssd.com | HTTP 200 | 246ms | SSL: 2026-11-08 (163 days)
Summary: 229 UP | 4 ERROR | 7 DOWN | 0 UNVERIFIABLE
