=== 2026-10-07 15:24:48 ===
UP           | https://offshorepropertyservices.com | HTTP 200 | 385ms | SSL: 2026-12-17 (70 days)
DOWN         | http://seaboardrestoration.com/ | ERROR: Get "http://seaboardrestoration.com/": dial tcp: lookup seaboardrestoration.com on 127.0.0.53:53: no such host
UP           | https://platinumpaintingandserviceinc.com | HTTP 200 | 141ms | SSL: 2026-12-03 (57 days)
UP           | https://aandbauctionservices.com | HTTP 200 | 239ms | SSL: 2026-12-05 (59 days)
UP           | http://reidheatingandair.com | HTTP 200 | 154ms | SSL: 
UP           | https://pristineccs.com/ | HTTP 200 | 294ms | SSL: 2026-11-08 (32 days)
UP           | https://westcoastdents.com | HTTP 200 | 2100ms | SSL: 2026-12-30 (84 days)
DOWN         | https://catoiletwhisperer.com | ERROR: Head "https://catoiletwhisperer.com": read tcp 10.1.0.170:51260->100.24.208.97:443: read: connection reset by peer
UP           | https://ivyheatingandair.com | HTTP 200 | 248ms | SSL: 2026-11-24 (47 days)
UP           | https://primaryheatingandcooling.com | HTTP 200 | 209ms | SSL: 2026-12-02 (56 days)
DOWN         | https://businessnotions.com/ | ERROR: Get "https://businessnotions.com": too many redirects
UP           | https://www.butzwelding.com | HTTP 200 | 109ms | SSL: 2026-11-17 (41 days)
UP           | https://brimicfoundation.com/ | HTTP 200 | 397ms | SSL: 2026-12-20 (73 days)
UP           | https://endlesssummercharters.com/ | HTTP 200 | 274ms | SSL: 2026-12-17 (71 days)
UP           | https://thekiddiekornerboutique.com | HTTP 200 | 327ms | SSL: 2026-11-08 (32 days)
UP           | https://safloralelegance.com | HTTP 200 | 632ms | SSL: 2026-11-15 (39 days)
UP           | http://allbrandsheatingandcooling.com | HTTP 200 | 170ms | SSL: 
UP           | http://plumbersouthfl.com | HTTP 200 | 269ms | SSL: 2026-11-24 (48 days)
UP           | http://wjauction.com | HTTP 200 | 291ms | SSL: 2026-11-08 (32 days)
UP           | https://txpanhandlelogistics.com | HTTP 200 | 141ms | SSL: 2026-12-29 (83 days)
UP           | https://mullinstruckingllc.com/ | HTTP 200 | 500ms | SSL: 2026-12-20 (74 days)
UP           | https://fratiplumbing.net | HTTP 200 | 170ms | SSL: 2026-12-06 (60 days)
DOWN         | https://loganshouse.com/ | ERROR: Head "https://loganshouse.com/": read tcp 10.1.0.170:60300->35.172.94.1:443: read: connection reset by peer
UP           | http://plantsunlimiteddurham.com | HTTP 200 | 360ms | SSL: 2026-12-17 (71 days)
UP           | http://protechdiesel.biz/ | HTTP 200 | 254ms | SSL: 2026-11-15 (39 days)
UP           | https://cherrycreekshadesanddraperys.com | HTTP 200 | 274ms | SSL: 2026-12-20 (74 days)
DOWN         | https://centralmotorsale.com | ERROR: Head "https://centralmotorsale.com": read tcp 10.1.0.170:60326->35.172.94.1:443: read: connection reset by peer
UP           | https://jsaengineers.com | HTTP 200 | 206ms | SSL: 2026-11-23 (47 days)
UP           | https://boilertechnologies.com | HTTP 200 | 259ms | SSL: 2026-11-16 (40 days)
UP           | https://trucarma.com/ | HTTP 200 | 100ms | SSL: 2026-12-08 (62 days)
UP           | https://wyomingarmoredservice.com | HTTP 200 | 200ms | SSL: 2026-11-25 (49 days)
UP           | https://brvparkpropane.com/ | HTTP 200 | 178ms | SSL: 2026-12-29 (82 days)
UP           | https://primeappraisalsmi.com | HTTP 200 | 272ms | SSL: 2026-11-19 (43 days)
UP           | https://newenglandgroupctinc.com | HTTP 200 | 465ms | SSL: 
UP           | https://www.napavalleyfitness.com | HTTP 200 | 210ms | SSL: 2026-11-08 (32 days)
UP           | https://www.prosidingandwindows.net/ | HTTP 200 | 362ms | SSL: 2026-12-28 (81 days)
DOWN         | https://www.eocatx.com/ | ERROR: Head "https://www.eocatx.com/": EOF
UP           | https://www.drainrooterplumbingsd.com/ | HTTP 200 | 108ms | SSL: 2026-12-06 (60 days)
UP           | https://glassimpressionslv.com | HTTP 200 | 137ms | SSL: 2026-11-25 (49 days)
UP           | https://shultarchitect.com | HTTP 200 | 109ms | SSL: 2026-12-06 (60 days)
UP           | https://inthemix-adc.com | HTTP 200 | 445ms | SSL: 2026-11-08 (32 days)
UP           | https://www.sexton-repairs.com/ | HTTP 200 | 333ms | SSL: 2026-12-13 (67 days)
UP           | https://fraserplumbingarkansas.com/ | HTTP 200 | 111ms | SSL: 2027-04-09 (184 days)
UP           | https://foothillsmachininginc.com | HTTP 200 | 185ms | SSL: 2026-11-19 (43 days)
UP           | https://rangerenovation.com | HTTP 200 | 242ms | SSL: 2026-11-08 (32 days)
UP           | https://modelcoelectric.com/ | HTTP 200 | 299ms | SSL: 2026-12-17 (71 days)
DOWN         | https://conveyor-tek.com | ERROR: Head "https://conveyor-tek.com": read tcp 10.1.0.170:60368->35.172.94.1:443: read: connection reset by peer
UP           | http://longspest.com | HTTP 200 | 372ms | SSL: 2026-11-08 (32 days)
UP           | https://spindledynamicsaxlerepair.com | HTTP 200 | 105ms | SSL: 2026-12-17 (70 days)
UP           | https://mevoutdoor.com/ | HTTP 200 | 320ms | SSL: 2026-11-24 (47 days)
DOWN         | https://greenbushpros.com/ | ERROR: Head "https://greenbushpros.com/": read tcp 10.1.0.170:45996->199.180.140.12:443: read: connection reset by peer
UP           | https://harveysarlesinsurance.com/ | HTTP 200 | 330ms | SSL: 2026-12-25 (78 days)
UP           | http://affordablerooter.com/ | HTTP 200 | 301ms | SSL: 2026-11-22 (46 days)
UP           | https://thomasmccannlaw.com | HTTP 200 | 144ms | SSL: 2026-12-08 (62 days)
UP           | https://southshoretruckrepair.com | HTTP 200 | 295ms | SSL: 2026-12-11 (65 days)
UP           | https://pacificgaragerepair.com | HTTP 200 | 316ms | SSL: 2026-11-24 (47 days)
UP           | https://www.thespringking.net/ | HTTP 200 | 168ms | SSL: 2026-11-24 (47 days)
UP           | https://www.hansmotosports.com/ | HTTP 200 | 322ms | SSL: 2026-12-21 (74 days)
UP           | https://www.advancedalarmlock.com | HTTP 200 | 157ms | SSL: 2026-11-15 (39 days)
UP           | https://www.amishstonefirepits.com/ | HTTP 200 | 129ms | SSL: 2026-12-08 (62 days)
UP           | https://www.noatoutdoorliving.com/ | HTTP 200 | 123ms | SSL: 2026-11-25 (49 days)
UP           | https://campbellhuitt.com | HTTP 200 | 440ms | SSL: 2026-12-10 (64 days)
UP           | https://www.bulldogmovingclt.com/ | HTTP 200 | 310ms | SSL: 2026-12-20 (73 days)
UP           | https://terseptic.com | HTTP 200 | 274ms | SSL: 2026-12-25 (78 days)
UP           | https://www.nmwcattorneys.com/ | HTTP 200 | 165ms | SSL: 2026-11-24 (47 days)
UP           | https://www.jandpbikeshop.com/ | HTTP 200 | 310ms | SSL: 2026-12-29 (83 days)
DOWN         | https://angelabrowderhomecare.com/ | ERROR: Head "https://angelabrowderhomecare.com/": read tcp 10.1.0.170:33596->100.24.208.97:443: read: connection reset by peer
UP           | https://www.5pointslandscaping.com/ | HTTP 200 | 250ms | SSL: 2026-12-21 (74 days)
UP           | https://carpettechcleaning.com | HTTP 200 | 357ms | SSL: 2026-12-19 (72 days)
UP           | https://www.mtccpressurewashing.com/ | HTTP 200 | 120ms | SSL: 2026-11-24 (47 days)
UP           | https://ochoaelectricsandiego.com | HTTP 200 | 173ms | SSL: 2026-11-08 (32 days)
UP           | https://vanityfairbaths.com | HTTP 200 | 264ms | SSL: 2026-11-08 (32 days)
UP           | https://www.asapcontainers.com/ | HTTP 200 | 270ms | SSL: 2026-11-08 (32 days)
UNVERIFIABLE | https://www.boyleheatingandcooling.net/ | HTTP 405 | 57ms | SSL: 2027-03-16 (159 days)
DOWN         | https://www.zulaufconstruction.com | ERROR: Head "https://www.zulaufconstruction.com": EOF
UP           | https://www.carpetcleaningomaha.com | HTTP 200 | 101ms | SSL: 2026-12-03 (57 days)
UP           | https://cakeschocolatesandmore.com/ | HTTP 200 | 344ms | SSL: 2026-12-20 (73 days)
UP           | https://www.victorytireauto.com | HTTP 200 | 173ms | SSL: 2026-11-09 (33 days)
UP           | https://windsorlimo.com | HTTP 200 | 205ms | SSL: 2026-11-08 (32 days)
UP           | https://www.howieglass.com/ | HTTP 200 | 170ms | SSL: 2026-11-26 (50 days)
DOWN         | https://www.xlsavebig.com | ERROR: Head "https://www.xlsavebig.com": EOF
UP           | https://www.oxicleaners.com | HTTP 200 | 160ms | SSL: 2026-12-06 (60 days)
UP           | https://petstylessalonandspa.com | HTTP 200 | 231ms | SSL: 2026-11-08 (32 days)
UP           | https://www.riverbluffcanecorsos.com | HTTP 200 | 115ms | SSL: 2026-11-24 (47 days)
UP           | https://stoversflooringanddraperycenter.com/ | HTTP 200 | 217ms | SSL: 2026-11-08 (32 days)
UP           | http://www.aseyourlight.com | HTTP 200 | 103ms | SSL: 
UP           | https://www.missouriglassinc.com/ | HTTP 200 | 157ms | SSL: 2026-12-06 (60 days)
UP           | https://www.coddingtonlock.com/ | HTTP 200 | 427ms | SSL: 2026-10-28 (21 days)
UP           | https://www.andyperuginos.com/ | HTTP 200 | 320ms | SSL: 2026-12-19 (72 days)
DOWN         | https://tntcarpetcleaners.com | ERROR: Head "https://tntcarpetcleaners.com": read tcp 10.1.0.170:60390->35.172.94.1:443: read: connection reset by peer
UP           | https://www.opsct.com | HTTP 200 | 775ms | SSL: 2026-12-06 (59 days)
UP           | https://securitycompanyms.com | HTTP 200 | 150ms | SSL: 2026-12-08 (62 days)
DOWN         | https://abbottscatering.com | ERROR: Head "https://abbottscatering.com": read tcp 10.1.0.170:60400->35.172.94.1:443: read: connection reset by peer
UP           | https://timothymwilliamslaw.com | HTTP 200 | 225ms | SSL: 2026-12-23 (76 days)
DOWN         | https://www.garyhuebnerlaw.com/ | ERROR: Head "https://www.garyhuebnerlaw.com/": EOF
UP           | https://www.thepoisonivyguy.com/ | HTTP 200 | 147ms | SSL: 2026-12-08 (62 days)
UP           | https://parkpharmacyrx.com | HTTP 200 | 282ms | SSL: 2026-11-16 (40 days)
ERROR        | https://gillettesignworks.com | HTTP 403 | 92ms | SSL: 2026-12-08 (62 days)
DOWN         | https://www.richroofing.com/ | ERROR: Head "https://www.richroofing.com/": EOF
UP           | http://lassiterelectric.com | HTTP 200 | 105ms | SSL: 
DOWN         | https://www.fatpocketpawn.biz | ERROR: Head "https://www.fatpocketpawn.biz": EOF
UP           | https://lockhartaircare.com | HTTP 200 | 137ms | SSL: 2026-12-06 (60 days)
UP           | https://www.eaglewaterfiltration.com/ | HTTP 200 | 258ms | SSL: 2026-12-21 (74 days)
UP           | https://www.epsteinspaint.com/ | HTTP 200 | 120ms | SSL: 2026-12-29 (83 days)
DOWN         | https://www.appliancereliancellc.com/ | ERROR: Head "https://www.appliancereliancellc.com/": EOF
UP           | https://www.timworthystransmissionrepairs.com/ | HTTP 200 | 137ms | SSL: 2027-01-02 (87 days)
DOWN         | https://www.cashgoldnj.com | ERROR: Head "https://www.cashgoldnj.com": EOF
UP           | https://dlacupuncture.com | HTTP 200 | 140ms | SSL: 2026-12-06 (60 days)
UP           | https://www.rockyhillmeats.com/ | HTTP 200 | 129ms | SSL: 2027-01-02 (87 days)
UP           | https://www.absheatingandairconditioning.com/ | HTTP 200 | 121ms | SSL: 2026-12-17 (71 days)
DOWN         | https://tcpestsolutions.com/ | ERROR: Head "https://tcpestsolutions.com/": read tcp 10.1.0.170:42314->35.172.94.1:443: read: connection reset by peer
UP           | https://www.tempbydesign.com/ | HTTP 200 | 126ms | SSL: 2026-12-16 (70 days)
DOWN         | https://tavosconstructionllc.com/ | ERROR: Head "https://tavosconstructionllc.com/": read tcp 10.1.0.170:42318->35.172.94.1:443: read: connection reset by peer
ERROR        | https://www.eastgeorgiatreeservice.com/ | HTTP 403 | 176ms | SSL: 2026-12-21 (74 days)
DOWN         | https://coastalcabinetsandgranite.com/ | ERROR: Head "https://coastalcabinetsandgranite.com/": read tcp 10.1.0.170:42326->35.172.94.1:443: read: connection reset by peer
DOWN         | https://www.r7electricutah.com/ | ERROR: Head "https://www.r7electricutah.com/": EOF
UP           | https://preferredremodeling.net/ | HTTP 200 | 282ms | SSL: 2026-11-24 (47 days)
UP           | https://www.jml-electric.com | HTTP 200 | 178ms | SSL: 2026-12-06 (60 days)
UP           | http://resto-pros.net | HTTP 200 | 295ms | SSL: 2026-11-08 (32 days)
UP           | http://scconstruction.info | HTTP 200 | 336ms | SSL: 2026-11-07 (31 days)
DOWN         | https://www.porteroutdoorservices.com/ | ERROR: Head "https://www.porteroutdoorservices.com/": EOF
UP           | http://killswitchauto.com | HTTP 200 | 309ms | SSL: 2026-11-08 (32 days)
UP           | https://coxdecorativeconcrete.com/ | HTTP 200 | 328ms | SSL: 2026-12-20 (74 days)
UP           | http://charlesfulkroaddisposal.com | HTTP 200 | 88ms | SSL: 
UP           | https://wireguyselectric.com/ | HTTP 200 | 139ms | SSL: 2026-12-20 (74 days)
UP           | https://www.dentconceptstx.com/ | HTTP 200 | 199ms | SSL: 2026-12-21 (74 days)
UP           | https://fincorefrigeration.com | HTTP 200 | 304ms | SSL: 2026-11-18 (42 days)
UP           | http://rocketcitymarine.com | HTTP 200 | 366ms | SSL: 2026-11-24 (47 days)
UP           | https://cleantechsystemsnm.com | HTTP 200 | 353ms | SSL: 2026-12-29 (83 days)
UP           | https://www.affordablecustomgolfcarts.com/ | HTTP 200 | 315ms | SSL: 2026-12-05 (59 days)
UP           | https://greenscapeslawns.com/ | HTTP 200 | 277ms | SSL: 2026-12-21 (74 days)
UP           | https://jtstree.com/ | HTTP 200 | 267ms | SSL: 2026-12-01 (55 days)
UP           | https://www.dixiefenceohio.com/ | HTTP 200 | 217ms | SSL: 2026-11-24 (48 days)
UP           | https://allkidsarespecial.net | HTTP 200 | 117ms | SSL: 2026-12-05 (59 days)
UP           | https://sgrcalifornia.com/ | HTTP 200 | 196ms | SSL: 2026-12-03 (57 days)
UP           | https://www.garysroofingandconst.com/ | HTTP 200 | 139ms | SSL: 2026-12-05 (59 days)
DOWN         | https://www.breezehvac.com/ | ERROR: Head "https://www.breezehvac.com/": EOF
UP           | https://rcpoolworks.com | HTTP 200 | 156ms | SSL: 2027-01-02 (87 days)
UP           | https://Freedomcarpet.net | HTTP 200 | 387ms | SSL: 2026-12-20 (74 days)
UP           | https://rolandoroofing.net | HTTP 200 | 271ms | SSL: 2027-01-01 (86 days)
UP           | http://ormondlandscaping.com/ | HTTP 200 | 313ms | SSL: 2026-11-08 (32 days)
DOWN         | https://www.alliedroofingco.com/ | ERROR: Head "https://www.alliedroofingco.com/": EOF
DOWN         | https://www.waterheatersracinewi.com/ | ERROR: Head "https://www.waterheatersracinewi.com/": EOF
UP           | https://www.atlanticdrywallandpaint.com/ | HTTP 200 | 120ms | SSL: 2026-11-22 (46 days)
DOWN         | https://grantsappliancerepairllc.com/ | ERROR: Head "https://grantsappliancerepairllc.com/": read tcp 10.1.0.170:51264->100.24.208.97:443: read: connection reset by peer
UP           | http://aaaexcavate.com | HTTP 200 | 366ms | SSL: 2026-12-05 (59 days)
UP           | https://gormanandsonslandscaping.com/ | HTTP 200 | 329ms | SSL: 2027-01-03 (88 days)
UP           | https://texasproroofing.net/ | HTTP 200 | 128ms | SSL: 2026-12-20 (74 days)
UP           | https://www.808towing.com/ | HTTP 200 | 151ms | SSL: 2026-12-11 (65 days)
UP           | https://www.jandbtreeservice.net/ | HTTP 200 | 239ms | SSL: 2026-11-08 (32 days)
UP           | https://sweetmountainair.co | HTTP 200 | 235ms | SSL: 2027-01-03 (88 days)
UP           | https://www.stormprosva.com/ | HTTP 200 | 162ms | SSL: 2026-12-20 (74 days)
UP           | https://www.atlantic217.com/ | HTTP 200 | 101ms | SSL: 2026-12-20 (74 days)
UP           | https://lakehamiltonappraisals.com/ | HTTP 200 | 314ms | SSL: 2026-11-08 (32 days)
UP           | https://kcservicecenterpa.com | HTTP 200 | 381ms | SSL: 2026-11-08 (32 days)
UP           | https://mobsfloorcare.com/ | HTTP 200 | 278ms | SSL: 2026-11-08 (32 days)
UP           | https://wennigercompressor.com/ | HTTP 200 | 142ms | SSL: 2026-12-13 (66 days)
UP           | https://mauicontainersales.com/ | HTTP 200 | 726ms | SSL: 2026-11-08 (32 days)
UP           | https://www.24-hourrefrigeration.com/ | HTTP 200 | 123ms | SSL: 2026-12-02 (56 days)
UP           | https://anteaterspestcontrol.net | HTTP 200 | 264ms | SSL: 2026-12-19 (73 days)
UP           | http://furniturefixxers.com | HTTP 200 | 437ms | SSL: 2026-11-08 (32 days)
UP           | https://www.apexgutters.com/ | HTTP 200 | 197ms | SSL: 2026-12-21 (74 days)
UP           | https://blackdogrr.com/ | HTTP 200 | 144ms | SSL: 2026-12-05 (59 days)
UP           | https://hogiesconstruction.com/ | HTTP 200 | 217ms | SSL: 2026-12-05 (59 days)
UP           | https://www.askyline.com/ | HTTP 200 | 199ms | SSL: 2026-12-29 (83 days)
UP           | https://www.dbarrsvcs.com/ | HTTP 200 | 273ms | SSL: 2026-12-21 (74 days)
UP           | https://powellpestcontrol.net/ | HTTP 200 | 231ms | SSL: 2026-12-16 (69 days)
UP           | https://wireguys.com | HTTP 200 | 173ms | SSL: 2026-11-08 (32 days)
DOWN         | https://economysidingtn.com/ | ERROR: Head "https://economysidingtn.com/": read tcp 10.1.0.170:51284->100.24.208.97:443: read: connection reset by peer
UP           | https://rsccontracting.org/ | HTTP 200 | 507ms | SSL: 2026-12-21 (74 days)
UP           | https://www.bhswelding.com/ | HTTP 200 | 111ms | SSL: 2026-11-15 (39 days)
UP           | https://www.yourfamilysalon.com/ | HTTP 200 | 377ms | SSL: 2026-11-23 (46 days)
UP           | https://www.alswelldrilling.com/ | HTTP 200 | 226ms | SSL: 2026-12-05 (58 days)
UP           | http://customoutdoorsolutionsny.com | HTTP 200 | 107ms | SSL: 
UP           | https://raffoulheatingandair.com | HTTP 200 | 144ms | SSL: 2026-12-18 (72 days)
UP           | http://dynamohi.com | HTTP 200 | 342ms | SSL: 2026-12-05 (59 days)
UP           | https://danrandandassoc.com/ | HTTP 200 | 287ms | SSL: 2026-11-26 (50 days)
UP           | https://carbondalewoodshop.com/ | HTTP 200 | 851ms | SSL: 2026-12-08 (61 days)
UP           | https://smithhvacservices.com/index | HTTP 200 | 428ms | SSL: 2026-12-08 (62 days)
UP           | http://www.junk-punks.com/ | HTTP 200 | 924ms | SSL: 2026-12-29 (83 days)
DOWN         | https://www.fndcontracting.com | ERROR: Head "https://www.fndcontracting.com": EOF
UP           | http://hopelandscaping.com | HTTP 200 | 336ms | SSL: 2026-12-19 (73 days)
UP           | https://larrysae.com | HTTP 200 | 110ms | SSL: 2026-12-29 (83 days)
UP           | https://www.ezoutcollisioncenter.com/ | HTTP 200 | 276ms | SSL: 2026-12-21 (74 days)
UP           | https://rsccontracting.org/ | HTTP 200 | 118ms | SSL: 2026-12-21 (74 days)
UP           | http://ccelectricbcs.com | HTTP 200 | 322ms | SSL: 2026-12-21 (74 days)
UP           | http://ccelectricbcs.com | HTTP 200 | 247ms | SSL: 2026-12-21 (74 days)
UP           | https://tropicglassenclosuresfl.com/ | HTTP 200 | 224ms | SSL: 2026-11-08 (32 days)
UP           | https://www.fireflycontractor.com/ | HTTP 200 | 120ms | SSL: 2026-11-22 (46 days)
UP           | https://www.tridentconstructiongp.com/ | HTTP 200 | 113ms | SSL: 2026-11-08 (32 days)
UP           | https://roettgerwelding.com/ | HTTP 200 | 130ms | SSL: 2026-12-16 (70 days)
DOWN         | https://azjanitorialservice.com | ERROR: Head "https://azjanitorialservice.com": read tcp 10.1.0.170:51290->100.24.208.97:443: read: connection reset by peer
UP           | https://camoconstructionllc.com/ | HTTP 200 | 176ms | SSL: 2026-12-05 (59 days)
UP           | https://totalcomfortcleaners.com | HTTP 200 | 166ms | SSL: 2026-12-21 (74 days)
DOWN         | https://www.brianemmonsroofing.com/ | ERROR: Head "https://www.brianemmonsroofing.com/": read tcp 10.1.0.170:40842->199.180.140.12:443: read: connection reset by peer
UP           | https://www.customelitedetailcarwash.com/ | HTTP 200 | 254ms | SSL: 2026-12-21 (74 days)
UP           | https://www.noatoutdoorliving.com/ | HTTP 200 | 122ms | SSL: 2026-11-25 (49 days)
UP           | https://southfloridadockandseawall.com | HTTP 200 | 200ms | SSL: 2026-11-28 (52 days)
UP           | https://www.rselectricms.com | HTTP 200 | 196ms | SSL: 2026-12-01 (55 days)
UP           | http://allbrightcleaningkc.com | HTTP 200 | 167ms | SSL: 
DOWN         | https://paintingbypros.com/ | ERROR: Head "https://paintingbypros.com/": read tcp 10.1.0.170:47590->35.172.94.1:443: read: connection reset by peer
DOWN         | https://www.ancientcitygaragedoors.com | ERROR: Head "https://www.ancientcitygaragedoors.com": EOF
UP           | https://www.mikeandmikeroofing.com/ | HTTP 200 | 385ms | SSL: 2027-01-04 (88 days)
UP           | https://maxpressfoundationrepair.com/ | HTTP 200 | 259ms | SSL: 2026-11-30 (53 days)
UP           | https://offshorepropertyservices.com | HTTP 200 | 1478ms | SSL: 2026-12-17 (70 days)
UP           | http://dynamohi.com | HTTP 200 | 224ms | SSL: 2026-12-05 (59 days)
UP           | https://patdollautomotivewi.com/ | HTTP 200 | 108ms | SSL: 2026-12-14 (67 days)
UP           | http://renewconstructionnm.com | HTTP 200 | 214ms | SSL: 2027-03-21 (164 days)
DOWN         | http://seaboardrestoration.com/ | ERROR: Get "http://seaboardrestoration.com/": dial tcp: lookup seaboardrestoration.com on 127.0.0.53:53: no such host
UP           | https://www.fisherhomeinspectionsllc.com/ | HTTP 200 | 170ms | SSL: 2026-12-19 (72 days)
UP           | https://www.jmplumbersinc.com/ | HTTP 200 | 244ms | SSL: 2026-12-31 (84 days)
UP           | https://finishlineautotire.com/ | HTTP 200 | 130ms | SSL: 2026-12-06 (60 days)
UP           | http://vitosexpress.com | HTTP 200 | 261ms | SSL: 2026-11-08 (32 days)
UP           | https://www.thesignsolution.net/ | HTTP 200 | 104ms | SSL: 2026-12-17 (70 days)
UP           | https://bagremodelers.com/ | HTTP 200 | 165ms | SSL: 2026-12-05 (59 days)
UP           | https://www.problemtree.com | HTTP 200 | 168ms | SSL: 2026-12-21 (74 days)
UP           | https://capri-wash.com | HTTP 200 | 262ms | SSL: 2026-12-26 (80 days)
DOWN         | https://landscapeofbrainerd.com/ | ERROR: Head "https://landscapeofbrainerd.com/": EOF
UP           | https://totalpackagelandscapeworksllc.com | HTTP 200 | 169ms | SSL: 2026-12-17 (70 days)
UP           | https://acesandblasting.co/ | HTTP 200 | 297ms | SSL: 2026-12-25 (79 days)
UP           | https://5startexasroofing.com/ | HTTP 200 | 396ms | SSL: 2026-11-24 (48 days)
UP           | https://caudletreeservice.com/ | HTTP 200 | 280ms | SSL: 2026-11-18 (42 days)
UP           | https://www.bayoustatemoving.com/ | HTTP 200 | 165ms | SSL: 2026-12-14 (67 days)
UP           | https://www.1classproperties.com/ | HTTP 200 | 238ms | SSL: 2026-12-21 (74 days)
UP           | https://www.1classrealty.com/ | HTTP 200 | 204ms | SSL: 2026-11-23 (47 days)
UP           | https://www.aimhighdetailing.com/ | HTTP 200 | 177ms | SSL: 2026-12-25 (78 days)
UP           | https://www.tampablindsbydesign.com/ | HTTP 200 | 187ms | SSL: 2026-12-20 (73 days)
UP           | http://thelocalplumber.com | HTTP 200 | 281ms | SSL: 2026-12-08 (62 days)
UP           | https://frontieraircon.com/ | HTTP 200 | 284ms | SSL: 2026-12-07 (61 days)
UP           | https://www.saltlakecitycabinetry.com/ | HTTP 200 | 114ms | SSL: 2026-11-25 (49 days)
DOWN         | https://mantispestma.com | ERROR: Head "https://mantispestma.com": read tcp 10.1.0.170:45974->199.180.140.12:443: read: connection reset by peer
UP           | https://tyslandscapingiowa.com | HTTP 200 | 260ms | SSL: 2027-01-03 (88 days)
UP           | https://www.herrwelldrillingwi.com/ | HTTP 200 | 183ms | SSL: 2026-11-24 (47 days)
UP           | https://www.problemtree.com/ | HTTP 200 | 136ms | SSL: 2026-12-21 (74 days)
UP           | https://tandkventures.com/ | HTTP 200 | 120ms | SSL: 2026-12-16 (70 days)
UP           | http://muddyriversconcrete.com | HTTP 200 | 310ms | SSL: 2026-11-08 (32 days)
UP           | https://accurateandconfidentialtaxservice.com/ | HTTP 200 | 238ms | SSL: 2026-11-08 (32 days)
DOWN         | https://mcneelytreeservice.com/ | ERROR: Get "https://mcneelytreeservice.com/": dial tcp: lookup mcneelytreeservice.com on 127.0.0.53:53: no such host
UP           | https://www.mvpgardencenter.com/ | HTTP 200 | 215ms | SSL: 2026-12-06 (60 days)
UP           | https://abccarpetcleanerssd.com | HTTP 200 | 131ms | SSL: 2026-11-11 (34 days)
Summary: 200 UP | 2 ERROR | 37 DOWN | 1 UNVERIFIABLE
